2013-08-05T13:24:17.096+0100: 5.586: [GC [PSYoungGen: 131072K->18266K(152896K)] 131072K->18270K(502464K), 0.1481570 secs] [Times: user=0.06 sys=0.13, real=0.15 secs] 
2013-08-05T13:24:19.615+0100: 8.105: [GC [PSYoungGen: 149338K->16642K(152896K)] 149342K->16718K(502464K), 0.2602770 secs] [Times: user=0.15 sys=0.21, real=0.26 secs] 
2013-08-05T13:24:21.316+0100: 9.806: [GC [PSYoungGen: 75871K->21809K(152896K)] 75947K->29271K(502464K), 0.0680720 secs] [Times: user=0.04 sys=0.03, real=0.07 secs] 
2013-08-05T13:24:21.385+0100: 9.874: [Full GC (System) [PSYoungGen: 21809K->0K(152896K)] [ParOldGen: 7462K->29030K(349568K)] 29271K->29030K(502464K) [PSPermGen: 14651K->14639K(29440K)], 0.3723950 secs] [Times: user=0.17 sys=0.20, real=0.37 secs] 
2013-08-05T13:24:23.615+0100: 12.105: [GC [PSYoungGen: 131072K->10725K(152896K)] 160102K->39756K(502464K), 0.0440470 secs] [Times: user=0.03 sys=0.02, real=0.05 secs] 
2013-08-05T13:24:25.593+0100: 14.083: [GC [PSYoungGen: 141797K->18932K(152896K)] 170828K->47963K(502464K), 0.0760800 secs] [Times: user=0.05 sys=0.02, real=0.08 secs] 
2013-08-05T13:24:28.248+0100: 16.738: [GC [PSYoungGen: 150004K->21817K(128320K)] 179035K->59975K(477888K), 0.1601700 secs] [Times: user=0.06 sys=0.09, real=0.16 secs] 
2013-08-05T13:24:29.914+0100: 18.404: [GC [PSYoungGen: 128313K->24753K(131264K)] 166471K->62910K(480832K), 0.0360390 secs] [Times: user=0.07 sys=0.00, real=0.03 secs] 
2013-08-05T13:24:30.951+0100: 19.441: [GC [PSYoungGen: 131249K->28331K(137408K)] 169406K->66489K(486976K), 0.0400430 secs] [Times: user=0.04 sys=0.03, real=0.04 secs] 
2013-08-05T13:24:33.902+0100: 22.392: [GC [PSYoungGen: 131499K->29700K(132928K)] 169657K->79798K(482496K), 0.1281360 secs] [Times: user=0.10 sys=0.05, real=0.13 secs] 
2013-08-05T13:24:35.283+0100: 23.773: [GC [PSYoungGen: 132868K->19411K(138176K)] 182966K->81841K(487744K), 0.1601700 secs] [Times: user=0.10 sys=0.16, real=0.16 secs] 
2013-08-05T13:24:36.424+0100: 24.914: [GC [PSYoungGen: 120211K->5009K(105856K)] 182641K->82324K(455424K), 0.1601700 secs] [Times: user=0.00 sys=0.12, real=0.16 secs] 
2013-08-05T13:24:37.734+0100: 26.224: [GC [PSYoungGen: 105809K->13750K(137152K)] 183124K->95849K(486720K), 0.0600630 secs] [Times: user=0.04 sys=0.07, real=0.06 secs] 
2013-08-05T13:24:39.035+0100: 27.525: [GC [PSYoungGen: 112758K->11118K(136576K)] 194857K->104540K(486144K), 0.1481570 secs] [Times: user=0.01 sys=0.17, real=0.15 secs] 
2013-08-05T13:24:41.246+0100: 29.736: [GC [PSYoungGen: 110126K->8528K(137344K)] 203548K->111903K(486912K), 0.1081150 secs] [Times: user=0.03 sys=0.10, real=0.10 secs] 
2013-08-05T13:24:43.780+0100: 32.270: [GC [PSYoungGen: 108496K->10141K(137344K)] 211871K->121198K(486912K), 0.0360380 secs] [Times: user=0.03 sys=0.02, real=0.03 secs] 
2013-08-05T13:24:46.411+0100: 34.901: [GC [PSYoungGen: 110109K->10459K(138688K)] 221166K->130782K(488256K), 0.1521620 secs] [Times: user=0.04 sys=0.10, real=0.15 secs] 
2013-08-05T13:28:17.607+0100: 246.097: [GC [PSYoungGen: 112347K->14517K(137920K)] 232670K->144580K(487488K), 0.1281360 secs] [Times: user=0.04 sys=0.12, real=0.13 secs] 
2013-08-05T13:28:21.143+0100: 249.633: [GC [PSYoungGen: 116405K->8154K(140608K)] 246468K->151938K(490176K), 0.1601700 secs] [Times: user=0.12 sys=0.11, real=0.16 secs] 
2013-08-05T13:28:31.126+0100: 259.616: [GC [PSYoungGen: 114266K->7241K(140224K)] 258050K->158506K(489792K), 0.1281360 secs] [Times: user=0.12 sys=0.07, real=0.13 secs] 
2013-08-05T13:28:40.564+0100: 269.054: [GC [PSYoungGen: 113353K->4560K(141184K)] 264618K->160063K(490752K), 0.1041110 secs] [Times: user=0.05 sys=0.02, real=0.10 secs] 
2013-08-05T13:28:49.974+0100: 278.464: [GC [PSYoungGen: 112080K->3696K(141056K)] 267583K->160443K(490624K), 0.1281360 secs] [Times: user=0.03 sys=0.01, real=0.13 secs] 
2013-08-05T13:29:01.121+0100: 289.611: [GC [PSYoungGen: 111216K->3536K(141952K)] 267963K->160551K(491520K), 0.0800850 secs] [Times: user=0.05 sys=0.05, real=0.08 secs] 
2013-08-05T13:29:10.712+0100: 299.202: [GC [PSYoungGen: 112208K->4168K(141440K)] 269223K->161363K(491008K), 0.0400420 secs] [Times: user=0.03 sys=0.01, real=0.04 secs] 
2013-08-05T13:29:20.698+0100: 309.188: [GC [PSYoungGen: 112840K->3856K(143616K)] 270035K->161723K(493184K), 0.0600640 secs] [Times: user=0.04 sys=0.03, real=0.06 secs] 
2013-08-05T13:29:33.608+0100: 322.098: [GC [PSYoungGen: 115472K->4236K(142720K)] 273339K->162155K(492288K), 0.0560600 secs] [Times: user=0.05 sys=0.03, real=0.05 secs] 
2013-08-05T13:29:44.335+0100: 332.825: [GC [PSYoungGen: 115852K->4024K(145664K)] 273771K->162119K(495232K), 0.0800850 secs] [Times: user=0.07 sys=0.02, real=0.08 secs] 
2013-08-05T13:29:53.741+0100: 342.231: [GC [PSYoungGen: 119608K->4160K(144640K)] 277703K->162339K(494208K), 0.0400430 secs] [Times: user=0.05 sys=0.01, real=0.04 secs] 
2013-08-05T13:30:04.733+0100: 353.223: [GC [PSYoungGen: 119744K->3968K(147968K)] 277923K->162211K(497536K), 0.0680730 secs] [Times: user=0.04 sys=0.03, real=0.08 secs] 
2013-08-05T13:31:19.244+0100: 427.734: [GC [PSYoungGen: 124032K->2017K(146816K)] 282275K->160321K(496384K), 0.0440470 secs] [Times: user=0.03 sys=0.02, real=0.04 secs] 
2013-08-05T13:31:20.818+0100: 429.308: [GC [PSYoungGen: 122081K->656K(149440K)] 280385K->159429K(499008K), 0.0640680 secs] [Times: user=0.06 sys=0.02, real=0.06 secs] 
2013-08-05T13:31:21.562+0100: 430.056: [GC [PSYoungGen: 124112K->320K(148736K)] 282885K->159658K(498304K), 0.0120130 secs] [Times: user=0.02 sys=0.01, real=0.01 secs] 
2013-08-05T13:31:22.023+0100: 430.513: [GC [PSYoungGen: 123776K->160K(150912K)] 283114K->159785K(500480K), 0.0080080 secs] [Times: user=0.01 sys=0.00, real=0.01 secs] 
2013-08-05T13:31:22.544+0100: 431.033: [GC [PSYoungGen: 126496K->288K(150144K)] 286121K->160033K(499712K), 0.0080090 secs] [Times: user=0.01 sys=0.01, real=0.01 secs] 
Heap
 PSYoungGen      total 150144K, used 22818K [0xa8b50000, 0xb35f0000, 0xb35f0000)
  eden space 126336K, 17% used [0xa8b50000,0xaa1508d0,0xb06b0000)
  from space 23808K, 1% used [0xb06b0000,0xb06f8000,0xb1df0000)
  to   space 22848K, 0% used [0xb1fa0000,0xb1fa0000,0xb35f0000)
 ParOldGen       total 349568K, used 159745K [0x935f0000, 0xa8b50000, 0xa8b50000)
  object space 349568K, 45% used [0x935f0000,0x9d1f0498,0xa8b50000)
 PSPermGen       total 35456K, used 35350K [0x835f0000, 0x85890000, 0x935f0000)
  object space 35456K, 99% used [0x835f0000,0x85875bb0,0x85890000)
