2013-08-03T14:53:19.125+0100: 2.383: [GC [PSYoungGen: 32768K->5427K(38208K)] 32768K->6438K(125632K), 0.0480510 secs] [Times: user=0.00 sys=0.07, real=0.05 secs] 
2013-08-03T14:53:19.950+0100: 3.207: [GC [PSYoungGen: 38195K->5433K(70976K)] 39206K->8171K(158400K), 0.0240260 secs] [Times: user=0.00 sys=0.03, real=0.03 secs] 
2013-08-03T14:53:22.352+0100: 5.610: [GC [PSYoungGen: 70969K->5425K(70976K)] 73707K->15420K(158400K), 0.0760810 secs] [Times: user=0.02 sys=0.08, real=0.08 secs] 
2013-08-03T14:53:23.209+0100: 6.467: [GC [PSYoungGen: 70961K->5425K(136512K)] 80956K->17450K(223936K), 0.0440470 secs] [Times: user=0.02 sys=0.06, real=0.04 secs] 
2013-08-03T14:53:27.318+0100: 10.575: [GC [PSYoungGen: 121576K->5429K(136512K)] 133601K->35249K(223936K), 0.2562720 secs] [Times: user=0.03 sys=0.24, real=0.26 secs] 
2013-08-03T14:53:27.574+0100: 10.831: [Full GC (System) [PSYoungGen: 5429K->0K(136512K)] [ParOldGen: 29820K->30261K(87424K)] 35249K->30261K(223936K) [PSPermGen: 14684K->14671K(29440K)], 0.2402550 secs] [Times: user=0.26 sys=0.08, real=0.24 secs] 
2013-08-03T14:53:29.936+0100: 13.194: [GC [PSYoungGen: 131072K->5424K(121792K)] 161333K->41106K(209216K), 0.1321400 secs] [Times: user=0.06 sys=0.08, real=0.13 secs] 
2013-08-03T14:53:31.414+0100: 14.672: [GC [PSYoungGen: 121776K->13491K(136512K)] 157458K->49173K(223936K), 0.0680720 secs] [Times: user=0.05 sys=0.04, real=0.06 secs] 
2013-08-03T14:53:33.408+0100: 16.666: [GC [PSYoungGen: 129843K->20028K(145216K)] 165525K->60539K(232640K), 0.1321400 secs] [Times: user=0.09 sys=0.13, real=0.13 secs] 
2013-08-03T14:53:34.413+0100: 17.671: [GC [PSYoungGen: 145212K->23994K(149184K)] 185723K->64505K(236608K), 0.0760810 secs] [Times: user=0.03 sys=0.04, real=0.08 secs] 
2013-08-03T14:53:35.206+0100: 18.464: [GC [PSYoungGen: 149178K->20798K(142400K)] 189689K->71564K(229824K), 0.1401490 secs] [Times: user=0.09 sys=0.09, real=0.14 secs] 
2013-08-03T14:53:38.490+0100: 21.747: [GC [PSYoungGen: 137662K->19603K(136512K)] 188428K->83389K(223936K), 0.1922040 secs] [Times: user=0.02 sys=0.18, real=0.20 secs] 
2013-08-03T14:53:39.583+0100: 22.840: [GC [PSYoungGen: 136467K->1088K(143424K)] 200253K->83708K(230848K), 0.1962080 secs] [Times: user=0.10 sys=0.18, real=0.19 secs] 
2013-08-03T14:53:39.779+0100: 23.036: [Full GC [PSYoungGen: 1088K->0K(143424K)] [ParOldGen: 82620K->78818K(140928K)] 83708K->78818K(284352K) [PSPermGen: 23357K->23348K(39680K)], 0.5365700 secs] [Times: user=0.46 sys=0.21, real=0.54 secs] 
2013-08-03T14:53:41.561+0100: 24.818: [GC [PSYoungGen: 114176K->8320K(144448K)] 192994K->87139K(285376K), 0.0120120 secs] [Times: user=0.02 sys=0.00, real=0.01 secs] 
2013-08-03T14:53:42.246+0100: 25.503: [GC [PSYoungGen: 122496K->14734K(141760K)] 201315K->100863K(282688K), 0.0800850 secs] [Times: user=0.05 sys=0.07, real=0.08 secs] 
2013-08-03T14:53:44.196+0100: 27.453: [GC [PSYoungGen: 129550K->10131K(143296K)] 215679K->108647K(284224K), 0.2082210 secs] [Times: user=0.05 sys=0.17, real=0.21 secs] 
2013-08-03T14:53:46.634+0100: 29.892: [GC [PSYoungGen: 124947K->11964K(143168K)] 223463K->119703K(284096K), 0.0400430 secs] [Times: user=0.04 sys=0.03, real=0.04 secs] 
2013-08-03T14:54:18.244+0100: 61.501: [GC [PSYoungGen: 130620K->11191K(145024K)] 238359K->129919K(285952K), 0.0760810 secs] [Times: user=0.04 sys=0.02, real=0.07 secs] 
2013-08-03T14:57:34.696+0100: 257.954: [GC [PSYoungGen: 129847K->1502K(147904K)] 248575K->127550K(288832K), 0.0840890 secs] [Times: user=0.03 sys=0.08, real=0.08 secs] 
2013-08-03T14:57:34.780+0100: 258.038: [Full GC [PSYoungGen: 1502K->0K(147904K)] [ParOldGen: 126047K->106679K(182464K)] 127550K->106679K(330368K) [PSPermGen: 34751K->34643K(49664K)], 0.8288800 secs] [Times: user=0.48 sys=0.19, real=0.83 secs] 
2013-08-03T14:57:36.282+0100: 259.539: [GC [PSYoungGen: 122496K->489K(123008K)] 229175K->107168K(305472K), 0.0120130 secs] [Times: user=0.01 sys=0.01, real=0.01 secs] 
2013-08-03T14:57:36.907+0100: 260.164: [GC [PSYoungGen: 122985K->224K(147776K)] 229664K->107336K(330240K), 0.0120130 secs] [Times: user=0.01 sys=0.02, real=0.02 secs] 
2013-08-03T14:57:37.227+0100: 260.488: [GC [PSYoungGen: 121440K->128K(147968K)] 228552K->107440K(330432K), 0.0040050 secs] [Times: user=0.01 sys=0.01, real=0.00 secs] 
Heap
 PSYoungGen      total 147968K, used 110684K [0xa8c20000, 0xb36c0000, 0xb36c0000)
  eden space 121216K, 91% used [0xa8c20000,0xaf8171f0,0xb0280000)
  from space 26752K, 0% used [0xb0280000,0xb02a0000,0xb1ca0000)
  to   space 26688K, 0% used [0xb1cb0000,0xb1cb0000,0xb36c0000)
 ParOldGen       total 182464K, used 107312K [0x936c0000, 0x9e8f0000, 0xa8c20000)
  object space 182464K, 58% used [0x936c0000,0x99f8c3c0,0x9e8f0000)
 PSPermGen       total 49664K, used 34709K [0x836c0000, 0x86740000, 0x936c0000)
  object space 49664K, 69% used [0x836c0000,0x858a5568,0x86740000)
