2013-06-22T23:40:42.900+0100: 4.635: [GC 4.635: [DefNew: 34944K->4352K(39296K), 0.0242740 secs] 34944K->6691K(126720K), 0.0243420 secs] [Times: user=0.03 sys=0.00, real=0.02 secs] 
2013-06-22T23:40:44.092+0100: 5.827: [GC 5.827: [DefNew: 39296K->4352K(39296K), 0.0275430 secs] 41635K->10367K(126720K), 0.0276060 secs] [Times: user=0.02 sys=0.00, real=0.03 secs] 
2013-06-22T23:40:45.550+0100: 7.285: [GC 7.285: [DefNew: 39296K->4352K(39296K), 0.0364990 secs] 45311K->14128K(126720K), 0.0365500 secs] [Times: user=0.03 sys=0.00, real=0.04 secs] 
2013-06-22T23:40:46.475+0100: 8.210: [GC 8.210: [DefNew: 39296K->1744K(39296K), 0.0168100 secs] 49072K->15766K(126720K), 0.0168800 secs] [Times: user=0.01 sys=0.01, real=0.01 secs] 
2013-06-22T23:40:46.944+0100: 8.679: [GC 8.679: [DefNew: 36688K->2158K(39296K), 0.0103950 secs] 50710K->16180K(126720K), 0.0104630 secs] [Times: user=0.01 sys=0.01, real=0.02 secs] 
2013-06-22T23:40:47.566+0100: 9.301: [GC 9.301: [DefNew: 37102K->2768K(39296K), 0.0072780 secs] 51124K->16790K(126720K), 0.0073600 secs] [Times: user=0.00 sys=0.01, real=0.00 secs] 
2013-06-22T23:40:48.440+0100: 10.175: [GC 10.175: [DefNew: 37712K->3514K(39296K), 0.0166270 secs] 51734K->18704K(126720K), 0.0166790 secs] [Times: user=0.02 sys=0.00, real=0.02 secs] 
2013-06-22T23:40:50.167+0100: 11.901: [GC 11.901: [DefNew: 38458K->4352K(39296K), 0.0449520 secs] 53648K->29683K(126720K), 0.0450220 secs] [Times: user=0.03 sys=0.01, real=0.04 secs] 
2013-06-22T23:40:51.268+0100: 13.003: [Full GC (System) 13.003: [Tenured: 25331K->33044K(87424K), 0.1017710 secs] 59873K->33044K(126720K), [Perm : 14657K->14657K(16384K)], 0.1124320 secs] [Times: user=0.10 sys=0.00, real=0.11 secs] 
2013-06-22T23:40:52.680+0100: 14.414: [GC 14.415: [DefNew: 35072K->4352K(39424K), 0.0186810 secs] 68116K->38435K(126848K), 0.0186960 secs] [Times: user=0.02 sys=0.01, real=0.02 secs] 
2013-06-22T23:40:53.207+0100: 14.942: [GC 14.942: [DefNew: 39424K->3200K(39424K), 0.0287030 secs] 73507K->41606K(126848K), 0.0287670 secs] [Times: user=0.02 sys=0.00, real=0.03 secs] 
2013-06-22T23:40:53.724+0100: 15.459: [GC 15.459: [DefNew: 38272K->1021K(39424K), 0.0150610 secs] 76678K->42563K(126848K), 0.0151460 secs] [Times: user=0.01 sys=0.01, real=0.02 secs] 
2013-06-22T23:40:54.294+0100: 16.029: [GC 16.029: [DefNew: 36093K->2374K(39424K), 0.0276260 secs] 77635K->43916K(126848K), 0.0277510 secs] [Times: user=0.02 sys=0.00, real=0.03 secs] 
2013-06-22T23:40:55.066+0100: 16.800: [GC 16.800: [DefNew: 37446K->4352K(39424K), 0.0118050 secs] 78988K->46886K(126848K), 0.0118290 secs] [Times: user=0.00 sys=0.01, real=0.02 secs] 
2013-06-22T23:40:55.575+0100: 17.310: [GC 17.310: [DefNew: 39424K->2514K(39424K), 0.0156840 secs] 81958K->48828K(126848K), 0.0157400 secs] [Times: user=0.01 sys=0.00, real=0.01 secs] 
2013-06-22T23:40:55.906+0100: 17.641: [GC 17.641: [DefNew: 37586K->1994K(39424K), 0.0133660 secs] 83900K->50565K(126848K), 0.0134300 secs] [Times: user=0.02 sys=0.00, real=0.01 secs] 
2013-06-22T23:40:56.919+0100: 18.654: [GC 18.654: [DefNew: 37066K->4314K(39424K), 0.0312360 secs] 85637K->52885K(126848K), 0.0312960 secs] [Times: user=0.03 sys=0.00, real=0.03 secs] 
2013-06-22T23:40:57.586+0100: 19.321: [GC 19.321: [DefNew: 39386K->4352K(39424K), 0.0228610 secs] 87957K->56911K(126848K), 0.0229260 secs] [Times: user=0.01 sys=0.01, real=0.02 secs] 
2013-06-22T23:40:57.790+0100: 19.525: [Full GC 19.525: [Tenured: 52559K->56968K(87424K), 0.1654320 secs] 72425K->56968K(126848K), [Perm : 20479K->20479K(20480K)], 0.1655440 secs] [Times: user=0.15 sys=0.00, real=0.17 secs] 
2013-06-22T23:40:58.285+0100: 20.020: [GC 20.020: [DefNew: 38016K->3075K(42752K), 0.0163760 secs] 94984K->60043K(137700K), 0.0164440 secs] [Times: user=0.02 sys=0.00, real=0.01 secs] 
2013-06-22T23:40:58.798+0100: 20.533: [GC 20.533: [DefNew: 41091K->1222K(42752K), 0.0182100 secs] 98059K->61189K(137700K), 0.0182640 secs] [Times: user=0.02 sys=0.00, real=0.02 secs] 
2013-06-22T23:40:59.241+0100: 20.976: [GC 20.976: [DefNew: 39238K->2456K(42752K), 0.0123430 secs] 99205K->62423K(137700K), 0.0124060 secs] [Times: user=0.01 sys=0.00, real=0.01 secs] 
2013-06-22T23:40:59.625+0100: 21.360: [GC 21.360: [DefNew: 40472K->2167K(42752K), 0.0207360 secs] 100439K->63219K(137700K), 0.0207490 secs] [Times: user=0.02 sys=0.00, real=0.02 secs] 
2013-06-22T23:41:00.032+0100: 21.767: [GC 21.767: [DefNew: 40183K->3495K(42752K), 0.0090810 secs] 101235K->64547K(137700K), 0.0091510 secs] [Times: user=0.00 sys=0.01, real=0.01 secs] 
2013-06-22T23:41:00.211+0100: 21.946: [GC 21.946: [DefNew: 41511K->3326K(42752K), 0.0197160 secs] 102563K->65512K(137700K), 0.0198100 secs] [Times: user=0.01 sys=0.00, real=0.02 secs] 
2013-06-22T23:41:00.522+0100: 22.257: [GC 22.257: [DefNew: 41342K->2073K(42752K), 0.0115260 secs] 103528K->66328K(137700K), 0.0115810 secs] [Times: user=0.01 sys=0.00, real=0.01 secs] 
2013-06-22T23:41:01.299+0100: 23.034: [GC 23.034: [DefNew: 40089K->4736K(42752K), 0.0363690 secs] 104344K->73996K(137700K), 0.0364320 secs] [Times: user=0.03 sys=0.00, real=0.03 secs] 
2013-06-22T23:41:03.425+0100: 25.159: [GC 25.159: [DefNew: 42752K->3830K(42752K), 0.0250960 secs] 112012K->77715K(137700K), 0.0251480 secs] [Times: user=0.01 sys=0.01, real=0.02 secs] 
2013-06-22T23:41:04.821+0100: 26.556: [GC 26.556: [DefNew: 41846K->4105K(42752K), 0.0195540 secs] 115731K->81611K(137700K), 0.0196070 secs] [Times: user=0.02 sys=0.00, real=0.02 secs] 
2013-06-22T23:41:05.304+0100: 27.039: [GC 27.039: [DefNew: 42121K->1477K(42752K), 0.0294540 secs] 119627K->82934K(137700K), 0.0295210 secs] [Times: user=0.02 sys=0.01, real=0.02 secs] 
2013-06-22T23:41:05.650+0100: 27.384: [GC 27.385: [DefNew: 39493K->1627K(42752K), 0.0065820 secs] 120950K->83084K(137700K), 0.0066370 secs] [Times: user=0.01 sys=0.00, real=0.01 secs] 
2013-06-22T23:41:05.855+0100: 27.590: [GC 27.590: [DefNew: 39643K->2065K(42752K), 0.0076790 secs] 121100K->83521K(137700K), 0.0077630 secs] [Times: user=0.01 sys=0.01, real=0.01 secs] 
2013-06-22T23:41:06.061+0100: 27.796: [GC 27.796: [DefNew: 40081K->2244K(42752K), 0.0078090 secs] 121537K->83701K(137700K), 0.0078650 secs] [Times: user=0.01 sys=0.00, real=0.01 secs] 
2013-06-22T23:41:06.570+0100: 28.305: [GC 28.305: [DefNew: 40260K->3717K(42752K), 0.0105890 secs] 121717K->85174K(137700K), 0.0106010 secs] [Times: user=0.01 sys=0.00, real=0.01 secs] 
2013-06-22T23:41:07.209+0100: 28.943: [GC 28.944: [DefNew: 41733K->4736K(42752K), 0.0312200 secs] 123190K->88952K(137700K), 0.0312940 secs] [Times: user=0.01 sys=0.00, real=0.03 secs] 
2013-06-22T23:41:07.661+0100: 29.396: [GC 29.396: [DefNew: 42752K->4736K(42752K), 0.0195610 secs] 126968K->94167K(137700K), 0.0196140 secs] [Times: user=0.01 sys=0.00, real=0.02 secs] 
2013-06-22T23:41:07.868+0100: 29.603: [GC 29.603: [DefNew: 42752K->4736K(42752K), 0.0121810 secs] 132183K->99523K(137700K), 0.0122360 secs] [Times: user=0.00 sys=0.01, real=0.01 secs] 
2013-06-22T23:41:08.065+0100: 29.799: [Full GC 29.799: [Tenured: 94787K->94946K(94948K), 0.2680390 secs] 137539K->95429K(137700K), [Perm : 24575K->24575K(24576K)], 0.2681750 secs] [Times: user=0.22 sys=0.01, real=0.26 secs] 
2013-06-22T23:41:09.519+0100: 31.254: [GC 31.254: [DefNew: 63424K->6128K(71296K), 0.0733760 secs] 158370K->101074K(229540K), 0.0734630 secs] [Times: user=0.08 sys=0.00, real=0.07 secs] 
2013-06-22T23:41:10.547+0100: 32.282: [GC 32.282: [DefNew: 69552K->5025K(71296K), 0.0278240 secs] 164498K->105848K(229540K), 0.0278820 secs] [Times: user=0.02 sys=0.01, real=0.03 secs] 
2013-06-22T23:41:12.010+0100: 33.745: [Full GC 33.745: [Tenured: 100823K->98194K(158244K), 0.3547130 secs] 166504K->98194K(229540K), [Perm : 28671K->28646K(28672K)], 0.3548300 secs] [Times: user=0.28 sys=0.01, real=0.36 secs] 
2013-06-22T23:41:13.995+0100: 35.729: [GC 35.730: [DefNew: 65536K->6506K(73728K), 0.0425950 secs] 163730K->104700K(237388K), 0.0427110 secs] [Times: user=0.02 sys=0.01, real=0.04 secs] 
2013-06-22T23:41:14.948+0100: 36.683: [Full GC 36.683: [Tenured: 98194K->106667K(163660K), 0.2898560 secs] 142071K->106667K(237388K), [Perm : 32768K->32768K(32768K)], 0.2899940 secs] [Times: user=0.25 sys=0.02, real=0.29 secs] 
2013-06-22T23:41:22.075+0100: 43.810: [GC 43.810: [DefNew: 71232K->6110K(80128K), 0.0509420 secs] 177899K->112778K(257908K), 0.0510360 secs] [Times: user=0.03 sys=0.00, real=0.06 secs] 
2013-06-22T23:41:34.517+0100: 56.252: [Full GC 56.252: [Tenured: 106667K->108287K(177780K), 0.3931650 secs] 123607K->108287K(257908K), [Perm : 34357K->34357K(34560K)], 0.3932880 secs] [Times: user=0.30 sys=0.00, real=0.40 secs] 
2013-06-22T23:42:47.609+0100: 129.344: [Full GC 129.344: [Tenured: 108287K->107574K(180480K), 0.3883680 secs] 141388K->107574K(261824K), [Perm : 34759K->34759K(34816K)], 0.3884720 secs] [Times: user=0.29 sys=0.01, real=0.38 secs] 
2013-06-22T23:43:52.726+0100: 194.461: [Full GC 194.461: [Tenured: 107574K->98503K(180480K), 0.5741280 secs] 131028K->98503K(261824K), [Perm : 34766K->34699K(34816K)], 0.5742180 secs] [Times: user=0.40 sys=0.00, real=0.57 secs] 
2013-06-22T23:45:07.690+0100: 269.425: [Full GC 269.440: [Tenured: 98503K->98520K(180480K), 0.4690200 secs] 124483K->98520K(261824K), [Perm : 34706K->34706K(34816K)], 0.4691570 secs] [Times: user=0.35 sys=0.00, real=0.49 secs] 
2013-06-22T23:46:25.427+0100: 347.162: [Full GC 347.162: [Tenured: 98520K->98552K(180480K), 0.5182820 secs] 126852K->98552K(261824K), [Perm : 34707K->34707K(34816K)], 0.5183790 secs] [Times: user=0.37 sys=0.00, real=0.52 secs] 
2013-06-22T23:47:34.998+0100: 416.733: [Full GC 416.733: [Tenured: 98552K->98564K(180480K), 0.4696530 secs] 121670K->98564K(261824K), [Perm : 34711K->34711K(34816K)], 0.4697630 secs] [Times: user=0.37 sys=0.01, real=0.47 secs] 
2013-06-22T23:49:13.598+0100: 515.333: [Full GC 515.333: [Tenured: 98564K->98132K(180480K), 0.4538370 secs] 134122K->98132K(261824K), [Perm : 34722K->34722K(34816K)], 0.4539390 secs] [Times: user=0.37 sys=0.00, real=0.45 secs] 
2013-06-22T23:52:02.460+0100: 684.195: [GC 684.195: [DefNew: 72320K->655K(81344K), 0.0201680 secs] 170452K->98787K(261824K), 0.0355310 secs] [Times: user=0.02 sys=0.00, real=0.04 secs] 
2013-06-22T23:52:03.583+0100: 685.317: [GC 685.317: [DefNew: 72975K->967K(81344K), 0.0102450 secs] 171107K->99099K(261824K), 0.0103230 secs] [Times: user=0.01 sys=0.00, real=0.00 secs] 
2013-06-22T23:52:03.969+0100: 685.704: [GC 685.704: [DefNew: 73287K->1103K(81344K), 0.0089600 secs] 171419K->99235K(261824K), 0.0090450 secs] [Times: user=0.00 sys=0.01, real=0.01 secs] 
2013-06-22T23:52:04.643+0100: 686.378: [GC 686.378: [DefNew: 73423K->1243K(81344K), 0.0128810 secs] 171555K->99375K(261824K), 0.0129790 secs] [Times: user=0.01 sys=0.01, real=0.01 secs] 
2013-06-22T23:52:04.888+0100: 686.623: [GC 686.623: [DefNew: 73563K->1325K(81344K), 0.0117400 secs] 171695K->99457K(261824K), 0.0118300 secs] [Times: user=0.01 sys=0.00, real=0.01 secs] 
2013-06-22T23:52:05.080+0100: 686.815: [GC 686.815: [DefNew: 73645K->1356K(81344K), 0.0100470 secs] 171777K->99488K(261824K), 0.0101260 secs] [Times: user=0.01 sys=0.00, real=0.01 secs] 
2013-06-22T23:52:05.420+0100: 687.155: [GC 687.155: [DefNew: 73676K->1476K(81344K), 0.0113750 secs] 171808K->99608K(261824K), 0.0114690 secs] [Times: user=0.01 sys=0.00, real=0.01 secs] 
Heap
 def new generation   total 81344K, used 72017K [0x83620000, 0x88e60000, 0x8e0c0000)
  eden space 72320K,  97% used [0x83620000, 0x87b03588, 0x87cc0000)
  from space 9024K,  16% used [0x88590000, 0x88701020, 0x88e60000)
  to   space 9024K,   0% used [0x87cc0000, 0x87cc0000, 0x88590000)
 tenured generation   total 180480K, used 98132K [0x8e0c0000, 0x99100000, 0xa3620000)
   the space 180480K,  54% used [0x8e0c0000, 0x94095030, 0x94095200, 0x99100000)
 compacting perm gen  total 35072K, used 34919K [0xa3620000, 0xa5860000, 0xb3620000)
   the space 35072K,  99% used [0xa3620000, 0xa5839d28, 0xa5839e00, 0xa5860000)
No shared spaces configured.
