2013-08-04T01:08:38.359+0100: 2.359: [GC [PSYoungGen: 32768K->5427K(38208K)] 32768K->6425K(125632K), 0.0800850 secs] [Times: user=0.03 sys=0.06, real=0.08 secs] 
2013-08-04T01:08:39.424+0100: 3.424: [GC [PSYoungGen: 38195K->5425K(70976K)] 39193K->8140K(158400K), 0.0840890 secs] [Times: user=0.01 sys=0.09, real=0.09 secs] 
2013-08-04T01:08:42.500+0100: 6.499: [GC [PSYoungGen: 70961K->5438K(70976K)] 73676K->15609K(158400K), 0.1401490 secs] [Times: user=0.00 sys=0.18, real=0.14 secs] 
2013-08-04T01:08:43.813+0100: 7.812: [GC [PSYoungGen: 70974K->5426K(136512K)] 81145K->17658K(223936K), 0.1001060 secs] [Times: user=0.06 sys=0.12, real=0.10 secs] 
2013-08-04T01:08:48.286+0100: 12.285: [GC [PSYoungGen: 120328K->5435K(136512K)] 132560K->35629K(223936K), 0.1681790 secs] [Times: user=0.03 sys=0.18, real=0.17 secs] 
2013-08-04T01:08:48.454+0100: 12.453: [Full GC (System) [PSYoungGen: 5435K->0K(136512K)] [ParOldGen: 30194K->30295K(87424K)] 35629K->30295K(223936K) [PSPermGen: 14652K->14640K(29440K)], 0.4164420 secs] [Times: user=0.20 sys=0.26, real=0.42 secs] 
2013-08-04T01:08:51.866+0100: 15.865: [GC [PSYoungGen: 131072K->5434K(121536K)] 161367K->40860K(208960K), 0.0680720 secs] [Times: user=0.02 sys=0.07, real=0.07 secs] 
2013-08-04T01:08:54.516+0100: 18.516: [GC [PSYoungGen: 121530K->13730K(136512K)] 156956K->49157K(223936K), 0.0200210 secs] [Times: user=0.03 sys=0.01, real=0.02 secs] 
2013-08-04T01:08:57.263+0100: 21.263: [GC [PSYoungGen: 129826K->20336K(144512K)] 165253K->60657K(231936K), 0.2442590 secs] [Times: user=0.07 sys=0.26, real=0.25 secs] 
2013-08-04T01:08:59.085+0100: 23.084: [GC [PSYoungGen: 144496K->24247K(148416K)] 184817K->64568K(235840K), 0.0680730 secs] [Times: user=0.07 sys=0.06, real=0.07 secs] 
2013-08-04T01:09:00.455+0100: 24.454: [GC [PSYoungGen: 148407K->19473K(143296K)] 188728K->70739K(230720K), 0.1321400 secs] [Times: user=0.11 sys=0.14, real=0.13 secs] 
2013-08-04T01:09:04.931+0100: 28.931: [GC [PSYoungGen: 136465K->19635K(136640K)] 187731K->83334K(224064K), 0.1321410 secs] [Times: user=0.07 sys=0.15, real=0.13 secs] 
2013-08-04T01:09:06.729+0100: 30.729: [GC [PSYoungGen: 136627K->1080K(143360K)] 200326K->83664K(230784K), 0.1922040 secs] [Times: user=0.10 sys=0.13, real=0.19 secs] 
2013-08-04T01:09:06.922+0100: 30.921: [Full GC [PSYoungGen: 1080K->0K(143360K)] [ParOldGen: 82583K->79393K(146752K)] 83664K->79393K(290112K) [PSPermGen: 23347K->23339K(39680K)], 1.0170790 secs] [Times: user=0.47 sys=0.55, real=1.02 secs] 
2013-08-04T01:09:10.521+0100: 34.521: [GC [PSYoungGen: 114176K->7744K(144448K)] 193569K->87138K(291200K), 0.0760810 secs] [Times: user=0.02 sys=0.02, real=0.07 secs] 
2013-08-04T01:09:11.619+0100: 35.618: [GC [PSYoungGen: 121920K->14578K(141504K)] 201314K->100885K(288256K), 0.0640680 secs] [Times: user=0.03 sys=0.03, real=0.07 secs] 
2013-08-04T01:09:13.328+0100: 37.328: [GC [PSYoungGen: 129330K->10236K(143232K)] 215637K->108758K(289984K), 0.0640680 secs] [Times: user=0.02 sys=0.08, real=0.07 secs] 
2013-08-04T01:09:16.852+0100: 40.851: [GC [PSYoungGen: 124988K->11914K(142976K)] 223510K->119754K(289728K), 0.1161230 secs] [Times: user=0.05 sys=0.14, real=0.12 secs] 
2013-08-04T01:09:24.889+0100: 48.888: [GC [PSYoungGen: 130570K->22764K(145024K)] 238410K->130603K(291776K), 0.0560600 secs] [Times: user=0.10 sys=0.00, real=0.06 secs] 
2013-08-04T01:12:42.038+0100: 246.041: [GC [PSYoungGen: 141420K->26541K(139712K)] 249259K->134380K(286464K), 0.1241320 secs] [Times: user=0.07 sys=0.05, real=0.12 secs] 
2013-08-04T01:12:50.675+0100: 254.674: [GC [PSYoungGen: 137645K->31804K(142912K)] 245484K->148630K(289664K), 0.2322470 secs] [Times: user=0.12 sys=0.12, real=0.23 secs] 
2013-08-04T01:13:01.234+0100: 265.234: [GC [PSYoungGen: 142908K->26633K(125248K)] 259734K->153760K(272000K), 0.1681780 secs] [Times: user=0.12 sys=0.09, real=0.17 secs] 
2013-08-04T01:13:10.228+0100: 274.259: [GC [PSYoungGen: 120073K->26087K(119552K)] 247200K->153215K(266304K), 0.1121190 secs] [Times: user=0.15 sys=0.06, real=0.11 secs] 
2013-08-04T01:13:21.884+0100: 285.883: [GC [PSYoungGen: 119527K->25149K(133568K)] 246655K->152277K(280320K), 0.0720760 secs] [Times: user=0.08 sys=0.02, real=0.07 secs] 
2013-08-04T01:13:34.029+0100: 298.028: [GC [PSYoungGen: 117501K->25665K(133504K)] 244629K->152793K(280256K), 0.0961020 secs] [Times: user=0.11 sys=0.05, real=0.10 secs] 
2013-08-04T01:13:45.401+0100: 309.400: [GC [PSYoungGen: 118017K->25655K(133248K)] 245145K->152783K(280000K), 0.0680720 secs] [Times: user=0.05 sys=0.02, real=0.07 secs] 
2013-08-04T01:13:55.380+0100: 319.379: [GC [PSYoungGen: 118071K->25432K(133376K)] 245199K->152560K(280128K), 0.0680720 secs] [Times: user=0.04 sys=0.01, real=0.07 secs] 
2013-08-04T01:14:05.647+0100: 329.646: [GC [PSYoungGen: 117848K->25937K(133504K)] 244976K->153065K(280256K), 0.1041110 secs] [Times: user=0.10 sys=0.05, real=0.10 secs] 
2013-08-04T01:14:15.729+0100: 339.729: [GC [PSYoungGen: 119121K->26079K(133504K)] 246249K->153207K(280256K), 0.0680720 secs] [Times: user=0.07 sys=0.04, real=0.07 secs] 
2013-08-04T01:14:25.319+0100: 349.319: [GC [PSYoungGen: 119263K->26004K(133824K)] 246391K->153131K(280576K), 0.0400430 secs] [Times: user=0.06 sys=0.00, real=0.04 secs] 
2013-08-04T01:14:33.704+0100: 357.704: [GC [PSYoungGen: 120404K->25779K(133952K)] 247531K->152907K(280704K), 0.1321400 secs] [Times: user=0.08 sys=0.04, real=0.13 secs] 
2013-08-04T01:14:42.610+0100: 366.609: [GC [PSYoungGen: 120179K->26207K(134656K)] 247307K->153334K(281408K), 0.0520550 secs] [Times: user=0.06 sys=0.01, real=0.06 secs] 
2013-08-04T01:15:31.053+0100: 415.053: [GC [PSYoungGen: 122335K->20568K(134720K)] 249462K->147695K(281472K), 0.0440470 secs] [Times: user=0.06 sys=0.01, real=0.04 secs] 
2013-08-04T01:15:31.974+0100: 415.974: [GC [PSYoungGen: 116696K->20281K(135168K)] 243823K->147409K(281920K), 0.0280300 secs] [Times: user=0.04 sys=0.00, real=0.03 secs] 
2013-08-04T01:15:32.643+0100: 416.642: [GC [PSYoungGen: 118841K->14216K(135168K)] 245969K->147518K(281920K), 0.0640680 secs] [Times: user=0.06 sys=0.00, real=0.06 secs] 
2013-08-04T01:15:33.576+0100: 417.579: [GC [PSYoungGen: 112776K->1657K(134080K)] 246078K->147701K(280832K), 0.0880940 secs] [Times: user=0.03 sys=0.02, real=0.09 secs] 
2013-08-04T01:15:33.668+0100: 417.667: [Full GC [PSYoungGen: 1657K->0K(134080K)] [ParOldGen: 146043K->98608K(180032K)] 147701K->98608K(314112K) [PSPermGen: 35309K->35131K(50176K)], 0.6687090 secs] [Times: user=0.47 sys=0.30, real=0.67 secs] 
2013-08-04T01:15:34.721+0100: 418.720: [GC [PSYoungGen: 97408K->152K(97600K)] 196016K->98760K(277632K), 0.0120130 secs] [Times: user=0.02 sys=0.00, real=0.04 secs] 
2013-08-04T01:15:35.366+0100: 419.365: [GC [PSYoungGen: 97560K->416K(133056K)] 196168K->99024K(313088K), 0.0200210 secs] [Times: user=0.02 sys=0.01, real=0.02 secs] 
Heap
 PSYoungGen      total 133056K, used 10196K [0xa8b80000, 0xb3620000, 0xb3620000)
  eden space 92928K, 10% used [0xa8b80000,0xa950d018,0xae640000)
  from space 40128K, 1% used [0xb0ef0000,0xb0f58040,0xb3620000)
  to   space 40896K, 0% used [0xae640000,0xae640000,0xb0e30000)
 ParOldGen       total 180032K, used 98608K [0x93620000, 0x9e5f0000, 0xa8b80000)
  object space 180032K, 54% used [0x93620000,0x9966c018,0x9e5f0000)
 PSPermGen       total 50176K, used 35149K [0x83620000, 0x86720000, 0x93620000)
  object space 50176K, 70% used [0x83620000,0x85873478,0x86720000)
