2013-08-03T15:03:45.934+0100: 2.206: [GC [PSYoungGen: 32768K->5439K(38208K)] 32768K->6421K(125632K), 0.0480510 secs] [Times: user=0.00 sys=0.06, real=0.05 secs] 
2013-08-03T15:03:46.743+0100: 3.015: [GC [PSYoungGen: 38207K->5434K(70976K)] 39189K->8139K(158400K), 0.0440470 secs] [Times: user=0.00 sys=0.06, real=0.04 secs] 
2013-08-03T15:03:49.506+0100: 5.778: [GC [PSYoungGen: 70970K->5427K(70976K)] 73675K->15383K(158400K), 0.1281360 secs] [Times: user=0.06 sys=0.13, real=0.13 secs] 
2013-08-03T15:03:50.327+0100: 6.603: [GC [PSYoungGen: 70963K->5438K(136512K)] 80919K->17527K(223936K), 0.0480510 secs] [Times: user=0.02 sys=0.05, real=0.05 secs] 
2013-08-03T15:03:54.243+0100: 10.515: [GC [PSYoungGen: 121589K->5429K(136512K)] 133678K->35471K(223936K), 0.1521610 secs] [Times: user=0.05 sys=0.11, real=0.15 secs] 
2013-08-03T15:03:54.395+0100: 10.667: [Full GC (System) [PSYoungGen: 5429K->0K(136512K)] [ParOldGen: 30042K->30312K(87424K)] 35471K->30312K(223936K) [PSPermGen: 14689K->14676K(29440K)], 0.2402550 secs] [Times: user=0.12 sys=0.14, real=0.24 secs] 
2013-08-03T15:03:56.646+0100: 12.918: [GC [PSYoungGen: 131072K->5431K(121664K)] 161384K->40790K(209088K), 0.0520550 secs] [Times: user=0.03 sys=0.02, real=0.05 secs] 
2013-08-03T15:03:58.163+0100: 14.435: [GC [PSYoungGen: 121655K->13757K(136512K)] 157014K->49116K(223936K), 0.0160170 secs] [Times: user=0.03 sys=0.00, real=0.02 secs] 
2013-08-03T15:03:59.813+0100: 16.085: [GC [PSYoungGen: 129981K->20283K(144832K)] 165340K->60308K(232256K), 0.1241320 secs] [Times: user=0.06 sys=0.14, real=0.12 secs] 
2013-08-03T15:04:00.502+0100: 16.774: [GC [PSYoungGen: 144827K->23726K(148288K)] 184852K->63751K(235712K), 0.1121190 secs] [Times: user=0.05 sys=0.08, real=0.11 secs] 
2013-08-03T15:04:01.695+0100: 17.967: [GC [PSYoungGen: 148270K->20583K(143296K)] 188295K->70781K(230720K), 0.1081150 secs] [Times: user=0.05 sys=0.10, real=0.11 secs] 
2013-08-03T15:04:04.358+0100: 20.630: [GC [PSYoungGen: 137447K->19965K(136832K)] 187645K->83163K(224256K), 0.1201280 secs] [Times: user=0.03 sys=0.09, real=0.12 secs] 
2013-08-03T15:04:05.151+0100: 21.423: [GC [PSYoungGen: 136829K->1080K(143168K)] 200027K->83467K(230592K), 0.1161230 secs] [Times: user=0.03 sys=0.10, real=0.12 secs] 
2013-08-03T15:04:05.267+0100: 21.539: [Full GC [PSYoungGen: 1080K->0K(143168K)] [ParOldGen: 82386K->78555K(144448K)] 83467K->78555K(287616K) [PSPermGen: 23358K->23349K(39680K)], 0.6687100 secs] [Times: user=0.30 sys=0.31, real=0.66 secs] 
2013-08-03T15:04:07.021+0100: 23.293: [GC [PSYoungGen: 113792K->7864K(144256K)] 192347K->86420K(288704K), 0.0120130 secs] [Times: user=0.02 sys=0.00, real=0.01 secs] 
2013-08-03T15:04:07.677+0100: 23.949: [GC [PSYoungGen: 121656K->14492K(141184K)] 200212K->100066K(285632K), 0.0520560 secs] [Times: user=0.05 sys=0.04, real=0.06 secs] 
2013-08-03T15:04:09.215+0100: 25.487: [GC [PSYoungGen: 128860K->10237K(142976K)] 214434K->107998K(287424K), 0.0880940 secs] [Times: user=0.03 sys=0.09, real=0.09 secs] 
2013-08-03T15:04:12.106+0100: 28.378: [GC [PSYoungGen: 124605K->11901K(142656K)] 222366K->118973K(287104K), 0.3043230 secs] [Times: user=0.06 sys=0.10, real=0.30 secs] 
2013-08-03T15:04:22.625+0100: 38.897: [GC [PSYoungGen: 130301K->11624K(144832K)] 237373K->129668K(289280K), 0.0520550 secs] [Times: user=0.07 sys=0.01, real=0.05 secs] 
2013-08-03T15:08:01.542+0100: 257.814: [GC [PSYoungGen: 130024K->1519K(147968K)] 248068K->127142K(292416K), 0.1041110 secs] [Times: user=0.00 sys=0.08, real=0.11 secs] 
2013-08-03T15:08:02.899+0100: 259.171: [GC [PSYoungGen: 124143K->1854K(124480K)] 249766K->127477K(268928K), 0.0200210 secs] [Times: user=0.01 sys=0.00, real=0.02 secs] 
2013-08-03T15:08:03.500+0100: 259.776: [GC [PSYoungGen: 124478K->1769K(148416K)] 250101K->127392K(292864K), 0.0080080 secs] [Times: user=0.02 sys=0.00, real=0.01 secs] 
2013-08-03T15:08:03.756+0100: 260.028: [GC [PSYoungGen: 123817K->1840K(123904K)] 249440K->127463K(268352K), 0.0040040 secs] [Times: user=0.01 sys=0.00, real=0.00 secs] 
Heap
 PSYoungGen      total 123904K, used 113240K [0xa8b80000, 0xb3590000, 0xb3620000)
  eden space 122048K, 91% used [0xa8b80000,0xaf849c38,0xb02b0000)
  from space 1856K, 99% used [0xb02b0000,0xb047c3c8,0xb0480000)
  to   space 26048K, 0% used [0xb1c20000,0xb1c20000,0xb3590000)
 ParOldGen       total 144448K, used 125622K [0x93620000, 0x9c330000, 0xa8b80000)
  object space 144448K, 86% used [0x93620000,0x9b0cdb10,0x9c330000)
 PSPermGen       total 39680K, used 34822K [0x83620000, 0x85ce0000, 0x93620000)
  object space 39680K, 87% used [0x83620000,0x85821a10,0x85ce0000)
