2013-08-04T04:17:00.600+0100: 1.902: [GC [PSYoungGen: 32768K->5433K(38208K)] 32768K->6430K(125632K), 0.0360380 secs] [Times: user=0.02 sys=0.03, real=0.03 secs] 
2013-08-04T04:17:01.529+0100: 2.831: [GC [PSYoungGen: 38201K->5432K(70976K)] 39198K->8157K(158400K), 0.0360380 secs] [Times: user=0.00 sys=0.03, real=0.04 secs] 
2013-08-04T04:17:03.903+0100: 5.206: [GC [PSYoungGen: 70968K->5436K(70976K)] 73693K->15785K(158400K), 0.1121190 secs] [Times: user=0.07 sys=0.13, real=0.11 secs] 
2013-08-04T04:17:04.848+0100: 6.151: [GC [PSYoungGen: 70972K->5437K(136512K)] 81321K->17488K(223936K), 0.1321400 secs] [Times: user=0.04 sys=0.10, real=0.13 secs] 
2013-08-04T04:17:08.500+0100: 9.802: [GC [PSYoungGen: 120332K->5429K(136512K)] 132383K->35330K(223936K), 0.1601700 secs] [Times: user=0.08 sys=0.16, real=0.16 secs] 
2013-08-04T04:17:08.660+0100: 9.963: [Full GC (System) [PSYoungGen: 5429K->0K(136512K)] [ParOldGen: 29900K->30207K(87424K)] 35330K->30207K(223936K) [PSPermGen: 14684K->14671K(29440K)], 0.4404670 secs] [Times: user=0.11 sys=0.21, real=0.44 secs] 
2013-08-04T04:17:11.415+0100: 12.717: [GC [PSYoungGen: 131072K->5438K(121472K)] 161279K->41137K(208896K), 0.0800850 secs] [Times: user=0.04 sys=0.08, real=0.08 secs] 
2013-08-04T04:17:13.389+0100: 14.692: [GC [PSYoungGen: 121470K->13764K(136512K)] 157169K->49463K(223936K), 0.0520550 secs] [Times: user=0.04 sys=0.02, real=0.08 secs] 
2013-08-04T04:17:15.440+0100: 16.742: [GC [PSYoungGen: 129796K->20401K(145216K)] 165495K->60179K(232640K), 0.1201280 secs] [Times: user=0.05 sys=0.14, real=0.12 secs] 
2013-08-04T04:17:16.929+0100: 18.231: [GC [PSYoungGen: 145201K->24396K(149248K)] 184979K->64174K(236672K), 0.1561660 secs] [Times: user=0.04 sys=0.06, real=0.16 secs] 
2013-08-04T04:17:17.970+0100: 19.272: [GC [PSYoungGen: 149196K->20898K(141824K)] 188974K->71151K(229248K), 0.1401490 secs] [Times: user=0.06 sys=0.12, real=0.14 secs] 
2013-08-04T04:17:21.606+0100: 22.908: [GC [PSYoungGen: 137250K->19935K(136320K)] 187503K->83314K(223744K), 0.1681790 secs] [Times: user=0.05 sys=0.14, real=0.17 secs] 
2013-08-04T04:17:22.507+0100: 23.809: [GC [PSYoungGen: 136287K->1064K(142976K)] 199666K->83620K(230400K), 0.2242380 secs] [Times: user=0.04 sys=0.13, real=0.23 secs] 
2013-08-04T04:17:22.731+0100: 24.034: [Full GC [PSYoungGen: 1064K->0K(142976K)] [ParOldGen: 82556K->78186K(140800K)] 83620K->78186K(283776K) [PSPermGen: 23355K->23347K(39680K)], 0.6727140 secs] [Times: user=0.51 sys=0.13, real=0.67 secs] 
2013-08-04T04:17:24.413+0100: 25.715: [GC [PSYoungGen: 113408K->7680K(144064K)] 191594K->85866K(284864K), 0.0280300 secs] [Times: user=0.00 sys=0.01, real=0.03 secs] 
2013-08-04T04:17:25.390+0100: 26.692: [GC [PSYoungGen: 121088K->14777K(141248K)] 199274K->99835K(282048K), 0.0560600 secs] [Times: user=0.06 sys=0.04, real=0.06 secs] 
2013-08-04T04:17:27.480+0100: 28.783: [GC [PSYoungGen: 128761K->10097K(142912K)] 213819K->107525K(283712K), 0.0920980 secs] [Times: user=0.06 sys=0.12, real=0.09 secs] 
2013-08-04T04:17:30.143+0100: 31.445: [GC [PSYoungGen: 124081K->11670K(142784K)] 221509K->118276K(283584K), 0.1081150 secs] [Times: user=0.05 sys=0.11, real=0.11 secs] 
2013-08-04T04:17:32.826+0100: 34.128: [GC [PSYoungGen: 129494K->12033K(144640K)] 236100K->129374K(285440K), 0.0840890 secs] [Times: user=0.06 sys=0.08, real=0.09 secs] 
2013-08-04T04:21:02.068+0100: 243.370: [GC [PSYoungGen: 129857K->14209K(145728K)] 247198K->142771K(286528K), 0.1241320 secs] [Times: user=0.06 sys=0.05, real=0.13 secs] 
2013-08-04T04:21:02.192+0100: 243.494: [Full GC [PSYoungGen: 14209K->0K(145728K)] [ParOldGen: 128561K->131605K(209216K)] 142771K->131605K(354944K) [PSPermGen: 34890K->34817K(49664K)], 0.7648120 secs] [Times: user=0.75 sys=0.21, real=0.76 secs] 
2013-08-04T04:21:04.783+0100: 246.085: [GC [PSYoungGen: 122304K->12597K(147136K)] 253909K->144202K(356352K), 0.0800850 secs] [Times: user=0.06 sys=0.02, real=0.08 secs] 
2013-08-04T04:21:17.677+0100: 258.979: [GC [PSYoungGen: 134901K->3536K(149696K)] 266506K->144582K(358912K), 0.0760810 secs] [Times: user=0.08 sys=0.04, real=0.07 secs] 
2013-08-04T04:21:27.407+0100: 268.709: [GC [PSYoungGen: 129488K->4736K(150208K)] 270534K->147994K(359424K), 0.0600640 secs] [Times: user=0.09 sys=0.03, real=0.06 secs] 
2013-08-04T04:21:37.686+0100: 278.988: [GC [PSYoungGen: 130688K->4624K(150272K)] 273946K->147965K(359488K), 0.0400430 secs] [Times: user=0.02 sys=0.04, real=0.04 secs] 
2013-08-04T04:21:50.507+0100: 291.810: [GC [PSYoungGen: 130768K->4992K(131136K)] 274109K->148333K(340352K), 0.1161230 secs] [Times: user=0.03 sys=0.02, real=0.11 secs] 
2013-08-04T04:22:01.079+0100: 302.381: [GC [PSYoungGen: 131136K->5056K(150720K)] 274477K->148397K(359936K), 0.0560590 secs] [Times: user=0.07 sys=0.02, real=0.05 secs] 
2013-08-04T04:22:10.873+0100: 312.175: [GC [PSYoungGen: 131968K->5024K(150208K)] 275309K->148365K(359424K), 0.0280300 secs] [Times: user=0.04 sys=0.00, real=0.03 secs] 
2013-08-04T04:22:21.012+0100: 322.314: [GC [PSYoungGen: 131936K->5664K(150656K)] 275277K->149005K(359872K), 0.0720770 secs] [Times: user=0.03 sys=0.00, real=0.07 secs] 
2013-08-04T04:22:31.199+0100: 332.501: [GC [PSYoungGen: 134048K->5344K(150336K)] 277389K->148685K(359552K), 0.0120130 secs] [Times: user=0.01 sys=0.01, real=0.01 secs] 
2013-08-04T04:22:41.526+0100: 342.828: [GC [PSYoungGen: 133728K->5783K(151936K)] 277069K->149124K(361152K), 0.1241320 secs] [Times: user=0.06 sys=0.05, real=0.13 secs] 
2013-08-04T04:22:51.408+0100: 352.710: [GC [PSYoungGen: 137111K->5790K(151744K)] 280452K->149131K(360960K), 0.0400420 secs] [Times: user=0.06 sys=0.00, real=0.04 secs] 
2013-08-04T04:23:10.360+0100: 371.662: [GC [PSYoungGen: 137118K->5560K(153600K)] 280459K->148901K(362816K), 0.0280300 secs] [Times: user=0.04 sys=0.00, real=0.03 secs] 
2013-08-04T04:25:06.628+0100: 487.930: [GC [PSYoungGen: 139960K->1548K(153280K)] 283301K->144889K(362496K), 0.0200210 secs] [Times: user=0.04 sys=0.01, real=0.02 secs] 
2013-08-04T04:25:22.801+0100: 504.103: [GC [PSYoungGen: 135948K->1401K(155584K)] 279289K->144743K(364800K), 0.0320340 secs] [Times: user=0.02 sys=0.01, real=0.03 secs] 
2013-08-04T04:25:23.345+0100: 504.648: [GC [PSYoungGen: 138297K->1609K(155456K)] 281639K->144950K(364672K), 0.0080080 secs] [Times: user=0.01 sys=0.01, real=0.01 secs] 
2013-08-04T04:25:23.666+0100: 504.968: [GC [PSYoungGen: 138505K->1601K(155712K)] 281846K->144942K(364928K), 0.0200210 secs] [Times: user=0.01 sys=0.01, real=0.02 secs] 
Heap
 PSYoungGen      total 155712K, used 133488K [0xa8ba0000, 0xb3510000, 0xb3640000)
  eden space 137920K, 95% used [0xa8ba0000,0xb0c6be20,0xb1250000)
  from space 17792K, 8% used [0xb23b0000,0xb2540420,0xb3510000)
  to   space 17792K, 0% used [0xb1250000,0xb1250000,0xb23b0000)
 ParOldGen       total 209216K, used 143341K [0x93640000, 0xa0290000, 0xa8ba0000)
  object space 209216K, 68% used [0x93640000,0x9c23b7c8,0xa0290000)
 PSPermGen       total 49664K, used 35544K [0x83640000, 0x866c0000, 0x93640000)
  object space 49664K, 71% used [0x83640000,0x858f61b8,0x866c0000)
