2013-08-03T19:07:19.985+0100: 1.886: [GC [PSYoungGen: 32768K->5435K(38208K)] 32768K->6432K(125632K), 0.0800850 secs] [Times: user=0.04 sys=0.05, real=0.08 secs] 
2013-08-03T19:07:21.218+0100: 3.119: [GC [PSYoungGen: 38203K->5425K(70976K)] 39200K->8156K(158400K), 0.0480510 secs] [Times: user=0.01 sys=0.04, real=0.05 secs] 
2013-08-03T19:07:23.929+0100: 5.830: [GC [PSYoungGen: 70961K->5430K(70976K)] 73692K->15419K(158400K), 0.1681780 secs] [Times: user=0.03 sys=0.07, real=0.17 secs] 
2013-08-03T19:07:24.970+0100: 6.871: [GC [PSYoungGen: 70966K->5438K(136512K)] 80955K->17482K(223936K), 0.0440470 secs] [Times: user=0.03 sys=0.03, real=0.04 secs] 
2013-08-03T19:07:28.818+0100: 10.719: [GC [PSYoungGen: 121622K->5427K(136512K)] 133665K->35362K(223936K), 0.1882000 secs] [Times: user=0.05 sys=0.21, real=0.19 secs] 
2013-08-03T19:07:29.006+0100: 10.908: [Full GC (System) [PSYoungGen: 5427K->0K(136512K)] [ParOldGen: 29935K->30273K(87424K)] 35362K->30273K(223936K) [PSPermGen: 14682K->14669K(29440K)], 0.2482630 secs] [Times: user=0.20 sys=0.08, real=0.25 secs] 
2013-08-03T19:07:31.281+0100: 13.182: [GC [PSYoungGen: 131072K->5437K(121856K)] 161345K->41472K(209280K), 0.0760810 secs] [Times: user=0.01 sys=0.07, real=0.08 secs] 
2013-08-03T19:07:33.992+0100: 15.893: [GC [PSYoungGen: 121853K->13464K(136512K)] 157888K->49499K(223936K), 0.0720770 secs] [Times: user=0.03 sys=0.02, real=0.07 secs] 
2013-08-03T19:07:35.942+0100: 17.843: [GC [PSYoungGen: 129880K->19963K(144896K)] 165915K->61245K(232320K), 0.1481570 secs] [Times: user=0.02 sys=0.16, real=0.15 secs] 
2013-08-03T19:07:36.951+0100: 18.852: [GC [PSYoungGen: 144891K->23888K(148864K)] 186173K->65170K(236288K), 0.0720760 secs] [Times: user=0.05 sys=0.05, real=0.07 secs] 
2013-08-03T19:07:38.344+0100: 20.245: [GC [PSYoungGen: 148816K->20901K(142720K)] 190098K->72163K(230144K), 0.2202340 secs] [Times: user=0.09 sys=0.09, real=0.22 secs] 
2013-08-03T19:07:41.804+0100: 23.705: [GC [PSYoungGen: 137765K->19587K(136512K)] 189027K->84040K(223936K), 0.0961020 secs] [Times: user=0.07 sys=0.10, real=0.09 secs] 
2013-08-03T19:07:42.829+0100: 24.730: [GC [PSYoungGen: 136451K->1072K(143232K)] 200904K->84367K(230656K), 0.1001060 secs] [Times: user=0.02 sys=0.15, real=0.10 secs] 
2013-08-03T19:07:42.929+0100: 24.830: [Full GC [PSYoungGen: 1072K->0K(143232K)] [ParOldGen: 83294K->78467K(140416K)] 84367K->78467K(283648K) [PSPermGen: 23352K->23343K(39680K)], 0.4324590 secs] [Times: user=0.48 sys=0.19, real=0.43 secs] 
2013-08-03T19:07:44.811+0100: 26.712: [GC [PSYoungGen: 114048K->8106K(144384K)] 192515K->86573K(284800K), 0.0120120 secs] [Times: user=0.02 sys=0.00, real=0.01 secs] 
2013-08-03T19:07:45.924+0100: 27.826: [GC [PSYoungGen: 122154K->14426K(141312K)] 200621K->100108K(281728K), 0.0280300 secs] [Times: user=0.04 sys=0.01, real=0.03 secs] 
2013-08-03T19:07:47.182+0100: 29.083: [GC [PSYoungGen: 129114K->10184K(143104K)] 214796K->108012K(283520K), 0.0680720 secs] [Times: user=0.02 sys=0.08, real=0.07 secs] 
2013-08-03T19:07:49.672+0100: 31.574: [GC [PSYoungGen: 124872K->11846K(143104K)] 222700K->118947K(283520K), 0.0680720 secs] [Times: user=0.03 sys=0.06, real=0.07 secs] 
2013-08-03T19:08:00.868+0100: 42.769: [GC [PSYoungGen: 130630K->11515K(145152K)] 237731K->129531K(285568K), 0.2042170 secs] [Times: user=0.08 sys=0.08, real=0.21 secs] 
2013-08-03T19:11:22.034+0100: 243.935: [GC [PSYoungGen: 130299K->15420K(146752K)] 248315K->141604K(287168K), 0.2362500 secs] [Times: user=0.09 sys=0.12, real=0.24 secs] 
2013-08-03T19:11:22.282+0100: 244.183: [Full GC [PSYoungGen: 15420K->0K(146752K)] [ParOldGen: 126183K->130231K(206592K)] 141604K->130231K(353344K) [PSPermGen: 34712K->34639K(49664K)], 1.0050670 secs] [Times: user=1.01 sys=0.35, real=1.01 secs] 
2013-08-03T19:11:25.301+0100: 247.202: [GC [PSYoungGen: 123072K->10995K(148032K)] 253303K->141227K(354624K), 0.0920970 secs] [Times: user=0.10 sys=0.02, real=0.09 secs] 
2013-08-03T19:11:34.050+0100: 255.952: [GC [PSYoungGen: 134067K->3968K(149760K)] 264299K->142326K(356352K), 0.0680720 secs] [Times: user=0.00 sys=0.05, real=0.07 secs] 
2013-08-03T19:11:44.053+0100: 265.954: [GC [PSYoungGen: 129536K->4768K(150144K)] 267894K->144898K(356736K), 0.0800850 secs] [Times: user=0.09 sys=0.06, real=0.08 secs] 
2013-08-03T19:11:54.204+0100: 276.105: [GC [PSYoungGen: 130336K->4608K(149760K)] 270466K->144810K(356352K), 0.0400430 secs] [Times: user=0.02 sys=0.02, real=0.04 secs] 
2013-08-03T19:12:52.838+0100: 334.739: [GC [PSYoungGen: 130176K->3136K(149952K)] 270378K->143338K(356544K), 0.0240250 secs] [Times: user=0.02 sys=0.01, real=0.02 secs] 
2013-08-03T19:13:16.467+0100: 358.368: [GC [PSYoungGen: 128704K->1137K(150272K)] 268906K->141340K(356864K), 0.0160170 secs] [Times: user=0.02 sys=0.00, real=0.01 secs] 
2013-08-03T19:13:17.040+0100: 358.941: [GC [PSYoungGen: 127089K->1393K(127360K)] 267292K->141596K(333952K), 0.0160170 secs] [Times: user=0.02 sys=0.00, real=0.01 secs] 
2013-08-03T19:13:17.508+0100: 359.409: [GC [PSYoungGen: 127345K->1409K(150528K)] 267548K->141612K(357120K), 0.0160170 secs] [Times: user=0.03 sys=0.00, real=0.01 secs] 
2013-08-03T19:13:18.041+0100: 359.946: [GC [PSYoungGen: 127809K->1489K(127936K)] 268012K->141756K(334528K), 0.0080080 secs] [Times: user=0.01 sys=0.01, real=0.01 secs] 
Heap
 PSYoungGen      total 127936K, used 46272K [0xa8c10000, 0xb3530000, 0xb36b0000)
  eden space 126400K, 35% used [0xa8c10000,0xab7cb8e0,0xb0780000)
  from space 1536K, 96% used [0xb0780000,0xb08f47a8,0xb0900000)
  to   space 23168K, 0% used [0xb1e90000,0xb1e90000,0xb3530000)
 ParOldGen       total 206592K, used 140266K [0x936b0000, 0xa0070000, 0xa8c10000)
  object space 206592K, 67% used [0x936b0000,0x9bfaaa50,0xa0070000)
 PSPermGen       total 49664K, used 35338K [0x836b0000, 0x86730000, 0x936b0000)
  object space 49664K, 71% used [0x836b0000,0x85932a48,0x86730000)
