2013-08-04T03:41:28.645+0100: 2.006: [GC [PSYoungGen: 32768K->5425K(38208K)] 32768K->6423K(125632K), 0.0880930 secs] [Times: user=0.04 sys=0.05, real=0.09 secs] 
2013-08-04T03:41:29.894+0100: 3.255: [GC [PSYoungGen: 38193K->5435K(70976K)] 39191K->8161K(158400K), 0.0400420 secs] [Times: user=0.02 sys=0.05, real=0.04 secs] 
2013-08-04T03:41:32.489+0100: 5.850: [GC [PSYoungGen: 70971K->5431K(70976K)] 73697K->15499K(158400K), 0.0961020 secs] [Times: user=0.04 sys=0.12, real=0.10 secs] 
2013-08-04T03:41:33.362+0100: 6.723: [GC [PSYoungGen: 70967K->5427K(136512K)] 81035K->17492K(223936K), 0.0680730 secs] [Times: user=0.03 sys=0.10, real=0.07 secs] 
2013-08-04T03:41:36.730+0100: 10.091: [GC [PSYoungGen: 120324K->5432K(136512K)] 132389K->35491K(223936K), 0.2362500 secs] [Times: user=0.03 sys=0.26, real=0.23 secs] 
2013-08-04T03:41:36.966+0100: 10.327: [Full GC (System) [PSYoungGen: 5432K->0K(136512K)] [ParOldGen: 30058K->30305K(87424K)] 35491K->30305K(223936K) [PSPermGen: 14653K->14640K(29440K)], 0.3683910 secs] [Times: user=0.26 sys=0.14, real=0.37 secs] 
2013-08-04T03:41:39.404+0100: 12.766: [GC [PSYoungGen: 131072K->5438K(121536K)] 161377K->40819K(208960K), 0.0760800 secs] [Times: user=0.02 sys=0.09, real=0.08 secs] 
2013-08-04T03:41:40.942+0100: 14.303: [GC [PSYoungGen: 121534K->13745K(136512K)] 156915K->49125K(223936K), 0.0440460 secs] [Times: user=0.04 sys=0.00, real=0.04 secs] 
2013-08-04T03:41:43.008+0100: 16.369: [GC [PSYoungGen: 129841K->20338K(145152K)] 165221K->59885K(232576K), 0.1161230 secs] [Times: user=0.05 sys=0.12, real=0.12 secs] 
2013-08-04T03:41:44.201+0100: 17.567: [GC [PSYoungGen: 145138K->24255K(149056K)] 184685K->63803K(236480K), 0.0800850 secs] [Times: user=0.06 sys=0.09, real=0.08 secs] 
2013-08-04T03:41:44.866+0100: 18.227: [GC [PSYoungGen: 149055K->20895K(142016K)] 188603K->70792K(229440K), 0.1361440 secs] [Times: user=0.07 sys=0.10, real=0.13 secs] 
2013-08-04T03:41:47.545+0100: 20.906: [GC [PSYoungGen: 137247K->19916K(136320K)] 187144K->83030K(223744K), 0.1161230 secs] [Times: user=0.06 sys=0.14, real=0.12 secs] 
2013-08-04T03:41:48.402+0100: 21.763: [GC [PSYoungGen: 136268K->1056K(142976K)] 199382K->83335K(230400K), 0.1321410 secs] [Times: user=0.08 sys=0.18, real=0.13 secs] 
2013-08-04T03:41:48.534+0100: 21.895: [Full GC [PSYoungGen: 1056K->0K(142976K)] [ParOldGen: 82278K->78546K(142784K)] 83335K->78546K(285760K) [PSPermGen: 23352K->23344K(39680K)], 0.5806160 secs] [Times: user=0.67 sys=0.24, real=0.58 secs] 
2013-08-04T03:41:50.456+0100: 23.817: [GC [PSYoungGen: 113408K->7794K(144064K)] 191954K->86340K(286848K), 0.0120120 secs] [Times: user=0.02 sys=0.00, real=0.01 secs] 
2013-08-04T03:41:51.305+0100: 24.666: [GC [PSYoungGen: 121202K->14516K(141184K)] 199748K->100037K(283968K), 0.0320340 secs] [Times: user=0.03 sys=0.02, real=0.03 secs] 
2013-08-04T03:41:52.586+0100: 25.956: [GC [PSYoungGen: 128564K->10313K(142848K)] 214085K->107960K(285632K), 0.1721830 secs] [Times: user=0.04 sys=0.12, real=0.17 secs] 
2013-08-04T03:41:55.477+0100: 28.839: [GC [PSYoungGen: 124361K->11799K(142784K)] 222008K->118856K(285568K), 0.2122250 secs] [Times: user=0.11 sys=0.08, real=0.21 secs] 
2013-08-04T03:42:06.285+0100: 39.646: [GC [PSYoungGen: 129879K->11740K(144704K)] 236936K->129655K(287488K), 0.0760810 secs] [Times: user=0.05 sys=0.09, real=0.08 secs] 
2013-08-04T03:45:30.722+0100: 244.083: [GC [PSYoungGen: 129820K->18184K(147840K)] 247735K->144400K(290624K), 0.0800850 secs] [Times: user=0.06 sys=0.08, real=0.08 secs] 
2013-08-04T03:45:30.802+0100: 244.163: [Full GC [PSYoungGen: 18184K->0K(147840K)] [ParOldGen: 126216K->132989K(212224K)] 144400K->132989K(360064K) [PSPermGen: 34723K->34647K(49664K)], 1.3454280 secs] [Times: user=0.00 sys=1.18, real=1.34 secs] 
2013-08-04T03:45:34.126+0100: 247.487: [GC [PSYoungGen: 122368K->8658K(148544K)] 255357K->141647K(360768K), 0.0240260 secs] [Times: user=0.02 sys=0.01, real=0.02 secs] 
2013-08-04T03:45:42.663+0100: 256.024: [GC [PSYoungGen: 131026K->3756K(148352K)] 264015K->142495K(360576K), 0.0760810 secs] [Times: user=0.09 sys=0.05, real=0.08 secs] 
2013-08-04T03:45:55.444+0100: 268.805: [GC [PSYoungGen: 126380K->3696K(148672K)] 265119K->144007K(360896K), 0.0480510 secs] [Times: user=0.02 sys=0.04, real=0.04 secs] 
2013-08-04T03:46:07.629+0100: 280.990: [GC [PSYoungGen: 126320K->4400K(148032K)] 266631K->144711K(360256K), 0.0720760 secs] [Times: user=0.02 sys=0.04, real=0.07 secs] 
2013-08-04T03:47:04.830+0100: 338.191: [GC [PSYoungGen: 127024K->1289K(148352K)] 267335K->141600K(360576K), 0.0440470 secs] [Times: user=0.01 sys=0.02, real=0.05 secs] 
2013-08-04T03:47:05.715+0100: 339.076: [GC [PSYoungGen: 123913K->1265K(148672K)] 264224K->141576K(360896K), 0.0320340 secs] [Times: user=0.04 sys=0.00, real=0.03 secs] 
2013-08-04T03:47:06.391+0100: 339.753: [GC [PSYoungGen: 124465K->1281K(148800K)] 264776K->141592K(361024K), 0.0160170 secs] [Times: user=0.01 sys=0.00, real=0.02 secs] 
2013-08-04T03:47:06.860+0100: 340.221: [GC [PSYoungGen: 124481K->1352K(148224K)] 264792K->141663K(360448K), 0.0120130 secs] [Times: user=0.02 sys=0.00, real=0.01 secs] 
Heap
 PSYoungGen      total 148224K, used 113356K [0xa8ba0000, 0xb34c0000, 0xb3640000)
  eden space 123904K, 90% used [0xa8ba0000,0xaf9010d8,0xb04a0000)
  from space 24320K, 5% used [0xb1d00000,0xb1e52050,0xb34c0000)
  to   space 24640K, 0% used [0xb04a0000,0xb04a0000,0xb1cb0000)
 ParOldGen       total 212224K, used 140311K [0x93640000, 0xa0580000, 0xa8ba0000)
  object space 212224K, 66% used [0x93640000,0x9bf45cc8,0xa0580000)
 PSPermGen       total 49664K, used 35258K [0x83640000, 0x866c0000, 0x93640000)
  object space 49664K, 70% used [0x83640000,0x858aebd8,0x866c0000)
