2013-07-15T23:42:12.517+0100: 1.482: [GC [PSYoungGen: 32768K->5435K(38208K)] 32768K->6434K(125632K), 0.0128740 secs] [Times: user=0.02 sys=0.00, real=0.01 secs] 
2013-07-15T23:42:13.381+0100: 2.346: [GC [PSYoungGen: 38203K->5435K(38208K)] 39202K->8151K(125632K), 0.0140490 secs] [Times: user=0.01 sys=0.02, real=0.02 secs] 
2013-07-15T23:42:14.220+0100: 3.185: [GC [PSYoungGen: 38203K->5429K(38208K)] 40919K->12304K(125632K), 0.0219170 secs] [Times: user=0.02 sys=0.01, real=0.02 secs] 
2013-07-15T23:42:15.168+0100: 4.133: [GC [PSYoungGen: 38197K->5437K(70976K)] 45072K->15619K(158400K), 0.0238280 secs] [Times: user=0.02 sys=0.02, real=0.02 secs] 
2013-07-15T23:42:15.847+0100: 4.812: [GC [PSYoungGen: 70973K->5436K(70976K)] 81155K->17838K(158400K), 0.0182650 secs] [Times: user=0.02 sys=0.01, real=0.02 secs] 
2013-07-15T23:42:17.070+0100: 6.036: [GC [PSYoungGen: 70972K->9847K(138368K)] 83374K->25385K(225792K), 0.0440560 secs] [Times: user=0.08 sys=0.00, real=0.04 secs] 
2013-07-15T23:42:17.974+0100: 6.939: [GC [PSYoungGen: 57143K->12405K(140928K)] 72681K->35578K(228352K), 0.0334360 secs] [Times: user=0.04 sys=0.02, real=0.04 secs] 
2013-07-15T23:42:18.008+0100: 6.973: [Full GC (System) [PSYoungGen: 12405K->0K(140928K)] [ParOldGen: 23173K->30597K(87424K)] 35578K->30597K(228352K) [PSPermGen: 14686K->14673K(29440K)], 0.1960850 secs] [Times: user=0.28 sys=0.02, real=0.20 secs] 
2013-07-15T23:42:19.752+0100: 8.718: [GC [PSYoungGen: 128512K->10638K(149376K)] 159109K->41236K(236800K), 0.0248090 secs] [Times: user=0.04 sys=0.00, real=0.03 secs] 
2013-07-15T23:42:21.368+0100: 10.333: [GC [PSYoungGen: 142414K->16888K(148672K)] 173012K->49456K(236096K), 0.0241440 secs] [Times: user=0.04 sys=0.00, real=0.02 secs] 
2013-07-15T23:42:22.884+0100: 11.850: [GC [PSYoungGen: 148664K->19582K(143360K)] 181232K->61983K(230784K), 0.0454860 secs] [Times: user=0.09 sys=0.00, real=0.04 secs] 
2013-07-15T23:42:23.759+0100: 12.724: [GC [PSYoungGen: 143358K->3638K(127424K)] 185759K->64713K(214848K), 0.0239000 secs] [Times: user=0.03 sys=0.01, real=0.02 secs] 
2013-07-15T23:42:24.439+0100: 13.404: [GC [PSYoungGen: 127414K->10285K(149952K)] 188489K->74884K(237376K), 0.0170360 secs] [Times: user=0.02 sys=0.01, real=0.02 secs] 
2013-07-15T23:42:26.724+0100: 15.689: [GC [PSYoungGen: 134381K->9758K(133888K)] 198980K->84361K(221312K), 0.0382070 secs] [Times: user=0.06 sys=0.01, real=0.03 secs] 
2013-07-15T23:42:26.762+0100: 15.727: [Full GC [PSYoungGen: 9758K->0K(133888K)] [ParOldGen: 74602K->79291K(147200K)] 84361K->79291K(281088K) [PSPermGen: 23191K->23183K(39424K)], 0.3542010 secs] [Times: user=0.61 sys=0.04, real=0.36 secs] 
2013-07-15T23:42:27.728+0100: 16.693: [GC [PSYoungGen: 124096K->1184K(147392K)] 203387K->80476K(294592K), 0.0082000 secs] [Times: user=0.01 sys=0.01, real=0.01 secs] 
2013-07-15T23:42:28.871+0100: 17.837: [GC [PSYoungGen: 124704K->16084K(147968K)] 203996K->95375K(295168K), 0.0167300 secs] [Times: user=0.02 sys=0.01, real=0.02 secs] 
2013-07-15T23:42:30.039+0100: 19.005: [GC [PSYoungGen: 139604K->25076K(141440K)] 218895K->105379K(288640K), 0.0288310 secs] [Times: user=0.05 sys=0.00, real=0.03 secs] 
2013-07-15T23:42:32.083+0100: 21.048: [GC [PSYoungGen: 141428K->21215K(137600K)] 221731K->107153K(284800K), 0.0374330 secs] [Times: user=0.06 sys=0.01, real=0.04 secs] 
2013-07-15T23:42:34.388+0100: 23.354: [GC [PSYoungGen: 137567K->30708K(134272K)] 223505K->117285K(281472K), 0.0426740 secs] [Times: user=0.06 sys=0.00, real=0.04 secs] 
2013-07-15T23:46:21.840+0100: 250.805: [GC [PSYoungGen: 134260K->20814K(139136K)] 220837K->123133K(286336K), 0.0485010 secs] [Times: user=0.08 sys=0.01, real=0.04 secs] 
2013-07-15T23:46:24.024+0100: 252.989: [GC [PSYoungGen: 124366K->32504K(130816K)] 226685K->134822K(278016K), 0.0442970 secs] [Times: user=0.08 sys=0.01, real=0.04 secs] 
2013-07-15T23:46:33.240+0100: 262.205: [GC [PSYoungGen: 127736K->38009K(133248K)] 230054K->140327K(280448K), 0.0453560 secs] [Times: user=0.07 sys=0.00, real=0.04 secs] 
2013-07-15T23:46:41.551+0100: 270.517: [GC [PSYoungGen: 133241K->39653K(116224K)] 235559K->141971K(263424K), 0.0749120 secs] [Times: user=0.08 sys=0.00, real=0.07 secs] 
2013-07-15T23:46:48.875+0100: 277.840: [GC [PSYoungGen: 114405K->39034K(113792K)] 216723K->141352K(260992K), 0.0435290 secs] [Times: user=0.06 sys=0.02, real=0.04 secs] 
2013-07-15T23:46:55.377+0100: 284.342: [GC [PSYoungGen: 113786K->39252K(115456K)] 216104K->141571K(262656K), 0.0804380 secs] [Times: user=0.15 sys=0.02, real=0.08 secs] 
2013-07-15T23:47:01.292+0100: 290.257: [GC [PSYoungGen: 101076K->38701K(100544K)] 203395K->141019K(247744K), 0.0445240 secs] [Times: user=0.06 sys=0.01, real=0.05 secs] 
2013-07-15T23:47:06.519+0100: 295.485: [GC [PSYoungGen: 100525K->23928K(119104K)] 202843K->141154K(266304K), 0.0473030 secs] [Times: user=0.07 sys=0.02, real=0.04 secs] 
2013-07-15T23:47:12.720+0100: 301.685: [GC [PSYoungGen: 84792K->23776K(84672K)] 202018K->141003K(231872K), 0.0613240 secs] [Times: user=0.08 sys=0.01, real=0.06 secs] 
2013-07-15T23:47:18.711+0100: 307.677: [GC [PSYoungGen: 84640K->23856K(114752K)] 201867K->141083K(261952K), 0.0236770 secs] [Times: user=0.03 sys=0.00, real=0.02 secs] 
2013-07-15T23:47:24.796+0100: 313.761: [GC [PSYoungGen: 87088K->24425K(113920K)] 204315K->141652K(261120K), 0.0400850 secs] [Times: user=0.04 sys=0.00, real=0.04 secs] 
2013-07-15T23:47:30.110+0100: 319.075: [GC [PSYoungGen: 87657K->24628K(110272K)] 204884K->141855K(257472K), 0.0345530 secs] [Times: user=0.05 sys=0.01, real=0.03 secs] 
2013-07-15T23:47:35.911+0100: 324.877: [GC [PSYoungGen: 90868K->24893K(112512K)] 208095K->142120K(259712K), 0.0385980 secs] [Times: user=0.07 sys=0.01, real=0.04 secs] 
2013-07-15T23:47:41.685+0100: 330.651: [GC [PSYoungGen: 91133K->24961K(110400K)] 208360K->142188K(257600K), 0.0582040 secs] [Times: user=0.07 sys=0.01, real=0.06 secs] 
2013-07-15T23:47:47.754+0100: 336.720: [GC [PSYoungGen: 94529K->24935K(112000K)] 211756K->142162K(259200K), 0.0690480 secs] [Times: user=0.07 sys=0.00, real=0.08 secs] 
2013-07-15T23:47:52.233+0100: 341.199: [GC [PSYoungGen: 94503K->24175K(109824K)] 211730K->141401K(257024K), 0.0322130 secs] [Times: user=0.05 sys=0.01, real=0.04 secs] 
2013-07-15T23:47:58.012+0100: 346.977: [GC [PSYoungGen: 96687K->10113K(111936K)] 213913K->141978K(259136K), 0.0309590 secs] [Times: user=0.04 sys=0.01, real=0.03 secs] 
2013-07-15T23:47:58.043+0100: 347.009: [Full GC [PSYoungGen: 10113K->0K(111936K)] [ParOldGen: 131864K->129519K(241408K)] 141978K->129519K(353344K) [PSPermGen: 35138K->35061K(50176K)], 0.5390000 secs] [Times: user=0.92 sys=0.06, real=0.53 secs] 
2013-07-15T23:48:04.156+0100: 353.121: [GC [PSYoungGen: 72512K->3296K(114112K)] 202031K->132815K(355520K), 0.0272530 secs] [Times: user=0.04 sys=0.01, real=0.03 secs] 
2013-07-15T23:48:09.443+0100: 358.408: [GC [PSYoungGen: 76832K->2992K(115904K)] 206351K->132511K(357312K), 0.0235190 secs] [Times: user=0.03 sys=0.01, real=0.03 secs] 
2013-07-15T23:48:14.911+0100: 363.876: [GC [PSYoungGen: 76528K->3440K(120704K)] 206047K->132959K(362112K), 0.0160060 secs] [Times: user=0.02 sys=0.00, real=0.02 secs] 
2013-07-15T23:48:20.258+0100: 369.223: [GC [PSYoungGen: 80688K->3120K(121152K)] 210207K->132639K(362560K), 0.0185120 secs] [Times: user=0.02 sys=0.01, real=0.02 secs] 
2013-07-15T23:48:25.962+0100: 374.928: [GC [PSYoungGen: 80368K->3574K(123200K)] 209887K->133093K(364608K), 0.0152580 secs] [Times: user=0.02 sys=0.00, real=0.02 secs] 
2013-07-15T23:48:32.358+0100: 381.323: [GC [PSYoungGen: 84150K->3248K(123968K)] 213669K->132767K(365376K), 0.0184040 secs] [Times: user=0.02 sys=0.00, real=0.02 secs] 
2013-07-15T23:48:39.236+0100: 388.202: [GC [PSYoungGen: 83824K->3232K(123072K)] 213343K->132751K(364480K), 0.0146690 secs] [Times: user=0.02 sys=0.00, real=0.02 secs] 
2013-07-15T23:48:46.907+0100: 395.872: [GC [PSYoungGen: 86368K->3696K(124736K)] 215887K->133215K(366144K), 0.0363520 secs] [Times: user=0.04 sys=0.00, real=0.04 secs] 
2013-07-15T23:48:55.361+0100: 404.326: [GC [PSYoungGen: 86832K->3328K(123520K)] 216351K->132847K(364928K), 0.0264410 secs] [Times: user=0.04 sys=0.00, real=0.02 secs] 
2013-07-15T23:49:04.727+0100: 413.692: [GC [PSYoungGen: 89216K->3456K(124928K)] 218735K->132975K(366336K), 0.0239470 secs] [Times: user=0.03 sys=0.00, real=0.02 secs] 
2013-07-15T23:49:14.698+0100: 423.664: [GC [PSYoungGen: 89344K->3472K(122880K)] 218863K->132991K(364288K), 0.0295170 secs] [Times: user=0.03 sys=0.00, real=0.04 secs] 
2013-07-15T23:49:25.828+0100: 434.794: [GC [PSYoungGen: 91920K->3552K(124480K)] 221439K->133071K(365888K), 0.0449820 secs] [Times: user=0.03 sys=0.01, real=0.04 secs] 
2013-07-15T23:49:37.308+0100: 446.274: [GC [PSYoungGen: 92000K->3456K(121792K)] 221519K->132975K(363200K), 0.0161010 secs] [Times: user=0.02 sys=0.01, real=0.01 secs] 
2013-07-15T23:49:50.456+0100: 459.421: [GC [PSYoungGen: 94336K->3552K(123776K)] 223855K->133071K(365184K), 0.0209270 secs] [Times: user=0.02 sys=0.00, real=0.02 secs] 
2013-07-15T23:50:04.143+0100: 473.109: [GC [PSYoungGen: 94432K->3552K(120704K)] 223951K->133071K(362112K), 0.0163640 secs] [Times: user=0.02 sys=0.01, real=0.02 secs] 
2013-07-15T23:50:18.431+0100: 487.396: [GC [PSYoungGen: 96352K->3464K(122560K)] 225871K->133195K(363968K), 0.0326960 secs] [Times: user=0.04 sys=0.00, real=0.04 secs] 
2013-07-15T23:50:33.412+0100: 502.377: [GC [PSYoungGen: 96264K->3504K(119680K)] 225995K->133251K(361088K), 0.0188640 secs] [Times: user=0.03 sys=0.00, real=0.02 secs] 
2013-07-15T23:50:49.004+0100: 517.969: [GC [PSYoungGen: 98032K->3568K(121344K)] 227779K->133335K(362752K), 0.0195690 secs] [Times: user=0.02 sys=0.00, real=0.02 secs] 
2013-07-15T23:51:05.267+0100: 534.233: [GC [PSYoungGen: 98096K->3600K(118400K)] 227863K->133383K(359808K), 0.0162920 secs] [Times: user=0.02 sys=0.01, real=0.02 secs] 
2013-07-15T23:51:24.840+0100: 553.805: [GC [PSYoungGen: 99600K->3528K(119936K)] 229383K->133327K(361344K), 0.0167460 secs] [Times: user=0.02 sys=0.00, real=0.01 secs] 
2013-07-15T23:51:34.024+0100: 562.989: [GC [PSYoungGen: 99528K->4676K(117440K)] 229327K->134491K(358848K), 0.0221510 secs] [Times: user=0.03 sys=0.00, real=0.02 secs] 
2013-07-15T23:51:41.492+0100: 570.458: [GC [PSYoungGen: 102212K->4720K(118720K)] 232027K->134555K(360128K), 0.0302330 secs] [Times: user=0.04 sys=0.00, real=0.03 secs] 
2013-07-15T23:51:49.714+0100: 578.679: [GC [PSYoungGen: 102256K->4758K(117248K)] 232091K->134617K(358656K), 0.0299160 secs] [Times: user=0.03 sys=0.01, real=0.03 secs] 
2013-07-15T23:51:58.237+0100: 587.202: [GC [PSYoungGen: 104470K->4528K(118336K)] 234329K->134407K(359744K), 0.0348760 secs] [Times: user=0.03 sys=0.01, real=0.04 secs] 
2013-07-15T23:52:06.101+0100: 595.066: [GC [PSYoungGen: 104240K->4924K(118912K)] 234119K->134823K(360320K), 0.0548010 secs] [Times: user=0.03 sys=0.02, real=0.05 secs] 
2013-07-15T23:52:13.584+0100: 602.550: [GC [PSYoungGen: 107836K->5016K(119296K)] 237735K->134939K(360704K), 0.0299200 secs] [Times: user=0.03 sys=0.01, real=0.03 secs] 
2013-07-15T23:52:21.102+0100: 610.067: [GC [PSYoungGen: 107928K->4920K(119552K)] 237851K->134875K(360960K), 0.0246880 secs] [Times: user=0.04 sys=0.00, real=0.02 secs] 
2013-07-15T23:52:29.012+0100: 617.977: [GC [PSYoungGen: 111032K->5110K(120576K)] 240987K->135093K(361984K), 0.0269090 secs] [Times: user=0.03 sys=0.01, real=0.03 secs] 
2013-07-15T23:52:36.932+0100: 625.897: [GC [PSYoungGen: 111222K->5079K(120960K)] 241205K->135094K(362368K), 0.0207420 secs] [Times: user=0.02 sys=0.00, real=0.02 secs] 
2013-07-15T23:52:44.289+0100: 633.254: [GC [PSYoungGen: 114199K->5200K(121920K)] 244214K->135259K(363328K), 0.0268360 secs] [Times: user=0.03 sys=0.00, real=0.03 secs] 
2013-07-15T23:52:52.525+0100: 641.491: [GC [PSYoungGen: 114320K->4904K(123072K)] 244379K->134999K(364480K), 0.0278280 secs] [Times: user=0.04 sys=0.00, real=0.02 secs] 
2013-07-15T23:53:01.528+0100: 650.494: [GC [PSYoungGen: 117160K->5008K(123712K)] 247255K->135139K(365120K), 0.0353680 secs] [Times: user=0.04 sys=0.00, real=0.04 secs] 
2013-07-15T23:53:09.976+0100: 658.942: [GC [PSYoungGen: 117264K->5000K(125312K)] 247395K->135167K(366720K), 0.0288160 secs] [Times: user=0.02 sys=0.01, real=0.03 secs] 
2013-07-15T23:53:18.932+0100: 667.897: [GC [PSYoungGen: 120520K->5136K(125888K)] 250687K->135343K(367296K), 0.0255030 secs] [Times: user=0.03 sys=0.00, real=0.03 secs] 
2013-07-15T23:53:27.192+0100: 676.157: [GC [PSYoungGen: 120656K->5504K(128256K)] 250863K->135755K(369664K), 0.0328660 secs] [Times: user=0.04 sys=0.01, real=0.03 secs] 
2013-07-15T23:53:35.629+0100: 684.594: [GC [PSYoungGen: 124416K->5392K(128448K)] 254667K->135683K(369856K), 0.0226800 secs] [Times: user=0.02 sys=0.00, real=0.03 secs] 
2013-07-15T23:53:44.478+0100: 693.444: [GC [PSYoungGen: 124304K->5472K(131072K)] 254595K->135783K(372480K), 0.0347850 secs] [Times: user=0.04 sys=0.02, real=0.04 secs] 
2013-07-15T23:53:53.690+0100: 702.656: [GC [PSYoungGen: 127840K->5584K(131200K)] 258151K->135915K(372608K), 0.0280030 secs] [Times: user=0.04 sys=0.00, real=0.03 secs] 
2013-07-15T23:54:04.177+0100: 713.142: [GC [PSYoungGen: 127952K->5472K(134464K)] 258283K->135823K(375872K), 0.0524090 secs] [Times: user=0.06 sys=0.01, real=0.05 secs] 
2013-07-15T23:54:14.864+0100: 723.830: [GC [PSYoungGen: 131616K->5744K(134464K)] 261967K->136119K(375872K), 0.0270120 secs] [Times: user=0.04 sys=0.00, real=0.03 secs] 
2013-07-15T23:54:24.167+0100: 733.133: [GC [PSYoungGen: 131888K->5680K(138112K)] 262263K->136071K(379520K), 0.0899570 secs] [Times: user=0.05 sys=0.01, real=0.09 secs] 
2013-07-15T23:54:33.780+0100: 742.745: [GC [PSYoungGen: 135600K->5856K(137984K)] 265991K->136267K(379392K), 0.0244480 secs] [Times: user=0.03 sys=0.00, real=0.02 secs] 
2013-07-15T23:54:42.429+0100: 751.395: [GC [PSYoungGen: 135776K->6631K(142016K)] 266187K->137062K(383424K), 0.0331810 secs] [Times: user=0.04 sys=0.01, real=0.03 secs] 
2013-07-15T23:54:51.768+0100: 760.734: [GC [PSYoungGen: 140711K->6096K(142208K)] 271142K->136547K(383616K), 0.0206710 secs] [Times: user=0.02 sys=0.00, real=0.02 secs] 
2013-07-15T23:55:00.847+0100: 769.812: [GC [PSYoungGen: 140176K->6080K(146176K)] 270627K->136551K(387584K), 0.0407910 secs] [Times: user=0.04 sys=0.00, real=0.05 secs] 
2013-07-15T23:55:10.669+0100: 779.635: [GC [PSYoungGen: 144192K->6336K(146112K)] 274663K->136827K(387520K), 0.0256810 secs] [Times: user=0.03 sys=0.00, real=0.02 secs] 
2013-07-15T23:55:20.168+0100: 789.134: [GC [PSYoungGen: 144448K->6224K(149824K)] 274939K->136739K(391232K), 0.0290200 secs] [Times: user=0.03 sys=0.01, real=0.03 secs] 
2013-07-15T23:55:29.172+0100: 798.137: [GC [PSYoungGen: 148240K->6608K(150016K)] 278755K->137147K(391424K), 0.0295810 secs] [Times: user=0.03 sys=0.01, real=0.03 secs] 
2013-07-15T23:55:38.206+0100: 807.172: [GC [PSYoungGen: 148624K->6224K(154112K)] 279163K->137007K(395520K), 0.0524020 secs] [Times: user=0.05 sys=0.01, real=0.05 secs] 
2013-07-15T23:55:47.352+0100: 816.317: [GC [PSYoungGen: 152272K->6416K(154048K)] 283055K->137219K(395456K), 0.0277130 secs] [Times: user=0.03 sys=0.01, real=0.03 secs] 
2013-07-15T23:55:56.395+0100: 825.361: [GC [PSYoungGen: 152464K->6496K(158400K)] 283267K->137319K(399808K), 0.0309740 secs] [Times: user=0.03 sys=0.01, real=0.03 secs] 
2013-07-15T23:56:06.218+0100: 835.183: [GC [PSYoungGen: 156960K->6800K(158464K)] 287783K->137647K(399872K), 0.0548080 secs] [Times: user=0.06 sys=0.00, real=0.06 secs] 
2013-07-15T23:56:16.703+0100: 845.669: [GC [PSYoungGen: 157264K->6624K(163584K)] 288111K->137495K(404992K), 0.0570430 secs] [Times: user=0.06 sys=0.02, real=0.05 secs] 
2013-07-15T23:56:29.364+0100: 858.329: [GC [PSYoungGen: 162144K->6519K(163584K)] 293015K->137414K(404992K), 0.0256240 secs] [Times: user=0.03 sys=0.00, real=0.02 secs] 
2013-07-15T23:56:40.847+0100: 869.812: [GC [PSYoungGen: 162039K->6304K(166272K)] 292934K->137219K(407680K), 0.0221520 secs] [Times: user=0.03 sys=0.00, real=0.02 secs] 
2013-07-15T23:56:51.606+0100: 880.572: [GC [PSYoungGen: 164896K->6480K(166464K)] 295811K->137419K(407872K), 0.0258670 secs] [Times: user=0.03 sys=0.00, real=0.03 secs] 
2013-07-15T23:57:02.475+0100: 891.441: [GC [PSYoungGen: 165072K->6704K(166848K)] 296011K->137667K(408256K), 0.0354830 secs] [Times: user=0.04 sys=0.01, real=0.04 secs] 
2013-07-15T23:57:14.274+0100: 903.240: [GC [PSYoungGen: 165680K->6656K(166848K)] 296643K->137643K(408256K), 0.0293470 secs] [Times: user=0.03 sys=0.00, real=0.03 secs] 
2013-07-15T23:57:26.462+0100: 915.428: [GC [PSYoungGen: 165632K->7244K(166464K)] 296619K->138255K(407872K), 0.0301450 secs] [Times: user=0.04 sys=0.00, real=0.03 secs] 
2013-07-15T23:57:37.693+0100: 926.658: [GC [PSYoungGen: 165836K->6672K(166656K)] 296847K->137707K(408064K), 0.0269380 secs] [Times: user=0.03 sys=0.00, real=0.03 secs] 
2013-07-15T23:57:49.426+0100: 938.391: [GC [PSYoungGen: 165264K->6912K(166592K)] 296299K->137983K(408000K), 0.0235600 secs] [Times: user=0.02 sys=0.01, real=0.03 secs] 
2013-07-15T23:58:01.091+0100: 950.057: [GC [PSYoungGen: 165568K->7104K(166656K)] 296639K->138199K(408064K), 0.0277830 secs] [Times: user=0.03 sys=0.00, real=0.03 secs] 
2013-07-15T23:58:12.050+0100: 961.016: [GC [PSYoungGen: 165760K->6880K(166656K)] 296855K->137995K(408064K), 0.0261790 secs] [Times: user=0.03 sys=0.00, real=0.03 secs] 
2013-07-15T23:58:23.598+0100: 972.564: [GC [PSYoungGen: 165472K->7008K(166656K)] 296587K->138143K(408064K), 0.0272480 secs] [Times: user=0.04 sys=0.00, real=0.03 secs] 
2013-07-15T23:58:33.859+0100: 982.825: [GC [PSYoungGen: 165600K->7264K(166400K)] 296735K->138423K(407808K), 0.0263840 secs] [Times: user=0.04 sys=0.00, real=0.03 secs] 
2013-07-15T23:58:45.099+0100: 994.064: [GC [PSYoungGen: 165600K->7088K(166528K)] 296759K->138267K(407936K), 0.0272610 secs] [Times: user=0.03 sys=0.01, real=0.03 secs] 
2013-07-15T23:58:57.170+0100: 1006.136: [GC [PSYoungGen: 165424K->7504K(166272K)] 296603K->138703K(407680K), 0.0308030 secs] [Times: user=0.04 sys=0.00, real=0.03 secs] 
2013-07-15T23:59:08.266+0100: 1017.232: [GC [PSYoungGen: 165584K->7200K(166400K)] 296783K->138423K(407808K), 0.0697280 secs] [Times: user=0.05 sys=0.00, real=0.07 secs] 
2013-07-15T23:59:20.131+0100: 1029.097: [GC [PSYoungGen: 165280K->7488K(166144K)] 296503K->139103K(407552K), 0.0320860 secs] [Times: user=0.04 sys=0.01, real=0.03 secs] 
2013-07-15T23:59:31.035+0100: 1040.000: [GC [PSYoungGen: 165312K->7008K(166272K)] 296927K->138647K(407680K), 0.0263420 secs] [Times: user=0.03 sys=0.00, real=0.03 secs] 
2013-07-15T23:59:43.449+0100: 1052.414: [GC [PSYoungGen: 164832K->8054K(165888K)] 296471K->139729K(407296K), 0.0303750 secs] [Times: user=0.05 sys=0.00, real=0.04 secs] 
2013-07-15T23:59:55.079+0100: 1064.045: [GC [PSYoungGen: 165622K->7824K(165440K)] 297297K->139523K(406848K), 0.0387910 secs] [Times: user=0.04 sys=0.00, real=0.04 secs] 
2013-07-16T00:00:06.835+0100: 1075.800: [GC [PSYoungGen: 165392K->7762K(165824K)] 297091K->139501K(407232K), 0.0300010 secs] [Times: user=0.04 sys=0.01, real=0.03 secs] 
2013-07-16T00:00:18.078+0100: 1087.043: [GC [PSYoungGen: 164818K->7874K(164992K)] 296557K->139669K(406400K), 0.0257560 secs] [Times: user=0.04 sys=0.00, real=0.03 secs] 
2013-07-16T00:00:29.697+0100: 1098.663: [GC [PSYoungGen: 164930K->8481K(165184K)] 296725K->140304K(406592K), 0.0601020 secs] [Times: user=0.05 sys=0.01, real=0.06 secs] 
2013-07-16T00:00:41.657+0100: 1110.623: [GC [PSYoungGen: 164769K->8170K(164480K)] 296592K->140021K(405888K), 0.0464950 secs] [Times: user=0.05 sys=0.00, real=0.04 secs] 
2013-07-16T00:00:53.157+0100: 1122.122: [GC [PSYoungGen: 164458K->8194K(165248K)] 296309K->140073K(406656K), 0.0213990 secs] [Times: user=0.03 sys=0.00, real=0.02 secs] 
2013-07-16T00:01:05.829+0100: 1134.794: [GC [PSYoungGen: 164098K->8114K(164032K)] 295977K->140057K(405440K), 0.0239990 secs] [Times: user=0.04 sys=0.00, real=0.02 secs] 
2013-07-16T00:01:17.400+0100: 1146.365: [GC [PSYoungGen: 164018K->7978K(165312K)] 295961K->139949K(406720K), 0.0232280 secs] [Times: user=0.03 sys=0.00, real=0.02 secs] 
2013-07-16T00:01:46.179+0100: 1175.144: [GC [PSYoungGen: 163818K->7034K(162880K)] 295789K->139289K(404288K), 0.0205690 secs] [Times: user=0.02 sys=0.01, real=0.02 secs] 
2013-07-16T00:02:06.459+0100: 1195.424: [GC [PSYoungGen: 162874K->8650K(164992K)] 295129K->140985K(406400K), 0.0330620 secs] [Times: user=0.05 sys=0.00, real=0.04 secs] 
2013-07-16T00:02:16.684+0100: 1205.649: [GC [PSYoungGen: 164298K->9226K(164928K)] 296633K->141585K(406336K), 0.0288240 secs] [Times: user=0.03 sys=0.01, real=0.03 secs] 
2013-07-16T00:02:26.892+0100: 1215.857: [GC [PSYoungGen: 164874K->9658K(163648K)] 297233K->142105K(405056K), 0.0757040 secs] [Times: user=0.07 sys=0.01, real=0.08 secs] 
2013-07-16T00:02:36.114+0100: 1225.080: [GC [PSYoungGen: 163514K->8978K(162880K)] 295961K->141465K(404288K), 0.0426390 secs] [Times: user=0.05 sys=0.01, real=0.05 secs] 
2013-07-16T00:02:45.742+0100: 1234.708: [GC [PSYoungGen: 162834K->8618K(164224K)] 295321K->141481K(405632K), 0.0300500 secs] [Times: user=0.04 sys=0.00, real=0.03 secs] 
2013-07-16T00:02:55.496+0100: 1244.461: [GC [PSYoungGen: 162282K->8498K(162176K)] 295145K->141497K(403584K), 0.0299620 secs] [Times: user=0.03 sys=0.00, real=0.03 secs] 
2013-07-16T00:03:04.775+0100: 1253.741: [GC [PSYoungGen: 162162K->8458K(164160K)] 295161K->141689K(405568K), 0.0386000 secs] [Times: user=0.04 sys=0.01, real=0.04 secs] 
2013-07-16T00:03:14.409+0100: 1263.375: [GC [PSYoungGen: 162250K->7992K(164032K)] 295481K->141633K(405440K), 0.0336820 secs] [Times: user=0.04 sys=0.00, real=0.03 secs] 
2013-07-16T00:03:23.294+0100: 1272.260: [GC [PSYoungGen: 161784K->7768K(164352K)] 295425K->141673K(405760K), 0.0356560 secs] [Times: user=0.05 sys=0.00, real=0.04 secs] 
2013-07-16T00:03:32.400+0100: 1281.365: [GC [PSYoungGen: 162008K->7696K(164224K)] 295913K->141701K(405632K), 0.0340840 secs] [Times: user=0.04 sys=0.00, real=0.03 secs] 
2013-07-16T00:03:42.434+0100: 1291.400: [GC [PSYoungGen: 161936K->7568K(164608K)] 295941K->141601K(406016K), 0.0291870 secs] [Times: user=0.02 sys=0.02, real=0.04 secs] 
2013-07-16T00:03:52.055+0100: 1301.021: [GC [PSYoungGen: 162320K->7624K(164544K)] 296353K->141845K(405952K), 0.0330390 secs] [Times: user=0.05 sys=0.00, real=0.03 secs] 
2013-07-16T00:04:02.428+0100: 1311.394: [GC [PSYoungGen: 162376K->7088K(164800K)] 296597K->141705K(406208K), 0.0348380 secs] [Times: user=0.05 sys=0.00, real=0.04 secs] 
2013-07-16T00:04:13.260+0100: 1322.225: [GC [PSYoungGen: 162160K->6928K(164800K)] 296777K->141853K(406208K), 0.0406380 secs] [Times: user=0.05 sys=0.01, real=0.04 secs] 
2013-07-16T00:04:24.228+0100: 1333.194: [GC [PSYoungGen: 162000K->6792K(164928K)] 296925K->141781K(406336K), 0.0326470 secs] [Times: user=0.03 sys=0.00, real=0.03 secs] 
2013-07-16T00:04:35.107+0100: 1344.073: [GC [PSYoungGen: 162056K->6832K(164928K)] 297045K->141885K(406336K), 0.0556450 secs] [Times: user=0.05 sys=0.00, real=0.06 secs] 
2013-07-16T00:04:44.975+0100: 1353.941: [GC [PSYoungGen: 162096K->6864K(164928K)] 297149K->141941K(406336K), 0.0336680 secs] [Times: user=0.04 sys=0.01, real=0.03 secs] 
2013-07-16T00:04:54.657+0100: 1363.623: [GC [PSYoungGen: 162256K->6944K(164992K)] 297333K->142045K(406400K), 0.0384280 secs] [Times: user=0.04 sys=0.01, real=0.04 secs] 
2013-07-16T00:05:04.773+0100: 1373.739: [GC [PSYoungGen: 162336K->6800K(165056K)] 297437K->141925K(406464K), 0.0458470 secs] [Times: user=0.04 sys=0.01, real=0.05 secs] 
2013-07-16T00:05:15.227+0100: 1384.193: [GC [PSYoungGen: 162448K->6864K(165056K)] 297573K->142013K(406464K), 0.0347940 secs] [Times: user=0.04 sys=0.00, real=0.04 secs] 
2013-07-16T00:05:25.574+0100: 1394.540: [GC [PSYoungGen: 162512K->6880K(165248K)] 297661K->142053K(406656K), 0.0367930 secs] [Times: user=0.04 sys=0.00, real=0.04 secs] 
2013-07-16T00:05:36.196+0100: 1405.161: [GC [PSYoungGen: 162848K->6912K(165184K)] 298021K->142109K(406592K), 0.0282330 secs] [Times: user=0.04 sys=0.00, real=0.03 secs] 
2013-07-16T00:05:46.472+0100: 1415.437: [GC [PSYoungGen: 162880K->6896K(165376K)] 298077K->142113K(406784K), 0.0340330 secs] [Times: user=0.03 sys=0.02, real=0.03 secs] 
2013-07-16T00:05:56.619+0100: 1425.585: [GC [PSYoungGen: 163248K->6928K(165312K)] 298465K->142169K(406720K), 0.0365720 secs] [Times: user=0.04 sys=0.01, real=0.04 secs] 
2013-07-16T00:06:07.156+0100: 1436.122: [GC [PSYoungGen: 163280K->6880K(165632K)] 298521K->142141K(407040K), 0.0324260 secs] [Times: user=0.04 sys=0.00, real=0.03 secs] 
2013-07-16T00:06:16.782+0100: 1445.747: [GC [PSYoungGen: 163680K->6960K(165568K)] 298941K->142245K(406976K), 0.0298380 secs] [Times: user=0.04 sys=0.00, real=0.03 secs] 
2013-07-16T00:06:26.227+0100: 1455.192: [GC [PSYoungGen: 163760K->6928K(165824K)] 299045K->142233K(407232K), 0.0267790 secs] [Times: user=0.04 sys=0.00, real=0.02 secs] 
2013-07-16T00:06:36.193+0100: 1465.159: [GC [PSYoungGen: 164176K->7152K(165760K)] 299481K->142481K(407168K), 0.0290440 secs] [Times: user=0.03 sys=0.00, real=0.03 secs] 
2013-07-16T00:06:46.132+0100: 1475.098: [GC [PSYoungGen: 164400K->7136K(166080K)] 299729K->142489K(407488K), 0.0277680 secs] [Times: user=0.03 sys=0.00, real=0.02 secs] 
2013-07-16T00:07:00.277+0100: 1489.242: [GC [PSYoungGen: 164896K->6848K(166016K)] 300249K->142229K(407424K), 0.0299820 secs] [Times: user=0.04 sys=0.01, real=0.03 secs] 
2013-07-16T00:07:12.747+0100: 1501.713: [GC [PSYoungGen: 164608K->6528K(166336K)] 299989K->141937K(407744K), 0.0562100 secs] [Times: user=0.06 sys=0.02, real=0.06 secs] 
2013-07-16T00:07:24.756+0100: 1513.721: [GC [PSYoungGen: 164672K->7020K(166336K)] 300081K->142453K(407744K), 0.0394060 secs] [Times: user=0.04 sys=0.01, real=0.04 secs] 
2013-07-16T00:07:36.667+0100: 1525.632: [GC [PSYoungGen: 165164K->6760K(166400K)] 300597K->142217K(407808K), 0.0248090 secs] [Times: user=0.03 sys=0.01, real=0.03 secs] 
2013-07-16T00:07:48.707+0100: 1537.672: [GC [PSYoungGen: 165096K->6592K(166400K)] 300553K->142073K(407808K), 0.0288070 secs] [Times: user=0.03 sys=0.01, real=0.03 secs] 
2013-07-16T00:07:59.865+0100: 1548.831: [GC [PSYoungGen: 164928K->6784K(166592K)] 300409K->142289K(408000K), 0.0314910 secs] [Times: user=0.04 sys=0.00, real=0.03 secs] 
2013-07-16T00:08:11.774+0100: 1560.740: [GC [PSYoungGen: 165440K->7864K(166528K)] 300945K->143397K(407936K), 0.0356930 secs] [Times: user=0.05 sys=0.00, real=0.04 secs] 
2013-07-16T00:08:24.691+0100: 1573.657: [GC [PSYoungGen: 166520K->7808K(166144K)] 302053K->143365K(407552K), 0.0347530 secs] [Times: user=0.04 sys=0.01, real=0.03 secs] 
2013-07-16T00:08:36.907+0100: 1585.873: [GC [PSYoungGen: 165760K->7640K(165632K)] 301317K->143225K(407040K), 0.0344590 secs] [Times: user=0.04 sys=0.01, real=0.03 secs] 
2013-07-16T00:08:49.492+0100: 1598.457: [GC [PSYoungGen: 165592K->7584K(166272K)] 301177K->143193K(407680K), 0.0279640 secs] [Times: user=0.04 sys=0.00, real=0.03 secs] 
2013-07-16T00:09:01.885+0100: 1610.851: [GC [PSYoungGen: 165408K->7752K(165632K)] 301017K->143385K(407040K), 0.0321340 secs] [Times: user=0.04 sys=0.01, real=0.03 secs] 
2013-07-16T00:09:14.132+0100: 1623.098: [GC [PSYoungGen: 165576K->7592K(166208K)] 301209K->143249K(407616K), 0.0552060 secs] [Times: user=0.04 sys=0.00, real=0.06 secs] 
2013-07-16T00:09:25.974+0100: 1634.940: [GC [PSYoungGen: 165288K->7776K(165504K)] 300945K->143625K(406912K), 0.0293770 secs] [Times: user=0.05 sys=0.00, real=0.03 secs] 
2013-07-16T00:09:37.788+0100: 1646.754: [GC [PSYoungGen: 165472K->7672K(166144K)] 301321K->143545K(407552K), 0.0289610 secs] [Times: user=0.04 sys=0.00, real=0.03 secs] 
2013-07-16T00:09:49.278+0100: 1658.244: [GC [PSYoungGen: 165240K->7536K(165120K)] 301113K->143433K(406528K), 0.0291160 secs] [Times: user=0.04 sys=0.00, real=0.03 secs] 
2013-07-16T00:10:02.081+0100: 1671.047: [GC [PSYoungGen: 165104K->8000K(165952K)] 301001K->143929K(407360K), 0.0496810 secs] [Times: user=0.05 sys=0.00, real=0.04 secs] 
2013-07-16T00:10:14.431+0100: 1683.396: [GC [PSYoungGen: 165440K->7792K(166080K)] 301369K->143761K(407488K), 0.0272920 secs] [Times: user=0.03 sys=0.00, real=0.03 secs] 
2013-07-16T00:10:26.133+0100: 1695.098: [GC [PSYoungGen: 165232K->7712K(166080K)] 301201K->143841K(407488K), 0.0254930 secs] [Times: user=0.03 sys=0.01, real=0.02 secs] 
2013-07-16T00:10:38.238+0100: 1707.204: [GC [PSYoungGen: 165152K->7800K(166080K)] 301281K->143961K(407488K), 0.0261040 secs] [Times: user=0.04 sys=0.00, real=0.03 secs] 
2013-07-16T00:10:50.816+0100: 1719.782: [GC [PSYoungGen: 165240K->7920K(166080K)] 301401K->144109K(407488K), 0.0357060 secs] [Times: user=0.03 sys=0.01, real=0.04 secs] 
2013-07-16T00:11:02.742+0100: 1731.708: [GC [PSYoungGen: 165360K->7751K(166080K)] 301549K->144348K(407488K), 0.0313880 secs] [Times: user=0.04 sys=0.01, real=0.03 secs] 
2013-07-16T00:11:14.745+0100: 1743.710: [GC [PSYoungGen: 165191K->7288K(165952K)] 301788K->144273K(407360K), 0.0317120 secs] [Times: user=0.04 sys=0.00, real=0.04 secs] 
2013-07-16T00:11:26.474+0100: 1755.440: [GC [PSYoungGen: 164728K->6952K(166016K)] 301713K->144049K(407424K), 0.0254970 secs] [Times: user=0.04 sys=0.00, real=0.03 secs] 
2013-07-16T00:11:38.298+0100: 1767.263: [GC [PSYoungGen: 164392K->7016K(166144K)] 301489K->144181K(407552K), 0.0350780 secs] [Times: user=0.04 sys=0.01, real=0.03 secs] 
2013-07-16T00:11:49.583+0100: 1778.549: [GC [PSYoungGen: 164584K->6840K(166144K)] 301749K->144037K(407552K), 0.0450060 secs] [Times: user=0.04 sys=0.01, real=0.04 secs] 
2013-07-16T00:12:05.618+0100: 1794.583: [GC [PSYoungGen: 164378K->7090K(166016K)] 301576K->144315K(407424K), 0.0267260 secs] [Times: user=0.03 sys=0.00, real=0.03 secs] 
2013-07-16T00:12:18.736+0100: 1807.701: [GC [PSYoungGen: 164658K->7176K(166080K)] 301883K->144429K(407488K), 0.0256110 secs] [Times: user=0.04 sys=0.00, real=0.02 secs] 
2013-07-16T00:12:30.167+0100: 1819.132: [GC [PSYoungGen: 164744K->6952K(166144K)] 301997K->144233K(407552K), 0.0415130 secs] [Times: user=0.04 sys=0.01, real=0.04 secs] 
2013-07-16T00:12:42.620+0100: 1831.586: [GC [PSYoungGen: 164712K->7088K(166144K)] 301993K->144445K(407552K), 0.0405520 secs] [Times: user=0.05 sys=0.00, real=0.04 secs] 
2013-07-16T00:12:54.412+0100: 1843.377: [GC [PSYoungGen: 164848K->6704K(166272K)] 302205K->144209K(407680K), 0.0389990 secs] [Times: user=0.04 sys=0.01, real=0.03 secs] 
2013-07-16T00:13:05.828+0100: 1854.793: [GC [PSYoungGen: 164656K->7320K(166272K)] 302161K->144869K(407680K), 0.0277680 secs] [Times: user=0.04 sys=0.00, real=0.03 secs] 
2013-07-16T00:13:17.681+0100: 1866.647: [GC [PSYoungGen: 165272K->7144K(166208K)] 302821K->144789K(407616K), 0.0340450 secs] [Times: user=0.03 sys=0.02, real=0.03 secs] 
2013-07-16T00:13:29.665+0100: 1878.630: [GC [PSYoungGen: 165288K->7056K(166272K)] 302933K->144789K(407680K), 0.0477510 secs] [Times: user=0.05 sys=0.00, real=0.05 secs] 
2013-07-16T00:13:41.456+0100: 1890.421: [GC [PSYoungGen: 165200K->7232K(166464K)] 302933K->144993K(407872K), 0.0275360 secs] [Times: user=0.04 sys=0.00, real=0.02 secs] 
2013-07-16T00:13:52.070+0100: 1901.036: [GC [PSYoungGen: 165760K->6968K(166528K)] 303521K->144757K(407936K), 0.0233340 secs] [Times: user=0.03 sys=0.00, real=0.02 secs] 
2013-07-16T00:14:03.758+0100: 1912.723: [GC [PSYoungGen: 165496K->7776K(166464K)] 303285K->145593K(407872K), 0.0301650 secs] [Times: user=0.03 sys=0.01, real=0.03 secs] 
2013-07-16T00:14:15.747+0100: 1924.712: [GC [PSYoungGen: 166240K->7488K(166592K)] 304057K->145333K(408000K), 0.0352980 secs] [Times: user=0.04 sys=0.00, real=0.03 secs] 
2013-07-16T00:14:27.408+0100: 1936.374: [GC [PSYoungGen: 165952K->7320K(166464K)] 303797K->145193K(407872K), 0.0442340 secs] [Times: user=0.04 sys=0.01, real=0.04 secs] 
2013-07-16T00:14:38.531+0100: 1947.496: [GC [PSYoungGen: 165784K->7376K(166528K)] 303657K->145301K(407936K), 0.0333700 secs] [Times: user=0.04 sys=0.01, real=0.04 secs] 
2013-07-16T00:14:50.381+0100: 1959.347: [GC [PSYoungGen: 165840K->7120K(166656K)] 303765K->145233K(408064K), 0.0356940 secs] [Times: user=0.05 sys=0.00, real=0.04 secs] 
2013-07-16T00:15:01.406+0100: 1970.371: [GC [PSYoungGen: 165776K->6680K(166656K)] 303889K->145041K(408064K), 0.0261820 secs] [Times: user=0.04 sys=0.00, real=0.03 secs] 
2013-07-16T00:15:13.480+0100: 1982.446: [GC [PSYoungGen: 165336K->7280K(166592K)] 303697K->145669K(408000K), 0.0277890 secs] [Times: user=0.03 sys=0.00, real=0.03 secs] 
2013-07-16T00:15:25.169+0100: 1994.134: [GC [PSYoungGen: 166000K->7040K(166656K)] 304389K->145517K(408064K), 0.0239010 secs] [Times: user=0.03 sys=0.00, real=0.03 secs] 
2013-07-16T00:15:36.480+0100: 2005.446: [GC [PSYoungGen: 165760K->6984K(166656K)] 304237K->145505K(408064K), 0.0457750 secs] [Times: user=0.04 sys=0.00, real=0.04 secs] 
2013-07-16T00:15:48.186+0100: 2017.151: [GC [PSYoungGen: 165832K->7312K(166720K)] 304353K->145953K(408128K), 0.0273670 secs] [Times: user=0.03 sys=0.00, real=0.03 secs] 
2013-07-16T00:16:00.301+0100: 2029.267: [GC [PSYoungGen: 166160K->7152K(166720K)] 304801K->145821K(408128K), 0.0256810 secs] [Times: user=0.02 sys=0.01, real=0.03 secs] 
2013-07-16T00:16:12.361+0100: 2041.327: [GC [PSYoungGen: 166128K->6880K(166784K)] 304797K->145577K(408192K), 0.0290450 secs] [Times: user=0.04 sys=0.00, real=0.03 secs] 
2013-07-16T00:16:24.118+0100: 2053.084: [GC [PSYoungGen: 165856K->7616K(166656K)] 304553K->146341K(408064K), 0.0341030 secs] [Times: user=0.05 sys=0.00, real=0.03 secs] 
2013-07-16T00:16:36.121+0100: 2065.086: [GC [PSYoungGen: 166464K->7583K(166464K)] 305189K->146392K(407872K), 0.0290110 secs] [Times: user=0.04 sys=0.00, real=0.03 secs] 
2013-07-16T00:16:47.880+0100: 2076.845: [GC [PSYoungGen: 166431K->6779K(166720K)] 305240K->146144K(408128K), 0.0290410 secs] [Times: user=0.04 sys=0.00, real=0.03 secs] 
2013-07-16T00:16:59.061+0100: 2088.026: [GC [PSYoungGen: 165499K->6576K(166720K)] 304864K->145997K(408128K), 0.0255910 secs] [Times: user=0.03 sys=0.01, real=0.03 secs] 
2013-07-16T00:17:58.628+0100: 2147.593: [GC [PSYoungGen: 165296K->4656K(165952K)] 304717K->144105K(407360K), 0.0205740 secs] [Times: user=0.02 sys=0.00, real=0.02 secs] 
2013-07-16T00:20:27.991+0100: 2296.956: [GC [PSYoungGen: 162608K->2198K(160192K)] 302057K->141687K(401600K), 0.0072860 secs] [Times: user=0.01 sys=0.00, real=0.01 secs] 
2013-07-16T00:20:43.816+0100: 2312.781: [GC [PSYoungGen: 160150K->1648K(164672K)] 299639K->141165K(406080K), 0.0086450 secs] [Times: user=0.02 sys=0.01, real=0.01 secs] 
2013-07-16T00:20:44.263+0100: 2313.228: [GC [PSYoungGen: 157296K->1777K(157440K)] 296813K->141322K(398848K), 0.0099100 secs] [Times: user=0.02 sys=0.00, real=0.01 secs] 
2013-07-16T00:20:44.607+0100: 2313.572: [GC [PSYoungGen: 157425K->1881K(164416K)] 296970K->141454K(405824K), 0.0119120 secs] [Times: user=0.02 sys=0.00, real=0.01 secs] 
Heap
 PSYoungGen      total 164416K, used 90153K [0xa8ba0000, 0xb3640000, 0xb3640000)
  eden space 154496K, 57% used [0xa8ba0000,0xae1d4168,0xb2280000)
  from space 9920K, 18% used [0xb2c90000,0xb2e66410,0xb3640000)
  to   space 10112K, 0% used [0xb2280000,0xb2280000,0xb2c60000)
 ParOldGen       total 241408K, used 139573K [0x93640000, 0xa2200000, 0xa8ba0000)
  object space 241408K, 57% used [0x93640000,0x9be8d650,0xa2200000)
 PSPermGen       total 50176K, used 35301K [0x83640000, 0x86740000, 0x93640000)
  object space 50176K, 70% used [0x83640000,0x858b95d8,0x86740000)
