2013-08-04T06:25:22.035+0100: 1.818: [GC [PSYoungGen: 32768K->5433K(38208K)] 32768K->6429K(125632K), 0.0800850 secs] [Times: user=0.02 sys=0.05, real=0.08 secs] 
2013-08-04T06:25:22.992+0100: 2.775: [GC [PSYoungGen: 38201K->5432K(70976K)] 39197K->8157K(158400K), 0.0320340 secs] [Times: user=0.00 sys=0.04, real=0.03 secs] 
2013-08-04T06:25:25.106+0100: 4.889: [GC [PSYoungGen: 70968K->5424K(70976K)] 73693K->15675K(158400K), 0.0760810 secs] [Times: user=0.01 sys=0.11, real=0.08 secs] 
2013-08-04T06:25:25.723+0100: 5.506: [GC [PSYoungGen: 70960K->5439K(136512K)] 81211K->17741K(223936K), 0.0400420 secs] [Times: user=0.01 sys=0.05, real=0.04 secs] 
2013-08-04T06:25:28.926+0100: 8.709: [GC [PSYoungGen: 120350K->5434K(136512K)] 132653K->35555K(223936K), 0.2202340 secs] [Times: user=0.09 sys=0.22, real=0.22 secs] 
2013-08-04T06:25:29.147+0100: 8.929: [Full GC (System) [PSYoungGen: 5434K->0K(136512K)] [ParOldGen: 30121K->30303K(87424K)] 35555K->30303K(223936K) [PSPermGen: 14653K->14640K(29440K)], 0.2322460 secs] [Times: user=0.26 sys=0.11, real=0.23 secs] 
2013-08-04T06:25:31.205+0100: 10.988: [GC [PSYoungGen: 131072K->5426K(121600K)] 161375K->41125K(209024K), 0.0400430 secs] [Times: user=0.01 sys=0.04, real=0.04 secs] 
2013-08-04T06:25:32.470+0100: 12.253: [GC [PSYoungGen: 121586K->13480K(136512K)] 157285K->49178K(223936K), 0.0120130 secs] [Times: user=0.01 sys=0.00, real=0.01 secs] 
2013-08-04T06:25:34.204+0100: 13.987: [GC [PSYoungGen: 129640K->20152K(145216K)] 165338K->60404K(232640K), 0.2242380 secs] [Times: user=0.13 sys=0.14, real=0.22 secs] 
2013-08-04T06:25:35.417+0100: 15.200: [GC [PSYoungGen: 145208K->23500K(148608K)] 185460K->63753K(236032K), 0.0640680 secs] [Times: user=0.05 sys=0.05, real=0.07 secs] 
2013-08-04T06:25:36.162+0100: 15.945: [GC [PSYoungGen: 148556K->20703K(143360K)] 188809K->70450K(230784K), 0.1401480 secs] [Times: user=0.08 sys=0.15, real=0.14 secs] 
2013-08-04T06:25:39.017+0100: 18.800: [GC [PSYoungGen: 137951K->19971K(137280K)] 187698K->83213K(224704K), 0.1121190 secs] [Times: user=0.08 sys=0.14, real=0.11 secs] 
2013-08-04T06:25:39.934+0100: 19.717: [GC [PSYoungGen: 137219K->1064K(143360K)] 200461K->83522K(230784K), 0.1641740 secs] [Times: user=0.04 sys=0.13, real=0.17 secs] 
2013-08-04T06:25:40.098+0100: 19.881: [Full GC [PSYoungGen: 1064K->0K(143360K)] [ParOldGen: 82457K->78446K(140608K)] 83522K->78446K(283968K) [PSPermGen: 23360K->23351K(39680K)], 0.4444720 secs] [Times: user=0.52 sys=0.20, real=0.44 secs] 
2013-08-04T06:25:41.516+0100: 21.299: [GC [PSYoungGen: 114176K->7615K(144448K)] 192622K->86062K(285056K), 0.0080080 secs] [Times: user=0.02 sys=0.00, real=0.01 secs] 
2013-08-04T06:25:42.208+0100: 21.991: [GC [PSYoungGen: 121791K->14542K(141504K)] 200238K->99797K(282112K), 0.0560600 secs] [Times: user=0.03 sys=0.07, real=0.06 secs] 
2013-08-04T06:25:43.498+0100: 23.281: [GC [PSYoungGen: 129230K->10370K(143232K)] 214485K->107790K(283840K), 0.1601700 secs] [Times: user=0.02 sys=0.18, real=0.16 secs] 
2013-08-04T06:25:46.137+0100: 25.920: [GC [PSYoungGen: 125058K->11738K(142976K)] 222478K->118599K(283584K), 0.0800850 secs] [Times: user=0.07 sys=0.07, real=0.08 secs] 
2013-08-04T06:25:54.742+0100: 34.525: [GC [PSYoungGen: 130330K->11892K(144960K)] 237191K->129595K(285568K), 0.0840890 secs] [Times: user=0.06 sys=0.10, real=0.08 secs] 
2013-08-04T06:29:24.961+0100: 244.744: [GC [PSYoungGen: 130484K->9694K(146048K)] 248187K->135790K(286656K), 0.0600640 secs] [Times: user=0.04 sys=0.07, real=0.06 secs] 
2013-08-04T06:29:25.025+0100: 244.808: [Full GC [PSYoungGen: 9694K->0K(146048K)] [ParOldGen: 126096K->124132K(199424K)] 135790K->124132K(345472K) [PSPermGen: 34873K->34787K(49664K)], 0.7768250 secs] [Times: user=0.26 sys=0.47, real=0.78 secs] 
2013-08-04T06:29:32.973+0100: 252.756: [GC [PSYoungGen: 123072K->16467K(147648K)] 247204K->140599K(347072K), 0.1241310 secs] [Times: user=0.06 sys=0.08, real=0.12 secs] 
2013-08-04T06:29:40.770+0100: 260.553: [GC [PSYoungGen: 139539K->4544K(149376K)] 263671K->142038K(348800K), 0.0720770 secs] [Times: user=0.09 sys=0.04, real=0.07 secs] 
2013-08-04T06:29:51.089+0100: 270.871: [GC [PSYoungGen: 129088K->4432K(149632K)] 266582K->143386K(349056K), 0.0760800 secs] [Times: user=0.05 sys=0.03, real=0.07 secs] 
2013-08-04T06:30:02.168+0100: 281.951: [GC [PSYoungGen: 128976K->4555K(149248K)] 267930K->144381K(348672K), 0.0800850 secs] [Times: user=0.04 sys=0.00, real=0.08 secs] 
2013-08-04T06:30:11.871+0100: 291.654: [GC [PSYoungGen: 129099K->4504K(149440K)] 268925K->144330K(348864K), 0.0480510 secs] [Times: user=0.07 sys=0.01, real=0.05 secs] 
2013-08-04T06:30:23.883+0100: 303.666: [GC [PSYoungGen: 129048K->4376K(149120K)] 268874K->144202K(348544K), 0.0000000 secs] [Times: user=0.00 sys=0.00, real=0.00 secs] 
2013-08-04T06:30:32.813+0100: 312.596: [GC [PSYoungGen: 129688K->4624K(149376K)] 269514K->144450K(348800K), 0.0840890 secs] [Times: user=0.06 sys=0.04, real=0.08 secs] 
2013-08-04T06:30:41.931+0100: 321.713: [GC [PSYoungGen: 129936K->4824K(149632K)] 269762K->144650K(349056K), 0.0480510 secs] [Times: user=0.02 sys=0.03, real=0.05 secs] 
2013-08-04T06:30:53.919+0100: 333.702: [GC [PSYoungGen: 132056K->5103K(149952K)] 271882K->144929K(349376K), 0.0360390 secs] [Times: user=0.02 sys=0.01, real=0.03 secs] 
2013-08-04T06:31:05.904+0100: 345.687: [GC [PSYoungGen: 132335K->4536K(151104K)] 272161K->144362K(350528K), 0.0560590 secs] [Times: user=0.02 sys=0.03, real=0.05 secs] 
2013-08-04T06:31:45.206+0100: 384.989: [GC [PSYoungGen: 134648K->1866K(151296K)] 274474K->141692K(350720K), 0.0200220 secs] [Times: user=0.02 sys=0.01, real=0.02 secs] 
2013-08-04T06:31:46.031+0100: 385.813: [GC [PSYoungGen: 131978K->1442K(152896K)] 271804K->141268K(352320K), 0.0120130 secs] [Times: user=0.02 sys=0.00, real=0.01 secs] 
2013-08-04T06:31:46.659+0100: 386.442: [GC [PSYoungGen: 134114K->1417K(153152K)] 273940K->141243K(352576K), 0.0080090 secs] [Times: user=0.01 sys=0.00, real=0.01 secs] 
2013-08-04T06:31:47.276+0100: 387.059: [GC [PSYoungGen: 134089K->1561K(153152K)] 273915K->141387K(352576K), 0.0120120 secs] [Times: user=0.01 sys=0.00, real=0.01 secs] 
Heap
 PSYoungGen      total 153152K, used 63261K [0xa8ba0000, 0xb3490000, 0xb3640000)
  eden space 134208K, 45% used [0xa8ba0000,0xac7e1170,0xb0eb0000)
  from space 18944K, 8% used [0xb2210000,0xb2396428,0xb3490000)
  to   space 19392K, 0% used [0xb0eb0000,0xb0eb0000,0xb21a0000)
 ParOldGen       total 199424K, used 139826K [0x93640000, 0x9f900000, 0xa8ba0000)
  object space 199424K, 70% used [0x93640000,0x9becc968,0x9f900000)
 PSPermGen       total 49664K, used 35279K [0x83640000, 0x866c0000, 0x93640000)
  object space 49664K, 71% used [0x83640000,0x858b3e48,0x866c0000)
