2013-08-03T21:06:12.911+0100: 2.783: [GC [PSYoungGen: 32768K->5427K(38208K)] 32768K->6438K(125632K), 0.1001070 secs] [Times: user=0.05 sys=0.06, real=0.11 secs] 
2013-08-03T21:06:14.481+0100: 4.353: [GC [PSYoungGen: 38195K->5426K(70976K)] 39206K->8173K(158400K), 0.0560600 secs] [Times: user=0.00 sys=0.06, real=0.06 secs] 
2013-08-03T21:06:18.001+0100: 7.872: [GC [PSYoungGen: 70962K->5424K(70976K)] 73709K->15390K(158400K), 0.1281360 secs] [Times: user=0.06 sys=0.12, real=0.12 secs] 
2013-08-03T21:06:18.858+0100: 8.729: [GC [PSYoungGen: 70960K->5431K(136512K)] 80926K->17090K(223936K), 0.1161230 secs] [Times: user=0.07 sys=0.11, real=0.12 secs] 
2013-08-03T21:06:23.999+0100: 13.871: [GC [PSYoungGen: 120359K->5424K(136512K)] 132018K->34984K(223936K), 0.1441530 secs] [Times: user=0.12 sys=0.13, real=0.14 secs] 
2013-08-03T21:06:24.143+0100: 14.015: [Full GC (System) [PSYoungGen: 5424K->0K(136512K)] [ParOldGen: 29559K->30235K(87424K)] 34984K->30235K(223936K) [PSPermGen: 14650K->14637K(29440K)], 0.5806160 secs] [Times: user=0.02 sys=0.45, real=0.59 secs] 
2013-08-03T21:06:27.431+0100: 17.302: [GC [PSYoungGen: 131072K->5432K(121728K)] 161307K->41285K(209152K), 0.0961020 secs] [Times: user=0.01 sys=0.09, real=0.09 secs] 
2013-08-03T21:06:29.461+0100: 19.333: [GC [PSYoungGen: 121720K->13487K(136512K)] 157573K->49340K(223936K), 0.0360380 secs] [Times: user=0.03 sys=0.00, real=0.04 secs] 
2013-08-03T21:06:31.852+0100: 21.723: [GC [PSYoungGen: 129775K->20095K(145664K)] 165628K->60058K(233088K), 0.1721830 secs] [Times: user=0.08 sys=0.17, real=0.17 secs] 
2013-08-03T21:06:33.313+0100: 23.185: [GC [PSYoungGen: 145663K->24005K(149632K)] 185626K->63968K(237056K), 0.1041110 secs] [Times: user=0.07 sys=0.08, real=0.11 secs] 
2013-08-03T21:06:34.518+0100: 24.390: [GC [PSYoungGen: 149573K->21048K(142080K)] 189536K->71242K(229504K), 0.1281360 secs] [Times: user=0.09 sys=0.06, real=0.13 secs] 
2013-08-03T21:06:38.507+0100: 28.378: [GC [PSYoungGen: 138040K->19933K(136960K)] 188234K->83189K(224384K), 0.1041110 secs] [Times: user=0.04 sys=0.14, real=0.10 secs] 
2013-08-03T21:06:39.408+0100: 29.279: [GC [PSYoungGen: 136925K->1080K(143232K)] 200181K->83516K(230656K), 0.1361440 secs] [Times: user=0.06 sys=0.16, real=0.14 secs] 
2013-08-03T21:06:39.544+0100: 29.415: [Full GC [PSYoungGen: 1080K->0K(143232K)] [ParOldGen: 82436K->78236K(140224K)] 83516K->78236K(283456K) [PSPermGen: 23352K->23344K(39680K)], 0.4805100 secs] [Times: user=0.57 sys=0.18, real=0.48 secs] 
2013-08-03T21:06:41.246+0100: 31.117: [GC [PSYoungGen: 113920K->8295K(144320K)] 192156K->86531K(284544K), 0.0160170 secs] [Times: user=0.01 sys=0.00, real=0.01 secs] 
2013-08-03T21:06:42.187+0100: 32.058: [GC [PSYoungGen: 122215K->14420K(141312K)] 200451K->100060K(281536K), 0.0400430 secs] [Times: user=0.02 sys=0.03, real=0.04 secs] 
2013-08-03T21:06:44.137+0100: 34.008: [GC [PSYoungGen: 128980K->10297K(143040K)] 214620K->108029K(283264K), 0.1121190 secs] [Times: user=0.04 sys=0.14, real=0.12 secs] 
2013-08-03T21:06:46.519+0100: 36.391: [GC [PSYoungGen: 124857K->11686K(143168K)] 222589K->118818K(283392K), 0.1041100 secs] [Times: user=0.07 sys=0.09, real=0.10 secs] 
2013-08-03T21:06:57.114+0100: 46.986: [GC [PSYoungGen: 130406K->11464K(145088K)] 237538K->129337K(285312K), 0.0720770 secs] [Times: user=0.09 sys=0.03, real=0.07 secs] 
2013-08-03T21:10:14.188+0100: 244.059: [GC [PSYoungGen: 130184K->19494K(147008K)] 248057K->145461K(287232K), 0.0720770 secs] [Times: user=0.09 sys=0.02, real=0.07 secs] 
2013-08-03T21:10:14.260+0100: 244.131: [Full GC [PSYoungGen: 19494K->0K(147008K)] [ParOldGen: 125967K->134248K(209088K)] 145461K->134248K(356096K) [PSPermGen: 34870K->34754K(49664K)], 0.6086460 secs] [Times: user=0.71 sys=0.25, real=0.61 secs] 
2013-08-03T21:10:17.003+0100: 246.874: [GC [PSYoungGen: 121728K->8587K(148224K)] 255976K->142835K(357312K), 0.0640680 secs] [Times: user=0.05 sys=0.02, real=0.06 secs] 
2013-08-03T21:10:38.694+0100: 268.565: [GC [PSYoungGen: 130315K->4496K(148160K)] 264563K->146874K(357248K), 0.0760810 secs] [Times: user=0.06 sys=0.04, real=0.07 secs] 
2013-08-03T21:10:50.090+0100: 279.961: [GC [PSYoungGen: 126672K->4592K(148416K)] 269050K->149094K(357504K), 0.0560590 secs] [Times: user=0.05 sys=0.06, real=0.06 secs] 
2013-08-03T21:11:23.990+0100: 313.865: [GC [PSYoungGen: 126768K->1000K(147968K)] 271270K->145595K(357056K), 0.0000000 secs] [Times: user=0.02 sys=0.02, real=0.04 secs] 
2013-08-03T21:11:24.827+0100: 314.698: [GC [PSYoungGen: 122856K->400K(122304K)] 267451K->145752K(331392K), 0.0000000 secs] [Times: user=0.01 sys=0.00, real=0.00 secs] 
2013-08-03T21:11:25.403+0100: 315.275: [GC [PSYoungGen: 122256K->192K(148352K)] 267608K->145924K(357440K), 0.0080090 secs] [Times: user=0.01 sys=0.01, real=0.01 secs] 
2013-08-03T21:11:25.844+0100: 315.715: [GC [PSYoungGen: 121984K->176K(121984K)] 267716K->146060K(331072K), 0.0000000 secs] [Times: user=0.00 sys=0.00, real=0.00 secs] 
Heap
 PSYoungGen      total 121984K, used 81540K [0xa8c40000, 0xb3610000, 0xb36e0000)
  eden space 121792K, 66% used [0xa8c40000,0xadbb5110,0xb0330000)
  from space 192K, 91% used [0xb0330000,0xb035c000,0xb0360000)
  to   space 26048K, 0% used [0xb1ca0000,0xb1ca0000,0xb3610000)
 ParOldGen       total 209088K, used 145884K [0x936e0000, 0xa0310000, 0xa8c40000)
  object space 209088K, 69% used [0x936e0000,0x9c557068,0xa0310000)
 PSPermGen       total 49664K, used 35273K [0x836e0000, 0x86760000, 0x936e0000)
  object space 49664K, 71% used [0x836e0000,0x859526d8,0x86760000)
