2013-06-22T23:01:15.245+0100: 4.209: [GC 4.209: [DefNew: 34944K->4352K(39296K), 0.0253760 secs] 34944K->6691K(126720K), 0.0254470 secs] [Times: user=0.02 sys=0.01, real=0.02 secs] 
2013-06-22T23:01:16.650+0100: 5.615: [GC 5.615: [DefNew: 39296K->4352K(39296K), 0.0284620 secs] 41635K->10367K(126720K), 0.0285180 secs] [Times: user=0.02 sys=0.01, real=0.03 secs] 
2013-06-22T23:01:18.366+0100: 7.331: [GC 7.331: [DefNew: 39296K->4352K(39296K), 0.0593070 secs] 45311K->14131K(126720K), 0.0593830 secs] [Times: user=0.06 sys=0.01, real=0.06 secs] 
2013-06-22T23:01:19.500+0100: 8.464: [GC 8.464: [DefNew: 39296K->1740K(39296K), 0.0198610 secs] 49075K->15768K(126720K), 0.0199310 secs] [Times: user=0.01 sys=0.01, real=0.02 secs] 
2013-06-22T23:01:20.007+0100: 8.972: [GC 8.972: [DefNew: 36684K->2156K(39296K), 0.0058410 secs] 50712K->16184K(126720K), 0.0058760 secs] [Times: user=0.01 sys=0.00, real=0.00 secs] 
2013-06-22T23:01:20.643+0100: 9.608: [GC 9.608: [DefNew: 37100K->2774K(39296K), 0.0090870 secs] 51128K->16802K(126720K), 0.0091780 secs] [Times: user=0.01 sys=0.00, real=0.00 secs] 
2013-06-22T23:01:21.506+0100: 10.471: [GC 10.471: [DefNew: 37718K->3508K(39296K), 0.0200670 secs] 51746K->18700K(126720K), 0.0201340 secs] [Times: user=0.02 sys=0.00, real=0.02 secs] 
2013-06-22T23:01:23.067+0100: 12.031: [GC 12.031: [DefNew: 38452K->4352K(39296K), 0.0466610 secs] 53644K->29664K(126720K), 0.0467180 secs] [Times: user=0.04 sys=0.00, real=0.04 secs] 
2013-06-22T23:01:24.168+0100: 13.133: [Full GC (System) 13.133: [Tenured: 25312K->33046K(87424K), 0.1369730 secs] 59866K->33046K(126720K), [Perm : 14655K->14655K(16384K)], 0.1370490 secs] [Times: user=0.11 sys=0.00, real=0.14 secs] 
2013-06-22T23:01:25.569+0100: 14.533: [GC 14.534: [DefNew: 35072K->4352K(39424K), 0.0342890 secs] 68118K->38500K(126848K), 0.0343480 secs] [Times: user=0.04 sys=0.00, real=0.04 secs] 
2013-06-22T23:01:26.277+0100: 15.241: [GC 15.241: [DefNew: 39424K->3186K(39424K), 0.0449750 secs] 73572K->41600K(126848K), 0.0450270 secs] [Times: user=0.02 sys=0.00, real=0.04 secs] 
2013-06-22T23:01:26.775+0100: 15.739: [GC 15.739: [DefNew: 38258K->1016K(39424K), 0.0180110 secs] 76672K->42567K(126848K), 0.0180700 secs] [Times: user=0.02 sys=0.00, real=0.01 secs] 
2013-06-22T23:01:27.346+0100: 16.311: [GC 16.311: [DefNew: 36088K->2369K(39424K), 0.0168460 secs] 77639K->43920K(126848K), 0.0169050 secs] [Times: user=0.02 sys=0.00, real=0.02 secs] 
2013-06-22T23:01:28.197+0100: 17.161: [GC 17.161: [DefNew: 37441K->4352K(39424K), 0.0136620 secs] 78992K->46890K(126848K), 0.0137210 secs] [Times: user=0.01 sys=0.00, real=0.01 secs] 
2013-06-22T23:01:28.728+0100: 17.692: [GC 17.692: [DefNew: 39424K->2495K(39424K), 0.0181910 secs] 81962K->48812K(126848K), 0.0182520 secs] [Times: user=0.01 sys=0.00, real=0.02 secs] 
2013-06-22T23:01:29.217+0100: 18.182: [GC 18.182: [DefNew: 37567K->1983K(39424K), 0.0130740 secs] 83884K->50567K(126848K), 0.0131650 secs] [Times: user=0.01 sys=0.01, real=0.01 secs] 
2013-06-22T23:01:30.232+0100: 19.196: [GC 19.196: [DefNew: 37055K->4266K(39424K), 0.0218480 secs] 85639K->52850K(126848K), 0.0219240 secs] [Times: user=0.02 sys=0.00, real=0.02 secs] 
2013-06-22T23:01:30.846+0100: 19.811: [GC 19.811: [DefNew: 39338K->4352K(39424K), 0.0160570 secs] 87922K->56937K(126848K), 0.0161160 secs] [Times: user=0.01 sys=0.00, real=0.01 secs] 
2013-06-22T23:01:31.112+0100: 20.077: [Full GC 20.077: [Tenured: 52585K->56967K(87424K), 0.1658330 secs] 72466K->56967K(126848K), [Perm : 20479K->20479K(20480K)], 0.1659610 secs] [Times: user=0.15 sys=0.00, real=0.16 secs] 
2013-06-22T23:01:31.597+0100: 20.562: [GC 20.562: [DefNew: 38016K->3070K(42752K), 0.0116130 secs] 94983K->60038K(137700K), 0.0116720 secs] [Times: user=0.01 sys=0.01, real=0.01 secs] 
2013-06-22T23:01:32.048+0100: 21.013: [GC 21.013: [DefNew: 41086K->1219K(42752K), 0.0166380 secs] 98054K->61182K(137700K), 0.0167090 secs] [Times: user=0.01 sys=0.00, real=0.02 secs] 
2013-06-22T23:01:32.503+0100: 21.467: [GC 21.467: [DefNew: 39235K->2459K(42752K), 0.0068810 secs] 99198K->62422K(137700K), 0.0069450 secs] [Times: user=0.01 sys=0.00, real=0.00 secs] 
2013-06-22T23:01:32.832+0100: 21.796: [GC 21.796: [DefNew: 40475K->2118K(42752K), 0.0120670 secs] 100438K->63165K(137700K), 0.0121220 secs] [Times: user=0.01 sys=0.00, real=0.01 secs] 
2013-06-22T23:01:33.343+0100: 22.308: [GC 22.308: [DefNew: 40134K->3473K(42752K), 0.0174470 secs] 101181K->64520K(137700K), 0.0175210 secs] [Times: user=0.02 sys=0.00, real=0.01 secs] 
2013-06-22T23:01:33.576+0100: 22.541: [GC 22.541: [DefNew: 41489K->3372K(42752K), 0.0110290 secs] 102536K->65557K(137700K), 0.0110960 secs] [Times: user=0.01 sys=0.00, real=0.01 secs] 
2013-06-22T23:01:33.792+0100: 22.756: [GC 22.756: [DefNew: 41388K->2014K(42752K), 0.0104920 secs] 103573K->66270K(137700K), 0.0105540 secs] [Times: user=0.01 sys=0.00, real=0.01 secs] 
2013-06-22T23:01:34.415+0100: 23.380: [GC 23.380: [DefNew: 40030K->4736K(42752K), 0.0446820 secs] 104286K->73716K(137700K), 0.0447720 secs] [Times: user=0.03 sys=0.01, real=0.04 secs] 
2013-06-22T23:01:36.415+0100: 25.379: [GC 25.379: [DefNew: 42752K->3858K(42752K), 0.0305260 secs] 111732K->77443K(137700K), 0.0305870 secs] [Times: user=0.02 sys=0.00, real=0.03 secs] 
2013-06-22T23:01:38.304+0100: 27.268: [GC 27.268: [DefNew: 41874K->4087K(42752K), 0.0223830 secs] 115459K->81399K(137700K), 0.0224420 secs] [Times: user=0.03 sys=0.00, real=0.02 secs] 
2013-06-22T23:01:38.751+0100: 27.716: [GC 27.716: [DefNew: 42103K->1704K(42752K), 0.0322140 secs] 119415K->82927K(137700K), 0.0323090 secs] [Times: user=0.03 sys=0.00, real=0.03 secs] 
2013-06-22T23:01:39.185+0100: 28.149: [GC 28.149: [DefNew: 39720K->1809K(42752K), 0.0075330 secs] 120943K->83032K(137700K), 0.0075460 secs] [Times: user=0.01 sys=0.00, real=0.01 secs] 
2013-06-22T23:01:39.482+0100: 28.446: [GC 28.446: [DefNew: 39825K->2295K(42752K), 0.0070200 secs] 121048K->83517K(137700K), 0.0070760 secs] [Times: user=0.01 sys=0.00, real=0.01 secs] 
2013-06-22T23:01:39.686+0100: 28.651: [GC 28.651: [DefNew: 40311K->2476K(42752K), 0.0097630 secs] 121533K->83698K(137700K), 0.0098220 secs] [Times: user=0.01 sys=0.00, real=0.01 secs] 
2013-06-22T23:01:40.163+0100: 29.127: [GC 29.127: [DefNew: 40492K->2233K(42752K), 0.0118080 secs] 121714K->85064K(137700K), 0.0118730 secs] [Times: user=0.01 sys=0.00, real=0.01 secs] 
2013-06-22T23:01:40.769+0100: 29.733: [GC 29.733: [DefNew: 40249K->4736K(42752K), 0.0193390 secs] 123080K->88792K(137700K), 0.0193960 secs] [Times: user=0.01 sys=0.00, real=0.02 secs] 
2013-06-22T23:01:41.193+0100: 30.157: [GC 30.157: [DefNew: 42752K->4736K(42752K), 0.0213580 secs] 126808K->93931K(137700K), 0.0214100 secs] [Times: user=0.02 sys=0.00, real=0.02 secs] 
2013-06-22T23:01:41.391+0100: 30.356: [GC 30.356: [DefNew: 42752K->4736K(42752K), 0.0126980 secs] 131947K->99179K(137700K), 0.0127510 secs] [Times: user=0.01 sys=0.00, real=0.01 secs] 
2013-06-22T23:01:41.610+0100: 30.574: [GC 30.574: [DefNew: 42752K->4736K(42752K), 0.0152560 secs]30.590: [Tenured: 99188K->95437K(99300K), 0.2455020 secs] 137195K->95437K(142052K), [Perm : 24558K->24558K(24576K)], 0.2610120 secs] [Times: user=0.25 sys=0.00, real=0.27 secs] 
2013-06-22T23:01:43.095+0100: 32.059: [GC 32.059: [DefNew: 63680K->5856K(71616K), 0.0244800 secs] 159117K->101293K(230680K), 0.0245410 secs] [Times: user=0.02 sys=0.00, real=0.02 secs] 
2013-06-22T23:01:44.046+0100: 33.010: [GC 33.010: [DefNew: 69536K->5055K(71616K), 0.0279630 secs] 164973K->106105K(230680K), 0.0280250 secs] [Times: user=0.03 sys=0.00, real=0.03 secs] 
2013-06-22T23:01:45.286+0100: 34.251: [Full GC 34.251: [Tenured: 101050K->98383K(159064K), 0.3591800 secs] 167450K->98383K(230680K), [Perm : 28671K->28646K(28672K)], 0.3593240 secs] [Times: user=0.30 sys=0.00, real=0.36 secs] 
2013-06-22T23:01:47.069+0100: 36.034: [GC 36.034: [DefNew: 65664K->6476K(73856K), 0.0238730 secs] 164047K->104859K(237832K), 0.0238980 secs] [Times: user=0.02 sys=0.00, real=0.03 secs] 
2013-06-22T23:01:47.835+0100: 36.800: [Full GC 36.800: [Tenured: 98383K->106284K(163976K), 0.2960380 secs] 141219K->106284K(237832K), [Perm : 32766K->32766K(32768K)], 0.2962090 secs] [Times: user=0.29 sys=0.01, real=0.30 secs] 
2013-06-22T23:01:50.134+0100: 39.098: [GC 39.098: [DefNew: 71040K->5989K(79872K), 0.0274660 secs] 177324K->112274K(257016K), 0.0275460 secs] [Times: user=0.03 sys=0.00, real=0.02 secs] 
2013-06-22T23:02:26.462+0100: 75.427: [Full GC 75.427: [Tenured: 106284K->108857K(177144K), 0.4138830 secs] 126702K->108857K(257016K), [Perm : 34351K->34351K(34560K)], 0.4140200 secs] [Times: user=0.34 sys=0.01, real=0.41 secs] 
2013-06-22T23:03:42.701+0100: 151.666: [Full GC 151.666: [Tenured: 108857K->107606K(181432K), 0.4702900 secs] 143512K->107606K(263224K), [Perm : 34751K->34751K(34816K)], 0.4703970 secs] [Times: user=0.37 sys=0.01, real=0.47 secs] 
2013-06-22T23:04:47.975+0100: 216.939: [Full GC 216.939: [Tenured: 107606K->98461K(181432K), 0.6029320 secs] 131425K->98461K(263224K), [Perm : 34756K->34689K(34816K)], 0.6030290 secs] [Times: user=0.43 sys=0.01, real=0.60 secs] 
2013-06-22T23:05:58.639+0100: 287.604: [Full GC 287.604: [Tenured: 98461K->98510K(181432K), 0.5049330 secs] 123389K->98510K(263224K), [Perm : 34694K->34694K(34816K)], 0.5050220 secs] [Times: user=0.37 sys=0.00, real=0.50 secs] 
2013-06-22T23:07:10.175+0100: 359.139: [Full GC 359.161: [Tenured: 98510K->98542K(181432K), 0.4947310 secs] 125955K->98542K(263224K), [Perm : 34696K->34696K(34816K)], 0.4950380 secs] [Times: user=0.36 sys=0.00, real=0.52 secs] 
2013-06-22T23:08:21.112+0100: 430.076: [Full GC 430.076: [Tenured: 98542K->98572K(181432K), 0.4640490 secs] 123843K->98572K(263224K), [Perm : 34700K->34700K(34816K)], 0.4641780 secs] [Times: user=0.37 sys=0.00, real=0.46 secs] 
2013-06-22T23:09:54.212+0100: 523.176: [Full GC 523.176: [Tenured: 98572K->97445K(181432K), 0.5338430 secs] 129985K->97445K(263224K), [Perm : 34708K->34699K(34816K)], 0.5339250 secs] [Times: user=0.42 sys=0.00, real=0.53 secs] 
2013-06-22T23:13:27.614+0100: 736.579: [GC 736.579: [DefNew: 72768K->450K(81792K), 0.0228770 secs] 170213K->97896K(263224K), 0.0338250 secs] [Times: user=0.01 sys=0.01, real=0.04 secs] 
2013-06-22T23:13:30.134+0100: 739.098: [GC 739.098: [DefNew: 73218K->1071K(81792K), 0.0123240 secs] 170664K->98516K(263224K), 0.0123940 secs] [Times: user=0.00 sys=0.00, real=0.02 secs] 
2013-06-22T23:13:30.538+0100: 739.503: [GC 739.503: [DefNew: 73839K->1208K(81792K), 0.0080000 secs] 171284K->98653K(263224K), 0.0080710 secs] [Times: user=0.01 sys=0.00, real=0.01 secs] 
2013-06-22T23:13:31.140+0100: 740.105: [GC 740.105: [DefNew: 73976K->1327K(81792K), 0.0094610 secs] 171421K->98772K(263224K), 0.0095420 secs] [Times: user=0.00 sys=0.01, real=0.01 secs] 
2013-06-22T23:13:31.378+0100: 740.343: [GC 740.343: [DefNew: 74095K->1382K(81792K), 0.0080230 secs] 171540K->98827K(263224K), 0.0080910 secs] [Times: user=0.01 sys=0.00, real=0.01 secs] 
2013-06-22T23:13:31.550+0100: 740.515: [GC 740.515: [DefNew: 74150K->1417K(81792K), 0.0109070 secs] 171595K->98862K(263224K), 0.0109830 secs] [Times: user=0.02 sys=0.00, real=0.01 secs] 
2013-06-22T23:13:31.909+0100: 740.874: [GC 740.874: [DefNew: 74185K->1743K(81792K), 0.0116670 secs] 171630K->99189K(263224K), 0.0117720 secs] [Times: user=0.01 sys=0.00, real=0.01 secs] 
2013-06-22T23:13:32.103+0100: 741.068: [GC 741.068: [DefNew: 74511K->2101K(81792K), 0.0133740 secs] 171957K->99546K(263224K), 0.0134410 secs] [Times: user=0.01 sys=0.00, real=0.01 secs] 
Heap
 def new generation   total 81792K, used 11754K [0x836c0000, 0x88f70000, 0x8e160000)
  eden space 72768K,  13% used [0x836c0000, 0x8402d458, 0x87dd0000)
  from space 9024K,  23% used [0x87dd0000, 0x87fdd540, 0x886a0000)
  to   space 9024K,   0% used [0x886a0000, 0x886a0000, 0x88f70000)
 tenured generation   total 181432K, used 97445K [0x8e160000, 0x9928e000, 0xa36c0000)
   the space 181432K,  53% used [0x8e160000, 0x94089548, 0x94089600, 0x9928e000)
 compacting perm gen  total 35072K, used 34896K [0xa36c0000, 0xa5900000, 0xb36c0000)
   the space 35072K,  99% used [0xa36c0000, 0xa58d42c8, 0xa58d4400, 0xa5900000)
No shared spaces configured.
