2013-08-05T13:07:03.855+0100: 7.336: [GC [PSYoungGen: 131072K->18261K(152896K)] 131072K->18329K(502464K), 0.1401490 secs] [Times: user=0.03 sys=0.15, real=0.14 secs] 
2013-08-05T13:07:06.022+0100: 9.502: [GC [PSYoungGen: 149333K->16421K(152896K)] 149401K->16557K(502464K), 0.1561660 secs] [Times: user=0.11 sys=0.12, real=0.15 secs] 
2013-08-05T13:07:08.244+0100: 11.724: [GC [PSYoungGen: 78483K->21819K(152896K)] 78619K->29381K(502464K), 0.1201280 secs] [Times: user=0.07 sys=0.08, real=0.12 secs] 
2013-08-05T13:07:08.364+0100: 11.845: [Full GC (System) [PSYoungGen: 21819K->0K(152896K)] [ParOldGen: 7561K->29071K(349568K)] 29381K->29071K(502464K) [PSPermGen: 14684K->14671K(29440K)], 0.6286670 secs] [Times: user=0.21 sys=0.32, real=0.62 secs] 
2013-08-05T13:07:10.787+0100: 14.267: [GC [PSYoungGen: 131072K->10422K(152896K)] 160143K->39493K(502464K), 0.0160170 secs] [Times: user=0.03 sys=0.00, real=0.01 secs] 
2013-08-05T13:07:12.953+0100: 16.433: [GC [PSYoungGen: 141494K->18938K(152896K)] 170565K->48009K(502464K), 0.0440470 secs] [Times: user=0.07 sys=0.01, real=0.05 secs] 
2013-08-05T13:07:15.720+0100: 19.200: [GC [PSYoungGen: 150010K->21820K(127808K)] 179081K->60148K(477376K), 0.1281360 secs] [Times: user=0.09 sys=0.11, real=0.13 secs] 
2013-08-05T13:07:16.989+0100: 20.470: [GC [PSYoungGen: 127804K->24531K(130560K)] 166132K->62858K(480128K), 0.0600640 secs] [Times: user=0.07 sys=0.04, real=0.06 secs] 
2013-08-05T13:07:17.858+0100: 21.339: [GC [PSYoungGen: 130515K->28012K(137472K)] 168842K->66340K(487040K), 0.0800850 secs] [Times: user=0.05 sys=0.05, real=0.08 secs] 
2013-08-05T13:07:22.015+0100: 25.495: [GC [PSYoungGen: 131052K->29416K(132480K)] 169380K->79648K(482048K), 0.2162290 secs] [Times: user=0.14 sys=0.19, real=0.22 secs] 
2013-08-05T13:07:23.452+0100: 26.933: [GC [PSYoungGen: 132456K->19388K(138304K)] 182688K->81768K(487872K), 0.1321400 secs] [Times: user=0.01 sys=0.09, real=0.13 secs] 
2013-08-05T13:07:24.381+0100: 27.862: [GC [PSYoungGen: 120380K->5212K(106240K)] 182760K->82393K(455808K), 0.0720760 secs] [Times: user=0.03 sys=0.08, real=0.07 secs] 
2013-08-05T13:07:25.723+0100: 29.203: [GC [PSYoungGen: 106204K->13651K(137280K)] 183385K->95709K(486848K), 0.0360390 secs] [Times: user=0.03 sys=0.03, real=0.03 secs] 
2013-08-05T13:07:27.140+0100: 30.620: [GC [PSYoungGen: 112979K->11208K(136768K)] 195037K->104539K(486336K), 0.0760810 secs] [Times: user=0.06 sys=0.05, real=0.08 secs] 
2013-08-05T13:07:28.686+0100: 32.166: [GC [PSYoungGen: 110536K->8533K(137472K)] 203867K->111885K(487040K), 0.0680730 secs] [Times: user=0.04 sys=0.02, real=0.07 secs] 
2013-08-05T13:07:30.996+0100: 34.477: [GC [PSYoungGen: 108757K->10277K(137472K)] 212109K->121331K(487040K), 0.0480510 secs] [Times: user=0.05 sys=0.03, real=0.04 secs] 
2013-08-05T13:07:33.771+0100: 37.252: [GC [PSYoungGen: 110501K->10321K(138816K)] 221555K->130793K(488384K), 0.1041100 secs] [Times: user=0.11 sys=0.07, real=0.10 secs] 
2013-08-05T13:11:00.555+0100: 244.035: [GC [PSYoungGen: 112529K->4953K(138112K)] 233001K->135107K(487680K), 0.1681790 secs] [Times: user=0.16 sys=0.06, real=0.16 secs] 
2013-08-05T13:11:05.416+0100: 248.896: [GC [PSYoungGen: 107161K->21779K(138240K)] 237315K->156783K(487808K), 0.2242380 secs] [Times: user=0.10 sys=0.21, real=0.23 secs] 
2013-08-05T13:11:09.516+0100: 252.997: [GC [PSYoungGen: 124051K->3736K(106048K)] 259055K->157122K(455616K), 0.0680720 secs] [Times: user=0.05 sys=0.02, real=0.07 secs] 
2013-08-05T13:11:22.210+0100: 265.690: [GC [PSYoungGen: 106008K->3872K(138688K)] 259394K->160290K(488256K), 0.0840890 secs] [Times: user=0.06 sys=0.05, real=0.08 secs] 
2013-08-05T13:11:36.589+0100: 280.069: [GC [PSYoungGen: 106208K->3680K(138368K)] 262626K->160502K(487936K), 0.0600640 secs] [Times: user=0.04 sys=0.00, real=0.06 secs] 
2013-08-05T13:11:49.935+0100: 293.415: [GC [PSYoungGen: 106016K->3744K(139904K)] 262838K->160654K(489472K), 0.0880940 secs] [Times: user=0.04 sys=0.05, real=0.08 secs] 
2013-08-05T13:12:05.299+0100: 308.780: [GC [PSYoungGen: 108128K->3424K(139200K)] 265038K->160434K(488768K), 0.1041110 secs] [Times: user=0.05 sys=0.01, real=0.10 secs] 
2013-08-05T13:12:17.628+0100: 321.109: [GC [PSYoungGen: 107808K->3840K(141888K)] 264818K->160898K(491456K), 0.1361450 secs] [Times: user=0.04 sys=0.04, real=0.14 secs] 
2013-08-05T13:12:31.443+0100: 334.923: [GC [PSYoungGen: 111808K->3872K(140800K)] 268866K->160998K(490368K), 0.0560590 secs] [Times: user=0.05 sys=0.02, real=0.06 secs] 
2013-08-05T13:12:42.102+0100: 345.583: [GC [PSYoungGen: 111840K->4184K(144320K)] 268966K->161462K(493888K), 0.0640680 secs] [Times: user=0.03 sys=0.01, real=0.07 secs] 
2013-08-05T13:13:05.059+0100: 368.539: [GC [PSYoungGen: 116824K->4316K(143040K)] 274102K->161702K(492608K), 0.0320340 secs] [Times: user=0.04 sys=0.01, real=0.03 secs] 
2013-08-05T13:14:40.444+0100: 463.924: [GC [PSYoungGen: 116956K->1424K(146432K)] 274342K->158994K(496000K), 0.0280290 secs] [Times: user=0.04 sys=0.00, real=0.02 secs] 
2013-08-05T13:15:39.775+0100: 523.255: [GC [PSYoungGen: 118736K->889K(145600K)] 276306K->158708K(495168K), 0.0280300 secs] [Times: user=0.03 sys=0.02, real=0.02 secs] 
2013-08-05T13:15:40.432+0100: 523.912: [GC [PSYoungGen: 118201K->368K(148160K)] 276020K->158932K(497728K), 0.0160170 secs] [Times: user=0.02 sys=0.02, real=0.02 secs] 
2013-08-05T13:15:41.104+0100: 524.585: [GC [PSYoungGen: 121072K->272K(147264K)] 279636K->159172K(496832K), 0.0240250 secs] [Times: user=0.03 sys=0.01, real=0.03 secs] 
2013-08-05T13:15:41.549+0100: 525.029: [GC [PSYoungGen: 120976K->160K(150080K)] 279876K->159278K(499648K), 0.0080080 secs] [Times: user=0.01 sys=0.01, real=0.01 secs] 
Heap
 PSYoungGen      total 150080K, used 101628K [0xa8ba0000, 0xb3640000, 0xb3640000)
  eden space 124416K, 81% used [0xa8ba0000,0xaeeb71e0,0xb0520000)
  from space 25664K, 0% used [0xb1d30000,0xb1d58000,0xb3640000)
  to   space 24640K, 0% used [0xb0520000,0xb0520000,0xb1d30000)
 ParOldGen       total 349568K, used 159118K [0x93640000, 0xa8ba0000, 0xa8ba0000)
  object space 349568K, 45% used [0x93640000,0x9d1a3a10,0xa8ba0000)
 PSPermGen       total 35456K, used 35432K [0x83640000, 0x858e0000, 0x93640000)
  object space 35456K, 99% used [0x83640000,0x858da110,0x858e0000)
