2013-08-04T00:33:02.503+0100: 2.322: [GC [PSYoungGen: 32768K->5433K(38208K)] 32768K->6430K(125632K), 0.0360390 secs] [Times: user=0.02 sys=0.03, real=0.04 secs] 
2013-08-04T00:33:03.700+0100: 3.520: [GC [PSYoungGen: 38201K->5427K(70976K)] 39198K->8165K(158400K), 0.0360380 secs] [Times: user=0.02 sys=0.04, real=0.04 secs] 
2013-08-04T00:33:06.119+0100: 5.938: [GC [PSYoungGen: 70963K->5426K(70976K)] 73701K->15809K(158400K), 0.2963150 secs] [Times: user=0.08 sys=0.10, real=0.29 secs] 
2013-08-04T00:33:07.236+0100: 7.055: [GC [PSYoungGen: 70962K->5433K(136512K)] 81345K->17725K(223936K), 0.0400420 secs] [Times: user=0.03 sys=0.04, real=0.04 secs] 
2013-08-04T00:33:10.768+0100: 10.587: [GC [PSYoungGen: 120327K->5432K(136512K)] 132619K->35742K(223936K), 0.1922040 secs] [Times: user=0.04 sys=0.18, real=0.19 secs] 
2013-08-04T00:33:10.960+0100: 10.779: [Full GC (System) [PSYoungGen: 5432K->0K(136512K)] [ParOldGen: 30309K->30238K(87424K)] 35742K->30238K(223936K) [PSPermGen: 14686K->14673K(29440K)], 0.2482640 secs] [Times: user=0.26 sys=0.13, real=0.25 secs] 
2013-08-04T00:33:13.262+0100: 13.082: [GC [PSYoungGen: 131072K->5430K(121344K)] 161310K->41003K(208768K), 0.0840890 secs] [Times: user=0.04 sys=0.07, real=0.09 secs] 
2013-08-04T00:33:14.792+0100: 14.612: [GC [PSYoungGen: 121334K->13547K(136512K)] 156907K->49120K(223936K), 0.0280290 secs] [Times: user=0.03 sys=0.01, real=0.03 secs] 
2013-08-04T00:33:16.634+0100: 16.453: [GC [PSYoungGen: 129451K->20400K(145472K)] 165024K->59780K(232896K), 0.1561650 secs] [Times: user=0.09 sys=0.18, real=0.16 secs] 
2013-08-04T00:33:17.871+0100: 17.691: [GC [PSYoungGen: 145456K->24325K(149440K)] 184836K->63706K(236864K), 0.1241320 secs] [Times: user=0.04 sys=0.07, real=0.12 secs] 
2013-08-04T00:33:19.085+0100: 18.904: [GC [PSYoungGen: 149381K->20238K(142272K)] 188762K->70039K(229696K), 0.1081140 secs] [Times: user=0.05 sys=0.15, real=0.11 secs] 
2013-08-04T00:33:21.463+0100: 21.283: [GC [PSYoungGen: 137230K->19984K(137024K)] 187031K->82971K(224448K), 0.1361450 secs] [Times: user=0.04 sys=0.07, real=0.13 secs] 
2013-08-04T00:33:22.204+0100: 22.023: [GC [PSYoungGen: 136976K->1080K(143232K)] 199963K->83292K(230656K), 0.1281360 secs] [Times: user=0.02 sys=0.17, real=0.12 secs] 
2013-08-04T00:33:22.332+0100: 22.152: [Full GC [PSYoungGen: 1080K->0K(143232K)] [ParOldGen: 82212K->78079K(141888K)] 83292K->78079K(285120K) [PSPermGen: 23356K->23347K(39680K)], 0.5325660 secs] [Times: user=0.55 sys=0.20, real=0.54 secs] 
2013-08-04T00:53:24.886+0100: 1224.706: [GC [PSYoungGen: 113920K->7589K(144320K)] 191999K->85668K(286208K), 0.0000000 secs] [Times: user=0.00 sys=0.00, real=0.00 secs] 
2013-08-04T00:53:25.819+0100: 1225.638: [GC [PSYoungGen: 121509K->14591K(141504K)] 199588K->99471K(283392K), 0.0560310 secs] [Times: user=0.05 sys=0.05, real=0.06 secs] 
2013-08-04T00:53:27.300+0100: 1227.119: [GC [PSYoungGen: 129087K->10361K(143168K)] 213967K->107427K(285056K), 0.0720410 secs] [Times: user=0.04 sys=0.08, real=0.08 secs] 
2013-08-04T00:53:29.401+0100: 1229.220: [GC [PSYoungGen: 124857K->11799K(143104K)] 221923K->118310K(284992K), 0.1200670 secs] [Times: user=0.02 sys=0.11, real=0.12 secs] 
2013-08-04T00:53:36.398+0100: 1236.217: [GC [PSYoungGen: 130199K->11851K(144896K)] 236710K->129239K(286784K), 0.0680720 secs] [Times: user=0.05 sys=0.07, real=0.06 secs] 
2013-08-04T00:57:05.468+0100: 1445.287: [GC [PSYoungGen: 130251K->15168K(146688K)] 247639K->142999K(288576K), 0.1241310 secs] [Times: user=0.09 sys=0.07, real=0.12 secs] 
2013-08-04T00:57:05.592+0100: 1445.411: [Full GC [PSYoungGen: 15168K->0K(146688K)] [ParOldGen: 127830K->131912K(210880K)] 142999K->131912K(357568K) [PSPermGen: 34722K->34648K(49664K)], 0.9770370 secs] [Times: user=1.00 sys=0.35, real=0.98 secs] 
2013-08-04T00:57:12.003+0100: 1451.826: [GC [PSYoungGen: 122880K->11652K(147776K)] 254792K->143564K(358656K), 0.0560600 secs] [Times: user=0.04 sys=0.03, real=0.06 secs] 
2013-08-04T00:57:36.589+0100: 1476.408: [GC [PSYoungGen: 134532K->4296K(149632K)] 266444K->144339K(360512K), 0.1361440 secs] [Times: user=0.15 sys=0.04, real=0.14 secs] 
2013-08-04T00:57:49.342+0100: 1489.162: [GC [PSYoungGen: 129928K->4224K(150016K)] 269971K->146027K(360896K), 0.1161230 secs] [Times: user=0.06 sys=0.03, real=0.11 secs] 
2013-08-04T00:58:05.419+0100: 1505.243: [GC [PSYoungGen: 129856K->4784K(150080K)] 271659K->146587K(360960K), 0.0680720 secs] [Times: user=0.10 sys=0.02, real=0.07 secs] 
2013-08-04T00:58:18.661+0100: 1518.481: [GC [PSYoungGen: 130608K->5432K(131264K)] 272411K->147235K(342144K), 0.0600640 secs] [Times: user=0.09 sys=0.03, real=0.06 secs] 
2013-08-04T00:58:36.020+0100: 1535.839: [GC [PSYoungGen: 131256K->5072K(150528K)] 273059K->146875K(361408K), 0.0640680 secs] [Times: user=0.11 sys=0.01, real=0.09 secs] 
2013-08-04T00:58:50.712+0100: 1550.531: [GC [PSYoungGen: 131728K->5504K(150016K)] 273531K->147307K(360896K), 0.1081150 secs] [Times: user=0.08 sys=0.03, real=0.10 secs] 
2013-08-04T00:59:03.677+0100: 1563.497: [GC [PSYoungGen: 132160K->5488K(150656K)] 273963K->147291K(361536K), 0.0600640 secs] [Times: user=0.03 sys=0.03, real=0.06 secs] 
2013-08-04T00:59:41.349+0100: 1601.169: [GC [PSYoungGen: 133680K->5031K(150208K)] 275483K->146834K(361088K), 0.0320340 secs] [Times: user=0.04 sys=0.00, real=0.04 secs] 
2013-08-04T01:00:42.074+0100: 1661.893: [GC [PSYoungGen: 133223K->1136K(151552K)] 275026K->142939K(362432K), 0.0200210 secs] [Times: user=0.03 sys=0.01, real=0.02 secs] 
2013-08-04T01:00:42.786+0100: 1662.610: [GC [PSYoungGen: 131376K->1440K(151552K)] 273179K->143243K(362432K), 0.0200210 secs] [Times: user=0.02 sys=0.01, real=0.02 secs] 
2013-08-04T01:00:43.235+0100: 1663.054: [GC [PSYoungGen: 131680K->1536K(152960K)] 273483K->143340K(363840K), 0.0160170 secs] [Times: user=0.02 sys=0.01, real=0.01 secs] 
2013-08-04T01:00:43.948+0100: 1663.767: [GC [PSYoungGen: 133952K->1672K(153024K)] 275756K->143475K(363904K), 0.0480510 secs] [Times: user=0.03 sys=0.01, real=0.05 secs] 
Heap
 PSYoungGen      total 153024K, used 68703K [0xa8ba0000, 0xb3530000, 0xb3640000)
  eden space 132416K, 50% used [0xa8ba0000,0xacd15c48,0xb0cf0000)
  from space 20608K, 8% used [0xb0cf0000,0xb0e92030,0xb2110000)
  to   space 20032K, 0% used [0xb21a0000,0xb21a0000,0xb3530000)
 ParOldGen       total 210880K, used 141803K [0x93640000, 0xa0430000, 0xa8ba0000)
  object space 210880K, 67% used [0x93640000,0x9c0bad98,0xa0430000)
 PSPermGen       total 49664K, used 35331K [0x83640000, 0x866c0000, 0x93640000)
  object space 49664K, 71% used [0x83640000,0x858c0e58,0x866c0000)
