2013-08-04T04:46:51.256+0100: 1.722: [GC [PSYoungGen: 32768K->5433K(38208K)] 32768K->6434K(125632K), 0.0640680 secs] [Times: user=0.01 sys=0.05, real=0.06 secs] 
2013-08-04T04:46:52.386+0100: 2.851: [GC [PSYoungGen: 38201K->5425K(70976K)] 39202K->8166K(158400K), 0.0961020 secs] [Times: user=0.04 sys=0.09, real=0.10 secs] 
2013-08-04T04:46:55.016+0100: 5.482: [GC [PSYoungGen: 70961K->5426K(70976K)] 73702K->15510K(158400K), 0.0760800 secs] [Times: user=0.02 sys=0.11, real=0.08 secs] 
2013-08-04T04:46:55.837+0100: 6.303: [GC [PSYoungGen: 70962K->5430K(136512K)] 81046K->17304K(223936K), 0.0560590 secs] [Times: user=0.05 sys=0.04, real=0.06 secs] 
2013-08-04T04:46:59.273+0100: 9.738: [GC [PSYoungGen: 120351K->5431K(136512K)] 132225K->35322K(223936K), 0.2082210 secs] [Times: user=0.04 sys=0.21, real=0.21 secs] 
2013-08-04T04:46:59.481+0100: 9.947: [Full GC (System) [PSYoungGen: 5431K->0K(136512K)] [ParOldGen: 29891K->30262K(87424K)] 35322K->30262K(223936K) [PSPermGen: 14684K->14672K(29440K)], 0.3643870 secs] [Times: user=0.22 sys=0.11, real=0.37 secs] 
2013-08-04T04:47:01.707+0100: 12.173: [GC [PSYoungGen: 131072K->5437K(121600K)] 161334K->41191K(209024K), 0.1241320 secs] [Times: user=0.02 sys=0.02, real=0.12 secs] 
2013-08-04T04:47:03.305+0100: 13.771: [GC [PSYoungGen: 121597K->13796K(136512K)] 157351K->49550K(223936K), 0.0160170 secs] [Times: user=0.03 sys=0.01, real=0.02 secs] 
2013-08-04T04:47:05.099+0100: 15.565: [GC [PSYoungGen: 129956K->20344K(144768K)] 165710K->60802K(232192K), 0.1401490 secs] [Times: user=0.08 sys=0.15, real=0.14 secs] 
2013-08-04T04:47:06.280+0100: 16.746: [GC [PSYoungGen: 144760K->23710K(148160K)] 185218K->64167K(235584K), 0.0680720 secs] [Times: user=0.06 sys=0.07, real=0.07 secs] 
2013-08-04T04:47:07.041+0100: 17.507: [GC [PSYoungGen: 148126K->20141K(143680K)] 188583K->70730K(231104K), 0.1241320 secs] [Times: user=0.04 sys=0.15, real=0.13 secs] 
2013-08-04T04:47:10.156+0100: 20.622: [GC [PSYoungGen: 137261K->19931K(137088K)] 187850K->83536K(224512K), 0.1281360 secs] [Times: user=0.08 sys=0.12, real=0.12 secs] 
2013-08-04T04:47:10.913+0100: 21.379: [GC [PSYoungGen: 137051K->1064K(143296K)] 200656K->83878K(230720K), 0.0840890 secs] [Times: user=0.00 sys=0.12, real=0.09 secs] 
2013-08-04T04:47:10.997+0100: 21.463: [Full GC [PSYoungGen: 1064K->0K(143296K)] [ParOldGen: 82813K->78506K(142336K)] 83878K->78506K(285632K) [PSPermGen: 23356K->23347K(39680K)], 0.4885190 secs] [Times: user=0.50 sys=0.22, real=0.48 secs] 
2013-08-04T04:47:12.583+0100: 23.048: [GC [PSYoungGen: 114048K->7814K(144384K)] 192554K->86320K(286720K), 0.0200220 secs] [Times: user=0.03 sys=0.00, real=0.02 secs] 
2013-08-04T04:47:13.204+0100: 23.669: [GC [PSYoungGen: 121862K->14554K(141440K)] 200368K->100032K(283776K), 0.0720770 secs] [Times: user=0.05 sys=0.03, real=0.07 secs] 
2013-08-04T04:47:15.058+0100: 25.523: [GC [PSYoungGen: 129178K->10254K(143168K)] 214656K->107943K(285504K), 0.0680720 secs] [Times: user=0.05 sys=0.07, real=0.07 secs] 
2013-08-04T04:47:17.380+0100: 27.846: [GC [PSYoungGen: 124878K->11698K(142912K)] 222567K->118723K(285248K), 0.1361440 secs] [Times: user=0.04 sys=0.12, real=0.14 secs] 
2013-08-04T04:47:25.693+0100: 36.158: [GC [PSYoungGen: 130226K->11789K(144960K)] 237251K->129606K(287296K), 0.1561660 secs] [Times: user=0.05 sys=0.07, real=0.15 secs] 
2013-08-04T04:50:52.913+0100: 243.378: [GC [PSYoungGen: 130317K->6917K(146816K)] 248134K->133108K(289152K), 0.1641750 secs] [Times: user=0.06 sys=0.03, real=0.16 secs] 
2013-08-04T04:50:53.077+0100: 243.542: [Full GC [PSYoungGen: 6917K->0K(146816K)] [ParOldGen: 126191K->121717K(200000K)] 133108K->121717K(346816K) [PSPermGen: 34711K->34639K(49664K)], 1.0290920 secs] [Times: user=0.80 sys=0.24, real=1.03 secs] 
2013-08-04T04:50:57.277+0100: 247.743: [GC [PSYoungGen: 122944K->19450K(148032K)] 244661K->141167K(348032K), 0.0760810 secs] [Times: user=0.06 sys=0.03, real=0.08 secs] 
2013-08-04T04:51:06.063+0100: 256.528: [GC [PSYoungGen: 142394K->4064K(147840K)] 264111K->141717K(347840K), 0.1081150 secs] [Times: user=0.03 sys=0.10, real=0.11 secs] 
2013-08-04T04:51:15.529+0100: 265.994: [GC [PSYoungGen: 125408K->4576K(148032K)] 263061K->144665K(348032K), 0.0640680 secs] [Times: user=0.06 sys=0.05, real=0.07 secs] 
2013-08-04T04:51:22.544+0100: 273.010: [GC [PSYoungGen: 125920K->5312K(147136K)] 266009K->145473K(347136K), 0.0360390 secs] [Times: user=0.03 sys=0.02, real=0.04 secs] 
2013-08-04T04:51:31.962+0100: 282.428: [GC [PSYoungGen: 126848K->7008K(147584K)] 267009K->147169K(347584K), 0.1081150 secs] [Times: user=0.03 sys=0.02, real=0.11 secs] 
2013-08-04T04:51:42.906+0100: 293.371: [GC [PSYoungGen: 128544K->7168K(147200K)] 268705K->147329K(347200K), 0.0880930 secs] [Times: user=0.07 sys=0.03, real=0.09 secs] 
2013-08-04T04:51:52.520+0100: 302.986: [GC [PSYoungGen: 130688K->7783K(147712K)] 270849K->147944K(347712K), 0.0840890 secs] [Times: user=0.07 sys=0.03, real=0.08 secs] 
2013-08-04T04:52:02.595+0100: 313.060: [GC [PSYoungGen: 131303K->7200K(149376K)] 271464K->147361K(349376K), 0.0320340 secs] [Times: user=0.04 sys=0.01, real=0.03 secs] 
2013-08-04T04:52:11.652+0100: 322.118: [GC [PSYoungGen: 134560K->7776K(149696K)] 274721K->147937K(349696K), 0.0840900 secs] [Times: user=0.03 sys=0.04, real=0.09 secs] 
2013-08-04T04:52:22.127+0100: 332.597: [GC [PSYoungGen: 135136K->7640K(151232K)] 275297K->147801K(351232K), 0.0640680 secs] [Times: user=0.04 sys=0.03, real=0.06 secs] 
2013-08-04T04:52:33.199+0100: 343.665: [GC [PSYoungGen: 138648K->7968K(151488K)] 278809K->148129K(351488K), 0.0640680 secs] [Times: user=0.04 sys=0.04, real=0.06 secs] 
2013-08-04T04:52:42.009+0100: 352.474: [GC [PSYoungGen: 138976K->8288K(152960K)] 279137K->148449K(352960K), 0.0720760 secs] [Times: user=0.05 sys=0.04, real=0.07 secs] 
2013-08-04T04:52:53.533+0100: 363.998: [GC [PSYoungGen: 142944K->8136K(153280K)] 283105K->148297K(353280K), 0.0760810 secs] [Times: user=0.05 sys=0.01, real=0.08 secs] 
2013-08-04T04:54:12.457+0100: 442.922: [GC [PSYoungGen: 142792K->5232K(155840K)] 282953K->145393K(355840K), 0.0240250 secs] [Times: user=0.04 sys=0.00, real=0.03 secs] 
2013-08-04T04:55:17.898+0100: 508.364: [GC [PSYoungGen: 143280K->1489K(155648K)] 283441K->141651K(355648K), 0.0160170 secs] [Times: user=0.02 sys=0.00, real=0.02 secs] 
2013-08-04T04:55:18.607+0100: 509.072: [GC [PSYoungGen: 139537K->1617K(156736K)] 279699K->141778K(356736K), 0.0120120 secs] [Times: user=0.02 sys=0.00, real=0.01 secs] 
2013-08-04T04:55:19.115+0100: 509.581: [GC [PSYoungGen: 140497K->1688K(140608K)] 280658K->141849K(340608K), 0.0120130 secs] [Times: user=0.01 sys=0.01, real=0.01 secs] 
2013-08-04T04:55:19.668+0100: 510.133: [GC [PSYoungGen: 140568K->1776K(156992K)] 280729K->141937K(356992K), 0.0080080 secs] [Times: user=0.02 sys=0.01, real=0.01 secs] 
Heap
 PSYoungGen      total 156992K, used 46325K [0xa8b80000, 0xb3620000, 0xb3620000)
  eden space 139200K, 32% used [0xa8b80000,0xab701750,0xb1370000)
  from space 17792K, 9% used [0xb2490000,0xb264c060,0xb35f0000)
  to   space 17536K, 0% used [0xb1370000,0xb1370000,0xb2490000)
 ParOldGen       total 200000K, used 140161K [0x93620000, 0x9f970000, 0xa8b80000)
  object space 200000K, 70% used [0x93620000,0x9bf005b0,0x9f970000)
 PSPermGen       total 49664K, used 35286K [0x83620000, 0x866a0000, 0x93620000)
  object space 49664K, 71% used [0x83620000,0x85895b18,0x866a0000)
