2013-08-03T23:53:58.579+0100: 2.278: [GC [PSYoungGen: 32768K->5427K(38208K)] 32768K->6439K(125632K), 0.0760800 secs] [Times: user=0.04 sys=0.05, real=0.08 secs] 
2013-08-03T23:53:59.604+0100: 3.304: [GC [PSYoungGen: 38195K->5426K(70976K)] 39207K->8161K(158400K), 0.0600630 secs] [Times: user=0.04 sys=0.06, real=0.06 secs] 
2013-08-03T23:54:01.947+0100: 5.646: [GC [PSYoungGen: 70962K->5436K(70976K)] 73697K->15410K(158400K), 0.1081150 secs] [Times: user=0.04 sys=0.15, real=0.10 secs] 
2013-08-03T23:54:02.896+0100: 6.595: [GC [PSYoungGen: 70972K->5431K(136512K)] 80946K->17409K(223936K), 0.0680720 secs] [Times: user=0.04 sys=0.08, real=0.07 secs] 
2013-08-03T23:54:07.280+0100: 10.980: [GC [PSYoungGen: 121581K->5432K(136512K)] 133559K->35274K(223936K), 0.1321400 secs] [Times: user=0.06 sys=0.13, real=0.14 secs] 
2013-08-03T23:54:07.413+0100: 11.112: [Full GC (System) [PSYoungGen: 5432K->0K(136512K)] [ParOldGen: 29841K->30271K(87424K)] 35274K->30271K(223936K) [PSPermGen: 14686K->14673K(29440K)], 0.3964210 secs] [Times: user=0.23 sys=0.21, real=0.39 secs] 
2013-08-03T23:54:10.051+0100: 13.751: [GC [PSYoungGen: 131072K->5431K(121728K)] 161343K->41102K(209152K), 0.0560590 secs] [Times: user=0.04 sys=0.03, real=0.06 secs] 
2013-08-03T23:54:12.582+0100: 16.285: [GC [PSYoungGen: 121719K->13855K(136512K)] 157390K->49526K(223936K), 0.0280300 secs] [Times: user=0.05 sys=0.00, real=0.02 secs] 
2013-08-03T23:54:15.201+0100: 18.900: [GC [PSYoungGen: 130143K->20215K(144768K)] 165814K->60728K(232192K), 0.2202340 secs] [Times: user=0.04 sys=0.22, real=0.23 secs] 
2013-08-03T23:54:16.494+0100: 20.193: [GC [PSYoungGen: 144759K->23706K(148288K)] 185272K->64218K(235712K), 0.2402550 secs] [Times: user=0.18 sys=0.11, real=0.24 secs] 
2013-08-03T23:54:18.068+0100: 21.767: [GC [PSYoungGen: 148250K->19713K(143936K)] 188762K->70206K(231360K), 0.1161240 secs] [Times: user=0.06 sys=0.11, real=0.12 secs] 
2013-08-03T23:54:21.315+0100: 25.015: [GC [PSYoungGen: 137217K->20003K(137536K)] 187710K->83603K(224960K), 0.1001060 secs] [Times: user=0.04 sys=0.14, real=0.10 secs] 
2013-08-03T23:54:22.236+0100: 25.936: [GC [PSYoungGen: 137507K->1056K(143424K)] 201107K->83917K(230848K), 0.1201270 secs] [Times: user=0.04 sys=0.12, real=0.12 secs] 
2013-08-03T23:54:22.356+0100: 26.056: [Full GC [PSYoungGen: 1056K->0K(143424K)] [ParOldGen: 82860K->78155K(143040K)] 83917K->78155K(286464K) [PSPermGen: 23351K->23343K(39680K)], 0.7608080 secs] [Times: user=0.48 sys=0.15, real=0.76 secs] 
2013-08-03T23:54:24.391+0100: 28.090: [GC [PSYoungGen: 114304K->7658K(144512K)] 192459K->85814K(287552K), 0.0160170 secs] [Times: user=0.03 sys=0.00, real=0.01 secs] 
2013-08-03T23:54:25.292+0100: 28.991: [GC [PSYoungGen: 121962K->14852K(141824K)] 200118K->99874K(284864K), 0.0760810 secs] [Times: user=0.04 sys=0.07, real=0.07 secs] 
2013-08-03T23:54:27.770+0100: 31.469: [GC [PSYoungGen: 129732K->10265K(143424K)] 214754K->107770K(286464K), 0.0961020 secs] [Times: user=0.02 sys=0.10, real=0.10 secs] 
2013-08-03T23:54:30.986+0100: 34.685: [GC [PSYoungGen: 125145K->11940K(142912K)] 222650K->118793K(285952K), 0.1121190 secs] [Times: user=0.05 sys=0.11, real=0.11 secs] 
2013-08-03T23:54:57.001+0100: 60.700: [GC [PSYoungGen: 130468K->11399K(144896K)] 237321K->129274K(287936K), 0.1361450 secs] [Times: user=0.02 sys=0.08, real=0.13 secs] 
2013-08-03T23:58:04.644+0100: 248.348: [GC [PSYoungGen: 129927K->19376K(147072K)] 247802K->137251K(290112K), 0.0920970 secs] [Times: user=0.09 sys=0.03, real=0.09 secs] 
2013-08-03T23:58:12.749+0100: 256.448: [GC [PSYoungGen: 141104K->26484K(148224K)] 258979K->146245K(291264K), 0.0800850 secs] [Times: user=0.07 sys=0.03, real=0.08 secs] 
2013-08-03T23:58:25.106+0100: 268.805: [GC [PSYoungGen: 148212K->10832K(141568K)] 267973K->149040K(284608K), 0.0840890 secs] [Times: user=0.08 sys=0.04, real=0.09 secs] 
2013-08-03T23:58:25.190+0100: 268.889: [Full GC [PSYoungGen: 10832K->0K(141568K)] [ParOldGen: 138208K->135852K(227584K)] 149040K->135852K(369152K) [PSPermGen: 35079K->35005K(49920K)], 1.0050670 secs] [Times: user=0.63 sys=0.56, real=1.00 secs] 
2013-08-03T23:58:38.148+0100: 281.847: [GC [PSYoungGen: 115072K->3008K(118080K)] 250924K->138860K(345664K), 0.0720770 secs] [Times: user=0.01 sys=0.01, real=0.07 secs] 
2013-08-03T23:58:50.093+0100: 293.792: [GC [PSYoungGen: 118080K->3232K(144320K)] 253932K->139084K(371904K), 0.0560590 secs] [Times: user=0.02 sys=0.00, real=0.06 secs] 
2013-08-03T23:59:02.218+0100: 305.917: [GC [PSYoungGen: 117280K->3544K(117632K)] 253132K->139396K(345216K), 0.0280300 secs] [Times: user=0.02 sys=0.00, real=0.03 secs] 
2013-08-03T23:59:14.607+0100: 318.310: [GC [PSYoungGen: 117592K->4184K(144768K)] 253444K->140036K(372352K), 0.0880930 secs] [Times: user=0.05 sys=0.01, real=0.09 secs] 
2013-08-03T23:59:27.420+0100: 331.119: [GC [PSYoungGen: 118872K->4176K(118912K)] 254724K->140028K(346496K), 0.0240260 secs] [Times: user=0.04 sys=0.00, real=0.03 secs] 
2013-08-03T23:59:40.418+0100: 344.117: [GC [PSYoungGen: 118864K->4224K(144704K)] 254716K->140076K(372288K), 0.0600640 secs] [Times: user=0.05 sys=0.01, real=0.06 secs] 
2013-08-03T23:59:53.484+0100: 357.183: [GC [PSYoungGen: 120192K->4416K(143872K)] 256044K->140268K(371456K), 0.0640680 secs] [Times: user=0.02 sys=0.05, real=0.07 secs] 
2013-08-04T00:00:40.838+0100: 404.537: [GC [PSYoungGen: 120384K->2617K(145728K)] 256236K->138469K(373312K), 0.0560600 secs] [Times: user=0.04 sys=0.01, real=0.06 secs] 
2013-08-04T00:00:42.088+0100: 405.787: [GC [PSYoungGen: 121401K->1321K(145024K)] 257253K->137173K(372608K), 0.0160170 secs] [Times: user=0.02 sys=0.00, real=0.01 secs] 
2013-08-04T00:00:42.948+0100: 406.648: [GC [PSYoungGen: 120105K->1440K(147712K)] 255957K->137292K(375296K), 0.0080080 secs] [Times: user=0.01 sys=0.00, real=0.01 secs] 
2013-08-04T00:00:43.593+0100: 407.292: [GC [PSYoungGen: 123744K->1489K(147200K)] 259596K->137341K(374784K), 0.0520550 secs] [Times: user=0.01 sys=0.02, real=0.05 secs] 
2013-08-04T00:00:43.990+0100: 407.689: [GC [PSYoungGen: 123793K->1673K(148928K)] 259645K->137525K(376512K), 0.0160170 secs] [Times: user=0.01 sys=0.00, real=0.01 secs] 
Heap
 PSYoungGen      total 148928K, used 30082K [0xa8ba0000, 0xb33b0000, 0xb3640000)
  eden space 125312K, 22% used [0xa8ba0000,0xaa75e7a0,0xb0600000)
  from space 23616K, 7% used [0xb1ca0000,0xb1e42428,0xb33b0000)
  to   space 23168K, 0% used [0xb0600000,0xb0600000,0xb1ca0000)
 ParOldGen       total 227584K, used 135852K [0x93640000, 0xa1480000, 0xa8ba0000)
  object space 227584K, 59% used [0x93640000,0x9baeb020,0xa1480000)
 PSPermGen       total 49920K, used 35242K [0x83640000, 0x86700000, 0x93640000)
  object space 49920K, 70% used [0x83640000,0x858aa9e8,0x86700000)
