2013-08-04T02:27:12.423+0100: 1.802: [GC [PSYoungGen: 32768K->5426K(38208K)] 32768K->6438K(125632K), 0.0360380 secs] [Times: user=0.03 sys=0.03, real=0.04 secs] 
2013-08-04T02:27:13.468+0100: 2.847: [GC [PSYoungGen: 38194K->5433K(70976K)] 39206K->8168K(158400K), 0.0440470 secs] [Times: user=0.02 sys=0.04, real=0.04 secs] 
2013-08-04T02:27:15.666+0100: 5.045: [GC [PSYoungGen: 70969K->5432K(70976K)] 73704K->15822K(158400K), 0.1601700 secs] [Times: user=0.04 sys=0.17, real=0.16 secs] 
2013-08-04T02:27:16.403+0100: 5.782: [GC [PSYoungGen: 70968K->5432K(136512K)] 81358K->17870K(223936K), 0.0560600 secs] [Times: user=0.03 sys=0.06, real=0.05 secs] 
2013-08-04T02:27:19.919+0100: 9.298: [GC [PSYoungGen: 119890K->5435K(136512K)] 132328K->35870K(223936K), 0.2042160 secs] [Times: user=0.07 sys=0.23, real=0.20 secs] 
2013-08-04T02:27:20.123+0100: 9.502: [Full GC (System) [PSYoungGen: 5435K->0K(136512K)] [ParOldGen: 30434K->30249K(87424K)] 35870K->30249K(223936K) [PSPermGen: 14688K->14675K(29440K)], 0.3603830 secs] [Times: user=0.34 sys=0.15, real=0.36 secs] 
2013-08-04T02:27:22.525+0100: 11.905: [GC [PSYoungGen: 131072K->5434K(121408K)] 161321K->41001K(208832K), 0.0440470 secs] [Times: user=0.03 sys=0.04, real=0.05 secs] 
2013-08-04T02:27:24.411+0100: 13.791: [GC [PSYoungGen: 121402K->13512K(136512K)] 156969K->49078K(223936K), 0.0240260 secs] [Times: user=0.04 sys=0.00, real=0.02 secs] 
2013-08-04T02:27:26.930+0100: 16.309: [GC [PSYoungGen: 129480K->20337K(145024K)] 165046K->60298K(232448K), 0.1321410 secs] [Times: user=0.08 sys=0.14, real=0.14 secs] 
2013-08-04T02:27:28.075+0100: 17.455: [GC [PSYoungGen: 145009K->23689K(148416K)] 184970K->63649K(235840K), 0.0680720 secs] [Times: user=0.04 sys=0.06, real=0.07 secs] 
2013-08-04T02:27:29.000+0100: 18.380: [GC [PSYoungGen: 148361K->19774K(143936K)] 188321K->69789K(231360K), 0.1361440 secs] [Times: user=0.08 sys=0.13, real=0.14 secs] 
2013-08-04T02:27:32.608+0100: 21.987: [GC [PSYoungGen: 137406K->20033K(137728K)] 187421K->83181K(225152K), 0.1161230 secs] [Times: user=0.04 sys=0.12, real=0.11 secs] 
2013-08-04T02:27:33.713+0100: 23.093: [GC [PSYoungGen: 137665K->1064K(143552K)] 200813K->83492K(230976K), 0.1841950 secs] [Times: user=0.07 sys=0.15, real=0.18 secs] 
2013-08-04T02:27:33.897+0100: 23.277: [Full GC [PSYoungGen: 1064K->0K(143552K)] [ParOldGen: 82427K->78305K(142848K)] 83492K->78305K(286400K) [PSPermGen: 23357K->23348K(39680K)], 0.6566970 secs] [Times: user=0.61 sys=0.18, real=0.66 secs] 
2013-08-04T02:27:35.567+0100: 24.946: [GC [PSYoungGen: 114432K->7762K(144576K)] 192737K->86067K(287424K), 0.0120120 secs] [Times: user=0.03 sys=0.01, real=0.01 secs] 
2013-08-04T02:27:36.208+0100: 25.587: [GC [PSYoungGen: 122194K->14585K(141632K)] 200499K->99814K(284480K), 0.0320340 secs] [Times: user=0.03 sys=0.01, real=0.03 secs] 
2013-08-04T02:27:38.114+0100: 27.493: [GC [PSYoungGen: 129529K->10349K(143360K)] 214758K->107799K(286208K), 0.1201270 secs] [Times: user=0.05 sys=0.10, real=0.12 secs] 
2013-08-04T02:27:40.657+0100: 30.036: [GC [PSYoungGen: 125293K->11839K(143040K)] 222743K->118717K(285888K), 0.1281360 secs] [Times: user=0.07 sys=0.10, real=0.13 secs] 
2013-08-04T02:27:51.176+0100: 40.555: [GC [PSYoungGen: 130623K->11670K(145088K)] 237501K->129484K(287936K), 0.1001060 secs] [Times: user=0.06 sys=0.10, real=0.10 secs] 
2013-08-04T02:31:14.231+0100: 243.611: [GC [PSYoungGen: 130454K->18163K(148096K)] 248268K->144227K(290944K), 0.0600630 secs] [Times: user=0.06 sys=0.03, real=0.06 secs] 
2013-08-04T02:31:14.291+0100: 243.671: [Full GC [PSYoungGen: 18163K->0K(148096K)] [ParOldGen: 126064K->132902K(214592K)] 144227K->132902K(362688K) [PSPermGen: 34781K->34708K(49664K)], 1.0851520 secs] [Times: user=0.36 sys=0.77, real=1.08 secs] 
2013-08-04T02:31:17.527+0100: 246.906: [GC [PSYoungGen: 122880K->7238K(148800K)] 255782K->140141K(363392K), 0.0280300 secs] [Times: user=0.03 sys=0.00, real=0.03 secs] 
2013-08-04T02:31:22.876+0100: 252.256: [GC [PSYoungGen: 130118K->8728K(147456K)] 263021K->141630K(362048K), 0.0440470 secs] [Times: user=0.06 sys=0.01, real=0.04 secs] 
2013-08-04T02:31:34.004+0100: 263.384: [GC [PSYoungGen: 131800K->10911K(148224K)] 264702K->143813K(362816K), 0.0840890 secs] [Times: user=0.06 sys=0.05, real=0.09 secs] 
2013-08-04T02:31:47.310+0100: 276.690: [GC [PSYoungGen: 133983K->11013K(147904K)] 266885K->143915K(362496K), 0.0400420 secs] [Times: user=0.05 sys=0.01, real=0.04 secs] 
2013-08-04T02:31:59.928+0100: 289.307: [GC [PSYoungGen: 136453K->10846K(148608K)] 269355K->143748K(363200K), 0.0400420 secs] [Times: user=0.06 sys=0.02, real=0.04 secs] 
2013-08-04T02:32:12.861+0100: 302.241: [GC [PSYoungGen: 136286K->11673K(149824K)] 269188K->144575K(364416K), 0.0760810 secs] [Times: user=0.10 sys=0.03, real=0.08 secs] 
2013-08-04T02:32:22.187+0100: 311.567: [GC [PSYoungGen: 140953K->10838K(150592K)] 273855K->143740K(365184K), 0.0360390 secs] [Times: user=0.04 sys=0.01, real=0.03 secs] 
2013-08-04T02:32:33.043+0100: 322.422: [GC [PSYoungGen: 140118K->11431K(151872K)] 273020K->144333K(366464K), 0.0840890 secs] [Times: user=0.05 sys=0.03, real=0.09 secs] 
2013-08-04T02:32:43.162+0100: 332.541: [GC [PSYoungGen: 144295K->11655K(152640K)] 277197K->144557K(367232K), 0.0360380 secs] [Times: user=0.04 sys=0.01, real=0.04 secs] 
2013-08-04T02:32:52.712+0100: 342.091: [GC [PSYoungGen: 144519K->13023K(154432K)] 277421K->145925K(369024K), 0.0800850 secs] [Times: user=0.04 sys=0.01, real=0.08 secs] 
2013-08-04T02:33:00.588+0100: 349.967: [GC [PSYoungGen: 148959K->10950K(154688K)] 281861K->143852K(369280K), 0.0520550 secs] [Times: user=0.04 sys=0.02, real=0.06 secs] 
2013-08-04T02:33:47.886+0100: 397.266: [GC [PSYoungGen: 146886K->10678K(155328K)] 279788K->143581K(369920K), 0.0520550 secs] [Times: user=0.07 sys=0.01, real=0.05 secs] 
2013-08-04T02:35:35.148+0100: 504.527: [GC [PSYoungGen: 148406K->3801K(155520K)] 281309K->136703K(370112K), 0.0200210 secs] [Times: user=0.03 sys=0.00, real=0.02 secs] 
2013-08-04T02:35:36.293+0100: 505.673: [GC [PSYoungGen: 141529K->4056K(155392K)] 274431K->136958K(369984K), 0.0160170 secs] [Times: user=0.02 sys=0.01, real=0.01 secs] 
2013-08-04T02:35:36.890+0100: 506.269: [GC [PSYoungGen: 140888K->4167K(141056K)] 273790K->137074K(355648K), 0.0160170 secs] [Times: user=0.01 sys=0.01, real=0.02 secs] 
2013-08-04T02:35:37.443+0100: 506.822: [GC [PSYoungGen: 140999K->2192K(155008K)] 273906K->137252K(369600K), 0.0200210 secs] [Times: user=0.03 sys=0.01, real=0.02 secs] 
Heap
 PSYoungGen      total 155008K, used 97203K [0xa8c00000, 0xb36a0000, 0xb36a0000)
  eden space 135936K, 69% used [0xa8c00000,0xae8c8d80,0xb10c0000)
  from space 19072K, 11% used [0xb2400000,0xb2624080,0xb36a0000)
  to   space 19392K, 0% used [0xb10c0000,0xb10c0000,0xb23b0000)
 ParOldGen       total 214592K, used 135060K [0x936a0000, 0xa0830000, 0xa8c00000)
  object space 214592K, 62% used [0x936a0000,0x9ba85168,0xa0830000)
 PSPermGen       total 49664K, used 35608K [0x836a0000, 0x86720000, 0x936a0000)
  object space 49664K, 71% used [0x836a0000,0x85966030,0x86720000)
