2013-07-15T22:15:36.331+0100: 1.564: [GC [PSYoungGen: 32768K->5435K(38208K)] 32768K->6432K(125632K), 0.0119080 secs] [Times: user=0.01 sys=0.00, real=0.02 secs] 
2013-07-15T22:15:37.184+0100: 2.417: [GC [PSYoungGen: 38203K->5427K(38208K)] 39200K->8161K(125632K), 0.0163510 secs] [Times: user=0.02 sys=0.01, real=0.02 secs] 
2013-07-15T22:15:38.171+0100: 3.403: [GC [PSYoungGen: 38195K->5427K(38208K)] 40929K->12336K(125632K), 0.0235850 secs] [Times: user=0.05 sys=0.01, real=0.03 secs] 
2013-07-15T22:15:39.035+0100: 4.268: [GC [PSYoungGen: 38195K->5427K(70976K)] 45104K->15592K(158400K), 0.0239400 secs] [Times: user=0.03 sys=0.01, real=0.02 secs] 
2013-07-15T22:15:39.651+0100: 4.884: [GC [PSYoungGen: 70963K->5428K(70976K)] 81128K->17798K(158400K), 0.0247700 secs] [Times: user=0.04 sys=0.01, real=0.02 secs] 
2013-07-15T22:15:41.568+0100: 6.800: [GC [PSYoungGen: 70964K->9845K(138368K)] 83334K->25345K(225792K), 0.0528930 secs] [Times: user=0.09 sys=0.01, real=0.06 secs] 
2013-07-15T22:15:42.993+0100: 8.226: [GC [PSYoungGen: 59308K->12415K(140928K)] 74807K->35548K(228352K), 0.0371330 secs] [Times: user=0.05 sys=0.02, real=0.03 secs] 
2013-07-15T22:15:43.031+0100: 8.264: [Full GC (System) [PSYoungGen: 12415K->0K(140928K)] [ParOldGen: 23132K->30639K(87424K)] 35548K->30639K(228352K) [PSPermGen: 14655K->14643K(29440K)], 0.2063430 secs] [Times: user=0.32 sys=0.04, real=0.21 secs] 
2013-07-15T22:15:44.826+0100: 10.059: [GC [PSYoungGen: 128512K->10672K(149376K)] 159151K->41311K(236800K), 0.0210160 secs] [Times: user=0.04 sys=0.00, real=0.02 secs] 
2013-07-15T22:15:46.329+0100: 11.562: [GC [PSYoungGen: 142448K->16891K(148672K)] 173087K->49515K(236096K), 0.0571030 secs] [Times: user=0.09 sys=0.00, real=0.06 secs] 
2013-07-15T22:15:48.128+0100: 13.361: [GC [PSYoungGen: 148667K->19580K(143360K)] 181291K->61946K(230784K), 0.0509000 secs] [Times: user=0.08 sys=0.00, real=0.04 secs] 
2013-07-15T22:15:49.082+0100: 14.315: [GC [PSYoungGen: 143356K->3430K(127232K)] 185722K->64448K(214656K), 0.0639930 secs] [Times: user=0.09 sys=0.02, real=0.06 secs] 
2013-07-15T22:15:50.013+0100: 15.246: [GC [PSYoungGen: 127206K->10091K(149888K)] 188224K->74458K(237312K), 0.0232940 secs] [Times: user=0.04 sys=0.00, real=0.02 secs] 
2013-07-15T22:15:53.412+0100: 18.645: [GC [PSYoungGen: 134123K->9806K(133888K)] 198490K->84071K(221312K), 0.0312410 secs] [Times: user=0.06 sys=0.01, real=0.03 secs] 
2013-07-15T22:15:53.443+0100: 18.676: [Full GC [PSYoungGen: 9806K->0K(133888K)] [ParOldGen: 74265K->79321K(144960K)] 84071K->79321K(278848K) [PSPermGen: 23192K->23183K(39424K)], 0.3947040 secs] [Times: user=0.66 sys=0.04, real=0.39 secs] 
2013-07-15T22:15:54.518+0100: 19.750: [GC [PSYoungGen: 124032K->1168K(147328K)] 203353K->80490K(292288K), 0.0089680 secs] [Times: user=0.02 sys=0.00, real=0.01 secs] 
2013-07-15T22:15:56.203+0100: 21.436: [GC [PSYoungGen: 124624K->15440K(147904K)] 203946K->94762K(292864K), 0.0217560 secs] [Times: user=0.04 sys=0.00, real=0.02 secs] 
2013-07-15T22:15:57.453+0100: 22.686: [GC [PSYoungGen: 138896K->24885K(141376K)] 218218K->105608K(286336K), 0.0286640 secs] [Times: user=0.05 sys=0.00, real=0.03 secs] 
2013-07-15T22:15:59.345+0100: 24.578: [GC [PSYoungGen: 141365K->22684K(139200K)] 222088K->109017K(284160K), 0.0330460 secs] [Times: user=0.05 sys=0.01, real=0.03 secs] 
2013-07-15T22:16:02.170+0100: 27.403: [GC [PSYoungGen: 139164K->31162K(133440K)] 225497K->118364K(278400K), 0.0419670 secs] [Times: user=0.07 sys=0.01, real=0.04 secs] 
2013-07-15T22:18:08.245+0100: 153.478: [GC [PSYoungGen: 133434K->17483K(138496K)] 220636K->121097K(283456K), 0.0423220 secs] [Times: user=0.06 sys=0.02, real=0.04 secs] 
2013-07-15T22:20:32.273+0100: 297.505: [GC [PSYoungGen: 119755K->28465K(134208K)] 223369K->132080K(279168K), 0.0381800 secs] [Times: user=0.07 sys=0.01, real=0.03 secs] 
2013-07-15T22:20:37.403+0100: 302.636: [GC [PSYoungGen: 127793K->37695K(137024K)] 231408K->146160K(281984K), 0.0862440 secs] [Times: user=0.16 sys=0.01, real=0.08 secs] 
2013-07-15T22:20:58.431+0100: 323.664: [GC [PSYoungGen: 137023K->27890K(121152K)] 245488K->148732K(266112K), 0.0620490 secs] [Times: user=0.10 sys=0.01, real=0.06 secs] 
2013-07-15T22:21:09.057+0100: 334.290: [GC [PSYoungGen: 111346K->28420K(111936K)] 232188K->149262K(256896K), 0.0302510 secs] [Times: user=0.05 sys=0.01, real=0.04 secs] 
2013-07-15T22:21:19.539+0100: 344.772: [GC [PSYoungGen: 111876K->28459K(128128K)] 232718K->149301K(273088K), 0.0413310 secs] [Times: user=0.07 sys=0.00, real=0.05 secs] 
2013-07-15T22:21:29.618+0100: 354.851: [GC [PSYoungGen: 110507K->28531K(128384K)] 231349K->149373K(273344K), 0.0475450 secs] [Times: user=0.08 sys=0.00, real=0.05 secs] 
2013-07-15T22:21:40.009+0100: 365.242: [GC [PSYoungGen: 110579K->28506K(128000K)] 231421K->149348K(272960K), 0.0565420 secs] [Times: user=0.07 sys=0.01, real=0.05 secs] 
2013-07-15T22:21:50.345+0100: 375.578: [GC [PSYoungGen: 110554K->28595K(128192K)] 231396K->149437K(273152K), 0.0356530 secs] [Times: user=0.05 sys=0.01, real=0.04 secs] 
2013-07-15T22:22:00.453+0100: 385.686: [GC [PSYoungGen: 110643K->28788K(128000K)] 231485K->149630K(272960K), 0.0425230 secs] [Times: user=0.06 sys=0.01, real=0.05 secs] 
2013-07-15T22:22:10.760+0100: 395.993: [GC [PSYoungGen: 111476K->28626K(128256K)] 232318K->149468K(273216K), 0.0317030 secs] [Times: user=0.04 sys=0.00, real=0.03 secs] 
2013-07-15T22:22:20.964+0100: 406.197: [GC [PSYoungGen: 111314K->28644K(128256K)] 232156K->149485K(273216K), 0.0328270 secs] [Times: user=0.06 sys=0.00, real=0.03 secs] 
2013-07-15T22:22:31.361+0100: 416.593: [GC [PSYoungGen: 112740K->29004K(128576K)] 233581K->149846K(273536K), 0.0375970 secs] [Times: user=0.05 sys=0.01, real=0.04 secs] 
2013-07-15T22:22:41.709+0100: 426.941: [GC [PSYoungGen: 113100K->28732K(129088K)] 233942K->149573K(274048K), 0.0315920 secs] [Times: user=0.04 sys=0.00, real=0.03 secs] 
2013-07-15T22:22:52.611+0100: 437.844: [GC [PSYoungGen: 114940K->28801K(129600K)] 235781K->149642K(274560K), 0.0398300 secs] [Times: user=0.06 sys=0.00, real=0.03 secs] 
2013-07-15T22:23:03.664+0100: 448.897: [GC [PSYoungGen: 115009K->28804K(129280K)] 235850K->149646K(274240K), 0.0370070 secs] [Times: user=0.05 sys=0.00, real=0.03 secs] 
2013-07-15T22:23:14.600+0100: 459.833: [GC [PSYoungGen: 116932K->17246K(130240K)] 237774K->149814K(275200K), 0.0373680 secs] [Times: user=0.05 sys=0.01, real=0.03 secs] 
2013-07-15T22:23:14.638+0100: 459.871: [Full GC [PSYoungGen: 17246K->0K(130240K)] [ParOldGen: 132568K->128812K(239296K)] 149814K->128812K(369536K) [PSPermGen: 35179K->34949K(50176K)], 0.7556100 secs] [Times: user=1.23 sys=0.11, real=0.76 secs] 
2013-07-15T22:23:26.684+0100: 471.917: [GC [PSYoungGen: 88128K->2720K(128192K)] 216940K->131532K(367488K), 0.0217300 secs] [Times: user=0.03 sys=0.00, real=0.02 secs] 
2013-07-15T22:23:37.832+0100: 483.065: [GC [PSYoungGen: 88864K->2736K(88896K)] 217676K->131548K(328192K), 0.0191030 secs] [Times: user=0.02 sys=0.00, real=0.02 secs] 
2013-07-15T22:23:48.724+0100: 493.957: [GC [PSYoungGen: 88880K->2768K(127808K)] 217692K->131580K(367104K), 0.0197040 secs] [Times: user=0.02 sys=0.01, real=0.02 secs] 
2013-07-15T22:23:59.257+0100: 504.490: [GC [PSYoungGen: 84944K->2736K(84928K)] 213756K->131548K(324224K), 0.0320500 secs] [Times: user=0.05 sys=0.00, real=0.04 secs] 
2013-07-15T22:24:09.616+0100: 514.849: [GC [PSYoungGen: 84912K->2704K(128640K)] 213724K->131516K(367936K), 0.0218420 secs] [Times: user=0.03 sys=0.00, real=0.02 secs] 
2013-07-15T22:24:20.497+0100: 525.730: [GC [PSYoungGen: 84944K->2752K(84992K)] 213756K->131564K(324288K), 0.0149860 secs] [Times: user=0.02 sys=0.01, real=0.01 secs] 
2013-07-15T22:24:31.213+0100: 536.446: [GC [PSYoungGen: 84992K->2736K(128448K)] 213804K->131548K(367744K), 0.0212410 secs] [Times: user=0.03 sys=0.00, real=0.02 secs] 
2013-07-15T22:24:41.934+0100: 547.167: [GC [PSYoungGen: 86000K->2784K(127616K)] 214812K->131596K(366912K), 0.0156440 secs] [Times: user=0.01 sys=0.02, real=0.02 secs] 
2013-07-15T22:24:52.811+0100: 558.044: [GC [PSYoungGen: 86048K->2832K(125056K)] 214860K->131644K(364352K), 0.0145690 secs] [Times: user=0.01 sys=0.01, real=0.02 secs] 
2013-07-15T22:25:03.876+0100: 569.109: [GC [PSYoungGen: 87696K->2880K(126592K)] 216508K->131692K(365888K), 0.0182800 secs] [Times: user=0.03 sys=0.00, real=0.01 secs] 
2013-07-15T22:25:15.098+0100: 580.331: [GC [PSYoungGen: 87744K->2928K(123456K)] 216556K->131740K(362752K), 0.0271680 secs] [Times: user=0.04 sys=0.00, real=0.03 secs] 
2013-07-15T22:25:26.576+0100: 591.809: [GC [PSYoungGen: 89456K->2976K(125056K)] 218268K->131788K(364352K), 0.0384970 secs] [Times: user=0.03 sys=0.01, real=0.04 secs] 
2013-07-15T22:25:39.900+0100: 605.133: [GC [PSYoungGen: 89504K->3232K(121664K)] 218316K->132044K(360960K), 0.0193100 secs] [Times: user=0.02 sys=0.01, real=0.02 secs] 
2013-07-15T22:25:50.724+0100: 615.957: [GC [PSYoungGen: 91616K->3984K(123520K)] 220428K->132796K(362816K), 0.0359840 secs] [Times: user=0.04 sys=0.01, real=0.03 secs] 
2013-07-15T22:26:01.477+0100: 626.710: [GC [PSYoungGen: 92368K->3552K(120064K)] 221180K->132364K(359360K), 0.0222760 secs] [Times: user=0.03 sys=0.00, real=0.03 secs] 
2013-07-15T22:26:12.498+0100: 637.731: [GC [PSYoungGen: 93920K->3744K(121920K)] 222732K->132600K(361216K), 0.0257200 secs] [Times: user=0.03 sys=0.01, real=0.03 secs] 
2013-07-15T22:26:23.253+0100: 648.486: [GC [PSYoungGen: 94112K->3648K(118848K)] 222968K->132532K(358144K), 0.0265490 secs] [Times: user=0.02 sys=0.01, real=0.03 secs] 
2013-07-15T22:26:34.408+0100: 659.641: [GC [PSYoungGen: 96000K->3688K(120512K)] 224884K->132600K(359808K), 0.0361900 secs] [Times: user=0.03 sys=0.01, real=0.03 secs] 
2013-07-15T22:26:45.973+0100: 671.206: [GC [PSYoungGen: 96040K->3664K(117888K)] 224952K->132604K(357184K), 0.0190720 secs] [Times: user=0.02 sys=0.01, real=0.02 secs] 
2013-07-15T22:26:57.408+0100: 682.641: [GC [PSYoungGen: 98064K->3760K(119552K)] 227004K->132728K(358848K), 0.0361410 secs] [Times: user=0.03 sys=0.01, real=0.03 secs] 
2013-07-15T22:27:08.683+0100: 693.916: [GC [PSYoungGen: 98160K->3712K(117632K)] 227128K->132708K(356928K), 0.0262720 secs] [Times: user=0.02 sys=0.01, real=0.03 secs] 
2013-07-15T22:27:20.195+0100: 705.428: [GC [PSYoungGen: 100352K->3808K(118976K)] 229348K->132832K(358272K), 0.0386570 secs] [Times: user=0.04 sys=0.01, real=0.03 secs] 
2013-07-15T22:27:31.685+0100: 716.918: [GC [PSYoungGen: 100435K->4145K(116928K)] 229459K->133209K(356224K), 0.0194850 secs] [Times: user=0.02 sys=0.00, real=0.02 secs] 
2013-07-15T22:27:43.679+0100: 728.911: [GC [PSYoungGen: 102961K->4000K(118528K)] 232025K->133092K(357824K), 0.0288010 secs] [Times: user=0.03 sys=0.02, real=0.03 secs] 
2013-07-15T22:27:55.448+0100: 740.681: [GC [PSYoungGen: 102816K->3856K(117632K)] 231908K->132976K(356928K), 0.0334980 secs] [Times: user=0.04 sys=0.00, real=0.03 secs] 
2013-07-15T22:28:07.650+0100: 752.883: [GC [PSYoungGen: 104976K->4176K(118592K)] 234096K->133324K(357888K), 0.0414520 secs] [Times: user=0.05 sys=0.01, real=0.05 secs] 
2013-07-15T22:28:20.504+0100: 765.737: [GC [PSYoungGen: 105296K->4144K(118016K)] 234444K->133320K(357312K), 0.0319290 secs] [Times: user=0.04 sys=0.01, real=0.03 secs] 
2013-07-15T22:28:33.434+0100: 778.667: [GC [PSYoungGen: 107696K->4048K(119040K)] 236872K->133252K(358336K), 0.0647360 secs] [Times: user=0.04 sys=0.03, real=0.06 secs] 
2013-07-15T22:28:46.112+0100: 791.345: [GC [PSYoungGen: 107600K->4016K(118976K)] 236804K->133248K(358272K), 0.0271340 secs] [Times: user=0.04 sys=0.01, real=0.03 secs] 
2013-07-15T22:28:59.123+0100: 804.356: [GC [PSYoungGen: 110320K->4144K(120064K)] 239552K->133400K(359360K), 0.0248780 secs] [Times: user=0.02 sys=0.00, real=0.02 secs] 
2013-07-15T22:29:11.788+0100: 817.022: [GC [PSYoungGen: 110448K->4576K(120128K)] 239704K->133860K(359424K), 0.0340700 secs] [Times: user=0.05 sys=0.00, real=0.04 secs] 
2013-07-15T22:29:25.351+0100: 830.584: [GC [PSYoungGen: 113440K->4288K(121024K)] 242724K->133600K(360320K), 0.0233490 secs] [Times: user=0.02 sys=0.01, real=0.02 secs] 
2013-07-15T22:29:38.578+0100: 843.811: [GC [PSYoungGen: 113152K->4336K(121408K)] 242464K->133676K(360704K), 0.0336930 secs] [Times: user=0.03 sys=0.01, real=0.03 secs] 
2013-07-15T22:29:52.052+0100: 857.285: [GC [PSYoungGen: 115568K->4304K(122112K)] 244908K->133676K(361408K), 0.0214890 secs] [Times: user=0.03 sys=0.00, real=0.02 secs] 
2013-07-15T22:30:05.802+0100: 871.035: [GC [PSYoungGen: 115536K->4544K(123264K)] 244908K->133944K(362560K), 0.0458670 secs] [Times: user=0.06 sys=0.01, real=0.05 secs] 
2013-07-15T22:30:19.764+0100: 884.997: [GC [PSYoungGen: 118272K->4432K(123520K)] 247672K->133860K(362816K), 0.0206620 secs] [Times: user=0.02 sys=0.00, real=0.02 secs] 
2013-07-15T22:30:35.332+0100: 900.565: [GC [PSYoungGen: 118160K->4208K(124224K)] 247588K->133664K(363520K), 0.0251590 secs] [Times: user=0.03 sys=0.01, real=0.03 secs] 
2013-07-15T22:30:47.441+0100: 912.674: [GC [PSYoungGen: 120112K->3808K(124800K)] 249568K->133292K(364096K), 0.0237740 secs] [Times: user=0.03 sys=0.00, real=0.03 secs] 
2013-07-15T22:30:59.206+0100: 924.439: [GC [PSYoungGen: 119712K->4816K(126464K)] 249196K->134328K(365760K), 0.0323240 secs] [Times: user=0.05 sys=0.00, real=0.03 secs] 
2013-07-15T22:31:11.640+0100: 936.873: [GC [PSYoungGen: 123088K->4488K(126592K)] 252600K->134028K(365888K), 0.0300020 secs] [Times: user=0.03 sys=0.00, real=0.03 secs] 
2013-07-15T22:31:23.217+0100: 948.449: [GC [PSYoungGen: 122760K->4816K(127936K)] 252300K->134384K(367232K), 0.0219280 secs] [Times: user=0.03 sys=0.00, real=0.02 secs] 
2013-07-15T22:31:36.064+0100: 961.296: [GC [PSYoungGen: 125456K->5432K(128320K)] 255024K->135032K(367616K), 0.0239280 secs] [Times: user=0.03 sys=0.00, real=0.02 secs] 
2013-07-15T22:31:48.089+0100: 973.322: [GC [PSYoungGen: 126072K->4928K(130368K)] 255672K->134560K(369664K), 0.0255560 secs] [Times: user=0.03 sys=0.00, real=0.02 secs] 
2013-07-15T22:32:01.804+0100: 987.037: [GC [PSYoungGen: 127936K->5296K(130560K)] 257568K->134960K(369856K), 0.0426970 secs] [Times: user=0.06 sys=0.01, real=0.04 secs] 
2013-07-15T22:32:13.217+0100: 998.450: [GC [PSYoungGen: 128304K->5032K(132672K)] 257968K->134728K(371968K), 0.0261390 secs] [Times: user=0.03 sys=0.00, real=0.03 secs] 
2013-07-15T22:32:25.622+0100: 1010.855: [GC [PSYoungGen: 130664K->5448K(132928K)] 260360K->135172K(372224K), 0.0278710 secs] [Times: user=0.04 sys=0.00, real=0.03 secs] 
2013-07-15T22:32:38.079+0100: 1023.312: [GC [PSYoungGen: 131080K->5688K(135488K)] 260804K->135444K(374784K), 0.0270910 secs] [Times: user=0.03 sys=0.00, real=0.02 secs] 
2013-07-15T22:32:51.122+0100: 1036.355: [GC [PSYoungGen: 133880K->5616K(135616K)] 263636K->135404K(374912K), 0.0211250 secs] [Times: user=0.02 sys=0.00, real=0.03 secs] 
2013-07-15T22:33:05.230+0100: 1050.463: [GC [PSYoungGen: 133808K->6344K(137856K)] 263596K->136164K(377152K), 0.0345330 secs] [Times: user=0.03 sys=0.00, real=0.04 secs] 
2013-07-15T22:33:18.872+0100: 1064.105: [GC [PSYoungGen: 136776K->6048K(138112K)] 266596K->135904K(377408K), 0.0255880 secs] [Times: user=0.04 sys=0.00, real=0.03 secs] 
2013-07-15T22:33:32.006+0100: 1077.239: [GC [PSYoungGen: 136480K->6920K(140352K)] 266336K->136808K(379648K), 0.0312880 secs] [Times: user=0.04 sys=0.00, real=0.03 secs] 
2013-07-15T22:33:45.451+0100: 1090.684: [GC [PSYoungGen: 139528K->6172K(140736K)] 269416K->136116K(380032K), 0.0305260 secs] [Times: user=0.05 sys=0.00, real=0.03 secs] 
2013-07-15T22:33:58.789+0100: 1104.022: [GC [PSYoungGen: 138780K->5888K(143488K)] 268724K->135860K(382784K), 0.0356680 secs] [Times: user=0.03 sys=0.01, real=0.04 secs] 
2013-07-15T22:34:12.922+0100: 1118.155: [GC [PSYoungGen: 141312K->6424K(143488K)] 271284K->136436K(382784K), 0.0408050 secs] [Times: user=0.04 sys=0.00, real=0.04 secs] 
2013-07-15T22:34:27.168+0100: 1132.401: [GC [PSYoungGen: 141848K->6208K(146368K)] 271860K->136288K(385664K), 0.0283280 secs] [Times: user=0.04 sys=0.00, real=0.02 secs] 
2013-07-15T22:34:42.145+0100: 1147.378: [GC [PSYoungGen: 144576K->6224K(146496K)] 274656K->136344K(385792K), 0.0226030 secs] [Times: user=0.03 sys=0.01, real=0.03 secs] 
2013-07-15T22:34:56.654+0100: 1161.886: [GC [PSYoungGen: 144592K->6304K(149184K)] 274712K->136456K(388480K), 0.0324380 secs] [Times: user=0.04 sys=0.02, real=0.03 secs] 
2013-07-15T22:35:12.600+0100: 1177.833: [GC [PSYoungGen: 147424K->6056K(149184K)] 277576K->136248K(388480K), 0.0501790 secs] [Times: user=0.06 sys=0.01, real=0.05 secs] 
2013-07-15T22:35:28.084+0100: 1193.317: [GC [PSYoungGen: 147176K->6816K(152000K)] 277368K->137040K(391296K), 0.0350660 secs] [Times: user=0.05 sys=0.01, real=0.04 secs] 
2013-07-15T22:35:49.097+0100: 1214.330: [GC [PSYoungGen: 150880K->7288K(152192K)] 281104K->137620K(391488K), 0.0462620 secs] [Times: user=0.05 sys=0.01, real=0.05 secs] 
2013-07-15T22:36:05.974+0100: 1231.212: [GC [PSYoungGen: 151352K->7248K(155264K)] 281684K->137712K(394560K), 0.0387380 secs] [Times: user=0.05 sys=0.01, real=0.04 secs] 
2013-07-15T22:36:26.067+0100: 1251.300: [GC [PSYoungGen: 154128K->8320K(155520K)] 284592K->138828K(394816K), 0.0510180 secs] [Times: user=0.06 sys=0.01, real=0.05 secs] 
2013-07-15T22:36:45.413+0100: 1270.646: [GC [PSYoungGen: 155200K->7920K(158912K)] 285708K->138496K(398208K), 0.0367290 secs] [Times: user=0.04 sys=0.01, real=0.03 secs] 
2013-07-15T22:37:05.654+0100: 1290.887: [GC [PSYoungGen: 157680K->8040K(159232K)] 288256K->138648K(398528K), 0.0400300 secs] [Times: user=0.06 sys=0.01, real=0.04 secs] 
2013-07-15T22:37:26.044+0100: 1311.277: [GC [PSYoungGen: 157800K->8096K(162240K)] 288408K->138732K(401536K), 0.0401820 secs] [Times: user=0.05 sys=0.00, real=0.04 secs] 
2013-07-15T22:37:45.398+0100: 1330.631: [GC [PSYoungGen: 160608K->8168K(162496K)] 291244K->138936K(401792K), 0.0326280 secs] [Times: user=0.04 sys=0.00, real=0.03 secs] 
2013-07-15T22:38:04.989+0100: 1350.222: [GC [PSYoungGen: 160680K->8200K(164288K)] 291448K->139040K(403584K), 0.0499220 secs] [Times: user=0.06 sys=0.02, real=0.05 secs] 
2013-07-15T22:38:24.950+0100: 1370.183: [GC [PSYoungGen: 162312K->8176K(162304K)] 293152K->139092K(401600K), 0.1477700 secs] [Times: user=0.10 sys=0.04, real=0.15 secs] 
2013-07-15T22:38:44.995+0100: 1390.227: [GC [PSYoungGen: 162288K->8208K(164224K)] 293204K->139196K(403520K), 0.0402000 secs] [Times: user=0.05 sys=0.00, real=0.04 secs] 
2013-07-15T22:39:05.687+0100: 1410.920: [GC [PSYoungGen: 162064K->8048K(164288K)] 293052K->139092K(403584K), 0.0303150 secs] [Times: user=0.04 sys=0.00, real=0.03 secs] 
2013-07-15T22:39:23.816+0100: 1429.049: [GC [PSYoungGen: 161904K->8064K(164160K)] 292948K->139152K(403456K), 0.0267310 secs] [Times: user=0.03 sys=0.00, real=0.03 secs] 
2013-07-15T22:39:41.941+0100: 1447.174: [GC [PSYoungGen: 161920K->7792K(164224K)] 293008K->139192K(403520K), 0.0313670 secs] [Times: user=0.04 sys=0.00, real=0.03 secs] 
2013-07-15T22:40:00.072+0100: 1465.305: [GC [PSYoungGen: 161648K->7600K(164096K)] 293048K->139296K(403392K), 0.0457970 secs] [Times: user=0.06 sys=0.01, real=0.04 secs] 
2013-07-15T22:40:18.196+0100: 1483.429: [GC [PSYoungGen: 161776K->7008K(164160K)] 293472K->139332K(403456K), 0.0380190 secs] [Times: user=0.04 sys=0.01, real=0.04 secs] 
2013-07-15T22:40:38.315+0100: 1503.548: [GC [PSYoungGen: 161184K->7068K(164608K)] 293508K->139452K(403904K), 0.0277520 secs] [Times: user=0.03 sys=0.00, real=0.03 secs] 
2013-07-15T22:40:58.859+0100: 1524.092: [GC [PSYoungGen: 162012K->5376K(164608K)] 294396K->138700K(403904K), 0.0382800 secs] [Times: user=0.05 sys=0.00, real=0.04 secs] 
2013-07-15T22:41:15.348+0100: 1540.581: [GC [PSYoungGen: 160320K->5712K(164928K)] 293644K->139084K(404224K), 0.0408220 secs] [Times: user=0.04 sys=0.01, real=0.04 secs] 
2013-07-15T22:41:36.581+0100: 1561.814: [GC [PSYoungGen: 160848K->7080K(162240K)] 294220K->140496K(401536K), 0.0409500 secs] [Times: user=0.05 sys=0.00, real=0.04 secs] 
2013-07-15T22:41:53.681+0100: 1578.914: [GC [PSYoungGen: 162216K->6312K(164800K)] 295632K->139772K(404096K), 0.0378440 secs] [Times: user=0.05 sys=0.01, real=0.04 secs] 
2013-07-15T22:42:12.452+0100: 1597.685: [GC [PSYoungGen: 161576K->6864K(164672K)] 295036K->140372K(403968K), 0.0427480 secs] [Times: user=0.06 sys=0.01, real=0.04 secs] 
2013-07-15T22:42:31.273+0100: 1616.506: [GC [PSYoungGen: 162128K->7216K(165056K)] 295636K->140772K(404352K), 0.0513000 secs] [Times: user=0.07 sys=0.01, real=0.05 secs] 
2013-07-15T22:42:49.780+0100: 1635.013: [GC [PSYoungGen: 163120K->7120K(164928K)] 296676K->140720K(404224K), 0.0298070 secs] [Times: user=0.03 sys=0.01, real=0.03 secs] 
2013-07-15T22:43:06.100+0100: 1651.333: [GC [PSYoungGen: 163024K->7920K(165312K)] 296624K->141564K(404608K), 0.0260070 secs] [Times: user=0.03 sys=0.00, real=0.02 secs] 
2013-07-15T22:43:25.261+0100: 1670.494: [GC [PSYoungGen: 164336K->7768K(165440K)] 297980K->141460K(404736K), 0.0873780 secs] [Times: user=0.08 sys=0.01, real=0.09 secs] 
2013-07-15T22:43:43.504+0100: 1688.737: [GC [PSYoungGen: 164184K->7664K(165632K)] 297876K->141404K(404928K), 0.0525560 secs] [Times: user=0.08 sys=0.00, real=0.05 secs] 
2013-07-15T22:44:03.638+0100: 1708.871: [GC [PSYoungGen: 164208K->8278K(164864K)] 297948K->142058K(404160K), 0.0395740 secs] [Times: user=0.05 sys=0.01, real=0.04 secs] 
2013-07-15T22:44:22.052+0100: 1727.285: [GC [PSYoungGen: 164822K->7704K(165440K)] 298602K->141524K(404736K), 0.0238850 secs] [Times: user=0.03 sys=0.00, real=0.02 secs] 
2013-07-15T22:44:39.659+0100: 1744.892: [GC [PSYoungGen: 163864K->7926K(165440K)] 297684K->141786K(404736K), 0.0328480 secs] [Times: user=0.03 sys=0.01, real=0.04 secs] 
2013-07-15T22:44:56.968+0100: 1762.200: [GC [PSYoungGen: 164086K->7808K(165312K)] 297946K->141708K(404608K), 0.0363500 secs] [Times: user=0.03 sys=0.01, real=0.04 secs] 
2013-07-15T22:45:14.616+0100: 1779.849: [GC [PSYoungGen: 163968K->7816K(165376K)] 297868K->141764K(404672K), 0.0254130 secs] [Times: user=0.03 sys=0.01, real=0.04 secs] 
2013-07-15T22:45:31.613+0100: 1796.846: [GC [PSYoungGen: 163976K->7800K(165376K)] 297924K->141796K(404672K), 0.0332280 secs] [Times: user=0.05 sys=0.00, real=0.03 secs] 
2013-07-15T22:45:49.688+0100: 1814.921: [GC [PSYoungGen: 164088K->7152K(165440K)] 298084K->141448K(404736K), 0.0242120 secs] [Times: user=0.03 sys=0.00, real=0.02 secs] 
2013-07-15T22:46:04.324+0100: 1829.557: [GC [PSYoungGen: 163440K->7000K(165504K)] 297736K->141344K(404800K), 0.0261930 secs] [Times: user=0.04 sys=0.00, real=0.03 secs] 
2013-07-15T22:46:20.404+0100: 1845.637: [GC [PSYoungGen: 163544K->6912K(165504K)] 297888K->141464K(404800K), 0.0245960 secs] [Times: user=0.04 sys=0.00, real=0.02 secs] 
2013-07-15T22:46:35.561+0100: 1860.794: [GC [PSYoungGen: 163456K->7112K(165696K)] 298008K->141764K(404992K), 0.0768530 secs] [Times: user=0.06 sys=0.00, real=0.08 secs] 
2013-07-15T22:46:52.513+0100: 1877.746: [GC [PSYoungGen: 163976K->7592K(165696K)] 298628K->142420K(404992K), 0.0240600 secs] [Times: user=0.03 sys=0.01, real=0.02 secs] 
2013-07-15T22:47:07.988+0100: 1893.221: [GC [PSYoungGen: 164456K->6624K(165824K)] 299284K->141576K(405120K), 0.0299780 secs] [Times: user=0.04 sys=0.00, real=0.03 secs] 
2013-07-15T22:47:23.598+0100: 1908.831: [GC [PSYoungGen: 163680K->7704K(165824K)] 298632K->142692K(405120K), 0.0327520 secs] [Times: user=0.04 sys=0.02, real=0.04 secs] 
2013-07-15T22:47:36.657+0100: 1921.890: [GC [PSYoungGen: 164760K->8184K(165568K)] 299748K->143224K(404864K), 0.0347140 secs] [Times: user=0.05 sys=0.00, real=0.04 secs] 
2013-07-15T22:47:52.474+0100: 1937.707: [GC [PSYoungGen: 164984K->7424K(165760K)] 300024K->142632K(405056K), 0.0238910 secs] [Times: user=0.04 sys=0.00, real=0.02 secs] 
2013-07-15T22:48:06.569+0100: 1951.802: [GC [PSYoungGen: 164224K->7152K(165632K)] 299432K->142408K(404928K), 0.0215620 secs] [Times: user=0.03 sys=0.00, real=0.02 secs] 
2013-07-15T22:48:23.211+0100: 1968.444: [GC [PSYoungGen: 164144K->7144K(165696K)] 299400K->142436K(404992K), 0.0266550 secs] [Times: user=0.03 sys=0.02, real=0.03 secs] 
2013-07-15T22:48:39.029+0100: 1984.262: [GC [PSYoungGen: 164136K->7303K(165760K)] 299428K->142675K(405056K), 0.1171400 secs] [Times: user=0.14 sys=0.04, real=0.11 secs] 
2013-07-15T22:48:53.660+0100: 1998.893: [GC [PSYoungGen: 164679K->6584K(165888K)] 300051K->141992K(405184K), 0.0211580 secs] [Times: user=0.03 sys=0.01, real=0.02 secs] 
2013-07-15T22:49:08.533+0100: 2013.766: [GC [PSYoungGen: 163960K->7728K(166080K)] 299368K->143176K(405376K), 0.0256750 secs] [Times: user=0.03 sys=0.00, real=0.03 secs] 
2013-07-15T22:49:21.207+0100: 2026.440: [GC [PSYoungGen: 165296K->6256K(163840K)] 300744K->141740K(403136K), 0.0213520 secs] [Times: user=0.03 sys=0.00, real=0.02 secs] 
2013-07-15T22:49:36.252+0100: 2041.485: [GC [PSYoungGen: 163824K->7024K(166208K)] 299308K->142568K(405504K), 0.0350140 secs] [Times: user=0.03 sys=0.00, real=0.03 secs] 
2013-07-15T22:49:51.004+0100: 2056.237: [GC [PSYoungGen: 164592K->6968K(164544K)] 300136K->142568K(403840K), 0.0286840 secs] [Times: user=0.03 sys=0.01, real=0.03 secs] 
2013-07-15T22:50:05.499+0100: 2070.732: [GC [PSYoungGen: 164536K->7424K(166080K)] 300136K->143064K(405376K), 0.0329000 secs] [Times: user=0.05 sys=0.00, real=0.03 secs] 
2013-07-15T22:50:20.480+0100: 2085.713: [GC [PSYoungGen: 165056K->7216K(166016K)] 300696K->142932K(405312K), 0.0287120 secs] [Times: user=0.04 sys=0.00, real=0.02 secs] 
2013-07-15T22:50:53.910+0100: 2119.143: [GC [PSYoungGen: 164848K->7005K(166208K)] 300564K->142757K(405504K), 0.0192850 secs] [Times: user=0.02 sys=0.00, real=0.02 secs] 
2013-07-15T22:53:24.001+0100: 2269.234: [GC [PSYoungGen: 165021K->3760K(161792K)] 300773K->139576K(401088K), 0.0091280 secs] [Times: user=0.02 sys=0.00, real=0.01 secs] 
2013-07-15T22:55:53.469+0100: 2418.702: [GC [PSYoungGen: 161776K->3856K(165376K)] 297592K->139708K(404672K), 0.0085100 secs] [Times: user=0.01 sys=0.01, real=0.00 secs] 
2013-07-15T22:58:21.022+0100: 2566.255: [GC [PSYoungGen: 160528K->4016K(160704K)] 296380K->140016K(400000K), 0.0182050 secs] [Times: user=0.03 sys=0.00, real=0.02 secs] 
2013-07-15T23:00:48.940+0100: 2714.173: [GC [PSYoungGen: 160688K->4272K(165376K)] 296688K->140316K(404672K), 0.0080800 secs] [Times: user=0.01 sys=0.00, real=0.00 secs] 
2013-07-15T23:03:16.378+0100: 2861.611: [GC [PSYoungGen: 160432K->4897K(161088K)] 296476K->141041K(400384K), 0.0098410 secs] [Times: user=0.02 sys=0.00, real=0.01 secs] 
2013-07-15T23:05:42.927+0100: 3008.159: [GC [PSYoungGen: 161057K->4760K(165504K)] 297201K->140944K(404800K), 0.0108450 secs] [Times: user=0.02 sys=0.00, real=0.01 secs] 
2013-07-15T23:08:10.618+0100: 3155.851: [GC [PSYoungGen: 161112K->5336K(165376K)] 297296K->141556K(404672K), 0.0115010 secs] [Times: user=0.03 sys=0.00, real=0.01 secs] 
2013-07-15T23:10:39.579+0100: 3304.812: [GC [PSYoungGen: 161688K->5088K(165376K)] 297908K->141560K(404672K), 0.0092290 secs] [Times: user=0.02 sys=0.00, real=0.01 secs] 
2013-07-15T23:13:07.046+0100: 3452.279: [GC [PSYoungGen: 161824K->5272K(165376K)] 298296K->141868K(404672K), 0.0174090 secs] [Times: user=0.01 sys=0.00, real=0.02 secs] 
2013-07-15T23:15:34.906+0100: 3600.139: [GC [PSYoungGen: 162008K->5368K(164928K)] 298604K->142168K(404224K), 0.0092500 secs] [Times: user=0.01 sys=0.01, real=0.01 secs] 
2013-07-15T23:18:01.159+0100: 3746.392: [GC [PSYoungGen: 162424K->5328K(165248K)] 299224K->142492K(404544K), 0.0099620 secs] [Times: user=0.02 sys=0.00, real=0.01 secs] 
2013-07-15T23:20:30.099+0100: 3895.332: [GC [PSYoungGen: 162384K->5808K(165056K)] 299548K->143144K(404352K), 0.0103970 secs] [Times: user=0.01 sys=0.01, real=0.01 secs] 
2013-07-15T23:22:57.374+0100: 4042.607: [GC [PSYoungGen: 163120K->5376K(165184K)] 300456K->143112K(404480K), 0.0138200 secs] [Times: user=0.03 sys=0.00, real=0.02 secs] 
2013-07-15T23:23:15.395+0100: 4060.628: [GC [PSYoungGen: 26689K->4848K(165056K)] 164425K->143132K(404352K), 0.0087930 secs] [Times: user=0.01 sys=0.01, real=0.01 secs] 
2013-07-15T23:23:15.404+0100: 4060.637: [Full GC (System) [PSYoungGen: 4848K->0K(165056K)] [ParOldGen: 138284K->118238K(239296K)] 143132K->118238K(404352K) [PSPermGen: 34970K->34900K(52992K)], 0.3834990 secs] [Times: user=0.63 sys=0.00, real=0.39 secs] 
2013-07-15T23:25:44.270+0100: 4209.503: [GC [PSYoungGen: 157504K->688K(165120K)] 275742K->118926K(404416K), 0.0073650 secs] [Times: user=0.01 sys=0.00, real=0.01 secs] 
2013-07-15T23:28:10.680+0100: 4355.913: [GC [PSYoungGen: 158192K->656K(165440K)] 276430K->118894K(404736K), 0.0047080 secs] [Times: user=0.00 sys=0.01, real=0.00 secs] 
2013-07-15T23:30:37.623+0100: 4502.856: [GC [PSYoungGen: 157904K->928K(158208K)] 276142K->119166K(397504K), 0.0053270 secs] [Times: user=0.01 sys=0.00, real=0.01 secs] 
2013-07-15T23:33:05.941+0100: 4651.174: [GC [PSYoungGen: 158176K->1248K(165824K)] 276414K->119486K(405120K), 0.0053820 secs] [Times: user=0.01 sys=0.00, real=0.00 secs] 
2013-07-15T23:35:33.614+0100: 4798.847: [GC [PSYoungGen: 158176K->1520K(158464K)] 276414K->119758K(397760K), 0.0049660 secs] [Times: user=0.01 sys=0.00, real=0.00 secs] 
2013-07-15T23:36:24.814+0100: 4850.047: [GC [PSYoungGen: 158448K->2648K(165504K)] 276686K->120886K(404800K), 0.0111460 secs] [Times: user=0.02 sys=0.00, real=0.01 secs] 
2013-07-15T23:36:25.431+0100: 4850.664: [GC [PSYoungGen: 159768K->3176K(165632K)] 278006K->121414K(404928K), 0.0117850 secs] [Times: user=0.02 sys=0.01, real=0.01 secs] 
2013-07-15T23:36:25.902+0100: 4851.135: [GC [PSYoungGen: 160296K->3560K(165632K)] 278534K->121798K(404928K), 0.0224090 secs] [Times: user=0.04 sys=0.00, real=0.02 secs] 
Heap
 PSYoungGen      total 165632K, used 127909K [0xa8b70000, 0xb34c0000, 0xb3610000)
  eden space 158144K, 78% used [0xa8b70000,0xb04df650,0xb25e0000)
  from space 7488K, 47% used [0xb2d70000,0xb30ea010,0xb34c0000)
  to   space 7616K, 0% used [0xb25e0000,0xb25e0000,0xb2d50000)
 ParOldGen       total 239296K, used 118238K [0x93610000, 0xa1fc0000, 0xa8b70000)
  object space 239296K, 49% used [0x93610000,0x9a9879f8,0xa1fc0000)
 PSPermGen       total 52992K, used 35101K [0x83610000, 0x869d0000, 0x93610000)
  object space 52992K, 66% used [0x83610000,0x85857760,0x869d0000)
