2013-08-05T13:32:25.999+0100: 6.935: [GC [PSYoungGen: 131072K->18282K(152896K)] 131072K->18286K(502464K), 0.3163360 secs] [Times: user=0.12 sys=0.15, real=0.31 secs] 
2013-08-05T13:32:29.110+0100: 10.047: [GC [PSYoungGen: 149354K->16499K(152896K)] 149358K->16507K(502464K), 0.2282430 secs] [Times: user=0.07 sys=0.12, real=0.23 secs] 
2013-08-05T13:32:31.208+0100: 12.145: [GC [PSYoungGen: 78471K->21820K(152896K)] 78479K->29363K(502464K), 0.1801920 secs] [Times: user=0.06 sys=0.08, real=0.18 secs] 
2013-08-05T13:32:31.389+0100: 12.325: [Full GC (System) [PSYoungGen: 21820K->0K(152896K)] [ParOldGen: 7542K->29127K(349568K)] 29363K->29127K(502464K) [PSPermGen: 14699K->14686K(29440K)], 0.3683910 secs] [Times: user=0.22 sys=0.23, real=0.37 secs] 
2013-08-05T13:32:33.279+0100: 14.215: [GC [PSYoungGen: 131072K->10477K(152896K)] 160199K->39604K(502464K), 0.0360380 secs] [Times: user=0.05 sys=0.00, real=0.03 secs] 
2013-08-05T13:32:35.153+0100: 16.089: [GC [PSYoungGen: 141549K->18814K(152896K)] 170676K->47942K(502464K), 0.0760800 secs] [Times: user=0.04 sys=0.01, real=0.08 secs] 
2013-08-05T13:32:37.067+0100: 18.003: [GC [PSYoungGen: 149886K->21811K(128576K)] 179014K->59562K(478144K), 0.1401490 secs] [Times: user=0.07 sys=0.12, real=0.14 secs] 
2013-08-05T13:32:38.068+0100: 19.004: [GC [PSYoungGen: 128563K->24467K(131264K)] 166314K->62218K(480832K), 0.0920970 secs] [Times: user=0.05 sys=0.02, real=0.09 secs] 
2013-08-05T13:32:39.325+0100: 20.262: [GC [PSYoungGen: 131219K->28867K(136960K)] 168970K->66618K(486528K), 0.0720770 secs] [Times: user=0.05 sys=0.01, real=0.07 secs] 
2013-08-05T13:32:43.405+0100: 24.342: [GC [PSYoungGen: 131779K->29598K(132544K)] 169530K->79351K(482112K), 0.2282420 secs] [Times: user=0.10 sys=0.15, real=0.23 secs] 
2013-08-05T13:32:44.555+0100: 25.491: [GC [PSYoungGen: 132510K->19446K(138176K)] 182263K->81611K(487744K), 0.0880930 secs] [Times: user=0.05 sys=0.10, real=0.09 secs] 
2013-08-05T13:32:45.287+0100: 26.224: [GC [PSYoungGen: 120182K->4937K(105728K)] 182347K->82204K(455296K), 0.1721830 secs] [Times: user=0.06 sys=0.16, real=0.18 secs] 
2013-08-05T13:32:46.425+0100: 27.361: [GC [PSYoungGen: 105673K->14078K(137152K)] 182940K->96028K(486720K), 0.0640680 secs] [Times: user=0.03 sys=0.04, real=0.06 secs] 
2013-08-05T13:32:48.150+0100: 29.087: [GC [PSYoungGen: 113086K->10923K(136576K)] 195036K->104503K(486144K), 0.1081150 secs] [Times: user=0.02 sys=0.12, real=0.11 secs] 
2013-08-05T13:32:49.640+0100: 30.576: [GC [PSYoungGen: 109931K->8406K(137344K)] 203511K->111810K(486912K), 0.0720770 secs] [Times: user=0.04 sys=0.08, real=0.08 secs] 
2013-08-05T13:32:52.002+0100: 32.943: [GC [PSYoungGen: 108374K->10495K(137344K)] 211778K->121435K(486912K), 0.0920980 secs] [Times: user=0.08 sys=0.10, real=0.09 secs] 
2013-08-05T13:32:54.429+0100: 35.366: [GC [PSYoungGen: 110463K->10114K(138688K)] 221403K->130682K(488256K), 0.1601700 secs] [Times: user=0.10 sys=0.11, real=0.16 secs] 
2013-08-05T13:36:23.183+0100: 244.119: [GC [PSYoungGen: 112066K->15534K(137984K)] 232634K->145543K(487552K), 0.2362510 secs] [Times: user=0.10 sys=0.13, real=0.24 secs] 
2013-08-05T13:36:28.276+0100: 249.213: [GC [PSYoungGen: 117486K->11295K(141312K)] 247495K->156744K(490880K), 0.0840900 secs] [Times: user=0.09 sys=0.04, real=0.08 secs] 
2013-08-05T13:36:41.082+0100: 262.018: [GC [PSYoungGen: 118303K->3976K(140416K)] 263752K->157022K(489984K), 0.0400420 secs] [Times: user=0.07 sys=0.00, real=0.04 secs] 
2013-08-05T13:36:52.446+0100: 273.382: [GC [PSYoungGen: 110974K->3915K(141056K)] 264020K->158965K(490624K), 0.1081150 secs] [Times: user=0.10 sys=0.05, real=0.10 secs] 
2013-08-05T13:37:23.543+0100: 304.479: [GC [PSYoungGen: 111243K->2912K(140992K)] 266293K->158074K(490560K), 0.0480510 secs] [Times: user=0.04 sys=0.01, real=0.05 secs] 
2013-08-05T13:38:26.522+0100: 367.458: [GC [PSYoungGen: 110240K->697K(141248K)] 265402K->155999K(490816K), 0.0320340 secs] [Times: user=0.03 sys=0.00, real=0.03 secs] 
2013-08-05T13:38:27.358+0100: 368.295: [GC [PSYoungGen: 108473K->424K(141248K)] 263775K->156317K(490816K), 0.0640680 secs] [Times: user=0.04 sys=0.07, real=0.07 secs] 
2013-08-05T13:38:27.935+0100: 368.872: [GC [PSYoungGen: 108200K->272K(142144K)] 264093K->156543K(491712K), 0.0120130 secs] [Times: user=0.02 sys=0.00, real=0.01 secs] 
2013-08-05T13:38:28.464+0100: 369.400: [GC [PSYoungGen: 109328K->176K(141632K)] 265599K->156698K(491200K), 0.0120130 secs] [Times: user=0.02 sys=0.00, real=0.01 secs] 
2013-08-05T13:38:29.060+0100: 369.997: [GC [PSYoungGen: 109232K->192K(143872K)] 265754K->156838K(493440K), 0.0200220 secs] [Times: user=0.01 sys=0.02, real=0.02 secs] 
Heap
 PSYoungGen      total 143872K, used 45151K [0xa8b80000, 0xb3620000, 0xb3620000)
  eden space 112064K, 40% used [0xa8b80000,0xab767d40,0xaf8f0000)
  from space 31808K, 0% used [0xb1710000,0xb1740000,0xb3620000)
  to   space 30848K, 0% used [0xaf8f0000,0xaf8f0000,0xb1710000)
 ParOldGen       total 349568K, used 156646K [0x93620000, 0xa8b80000, 0xa8b80000)
  object space 349568K, 44% used [0x93620000,0x9cf19810,0xa8b80000)
 PSPermGen       total 35328K, used 35327K [0x83620000, 0x858a0000, 0x93620000)
  object space 35328K, 99% used [0x83620000,0x8589fd50,0x858a0000)
