2013-06-21T14:28:42.277+0100: 1.594: [GC 1.594: [DefNew: 34944K->4352K(39296K), 0.0233560 secs] 34944K->6691K(126720K), 0.0234100 secs] [Times: user=0.02 sys=0.00, real=0.03 secs] 
2013-06-21T14:28:43.356+0100: 2.673: [GC 2.673: [DefNew: 39296K->4352K(39296K), 0.0292320 secs] 41635K->10367K(126720K), 0.0292860 secs] [Times: user=0.02 sys=0.00, real=0.03 secs] 
2013-06-21T14:28:44.894+0100: 4.211: [GC 4.211: [DefNew: 39296K->4352K(39296K), 0.1204510 secs] 45311K->14132K(126720K), 0.1205240 secs] [Times: user=0.09 sys=0.01, real=0.12 secs] 
2013-06-21T14:28:45.823+0100: 5.141: [GC 5.141: [DefNew: 39296K->1743K(39296K), 0.0162580 secs] 49076K->15773K(126720K), 0.0163190 secs] [Times: user=0.01 sys=0.01, real=0.02 secs] 
2013-06-21T14:28:46.303+0100: 5.620: [GC 5.620: [DefNew: 36687K->2159K(39296K), 0.0068780 secs] 50717K->16189K(126720K), 0.0069420 secs] [Times: user=0.01 sys=0.00, real=0.01 secs] 
2013-06-21T14:28:46.917+0100: 6.234: [GC 6.234: [DefNew: 37103K->2779K(39296K), 0.0140330 secs] 51133K->16809K(126720K), 0.0141120 secs] [Times: user=0.01 sys=0.00, real=0.02 secs] 
2013-06-21T14:28:47.895+0100: 7.212: [GC 7.212: [DefNew: 37723K->3519K(39296K), 0.0462190 secs] 51753K->18716K(126720K), 0.0462690 secs] [Times: user=0.02 sys=0.01, real=0.04 secs] 
2013-06-21T14:28:49.211+0100: 8.528: [GC 8.528: [DefNew: 38463K->4352K(39296K), 0.0803720 secs] 53660K->29738K(126720K), 0.0804130 secs] [Times: user=0.08 sys=0.01, real=0.08 secs] 
2013-06-21T14:28:50.176+0100: 9.493: [Full GC (System) 9.493: [Tenured: 25386K->33075K(87424K), 0.1186460 secs] 59905K->33075K(126720K), [Perm : 14687K->14687K(16384K)], 0.1187260 secs] [Times: user=0.11 sys=0.00, real=0.12 secs] 
2013-06-21T14:28:51.283+0100: 10.601: [GC 10.601: [DefNew: 35064K->4352K(39424K), 0.0360030 secs] 68140K->38534K(126848K), 0.0360710 secs] [Times: user=0.03 sys=0.00, real=0.04 secs] 
2013-06-21T14:28:51.923+0100: 11.240: [GC 11.240: [DefNew: 39424K->3172K(39424K), 0.0215920 secs] 73606K->41588K(126848K), 0.0216470 secs] [Times: user=0.02 sys=0.00, real=0.02 secs] 
2013-06-21T14:28:52.392+0100: 11.709: [GC 11.709: [DefNew: 38244K->1291K(39424K), 0.0269280 secs] 76660K->42827K(126848K), 0.0269880 secs] [Times: user=0.02 sys=0.00, real=0.03 secs] 
2013-06-21T14:28:52.952+0100: 12.269: [GC 12.269: [DefNew: 36363K->2282K(39424K), 0.0060450 secs] 77899K->43817K(126848K), 0.0061370 secs] [Times: user=0.01 sys=0.00, real=0.01 secs] 
2013-06-21T14:28:53.577+0100: 12.895: [GC 12.895: [DefNew: 37354K->4253K(39424K), 0.0131660 secs] 78889K->46725K(126848K), 0.0132310 secs] [Times: user=0.01 sys=0.00, real=0.01 secs] 
2013-06-21T14:28:53.957+0100: 13.274: [GC 13.274: [DefNew: 39325K->2499K(39424K), 0.0161660 secs] 81797K->48651K(126848K), 0.0162190 secs] [Times: user=0.02 sys=0.00, real=0.01 secs] 
2013-06-21T14:28:54.543+0100: 13.860: [GC 13.860: [DefNew: 37571K->2000K(39424K), 0.0129280 secs] 83723K->50402K(126848K), 0.0129810 secs] [Times: user=0.02 sys=0.00, real=0.02 secs] 
2013-06-21T14:28:55.556+0100: 14.873: [GC 14.873: [DefNew: 37072K->4211K(39424K), 0.0227750 secs] 85474K->52613K(126848K), 0.0228400 secs] [Times: user=0.01 sys=0.01, real=0.02 secs] 
2013-06-21T14:28:56.131+0100: 15.449: [GC 15.449: [DefNew: 39283K->4352K(39424K), 0.0261990 secs] 87685K->56678K(126848K), 0.0262520 secs] [Times: user=0.02 sys=0.01, real=0.03 secs] 
2013-06-21T14:28:56.410+0100: 15.727: [Full GC 15.727: [Tenured: 52326K->57850K(87424K), 0.1744030 secs] 79268K->57850K(126848K), [Perm : 20479K->20479K(20480K)], 0.1745240 secs] [Times: user=0.16 sys=0.00, real=0.17 secs] 
2013-06-21T14:28:56.935+0100: 16.252: [GC 16.252: [DefNew: 38656K->2081K(43456K), 0.0115480 secs] 96506K->59932K(139876K), 0.0116140 secs] [Times: user=0.02 sys=0.00, real=0.00 secs] 
2013-06-21T14:28:57.355+0100: 16.672: [GC 16.672: [DefNew: 40737K->3852K(43456K), 0.0106410 secs] 98588K->61703K(139876K), 0.0106970 secs] [Times: user=0.01 sys=0.00, real=0.00 secs] 
2013-06-21T14:28:57.736+0100: 17.053: [GC 17.053: [DefNew: 42508K->2681K(43456K), 0.0269880 secs] 100359K->62392K(139876K), 0.0270170 secs] [Times: user=0.02 sys=0.00, real=0.02 secs] 
2013-06-21T14:28:58.141+0100: 17.459: [GC 17.459: [DefNew: 41337K->1802K(43456K), 0.0246840 secs] 101048K->63044K(139876K), 0.0247510 secs] [Times: user=0.02 sys=0.00, real=0.02 secs] 
2013-06-21T14:28:58.575+0100: 17.892: [GC 17.892: [DefNew: 40458K->3124K(43456K), 0.0119630 secs] 101700K->64366K(139876K), 0.0120220 secs] [Times: user=0.01 sys=0.00, real=0.02 secs] 
2013-06-21T14:28:58.864+0100: 18.181: [GC 18.181: [DefNew: 41780K->3348K(43456K), 0.0361980 secs] 103022K->65369K(139876K), 0.0362540 secs] [Times: user=0.02 sys=0.00, real=0.04 secs] 
2013-06-21T14:28:59.322+0100: 18.639: [GC 18.639: [DefNew: 42004K->4800K(43456K), 0.0204390 secs] 104025K->69463K(139876K), 0.0205140 secs] [Times: user=0.01 sys=0.01, real=0.02 secs] 
2013-06-21T14:29:00.309+0100: 19.626: [GC 19.626: [DefNew: 43456K->4800K(43456K), 0.0675410 secs] 108119K->75212K(139876K), 0.0676000 secs] [Times: user=0.04 sys=0.01, real=0.07 secs] 
2013-06-21T14:29:02.990+0100: 22.307: [GC 22.307: [DefNew: 43456K->3909K(43456K), 0.0738750 secs] 113868K->78583K(139876K), 0.0739290 secs] [Times: user=0.07 sys=0.00, real=0.07 secs] 
2013-06-21T14:29:04.230+0100: 23.547: [GC 23.547: [DefNew: 42565K->4670K(43456K), 0.0260960 secs] 117239K->83019K(139876K), 0.0261670 secs] [Times: user=0.02 sys=0.01, real=0.03 secs] 
2013-06-21T14:29:04.749+0100: 24.067: [GC 24.067: [DefNew: 43326K->296K(43456K), 0.0411020 secs] 121675K->83150K(139876K), 0.0411550 secs] [Times: user=0.03 sys=0.01, real=0.04 secs] 
2013-06-21T14:29:05.174+0100: 24.491: [GC 24.491: [DefNew: 38952K->557K(43456K), 0.0044670 secs] 121806K->83411K(139876K), 0.0045190 secs] [Times: user=0.00 sys=0.01, real=0.01 secs] 
2013-06-21T14:29:05.401+0100: 24.718: [GC 24.718: [DefNew: 39213K->990K(43456K), 0.0050670 secs] 122067K->83844K(139876K), 0.0051170 secs] [Times: user=0.01 sys=0.00, real=0.00 secs] 
2013-06-21T14:29:05.729+0100: 25.047: [GC 25.047: [DefNew: 39646K->1215K(43456K), 0.0092370 secs] 122500K->84069K(139876K), 0.0092580 secs] [Times: user=0.01 sys=0.00, real=0.01 secs] 
2013-06-21T14:29:06.326+0100: 25.643: [GC 25.643: [DefNew: 39871K->3750K(43456K), 0.0130750 secs] 122725K->86604K(139876K), 0.0131430 secs] [Times: user=0.02 sys=0.00, real=0.02 secs] 
2013-06-21T14:29:07.170+0100: 26.487: [GC 26.487: [DefNew: 42406K->4698K(43456K), 0.0230320 secs] 125260K->91080K(139876K), 0.0230980 secs] [Times: user=0.02 sys=0.01, real=0.02 secs] 
2013-06-21T14:29:07.385+0100: 26.702: [GC 26.702: [DefNew: 43354K->4800K(43456K), 0.0172850 secs] 129736K->96264K(139876K), 0.0173380 secs] [Times: user=0.01 sys=0.00, real=0.02 secs] 
2013-06-21T14:29:07.579+0100: 26.897: [GC 26.897: [DefNew: 43456K->4799K(43456K), 0.0111600 secs]26.908: [Tenured: 96964K->93369K(97060K), 0.3090320 secs] 134920K->93369K(140516K), [Perm : 24505K->24505K(24576K)], 0.3204520 secs] [Times: user=0.26 sys=0.00, real=0.32 secs] 
2013-06-21T14:29:08.799+0100: 28.116: [GC 28.116: [DefNew: 62400K->6133K(70144K), 0.0910510 secs] 155769K->99503K(225764K), 0.0911110 secs] [Times: user=0.04 sys=0.00, real=0.09 secs] 
2013-06-21T14:29:09.827+0100: 29.145: [GC 29.145: [DefNew: 68533K->4681K(70144K), 0.0741130 secs] 161903K->103793K(225764K), 0.0742120 secs] [Times: user=0.03 sys=0.00, real=0.07 secs] 
2013-06-21T14:29:11.267+0100: 30.584: [GC 30.584: [DefNew: 67081K->5939K(70144K), 0.0357500 secs] 166193K->109542K(225764K), 0.0358470 secs] [Times: user=0.03 sys=0.01, real=0.03 secs] 
2013-06-21T14:29:11.830+0100: 31.147: [Full GC 31.147: [Tenured: 103603K->95773K(155620K), 0.5132860 secs] 127091K->95773K(225764K), [Perm : 28671K->28646K(28672K)], 0.5134190 secs] [Times: user=0.36 sys=0.00, real=0.51 secs] 
2013-06-21T14:29:14.239+0100: 33.556: [GC 33.556: [DefNew: 64000K->6420K(71936K), 0.0272460 secs] 159773K->102194K(231560K), 0.0273170 secs] [Times: user=0.02 sys=0.00, real=0.02 secs] 
2013-06-21T14:29:14.877+0100: 34.195: [Full GC 34.195: [Tenured: 95773K->105462K(159624K), 0.3222730 secs] 138601K->105462K(231560K), [Perm : 32767K->32767K(32768K)], 0.3224710 secs] [Times: user=0.29 sys=0.00, real=0.32 secs] 
2013-06-21T14:29:17.346+0100: 36.663: [GC 36.664: [DefNew: 70464K->5980K(79232K), 0.0307650 secs] 175926K->111443K(255004K), 0.0308590 secs] [Times: user=0.02 sys=0.00, real=0.04 secs] 
2013-06-21T14:33:29.752+0100: 289.069: [GC 289.069: [DefNew: 76444K->1154K(79232K), 0.0336170 secs] 181907K->112212K(255004K), 0.0337810 secs] [Times: user=0.03 sys=0.01, real=0.03 secs] 
2013-06-21T14:37:06.794+0100: 506.111: [GC 506.111: [DefNew: 71618K->1325K(79232K), 0.0111680 secs] 182676K->112383K(255004K), 0.0113260 secs] [Times: user=0.02 sys=0.00, real=0.01 secs] 
2013-06-21T14:40:46.917+0100: 726.235: [GC 726.235: [DefNew: 71789K->1691K(79232K), 0.0082690 secs] 182847K->112749K(255004K), 0.0083750 secs] [Times: user=0.01 sys=0.00, real=0.01 secs] 
2013-06-21T14:44:29.071+0100: 948.388: [GC 948.389: [DefNew: 72155K->2221K(79232K), 0.0105970 secs] 183213K->113279K(255004K), 0.0106230 secs] [Times: user=0.01 sys=0.00, real=0.01 secs] 
2013-06-21T14:48:13.665+0100: 1172.982: [GC 1172.982: [DefNew: 72685K->2611K(79232K), 0.0093460 secs] 183743K->113669K(255004K), 0.0094290 secs] [Times: user=0.01 sys=0.00, real=0.00 secs] 
2013-06-21T14:48:16.480+0100: 1175.798: [Full GC 1175.798: [Tenured: 111058K->105481K(175772K), 0.3947480 secs] 115423K->105481K(255004K), [Perm : 34687K->34687K(34816K)], 0.3948570 secs] [Times: user=0.32 sys=0.00, real=0.40 secs] 
2013-06-21T14:52:00.993+0100: 1400.310: [GC 1400.310: [DefNew: 70464K->472K(79232K), 0.0113620 secs] 175945K->105953K(255004K), 0.0114560 secs] [Times: user=0.01 sys=0.00, real=0.01 secs] 
2013-06-21T14:55:42.216+0100: 1621.533: [GC 1621.533: [DefNew: 70936K->979K(79232K), 0.0066340 secs] 176417K->106460K(255004K), 0.0067470 secs] [Times: user=0.00 sys=0.00, real=0.00 secs] 
2013-06-21T14:59:22.991+0100: 1842.309: [GC 1842.309: [DefNew: 71443K->1423K(79232K), 0.0219210 secs] 176924K->106904K(255004K), 0.0220600 secs] [Times: user=0.01 sys=0.00, real=0.02 secs] 
2013-06-21T14:59:50.026+0100: 1869.343: [Full GC 1869.343: [Tenured: 105481K->103214K(175772K), 0.8035010 secs] 120885K->103214K(255004K), [Perm : 34784K->34784K(34816K)], 0.8036090 secs] [Times: user=0.38 sys=0.00, real=0.80 secs] 
2013-06-21T15:02:04.452+0100: 2003.769: [Full GC 2003.769: [Tenured: 103214K->94404K(175772K), 0.9342400 secs] 142678K->94404K(255004K), [Perm : 34784K->34540K(34816K)], 0.9343570 secs] [Times: user=0.44 sys=0.00, real=0.93 secs] 
2013-06-21T15:03:31.675+0100: 2090.993: [Full GC 2090.993: [Tenured: 94404K->94450K(175772K), 0.8021620 secs] 120690K->94450K(255004K), [Perm : 34540K->34540K(34560K)], 0.8023000 secs] [Times: user=0.40 sys=0.00, real=0.80 secs] 
2013-06-21T15:04:31.773+0100: 2151.090: [Full GC 2151.090: [Tenured: 94450K->94473K(175772K), 0.8786240 secs] 110859K->94473K(255004K), [Perm : 34540K->34540K(34560K)], 0.8787660 secs] [Times: user=0.41 sys=0.00, real=0.88 secs] 
2013-06-21T15:06:16.969+0100: 2256.287: [Full GC 2256.287: [Tenured: 94473K->94495K(175772K), 0.5048760 secs] 125888K->94495K(255004K), [Perm : 34540K->34540K(34560K)], 0.5050100 secs] [Times: user=0.40 sys=0.00, real=0.50 secs] 
2013-06-21T15:08:35.445+0100: 2394.763: [Full GC 2394.763: [Tenured: 94495K->94433K(175772K), 0.5017890 secs] 136833K->94433K(255004K), [Perm : 34541K->34541K(34560K)], 0.5018890 secs] [Times: user=0.42 sys=0.00, real=0.51 secs] 
2013-06-21T15:12:22.734+0100: 2622.051: [GC 2622.052: [DefNew: 70464K->540K(79232K), 0.0066200 secs] 164897K->94973K(255004K), 0.0189880 secs] [Times: user=0.00 sys=0.01, real=0.02 secs] 
2013-06-21T15:16:06.857+0100: 2846.174: [GC 2846.174: [DefNew: 71004K->1002K(79232K), 0.0211030 secs] 165437K->95435K(255004K), 0.0212700 secs] [Times: user=0.02 sys=0.00, real=0.02 secs] 
2013-06-21T15:19:51.300+0100: 3070.617: [GC 3070.617: [DefNew: 71466K->1414K(79232K), 0.0087720 secs] 165899K->95847K(255004K), 0.0088690 secs] [Times: user=0.01 sys=0.00, real=0.01 secs] 
2013-06-21T15:21:23.579+0100: 3162.896: [GC 3162.896: [DefNew: 71878K->2231K(79232K), 0.0122440 secs] 166311K->96665K(255004K), 0.0123370 secs] [Times: user=0.01 sys=0.00, real=0.02 secs] 
2013-06-21T15:21:24.358+0100: 3163.675: [GC 3163.675: [DefNew: 72695K->2510K(79232K), 0.0121360 secs] 167129K->96944K(255004K), 0.0122190 secs] [Times: user=0.01 sys=0.00, real=0.01 secs] 
2013-06-21T15:21:24.864+0100: 3164.181: [GC 3164.181: [DefNew: 72974K->2787K(79232K), 0.0226680 secs] 167408K->97220K(255004K), 0.0227320 secs] [Times: user=0.02 sys=0.00, real=0.02 secs] 
2013-06-21T15:21:25.186+0100: 3164.504: [GC 3164.504: [DefNew: 73251K->3004K(79232K), 0.0119350 secs] 167684K->97438K(255004K), 0.0120030 secs] [Times: user=0.02 sys=0.00, real=0.01 secs] 
2013-06-21T15:21:25.412+0100: 3164.729: [GC 3164.729: [DefNew: 73468K->3262K(79232K), 0.0110960 secs] 167902K->97695K(255004K), 0.0111660 secs] [Times: user=0.01 sys=0.00, real=0.01 secs] 
2013-06-21T15:21:25.697+0100: 3165.014: [GC 3165.014: [DefNew: 73726K->3419K(79232K), 0.0169090 secs] 168159K->97852K(255004K), 0.0169770 secs] [Times: user=0.02 sys=0.00, real=0.02 secs] 
2013-06-21T15:21:26.166+0100: 3165.483: [GC 3165.483: [DefNew: 73883K->3821K(79232K), 0.0137270 secs] 168316K->98254K(255004K), 0.0138040 secs] [Times: user=0.01 sys=0.00, real=0.02 secs] 
Heap
 def new generation   total 79232K, used 51564K [0x836c0000, 0x88cb0000, 0x8e160000)
  eden space 70464K,  67% used [0x836c0000, 0x8655fc78, 0x87b90000)
  from space 8768K,  43% used [0x88420000, 0x887db628, 0x88cb0000)
  to   space 8768K,   0% used [0x87b90000, 0x87b90000, 0x88420000)
 tenured generation   total 175772K, used 94433K [0x8e160000, 0x98d07000, 0xa36c0000)
   the space 175772K,  53% used [0x8e160000, 0x93d98560, 0x93d98600, 0x98d07000)
 compacting perm gen  total 34816K, used 34736K [0xa36c0000, 0xa58c0000, 0xb36c0000)
   the space 34816K,  99% used [0xa36c0000, 0xa58ac378, 0xa58ac400, 0xa58c0000)
No shared spaces configured.
