2013-08-04T06:08:56.745+0100: 2.026: [GC [PSYoungGen: 32768K->5435K(38208K)] 32768K->6436K(125632K), 0.0640680 secs] [Times: user=0.01 sys=0.08, real=0.06 secs] 
2013-08-04T06:08:57.947+0100: 3.227: [GC [PSYoungGen: 38203K->5425K(70976K)] 39204K->8149K(158400K), 0.0600640 secs] [Times: user=0.00 sys=0.06, real=0.06 secs] 
2013-08-04T06:08:59.933+0100: 5.214: [GC [PSYoungGen: 70961K->5433K(70976K)] 73685K->15668K(158400K), 0.1001070 secs] [Times: user=0.02 sys=0.14, real=0.10 secs] 
2013-08-04T06:09:00.625+0100: 5.906: [GC [PSYoungGen: 70969K->5433K(136512K)] 81204K->17475K(223936K), 0.0520550 secs] [Times: user=0.00 sys=0.05, real=0.06 secs] 
2013-08-04T06:09:03.845+0100: 9.126: [GC [PSYoungGen: 119394K->5436K(136512K)] 131435K->35341K(223936K), 0.1441530 secs] [Times: user=0.05 sys=0.15, real=0.14 secs] 
2013-08-04T06:09:03.989+0100: 9.270: [Full GC (System) [PSYoungGen: 5436K->0K(136512K)] [ParOldGen: 29904K->30295K(87424K)] 35341K->30295K(223936K) [PSPermGen: 14653K->14640K(29440K)], 0.2202330 secs] [Times: user=0.20 sys=0.13, real=0.22 secs] 
2013-08-04T06:09:06.007+0100: 11.288: [GC [PSYoungGen: 131072K->5435K(121472K)] 161367K->40808K(208896K), 0.0480510 secs] [Times: user=0.01 sys=0.07, real=0.05 secs] 
2013-08-04T06:09:07.729+0100: 13.010: [GC [PSYoungGen: 121467K->13889K(136512K)] 156840K->49262K(223936K), 0.0160170 secs] [Times: user=0.03 sys=0.00, real=0.02 secs] 
2013-08-04T06:09:09.695+0100: 14.976: [GC [PSYoungGen: 129921K->20534K(144704K)] 165294K->60284K(232128K), 0.1721830 secs] [Times: user=0.10 sys=0.15, real=0.18 secs] 
2013-08-04T06:09:10.616+0100: 15.897: [GC [PSYoungGen: 144694K->24201K(148416K)] 184444K->63950K(235840K), 0.0720770 secs] [Times: user=0.07 sys=0.06, real=0.08 secs] 
2013-08-04T06:09:11.405+0100: 16.686: [GC [PSYoungGen: 148361K->19340K(143424K)] 188110K->69469K(230848K), 0.1681780 secs] [Times: user=0.07 sys=0.08, real=0.17 secs] 
2013-08-04T06:09:13.944+0100: 19.224: [GC [PSYoungGen: 136460K->20032K(137216K)] 186589K->84571K(224640K), 0.1121190 secs] [Times: user=0.03 sys=0.14, real=0.11 secs] 
2013-08-04T06:09:14.813+0100: 20.093: [GC [PSYoungGen: 137152K->1056K(143360K)] 201691K->84855K(230784K), 0.1081150 secs] [Times: user=0.03 sys=0.14, real=0.10 secs] 
2013-08-04T06:09:14.921+0100: 20.201: [Full GC [PSYoungGen: 1056K->0K(143360K)] [ParOldGen: 83798K->78582K(144384K)] 84855K->78582K(287744K) [PSPermGen: 23359K->23351K(39680K)], 0.6366760 secs] [Times: user=0.60 sys=0.20, real=0.64 secs] 
2013-08-04T06:09:16.650+0100: 21.931: [GC [PSYoungGen: 114048K->7418K(144384K)] 192630K->86001K(288768K), 0.0080090 secs] [Times: user=0.02 sys=0.00, real=0.01 secs] 
2013-08-04T06:09:17.299+0100: 22.580: [GC [PSYoungGen: 121466K->14641K(141568K)] 200049K->99876K(285952K), 0.0240250 secs] [Times: user=0.03 sys=0.01, real=0.02 secs] 
2013-08-04T06:09:18.693+0100: 23.973: [GC [PSYoungGen: 129201K->10336K(143232K)] 214436K->107810K(287616K), 0.0840890 secs] [Times: user=0.04 sys=0.10, real=0.09 secs] 
2013-08-04T06:09:20.859+0100: 26.144: [GC [PSYoungGen: 124896K->11728K(142912K)] 222370K->118636K(287296K), 0.1922040 secs] [Times: user=0.03 sys=0.12, real=0.19 secs] 
2013-08-04T06:09:22.861+0100: 28.142: [GC [PSYoungGen: 130064K->12077K(144832K)] 236972K->129804K(289216K), 0.0720760 secs] [Times: user=0.05 sys=0.09, real=0.07 secs] 
2013-08-04T06:12:58.222+0100: 243.502: [GC [PSYoungGen: 130413K->13783K(145728K)] 248140K->142768K(290112K), 0.0560590 secs] [Times: user=0.07 sys=0.03, real=0.06 secs] 
2013-08-04T06:12:58.278+0100: 243.559: [Full GC [PSYoungGen: 13783K->0K(145728K)] [ParOldGen: 128985K->131024K(213696K)] 142768K->131024K(359424K) [PSPermGen: 34724K->34652K(49664K)], 0.6006380 secs] [Times: user=0.65 sys=0.24, real=0.60 secs] 
2013-08-04T06:13:01.433+0100: 246.714: [GC [PSYoungGen: 122944K->12003K(147328K)] 253968K->143028K(361024K), 0.0640680 secs] [Times: user=0.02 sys=0.03, real=0.06 secs] 
2013-08-04T06:13:17.542+0100: 262.823: [GC [PSYoungGen: 134947K->4048K(150336K)] 265972K->143913K(364032K), 0.0400420 secs] [Times: user=0.04 sys=0.02, real=0.04 secs] 
2013-08-04T06:13:30.352+0100: 275.633: [GC [PSYoungGen: 130960K->4368K(131328K)] 270825K->146641K(345024K), 0.1561650 secs] [Times: user=0.10 sys=0.04, real=0.16 secs] 
2013-08-04T06:13:43.694+0100: 288.975: [GC [PSYoungGen: 131280K->4592K(150848K)] 273553K->146865K(364544K), 0.0280290 secs] [Times: user=0.03 sys=0.01, real=0.03 secs] 
2013-08-04T06:13:57.469+0100: 302.749: [GC [PSYoungGen: 131440K->4768K(131648K)] 273713K->147041K(345344K), 0.0240250 secs] [Times: user=0.04 sys=0.00, real=0.02 secs] 
2013-08-04T06:14:10.510+0100: 315.791: [GC [PSYoungGen: 131616K->4912K(150912K)] 273889K->147185K(364608K), 0.0520550 secs] [Times: user=0.05 sys=0.03, real=0.05 secs] 
2013-08-04T06:14:23.004+0100: 328.284: [GC [PSYoungGen: 132272K->4872K(150400K)] 274545K->147145K(364096K), 0.0360380 secs] [Times: user=0.04 sys=0.01, real=0.04 secs] 
2013-08-04T06:14:32.690+0100: 337.971: [GC [PSYoungGen: 132232K->5432K(150976K)] 274505K->147705K(364672K), 0.0480510 secs] [Times: user=0.04 sys=0.03, real=0.04 secs] 
2013-08-04T06:14:44.370+0100: 349.651: [GC [PSYoungGen: 134264K->5856K(150592K)] 276537K->148129K(364288K), 0.0640680 secs] [Times: user=0.03 sys=0.02, real=0.06 secs] 
2013-08-04T06:14:55.002+0100: 360.282: [GC [PSYoungGen: 134688K->5392K(152192K)] 276961K->147665K(365888K), 0.0240250 secs] [Times: user=0.03 sys=0.00, real=0.02 secs] 
2013-08-04T06:16:21.830+0100: 447.111: [GC [PSYoungGen: 136976K->3040K(151744K)] 279249K->145313K(365440K), 0.0200210 secs] [Times: user=0.03 sys=0.00, real=0.02 secs] 
2013-08-04T06:17:12.275+0100: 497.556: [GC [PSYoungGen: 134624K->1265K(153920K)] 276897K->143538K(367616K), 0.0000000 secs] [Times: user=0.00 sys=0.00, real=0.00 secs] 
2013-08-04T06:17:12.976+0100: 498.257: [GC [PSYoungGen: 135345K->1872K(153792K)] 277618K->144146K(367488K), 0.0120130 secs] [Times: user=0.02 sys=0.00, real=0.01 secs] 
2013-08-04T06:17:13.304+0100: 498.585: [GC [PSYoungGen: 135952K->1592K(154560K)] 278226K->143865K(368256K), 0.0080090 secs] [Times: user=0.01 sys=0.00, real=0.01 secs] 
2013-08-04T06:17:13.981+0100: 499.262: [GC [PSYoungGen: 137208K->1776K(154432K)] 279481K->144050K(368128K), 0.0080080 secs] [Times: user=0.04 sys=0.02, real=0.06 secs] 
Heap
 PSYoungGen      total 154432K, used 44110K [0xa8c20000, 0xb3580000, 0xb36c0000)
  eden space 135616K, 31% used [0xa8c20000,0xab577468,0xb1090000)
  from space 18816K, 9% used [0xb1090000,0xb124c3f8,0xb22f0000)
  to   space 18240K, 0% used [0xb23b0000,0xb23b0000,0xb3580000)
 ParOldGen       total 213696K, used 142273K [0x936c0000, 0xa0770000, 0xa8c20000)
  object space 213696K, 66% used [0x936c0000,0x9c1b04c8,0xa0770000)
 PSPermGen       total 49664K, used 35299K [0x836c0000, 0x86740000, 0x936c0000)
  object space 49664K, 71% used [0x836c0000,0x85938f90,0x86740000)
