2013-08-04T01:01:43.499+0100: 2.367: [GC [PSYoungGen: 32768K->5434K(38208K)] 32768K->6416K(125632K), 0.0560600 secs] [Times: user=0.04 sys=0.03, real=0.06 secs] 
2013-08-04T01:01:45.021+0100: 3.888: [GC [PSYoungGen: 38202K->5425K(70976K)] 39184K->8135K(158400K), 0.0720770 secs] [Times: user=0.03 sys=0.06, real=0.07 secs] 
2013-08-04T01:01:48.220+0100: 7.088: [GC [PSYoungGen: 70961K->5426K(70976K)] 73671K->15587K(158400K), 0.0961020 secs] [Times: user=0.03 sys=0.10, real=0.09 secs] 
2013-08-04T01:01:49.305+0100: 8.173: [GC [PSYoungGen: 70962K->5434K(136512K)] 81123K->17608K(223936K), 0.0800850 secs] [Times: user=0.05 sys=0.07, real=0.09 secs] 
2013-08-04T01:01:53.678+0100: 12.545: [GC [PSYoungGen: 120334K->5427K(136512K)] 132508K->35478K(223936K), 0.1281360 secs] [Times: user=0.03 sys=0.19, real=0.13 secs] 
2013-08-04T01:01:55.908+0100: 14.776: [GC [PSYoungGen: 136499K->15999K(150976K)] 166550K->46051K(238400K), 0.2282420 secs] [Times: user=0.06 sys=0.12, real=0.23 secs] 
2013-08-04T01:01:58.034+0100: 16.902: [GC [PSYoungGen: 145151K->22775K(151936K)] 175203K->54365K(239360K), 0.1721820 secs] [Times: user=0.19 sys=0.10, real=0.17 secs] 
2013-08-04T01:02:00.225+0100: 19.092: [GC [PSYoungGen: 151927K->22772K(128256K)] 183517K->65717K(215680K), 0.1241320 secs] [Times: user=0.10 sys=0.12, real=0.13 secs] 
2013-08-04T01:02:01.021+0100: 19.889: [GC [PSYoungGen: 128244K->17409K(140096K)] 171189K->68478K(227520K), 0.0840890 secs] [Times: user=0.04 sys=0.06, real=0.08 secs] 
2013-08-04T01:02:01.930+0100: 20.798: [GC [PSYoungGen: 122881K->6258K(138624K)] 173950K->71521K(226048K), 0.1601700 secs] [Times: user=0.06 sys=0.11, real=0.16 secs] 
2013-08-04T01:02:05.410+0100: 24.278: [GC [PSYoungGen: 113330K->14349K(140160K)] 178593K->85575K(227584K), 0.0720770 secs] [Times: user=0.00 sys=0.06, real=0.07 secs] 
2013-08-04T01:02:05.482+0100: 24.350: [Full GC [PSYoungGen: 14349K->0K(140160K)] [ParOldGen: 71226K->77193K(139264K)] 85575K->77193K(279424K) [PSPermGen: 23112K->23091K(46464K)], 1.0971640 secs] [Times: user=0.51 sys=0.73, real=1.10 secs] 
2013-08-04T01:02:07.404+0100: 26.272: [GC [PSYoungGen: 107072K->2952K(141184K)] 184265K->80146K(280448K), 0.0080080 secs] [Times: user=0.01 sys=0.00, real=0.01 secs] 
2013-08-04T01:02:08.473+0100: 27.341: [GC [PSYoungGen: 112584K->3870K(141632K)] 189778K->83770K(280896K), 0.0400430 secs] [Times: user=0.04 sys=0.04, real=0.04 secs] 
2013-08-04T01:02:09.831+0100: 28.698: [GC [PSYoungGen: 113502K->15713K(140864K)] 193402K->99146K(280128K), 0.0480510 secs] [Times: user=0.05 sys=0.03, real=0.04 secs] 
2013-08-04T01:02:12.602+0100: 31.469: [GC [PSYoungGen: 126497K->10204K(141824K)] 209930K->106347K(281088K), 0.0920980 secs] [Times: user=0.08 sys=0.09, real=0.09 secs] 
2013-08-04T01:02:15.072+0100: 33.940: [GC [PSYoungGen: 120988K->10722K(141248K)] 217131K->116389K(280512K), 0.1321410 secs] [Times: user=0.06 sys=0.16, real=0.14 secs] 
2013-08-04T01:02:18.284+0100: 37.151: [GC [PSYoungGen: 124578K->12260K(142336K)] 230245K->127544K(281600K), 0.1041100 secs] [Times: user=0.04 sys=0.08, real=0.11 secs] 
2013-08-04T01:05:21.458+0100: 220.326: [GC [PSYoungGen: 126116K->4715K(145920K)] 241400K->131234K(285184K), 0.1001060 secs] [Times: user=0.09 sys=0.07, real=0.10 secs] 
2013-08-04T01:05:21.558+0100: 220.426: [Full GC [PSYoungGen: 4715K->0K(145920K)] [ParOldGen: 126519K->119864K(201536K)] 131234K->119864K(347456K) [PSPermGen: 34425K->34353K(60544K)], 0.6767190 secs] [Times: user=0.73 sys=0.25, real=0.68 secs] 
2013-08-04T01:05:49.436+0100: 248.308: [GC [PSYoungGen: 118912K->24669K(143616K)] 238776K->144534K(345152K), 0.0400430 secs] [Times: user=0.06 sys=0.01, real=0.04 secs] 
2013-08-04T01:06:03.891+0100: 262.759: [GC [PSYoungGen: 143581K->25041K(139136K)] 263446K->144906K(340672K), 0.0520560 secs] [Times: user=0.02 sys=0.03, real=0.06 secs] 
2013-08-04T01:06:15.492+0100: 274.375: [GC [PSYoungGen: 133969K->27455K(136384K)] 253834K->147319K(337920K), 0.1161230 secs] [Times: user=0.13 sys=0.07, real=0.11 secs] 
2013-08-04T01:06:35.353+0100: 294.220: [GC [PSYoungGen: 136383K->27154K(134400K)] 256247K->147019K(335936K), 0.0961020 secs] [Times: user=0.07 sys=0.01, real=0.10 secs] 
2013-08-04T01:07:36.630+0100: 355.497: [GC [PSYoungGen: 125714K->19819K(136640K)] 245579K->139688K(338176K), 0.0200220 secs] [Times: user=0.02 sys=0.01, real=0.02 secs] 
2013-08-04T01:07:37.711+0100: 356.578: [GC [PSYoungGen: 118379K->20147K(133952K)] 238248K->140015K(335488K), 0.0120130 secs] [Times: user=0.03 sys=0.00, real=0.01 secs] 
2013-08-04T01:07:38.203+0100: 357.071: [GC [PSYoungGen: 119731K->20273K(135808K)] 239599K->140142K(337344K), 0.0360380 secs] [Times: user=0.01 sys=0.03, real=0.04 secs] 
2013-08-04T01:07:38.708+0100: 357.576: [GC [PSYoungGen: 119857K->1672K(137408K)] 239726K->140261K(338944K), 0.0680720 secs] [Times: user=0.07 sys=0.04, real=0.06 secs] 
2013-08-04T01:07:39.176+0100: 358.048: [GC [PSYoungGen: 103688K->1352K(103424K)] 242277K->140368K(304960K), 0.0600630 secs] [Times: user=0.02 sys=0.01, real=0.06 secs] 
Heap
 PSYoungGen      total 103424K, used 92821K [0xa8b60000, 0xb3600000, 0xb3600000)
  eden space 102016K, 89% used [0xa8b60000,0xae4b3760,0xaef00000)
  from space 1408K, 96% used [0xaef00000,0xaf052030,0xaf060000)
  to   space 36800K, 0% used [0xb1210000,0xb1210000,0xb3600000)
 ParOldGen       total 201536K, used 139016K [0x93600000, 0x9fad0000, 0xa8b60000)
  object space 201536K, 68% used [0x93600000,0x9bdc21e0,0x9fad0000)
 PSPermGen       total 60544K, used 35233K [0x83600000, 0x87120000, 0x93600000)
  object space 60544K, 58% used [0x83600000,0x858687c8,0x87120000)
