2013-08-04T07:24:56.537+0100: 1.638: [GC [PSYoungGen: 32768K->5427K(38208K)] 32768K->6424K(125632K), 0.0360380 secs] [Times: user=0.02 sys=0.03, real=0.04 secs] 
2013-08-04T07:24:57.490+0100: 2.591: [GC [PSYoungGen: 38195K->5434K(70976K)] 39192K->8166K(158400K), 0.0320340 secs] [Times: user=0.00 sys=0.06, real=0.03 secs] 
2013-08-04T07:24:59.608+0100: 4.709: [GC [PSYoungGen: 70970K->5426K(70976K)] 73702K->15520K(158400K), 0.0800850 secs] [Times: user=0.00 sys=0.14, real=0.08 secs] 
2013-08-04T07:25:00.253+0100: 5.354: [GC [PSYoungGen: 70962K->5426K(136512K)] 81056K->17684K(223936K), 0.0520550 secs] [Times: user=0.00 sys=0.08, real=0.05 secs] 
2013-08-04T07:25:03.733+0100: 8.833: [GC [PSYoungGen: 119383K->5438K(136512K)] 131641K->35583K(223936K), 0.1641740 secs] [Times: user=0.01 sys=0.17, real=0.17 secs] 
2013-08-04T07:25:03.897+0100: 8.998: [Full GC (System) [PSYoungGen: 5438K->0K(136512K)] [ParOldGen: 30145K->30248K(87424K)] 35583K->30248K(223936K) [PSPermGen: 14656K->14644K(29440K)], 0.7928420 secs] [Times: user=0.00 sys=0.78, real=0.79 secs] 
2013-08-04T07:25:06.688+0100: 11.789: [GC [PSYoungGen: 131072K->5436K(121664K)] 161320K->41038K(209088K), 0.0640680 secs] [Times: user=0.04 sys=0.03, real=0.06 secs] 
2013-08-04T07:25:08.394+0100: 13.494: [GC [PSYoungGen: 121660K->13973K(136512K)] 157262K->49575K(223936K), 0.0240260 secs] [Times: user=0.03 sys=0.00, real=0.02 secs] 
2013-08-04T07:25:10.055+0100: 15.156: [GC [PSYoungGen: 130197K->20347K(144640K)] 165799K->60838K(232064K), 0.1922040 secs] [Times: user=0.00 sys=0.17, real=0.20 secs] 
2013-08-04T07:25:11.397+0100: 16.498: [GC [PSYoungGen: 144635K->24394K(148736K)] 185126K->64885K(236160K), 0.1081140 secs] [Times: user=0.00 sys=0.08, real=0.11 secs] 
2013-08-04T07:25:12.218+0100: 17.318: [GC [PSYoungGen: 148682K->19303K(143232K)] 189173K->70149K(230656K), 0.2002120 secs] [Times: user=0.01 sys=0.16, real=0.20 secs] 
2013-08-04T07:25:15.873+0100: 20.974: [GC [PSYoungGen: 136551K->19651K(136960K)] 187397K->83737K(224384K), 0.2042170 secs] [Times: user=0.08 sys=0.15, real=0.21 secs] 
2013-08-04T07:25:17.027+0100: 22.127: [GC [PSYoungGen: 136899K->1056K(143424K)] 200985K->84044K(230848K), 0.2082210 secs] [Times: user=0.07 sys=0.13, real=0.21 secs] 
2013-08-04T07:25:17.235+0100: 22.336: [Full GC [PSYoungGen: 1056K->0K(143424K)] [ParOldGen: 82987K->78586K(141696K)] 84044K->78586K(285120K) [PSPermGen: 23351K->23342K(39680K)], 0.6967400 secs] [Times: user=0.54 sys=0.18, real=0.70 secs] 
2013-08-04T07:25:19.121+0100: 24.222: [GC [PSYoungGen: 114304K->7495K(144512K)] 192890K->86082K(286208K), 0.0120130 secs] [Times: user=0.02 sys=0.00, real=0.01 secs] 
2013-08-04T07:25:19.790+0100: 24.890: [GC [PSYoungGen: 121799K->14629K(141696K)] 200386K->99922K(283392K), 0.0280290 secs] [Times: user=0.03 sys=0.02, real=0.03 secs] 
2013-08-04T07:25:21.075+0100: 26.176: [GC [PSYoungGen: 129445K->10395K(143360K)] 214738K->107955K(285056K), 0.1281360 secs] [Times: user=0.03 sys=0.09, real=0.13 secs] 
2013-08-04T07:25:23.954+0100: 29.055: [GC [PSYoungGen: 125211K->11737K(143040K)] 222771K->118766K(284736K), 0.0800850 secs] [Times: user=0.06 sys=0.09, real=0.08 secs] 
2013-08-04T07:25:25.992+0100: 31.093: [GC [PSYoungGen: 130329K->11902K(144960K)] 237358K->129774K(286656K), 0.1281360 secs] [Times: user=0.07 sys=0.09, real=0.13 secs] 
2013-08-04T07:29:02.202+0100: 247.302: [GC [PSYoungGen: 130494K->9714K(146304K)] 248366K->138719K(288000K), 0.1001060 secs] [Times: user=0.05 sys=0.13, real=0.10 secs] 
2013-08-04T07:29:02.302+0100: 247.403: [Full GC [PSYoungGen: 9714K->0K(146304K)] [ParOldGen: 129004K->127011K(204928K)] 138719K->127011K(351232K) [PSPermGen: 34855K->34783K(49664K)], 0.5405740 secs] [Times: user=0.63 sys=0.18, real=0.54 secs] 
2013-08-04T07:29:13.474+0100: 258.574: [GC [PSYoungGen: 123136K->11097K(147712K)] 250147K->138108K(352640K), 0.0680730 secs] [Times: user=0.04 sys=0.01, real=0.07 secs] 
2013-08-04T07:29:28.546+0100: 273.646: [GC [PSYoungGen: 134233K->3496K(150144K)] 261244K->139279K(355072K), 0.1001070 secs] [Times: user=0.04 sys=0.09, real=0.10 secs] 
2013-08-04T07:29:44.070+0100: 289.171: [GC [PSYoungGen: 130024K->3760K(150592K)] 265807K->139675K(355520K), 0.0240250 secs] [Times: user=0.04 sys=0.00, real=0.02 secs] 
2013-08-04T07:29:59.370+0100: 304.471: [GC [PSYoungGen: 130288K->3808K(150464K)] 266203K->139723K(355392K), 0.0320340 secs] [Times: user=0.01 sys=0.04, real=0.03 secs] 
2013-08-04T07:30:15.131+0100: 320.232: [GC [PSYoungGen: 130336K->3920K(130496K)] 266251K->139835K(335424K), 0.0240250 secs] [Times: user=0.04 sys=0.00, real=0.02 secs] 
2013-08-04T07:30:29.935+0100: 335.036: [GC [PSYoungGen: 130448K->4336K(150912K)] 266363K->140251K(355840K), 0.0680720 secs] [Times: user=0.03 sys=0.02, real=0.07 secs] 
2013-08-04T07:30:46.336+0100: 351.441: [GC [PSYoungGen: 131632K->4688K(150400K)] 267547K->140603K(355328K), 0.0400430 secs] [Times: user=0.02 sys=0.01, real=0.04 secs] 
2013-08-04T07:31:01.608+0100: 366.709: [GC [PSYoungGen: 131984K->4784K(150912K)] 267899K->140699K(355840K), 0.0440460 secs] [Times: user=0.06 sys=0.01, real=0.05 secs] 
2013-08-04T07:31:17.245+0100: 382.346: [GC [PSYoungGen: 133488K->4848K(150400K)] 269403K->140763K(355328K), 0.0360380 secs] [Times: user=0.02 sys=0.03, real=0.04 secs] 
2013-08-04T07:31:55.694+0100: 420.795: [GC [PSYoungGen: 133552K->1849K(151936K)] 269467K->137764K(356864K), 0.0120130 secs] [Times: user=0.02 sys=0.00, real=0.01 secs] 
2013-08-04T07:31:56.415+0100: 421.515: [GC [PSYoungGen: 132921K->1385K(151680K)] 268836K->137300K(356608K), 0.0080090 secs] [Times: user=0.01 sys=0.01, real=0.01 secs] 
2013-08-04T07:31:56.903+0100: 422.004: [GC [PSYoungGen: 132457K->1497K(153600K)] 268372K->137412K(358528K), 0.0120130 secs] [Times: user=0.01 sys=0.00, real=0.01 secs] 
2013-08-04T07:31:57.344+0100: 422.444: [GC [PSYoungGen: 135257K->1632K(153536K)] 271172K->137547K(358464K), 0.0160170 secs] [Times: user=0.03 sys=0.01, real=0.02 secs] 
Heap
 PSYoungGen      total 153536K, used 55671K [0xa8b80000, 0xb34f0000, 0xb3620000)
  eden space 133760K, 40% used [0xa8b80000,0xac045d30,0xb0e20000)
  from space 19776K, 8% used [0xb0e20000,0xb0fb8040,0xb2170000)
  to   space 19200K, 0% used [0xb2230000,0xb2230000,0xb34f0000)
 ParOldGen       total 204928K, used 135915K [0x93620000, 0x9fe40000, 0xa8b80000)
  object space 204928K, 66% used [0x93620000,0x9badad90,0x9fe40000)
 PSPermGen       total 49664K, used 35208K [0x83620000, 0x866a0000, 0x93620000)
  object space 49664K, 70% used [0x83620000,0x85882328,0x866a0000)
