2013-08-04T01:50:14.212+0100: 2.683: [GC [PSYoungGen: 32768K->5427K(38208K)] 32768K->6425K(125632K), 0.0560590 secs] [Times: user=0.04 sys=0.04, real=0.05 secs] 
2013-08-04T01:50:15.149+0100: 3.620: [GC [PSYoungGen: 38195K->5427K(70976K)] 39193K->8142K(158400K), 0.0600640 secs] [Times: user=0.02 sys=0.08, real=0.06 secs] 
2013-08-04T01:50:18.208+0100: 6.679: [GC [PSYoungGen: 70963K->5425K(70976K)] 73678K->15796K(158400K), 0.1401490 secs] [Times: user=0.05 sys=0.13, real=0.14 secs] 
2013-08-04T01:50:19.298+0100: 7.768: [GC [PSYoungGen: 70961K->5425K(136512K)] 81332K->17897K(223936K), 0.0640680 secs] [Times: user=0.06 sys=0.05, real=0.06 secs] 
2013-08-04T01:50:23.218+0100: 11.688: [GC [PSYoungGen: 120319K->5429K(136512K)] 132791K->35722K(223936K), 0.2362510 secs] [Times: user=0.12 sys=0.28, real=0.24 secs] 
2013-08-04T01:50:23.454+0100: 11.925: [Full GC (System) [PSYoungGen: 5429K->0K(136512K)] [ParOldGen: 30293K->30237K(87424K)] 35722K->30237K(223936K) [PSPermGen: 14646K->14634K(29440K)], 0.3403610 secs] [Times: user=0.28 sys=0.13, real=0.34 secs] 
2013-08-04T01:50:26.489+0100: 14.960: [GC [PSYoungGen: 131072K->5435K(121536K)] 161309K->41050K(208960K), 0.0760810 secs] [Times: user=0.03 sys=0.08, real=0.08 secs] 
2013-08-04T01:50:28.195+0100: 16.666: [GC [PSYoungGen: 121531K->13499K(136512K)] 157146K->49115K(223936K), 0.0360380 secs] [Times: user=0.03 sys=0.02, real=0.03 secs] 
2013-08-04T01:50:30.157+0100: 18.628: [GC [PSYoungGen: 129595K->20216K(144640K)] 165211K->60967K(232064K), 0.1641740 secs] [Times: user=0.06 sys=0.16, real=0.16 secs] 
2013-08-04T01:50:31.715+0100: 20.185: [GC [PSYoungGen: 144632K->23672K(148096K)] 185383K->64423K(235520K), 0.0880940 secs] [Times: user=0.04 sys=0.07, real=0.09 secs] 
2013-08-04T01:50:33.040+0100: 21.511: [GC [PSYoungGen: 148088K->20911K(143232K)] 188839K->71435K(230656K), 0.1161230 secs] [Times: user=0.09 sys=0.09, real=0.11 secs] 
2013-08-04T01:50:36.644+0100: 25.115: [GC [PSYoungGen: 137519K->19621K(136256K)] 188043K->83511K(223680K), 0.1521620 secs] [Times: user=0.09 sys=0.09, real=0.15 secs] 
2013-08-04T01:50:37.941+0100: 26.412: [GC [PSYoungGen: 136229K->1064K(143168K)] 200119K->83799K(230592K), 0.1962080 secs] [Times: user=0.10 sys=0.23, real=0.20 secs] 
2013-08-04T01:50:38.138+0100: 26.608: [Full GC [PSYoungGen: 1064K->0K(143168K)] [ParOldGen: 82734K->78311K(142272K)] 83799K->78311K(285440K) [PSPermGen: 23348K->23340K(39680K)], 0.6206590 secs] [Times: user=0.66 sys=0.21, real=0.62 secs] 
2013-08-04T01:50:40.604+0100: 29.075: [GC [PSYoungGen: 113792K->8049K(144256K)] 192103K->86360K(286528K), 0.0160170 secs] [Times: user=0.03 sys=0.00, real=0.02 secs] 
2013-08-04T01:50:41.946+0100: 30.416: [GC [PSYoungGen: 121841K->14500K(141376K)] 200152K->99954K(283648K), 0.0400430 secs] [Times: user=0.04 sys=0.03, real=0.04 secs] 
2013-08-04T01:50:44.268+0100: 32.739: [GC [PSYoungGen: 128932K->10225K(143040K)] 214386K->107825K(285312K), 0.0880940 secs] [Times: user=0.03 sys=0.11, real=0.09 secs] 
2013-08-04T01:50:48.405+0100: 36.875: [GC [PSYoungGen: 124657K->11797K(143104K)] 222257K->118670K(285376K), 0.1601700 secs] [Times: user=0.07 sys=0.09, real=0.16 secs] 
2013-08-04T01:50:56.866+0100: 45.336: [GC [PSYoungGen: 130261K->11691K(144960K)] 237134K->129442K(287232K), 0.1361440 secs] [Times: user=0.07 sys=0.15, real=0.13 secs] 
2013-08-04T01:54:16.037+0100: 244.508: [GC [PSYoungGen: 130155K->15427K(146688K)] 247906K->141438K(288960K), 0.1521610 secs] [Times: user=0.08 sys=0.05, real=0.15 secs] 
2013-08-04T01:54:16.189+0100: 244.660: [Full GC [PSYoungGen: 15427K->0K(146688K)] [ParOldGen: 126010K->131371K(212992K)] 141438K->131371K(359680K) [PSPermGen: 34717K->34641K(49408K)], 0.8489010 secs] [Times: user=0.91 sys=0.37, real=0.85 secs] 
2013-08-04T01:54:19.889+0100: 248.360: [GC [PSYoungGen: 122816K->11742K(147840K)] 254187K->143114K(360832K), 0.0680720 secs] [Times: user=0.05 sys=0.04, real=0.07 secs] 
2013-08-04T01:54:28.995+0100: 257.465: [GC [PSYoungGen: 134558K->3584K(149440K)] 265930K->143673K(362432K), 0.0760800 secs] [Times: user=0.06 sys=0.06, real=0.08 secs] 
2013-08-04T01:54:43.338+0100: 271.808: [GC [PSYoungGen: 128896K->4528K(149952K)] 268985K->145985K(362944K), 0.0920980 secs] [Times: user=0.07 sys=0.05, real=0.10 secs] 
2013-08-04T01:55:26.604+0100: 315.074: [GC [PSYoungGen: 129840K->3200K(150016K)] 271297K->144657K(363008K), 0.0680720 secs] [Times: user=0.09 sys=0.00, real=0.07 secs] 
2013-08-04T01:56:02.910+0100: 351.381: [GC [PSYoungGen: 128512K->1097K(126464K)] 269969K->142555K(339456K), 0.0240260 secs] [Times: user=0.03 sys=0.00, real=0.02 secs] 
2013-08-04T01:56:03.891+0100: 352.362: [GC [PSYoungGen: 126409K->1370K(149952K)] 267867K->142827K(362944K), 0.0600640 secs] [Times: user=0.01 sys=0.02, real=0.06 secs] 
2013-08-04T01:56:04.532+0100: 353.003: [GC [PSYoungGen: 126426K->1289K(126400K)] 267883K->142850K(339392K), 0.0600640 secs] [Times: user=0.03 sys=0.03, real=0.06 secs] 
2013-08-04T01:56:05.113+0100: 353.583: [GC [PSYoungGen: 126345K->640K(149888K)] 267906K->142950K(362880K), 0.0120120 secs] [Times: user=0.01 sys=0.00, real=0.01 secs] 
Heap
 PSYoungGen      total 149888K, used 64155K [0xa8b50000, 0xb35f0000, 0xb35f0000)
  eden space 125440K, 50% used [0xa8b50000,0xac956db8,0xb05d0000)
  from space 24448K, 2% used [0xb1d50000,0xb1df0000,0xb3530000)
  to   space 24064K, 0% used [0xb05d0000,0xb05d0000,0xb1d50000)
 ParOldGen       total 212992K, used 142310K [0x935f0000, 0xa05f0000, 0xa8b50000)
  object space 212992K, 66% used [0x935f0000,0x9c0e99f8,0xa05f0000)
 PSPermGen       total 49408K, used 35257K [0x835f0000, 0x86630000, 0x935f0000)
  object space 49408K, 71% used [0x835f0000,0x8585e6e8,0x86630000)
