2013-08-03T23:46:45.059+0100: 2.883: [GC [PSYoungGen: 32768K->5427K(38208K)] 32768K->6442K(125632K), 0.0880940 secs] [Times: user=0.02 sys=0.06, real=0.08 secs] 
2013-08-03T23:46:46.573+0100: 4.397: [GC [PSYoungGen: 38195K->5433K(70976K)] 39210K->8173K(158400K), 0.0400420 secs] [Times: user=0.03 sys=0.04, real=0.04 secs] 
2013-08-03T23:46:48.831+0100: 6.655: [GC [PSYoungGen: 70969K->5424K(70976K)] 73709K->15818K(158400K), 0.1361440 secs] [Times: user=0.04 sys=0.12, real=0.14 secs] 
2013-08-03T23:46:50.301+0100: 8.125: [GC [PSYoungGen: 70960K->5438K(136512K)] 81354K->17927K(223936K), 0.0720760 secs] [Times: user=0.07 sys=0.06, real=0.07 secs] 
2013-08-03T23:46:54.910+0100: 12.734: [GC [PSYoungGen: 120324K->5433K(136512K)] 132814K->35885K(223936K), 0.2963150 secs] [Times: user=0.09 sys=0.18, real=0.29 secs] 
2013-08-03T23:46:55.206+0100: 13.030: [Full GC (System) [PSYoungGen: 5433K->0K(136512K)] [ParOldGen: 30452K->30244K(87424K)] 35885K->30244K(223936K) [PSPermGen: 14652K->14639K(29440K)], 0.3723950 secs] [Times: user=0.34 sys=0.12, real=0.37 secs] 
2013-08-03T23:46:58.337+0100: 16.161: [GC [PSYoungGen: 131072K->5439K(121472K)] 161316K->41112K(208896K), 0.0760810 secs] [Times: user=0.02 sys=0.03, real=0.08 secs] 
2013-08-03T23:47:00.303+0100: 18.127: [GC [PSYoungGen: 121471K->13464K(136512K)] 157144K->49136K(223936K), 0.0200210 secs] [Times: user=0.03 sys=0.00, real=0.02 secs] 
2013-08-03T23:47:02.081+0100: 19.905: [GC [PSYoungGen: 129496K->20211K(145536K)] 165168K->59917K(232960K), 0.1321400 secs] [Times: user=0.05 sys=0.16, real=0.13 secs] 
2013-08-03T23:47:03.002+0100: 20.826: [GC [PSYoungGen: 145523K->24130K(149504K)] 185229K->63836K(236928K), 0.0680720 secs] [Times: user=0.04 sys=0.09, real=0.07 secs] 
2013-08-03T23:47:03.883+0100: 21.707: [GC [PSYoungGen: 149442K->20989K(142080K)] 189148K->71045K(229504K), 0.1081140 secs] [Times: user=0.04 sys=0.09, real=0.11 secs] 
2013-08-03T23:47:06.402+0100: 24.226: [GC [PSYoungGen: 137853K->19943K(136832K)] 187909K->83061K(224256K), 0.1121190 secs] [Times: user=0.09 sys=0.09, real=0.11 secs] 
2013-08-03T23:47:07.363+0100: 25.187: [GC [PSYoungGen: 136807K->1088K(143168K)] 199925K->83371K(230592K), 0.1121190 secs] [Times: user=0.07 sys=0.09, real=0.11 secs] 
2013-08-03T23:47:07.475+0100: 25.299: [Full GC [PSYoungGen: 1088K->0K(143168K)] [ParOldGen: 82283K->78286K(143744K)] 83371K->78286K(286912K) [PSPermGen: 23350K->23342K(39680K)], 0.5846200 secs] [Times: user=0.62 sys=0.13, real=0.58 secs] 
2013-08-03T23:47:10.010+0100: 27.834: [GC [PSYoungGen: 113792K->8291K(144256K)] 192078K->86578K(288000K), 0.0360380 secs] [Times: user=0.03 sys=0.01, real=0.04 secs] 
2013-08-03T23:47:11.611+0100: 29.435: [GC [PSYoungGen: 122083K->14406K(141120K)] 200370K->100076K(284864K), 0.0920980 secs] [Times: user=0.08 sys=0.05, real=0.09 secs] 
2013-08-03T23:47:13.273+0100: 31.097: [GC [PSYoungGen: 128838K->10310K(142912K)] 214508K->108061K(286656K), 0.1081150 secs] [Times: user=0.02 sys=0.10, real=0.11 secs] 
2013-08-03T23:47:15.696+0100: 33.520: [GC [PSYoungGen: 124742K->11660K(143040K)] 222493K->118806K(286784K), 0.0961020 secs] [Times: user=0.05 sys=0.10, real=0.10 secs] 
2013-08-03T23:47:27.376+0100: 45.200: [GC [PSYoungGen: 130316K->11497K(145088K)] 237462K->129359K(288832K), 0.1161230 secs] [Times: user=0.05 sys=0.11, real=0.12 secs] 
2013-08-03T23:50:45.622+0100: 243.446: [GC [PSYoungGen: 130153K->7875K(146496K)] 248015K->133851K(290240K), 0.0840890 secs] [Times: user=0.03 sys=0.08, real=0.08 secs] 
2013-08-03T23:50:45.707+0100: 243.530: [Full GC [PSYoungGen: 7875K->0K(146496K)] [ParOldGen: 125976K->122862K(206208K)] 133851K->122862K(352704K) [PSPermGen: 34754K->34680K(49664K)], 1.0771430 secs] [Times: user=0.39 sys=0.61, real=1.08 secs] 
2013-08-03T23:50:53.002+0100: 250.826: [GC [PSYoungGen: 122880K->18132K(147904K)] 245742K->140995K(354112K), 0.0720770 secs] [Times: user=0.07 sys=0.04, real=0.07 secs] 
2013-08-03T23:51:04.711+0100: 262.535: [GC [PSYoungGen: 141012K->19739K(146432K)] 263875K->142601K(352640K), 0.0920980 secs] [Times: user=0.04 sys=0.02, real=0.09 secs] 
2013-08-03T23:51:15.806+0100: 273.630: [GC [PSYoungGen: 140315K->19651K(140288K)] 263177K->142513K(346496K), 0.0320340 secs] [Times: user=0.04 sys=0.01, real=0.03 secs] 
2013-08-03T23:51:32.324+0100: 290.148: [GC [PSYoungGen: 140227K->19418K(145664K)] 263089K->142280K(351872K), 0.0480510 secs] [Times: user=0.06 sys=0.00, real=0.05 secs] 
2013-08-03T23:52:57.546+0100: 375.370: [GC [PSYoungGen: 137178K->12765K(130560K)] 260040K->135627K(336768K), 0.0880940 secs] [Times: user=0.05 sys=0.02, real=0.09 secs] 
2013-08-03T23:52:59.124+0100: 376.948: [GC [PSYoungGen: 130525K->13125K(146816K)] 253387K->135987K(353024K), 0.0640680 secs] [Times: user=0.05 sys=0.06, real=0.06 secs] 
2013-08-03T23:52:59.937+0100: 377.761: [GC [PSYoungGen: 132485K->13276K(145792K)] 255347K->136138K(352000K), 0.0200220 secs] [Times: user=0.00 sys=0.02, real=0.02 secs] 
2013-08-03T23:53:00.550+0100: 378.378: [GC [PSYoungGen: 132636K->13339K(147136K)] 255498K->136202K(353344K), 0.0160170 secs] [Times: user=0.03 sys=0.01, real=0.02 secs] 
2013-08-03T23:53:01.050+0100: 378.874: [GC [PSYoungGen: 135067K->13564K(146240K)] 257930K->136426K(352448K), 0.0240250 secs] [Times: user=0.04 sys=0.00, real=0.02 secs] 
Heap
 PSYoungGen      total 146240K, used 35468K [0xa8c30000, 0xb3410000, 0xb36d0000)
  eden space 121728K, 17% used [0xa8c30000,0xaa194038,0xb0310000)
  from space 24512K, 55% used [0xb0310000,0xb104f228,0xb1b00000)
  to   space 23552K, 0% used [0xb1d10000,0xb1d10000,0xb3410000)
 ParOldGen       total 206208K, used 122862K [0x936d0000, 0xa0030000, 0xa8c30000)
  object space 206208K, 59% used [0x936d0000,0x9aecb8a0,0xa0030000)
 PSPermGen       total 49664K, used 35245K [0x836d0000, 0x86750000, 0x936d0000)
  object space 49664K, 70% used [0x836d0000,0x8593b418,0x86750000)
