2013-08-03T22:53:02.959+0100: 1.630: [GC [PSYoungGen: 32768K->5427K(38208K)] 32768K->6438K(125632K), 0.0680720 secs] [Times: user=0.01 sys=0.06, real=0.07 secs] 
2013-08-03T22:53:04.245+0100: 2.915: [GC [PSYoungGen: 38195K->5424K(70976K)] 39206K->8177K(158400K), 0.0800850 secs] [Times: user=0.04 sys=0.06, real=0.08 secs] 
2013-08-03T22:53:06.727+0100: 5.398: [GC [PSYoungGen: 70960K->5429K(70976K)] 73713K->15527K(158400K), 0.1001060 secs] [Times: user=0.04 sys=0.10, real=0.10 secs] 
2013-08-03T22:53:07.636+0100: 6.307: [GC [PSYoungGen: 70965K->5424K(136512K)] 81063K->17632K(223936K), 0.1281360 secs] [Times: user=0.02 sys=0.07, real=0.12 secs] 
2013-08-03T22:53:11.000+0100: 9.670: [GC [PSYoungGen: 120325K->5433K(136512K)] 132533K->35532K(223936K), 0.3163360 secs] [Times: user=0.07 sys=0.23, real=0.31 secs] 
2013-08-03T22:53:11.316+0100: 9.987: [Full GC (System) [PSYoungGen: 5433K->0K(136512K)] [ParOldGen: 30099K->30243K(87424K)] 35532K->30243K(223936K) [PSPermGen: 14652K->14640K(29440K)], 0.8288790 secs] [Times: user=0.38 sys=0.10, real=0.83 secs] 
2013-08-03T22:53:13.927+0100: 12.597: [GC [PSYoungGen: 131072K->5428K(121664K)] 161315K->40892K(209088K), 0.0440460 secs] [Times: user=0.02 sys=0.04, real=0.04 secs] 
2013-08-03T22:53:16.041+0100: 14.712: [GC [PSYoungGen: 121652K->13789K(136512K)] 157116K->49253K(223936K), 0.0200210 secs] [Times: user=0.02 sys=0.03, real=0.03 secs] 
2013-08-03T22:53:17.811+0100: 16.481: [GC [PSYoungGen: 130013K->20272K(145344K)] 165477K->59930K(232768K), 0.1721830 secs] [Times: user=0.06 sys=0.23, real=0.17 secs] 
2013-08-03T22:53:18.740+0100: 17.410: [GC [PSYoungGen: 145328K->24234K(149312K)] 184986K->63892K(236736K), 0.1081150 secs] [Times: user=0.10 sys=0.08, real=0.11 secs] 
2013-08-03T22:53:19.741+0100: 18.412: [GC [PSYoungGen: 149290K->20871K(142016K)] 188948K->70780K(229440K), 0.1041100 secs] [Times: user=0.04 sys=0.14, real=0.11 secs] 
2013-08-03T22:53:22.744+0100: 21.415: [GC [PSYoungGen: 137479K->19940K(136576K)] 187388K->83086K(224000K), 0.1201280 secs] [Times: user=0.06 sys=0.11, real=0.12 secs] 
2013-08-03T22:53:23.661+0100: 22.332: [GC [PSYoungGen: 136548K->1072K(143168K)] 199694K->83419K(230592K), 0.2442600 secs] [Times: user=0.12 sys=0.21, real=0.24 secs] 
2013-08-03T22:53:23.905+0100: 22.576: [Full GC [PSYoungGen: 1072K->0K(143168K)] [ParOldGen: 82346K->78329K(140224K)] 83419K->78329K(283392K) [PSPermGen: 23361K->23352K(39680K)], 0.5245560 secs] [Times: user=0.52 sys=0.22, real=0.52 secs] 
2013-08-03T22:53:25.896+0100: 24.566: [GC [PSYoungGen: 113664K->7668K(144192K)] 191993K->85998K(284416K), 0.0120130 secs] [Times: user=0.02 sys=0.00, real=0.01 secs] 
2013-08-03T22:53:26.921+0100: 25.591: [GC [PSYoungGen: 121332K->14503K(141120K)] 199662K->99668K(281344K), 0.0320340 secs] [Times: user=0.04 sys=0.02, real=0.03 secs] 
2013-08-03T22:53:28.234+0100: 26.905: [GC [PSYoungGen: 128679K->10332K(142912K)] 213844K->107632K(283136K), 0.0760810 secs] [Times: user=0.06 sys=0.07, real=0.08 secs] 
2013-08-03T22:53:30.733+0100: 29.407: [GC [PSYoungGen: 124508K->11852K(142720K)] 221808K->118563K(282944K), 0.0920980 secs] [Times: user=0.05 sys=0.12, real=0.10 secs] 
2013-08-03T22:53:33.275+0100: 31.946: [GC [PSYoungGen: 130060K->11857K(144768K)] 236771K->129504K(284992K), 0.0640680 secs] [Times: user=0.04 sys=0.07, real=0.06 secs] 
2013-08-03T22:57:06.169+0100: 244.840: [GC [PSYoungGen: 130065K->9087K(146112K)] 247712K->137807K(286336K), 0.1321410 secs] [Times: user=0.06 sys=0.15, real=0.13 secs] 
2013-08-03T22:57:06.302+0100: 244.972: [Full GC [PSYoungGen: 9087K->0K(146112K)] [ParOldGen: 128719K->126515K(203072K)] 137807K->126515K(349184K) [PSPermGen: 34855K->34777K(49664K)], 0.6486880 secs] [Times: user=0.73 sys=0.24, real=0.65 secs] 
2013-08-03T22:57:17.117+0100: 255.787: [GC [PSYoungGen: 122752K->12165K(147584K)] 249267K->138681K(350656K), 0.0720760 secs] [Times: user=0.02 sys=0.00, real=0.07 secs] 
2013-08-03T22:57:23.256+0100: 261.926: [GC [PSYoungGen: 134917K->8341K(148800K)] 261433K->143665K(351872K), 0.1041110 secs] [Times: user=0.12 sys=0.05, real=0.10 secs] 
2013-08-03T22:57:36.021+0100: 274.692: [GC [PSYoungGen: 134549K->4336K(149504K)] 269873K->146388K(352576K), 0.0480510 secs] [Times: user=0.07 sys=0.02, real=0.05 secs] 
2013-08-03T22:57:49.111+0100: 287.781: [GC [PSYoungGen: 130544K->3808K(151104K)] 272596K->146064K(354176K), 0.0320340 secs] [Times: user=0.05 sys=0.01, real=0.03 secs] 
2013-08-03T22:58:00.823+0100: 299.494: [GC [PSYoungGen: 131424K->4640K(132288K)] 273680K->146896K(335360K), 0.0760800 secs] [Times: user=0.07 sys=0.03, real=0.08 secs] 
2013-08-03T22:58:16.268+0100: 314.938: [GC [PSYoungGen: 132256K->4688K(151424K)] 274512K->146944K(354496K), 0.0400420 secs] [Times: user=0.04 sys=0.00, real=0.04 secs] 
2013-08-03T22:58:25.462+0100: 324.132: [GC [PSYoungGen: 132816K->5248K(133376K)] 275072K->147504K(336448K), 0.0600640 secs] [Times: user=0.04 sys=0.01, real=0.06 secs] 
2013-08-03T22:58:36.697+0100: 335.372: [GC [PSYoungGen: 133376K->5952K(151680K)] 275632K->148208K(354752K), 0.0400420 secs] [Times: user=0.06 sys=0.01, real=0.05 secs] 
2013-08-03T22:58:51.701+0100: 350.372: [GC [PSYoungGen: 135360K->6192K(150848K)] 277616K->148448K(353920K), 0.0320340 secs] [Times: user=0.04 sys=0.01, real=0.03 secs] 
2013-08-03T22:58:59.181+0100: 357.852: [GC [PSYoungGen: 135600K->5712K(152320K)] 277856K->147968K(355392K), 0.0360380 secs] [Times: user=0.02 sys=0.01, real=0.04 secs] 
2013-08-03T22:59:43.917+0100: 402.587: [GC [PSYoungGen: 137424K->1897K(151616K)] 279680K->144153K(354688K), 0.0160170 secs] [Times: user=0.03 sys=0.01, real=0.02 secs] 
2013-08-03T22:59:45.082+0100: 403.753: [GC [PSYoungGen: 133609K->1426K(154176K)] 275865K->143682K(357248K), 0.0160170 secs] [Times: user=0.02 sys=0.01, real=0.01 secs] 
2013-08-03T22:59:45.771+0100: 404.441: [GC [PSYoungGen: 135826K->1488K(153984K)] 278082K->143744K(357056K), 0.0120130 secs] [Times: user=0.02 sys=0.01, real=0.02 secs] 
2013-08-03T22:59:46.199+0100: 404.870: [GC [PSYoungGen: 135888K->1625K(154688K)] 278144K->143881K(357760K), 0.0400420 secs] [Times: user=0.02 sys=0.02, real=0.04 secs] 
Heap
 PSYoungGen      total 154688K, used 67771K [0xa8ba0000, 0xb3510000, 0xb3640000)
  eden space 135808K, 48% used [0xa8ba0000,0xacc38888,0xb1040000)
  from space 18880K, 8% used [0xb22a0000,0xb2436428,0xb3510000)
  to   space 18816K, 0% used [0xb1040000,0xb1040000,0xb22a0000)
 ParOldGen       total 203072K, used 142256K [0x93640000, 0x9fc90000, 0xa8ba0000)
  object space 203072K, 70% used [0x93640000,0x9c12c230,0x9fc90000)
 PSPermGen       total 49664K, used 35273K [0x83640000, 0x866c0000, 0x93640000)
  object space 49664K, 71% used [0x83640000,0x858b2688,0x866c0000)
