2013-08-04T02:51:00.418+0100: 1.970: [GC [PSYoungGen: 32768K->5429K(38208K)] 32768K->6426K(125632K), 0.1001060 secs] [Times: user=0.04 sys=0.05, real=0.10 secs] 
2013-08-04T02:51:01.275+0100: 2.827: [GC [PSYoungGen: 38197K->5424K(70976K)] 39194K->8182K(158400K), 0.0840900 secs] [Times: user=0.02 sys=0.06, real=0.08 secs] 
2013-08-04T02:51:03.746+0100: 5.298: [GC [PSYoungGen: 70960K->5424K(70976K)] 73718K->15592K(158400K), 0.0640680 secs] [Times: user=0.02 sys=0.08, real=0.07 secs] 
2013-08-04T02:51:04.607+0100: 6.159: [GC [PSYoungGen: 70960K->5429K(136512K)] 81128K->17767K(223936K), 0.0480510 secs] [Times: user=0.02 sys=0.05, real=0.05 secs] 
2013-08-04T02:51:07.602+0100: 9.154: [GC [PSYoungGen: 119423K->5436K(136512K)] 131761K->35690K(223936K), 0.2042170 secs] [Times: user=0.09 sys=0.25, real=0.20 secs] 
2013-08-04T02:51:07.806+0100: 9.358: [Full GC (System) [PSYoungGen: 5436K->0K(136512K)] [ParOldGen: 30254K->30330K(87424K)] 35690K->30330K(223936K) [PSPermGen: 14685K->14673K(29440K)], 0.2442590 secs] [Times: user=0.29 sys=0.12, real=0.25 secs] 
2013-08-04T02:51:09.900+0100: 11.452: [GC [PSYoungGen: 131072K->5427K(121664K)] 161402K->41224K(209088K), 0.0760800 secs] [Times: user=0.02 sys=0.08, real=0.08 secs] 
2013-08-04T02:51:11.518+0100: 13.070: [GC [PSYoungGen: 121651K->13436K(136512K)] 157448K->49233K(223936K), 0.0160170 secs] [Times: user=0.02 sys=0.01, real=0.02 secs] 
2013-08-04T02:51:13.460+0100: 15.012: [GC [PSYoungGen: 129660K->20090K(145152K)] 165457K->60572K(232576K), 0.1521610 secs] [Times: user=0.03 sys=0.12, real=0.16 secs] 
2013-08-04T02:51:14.629+0100: 16.181: [GC [PSYoungGen: 145146K->23514K(148608K)] 185628K->63997K(236032K), 0.0760810 secs] [Times: user=0.02 sys=0.04, real=0.07 secs] 
2013-08-04T02:51:15.714+0100: 17.266: [GC [PSYoungGen: 148570K->20277K(143744K)] 189053K->70612K(231168K), 0.1601700 secs] [Times: user=0.12 sys=0.12, real=0.16 secs] 
2013-08-04T02:51:19.466+0100: 21.018: [GC [PSYoungGen: 137909K->19911K(137600K)] 188244K->83287K(225024K), 0.1481570 secs] [Times: user=0.06 sys=0.11, real=0.15 secs] 
2013-08-04T02:51:20.415+0100: 21.967: [GC [PSYoungGen: 137543K->1056K(143552K)] 200919K->83640K(230976K), 0.2242380 secs] [Times: user=0.06 sys=0.16, real=0.22 secs] 
2013-08-04T02:51:20.640+0100: 22.192: [Full GC [PSYoungGen: 1056K->0K(143552K)] [ParOldGen: 82583K->78708K(142656K)] 83640K->78708K(286208K) [PSPermGen: 23354K->23345K(39680K)], 0.7407860 secs] [Times: user=0.46 sys=0.21, real=0.74 secs] 
2013-08-04T02:51:23.014+0100: 24.566: [GC [PSYoungGen: 114560K->8125K(144640K)] 193268K->86833K(287296K), 0.0120130 secs] [Times: user=0.02 sys=0.00, real=0.02 secs] 
2013-08-04T02:51:23.807+0100: 25.359: [GC [PSYoungGen: 122685K->14397K(141696K)] 201393K->100350K(284352K), 0.0560590 secs] [Times: user=0.03 sys=0.04, real=0.05 secs] 
2013-08-04T02:51:25.601+0100: 27.153: [GC [PSYoungGen: 129533K->10293K(143424K)] 215486K->108430K(286080K), 0.0880930 secs] [Times: user=0.04 sys=0.12, real=0.09 secs] 
2013-08-04T02:51:28.280+0100: 29.832: [GC [PSYoungGen: 125429K->11907K(143360K)] 223566K->119426K(286016K), 0.0800850 secs] [Times: user=0.05 sys=0.08, real=0.08 secs] 
2013-08-04T02:52:00.005+0100: 61.557: [GC [PSYoungGen: 131011K->11393K(145280K)] 238530K->129836K(287936K), 0.2522680 secs] [Times: user=0.10 sys=0.13, real=0.25 secs] 
2013-08-04T02:55:02.663+0100: 244.215: [GC [PSYoungGen: 130497K->25151K(139968K)] 248940K->147679K(282624K), 0.0640680 secs] [Times: user=0.02 sys=0.06, real=0.07 secs] 
2013-08-04T02:55:10.163+0100: 251.715: [GC [PSYoungGen: 139967K->6760K(144768K)] 262495K->154299K(292416K), 0.1121190 secs] [Times: user=0.12 sys=0.05, real=0.11 secs] 
2013-08-04T02:55:10.275+0100: 251.827: [Full GC [PSYoungGen: 6760K->0K(144768K)] [ParOldGen: 147539K->141559K(231680K)] 154299K->141559K(376448K) [PSPermGen: 35120K->34833K(49664K)], 0.8609140 secs] [Times: user=0.75 sys=0.29, real=0.86 secs] 
2013-08-04T02:55:23.986+0100: 265.538: [GC [PSYoungGen: 114816K->3856K(144704K)] 256375K->145415K(376384K), 0.0280300 secs] [Times: user=0.04 sys=0.00, real=0.02 secs] 
2013-08-04T02:55:36.059+0100: 277.611: [GC [PSYoungGen: 118864K->4328K(119360K)] 260423K->145887K(351040K), 0.0920980 secs] [Times: user=0.10 sys=0.06, real=0.09 secs] 
2013-08-04T02:56:17.391+0100: 318.943: [GC [PSYoungGen: 119336K->3609K(145152K)] 260895K->145169K(376832K), 0.0400430 secs] [Times: user=0.04 sys=0.01, real=0.04 secs] 
2013-08-04T02:56:19.241+0100: 320.792: [GC [PSYoungGen: 119193K->1393K(144768K)] 260753K->142952K(376448K), 0.0400420 secs] [Times: user=0.01 sys=0.01, real=0.04 secs] 
2013-08-04T02:56:20.202+0100: 321.753: [GC [PSYoungGen: 116977K->1552K(145088K)] 258536K->143111K(376768K), 0.0120130 secs] [Times: user=0.02 sys=0.00, real=0.02 secs] 
2013-08-04T02:56:20.726+0100: 322.278: [GC [PSYoungGen: 117968K->1616K(145024K)] 259527K->143179K(376704K), 0.0160170 secs] [Times: user=0.00 sys=0.02, real=0.01 secs] 
2013-08-04T02:56:21.247+0100: 322.799: [GC [PSYoungGen: 118032K->1753K(145280K)] 259595K->143316K(376960K), 0.0120130 secs] [Times: user=0.01 sys=0.01, real=0.01 secs] 
Heap
 PSYoungGen      total 145280K, used 56735K [0xa8ba0000, 0xb3420000, 0xb3640000)
  eden space 118144K, 46% used [0xa8ba0000,0xac151a60,0xaff00000)
  from space 27136K, 6% used [0xb19a0000,0xb1b56418,0xb3420000)
  to   space 27200K, 0% used [0xaff00000,0xaff00000,0xb1990000)
 ParOldGen       total 231680K, used 141563K [0x93640000, 0xa1880000, 0xa8ba0000)
  object space 231680K, 61% used [0x93640000,0x9c07ef98,0xa1880000)
 PSPermGen       total 49664K, used 35241K [0x83640000, 0x866c0000, 0x93640000)
  object space 49664K, 70% used [0x83640000,0x858aa4e8,0x866c0000)
