2013-07-15T20:43:15.752+0100: 1.532: [GC [PSYoungGen: 32768K->5427K(38208K)] 32768K->6455K(125632K), 0.0138370 secs] [Times: user=0.01 sys=0.01, real=0.01 secs] 
2013-07-15T20:43:16.646+0100: 2.426: [GC [PSYoungGen: 38195K->5425K(38208K)] 39223K->8180K(125632K), 0.0116530 secs] [Times: user=0.02 sys=0.00, real=0.02 secs] 
2013-07-15T20:43:17.653+0100: 3.434: [GC [PSYoungGen: 38193K->5427K(38208K)] 40948K->12374K(125632K), 0.0277710 secs] [Times: user=0.05 sys=0.00, real=0.03 secs] 
2013-07-15T20:43:18.517+0100: 4.297: [GC [PSYoungGen: 38195K->5434K(70976K)] 45142K->15833K(158400K), 0.0180570 secs] [Times: user=0.03 sys=0.00, real=0.01 secs] 
2013-07-15T20:43:19.177+0100: 4.957: [GC [PSYoungGen: 70970K->5428K(70976K)] 81369K->17632K(158400K), 0.0157630 secs] [Times: user=0.03 sys=0.01, real=0.01 secs] 
2013-07-15T20:43:20.825+0100: 6.605: [GC [PSYoungGen: 70964K->10104K(138624K)] 83168K->25175K(226048K), 0.0926800 secs] [Times: user=0.15 sys=0.02, real=0.10 secs] 
2013-07-15T20:43:22.488+0100: 8.269: [GC [PSYoungGen: 58577K->12664K(141184K)] 73648K->35427K(228608K), 0.0477550 secs] [Times: user=0.07 sys=0.02, real=0.05 secs] 
2013-07-15T20:43:22.536+0100: 8.317: [Full GC (System) [PSYoungGen: 12664K->0K(141184K)] [ParOldGen: 22762K->30568K(87424K)] 35427K->30568K(228608K) [PSPermGen: 14653K->14640K(29440K)], 0.2195810 secs] [Times: user=0.35 sys=0.05, real=0.22 secs] 
2013-07-15T20:43:24.343+0100: 10.123: [GC [PSYoungGen: 128512K->10319K(149888K)] 159080K->40888K(237312K), 0.0180260 secs] [Times: user=0.02 sys=0.01, real=0.02 secs] 
2013-07-15T20:43:25.942+0100: 11.723: [GC [PSYoungGen: 142287K->17010K(148992K)] 172856K->49460K(236416K), 0.0475180 secs] [Times: user=0.10 sys=0.00, real=0.05 secs] 
2013-07-15T20:43:27.679+0100: 13.459: [GC [PSYoungGen: 148978K->19774K(143040K)] 181428K->62130K(230464K), 0.0513900 secs] [Times: user=0.06 sys=0.03, real=0.05 secs] 
2013-07-15T20:43:28.755+0100: 14.536: [GC [PSYoungGen: 143038K->3699K(126976K)] 185394K->65209K(214400K), 0.0372520 secs] [Times: user=0.06 sys=0.01, real=0.03 secs] 
2013-07-15T20:43:29.555+0100: 15.335: [GC [PSYoungGen: 126963K->10205K(149696K)] 188473K->75332K(237120K), 0.0270000 secs] [Times: user=0.04 sys=0.01, real=0.03 secs] 
2013-07-15T20:43:32.751+0100: 18.531: [GC [PSYoungGen: 133853K->9742K(133440K)] 198980K->84822K(220864K), 0.0564690 secs] [Times: user=0.10 sys=0.00, real=0.06 secs] 
2013-07-15T20:43:32.807+0100: 18.588: [Full GC [PSYoungGen: 9742K->0K(133440K)] [ParOldGen: 75079K->79478K(147328K)] 84822K->79478K(280768K) [PSPermGen: 23183K->23175K(39424K)], 0.4784760 secs] [Times: user=0.79 sys=0.05, real=0.48 secs] 
2013-07-15T20:43:34.113+0100: 19.894: [GC [PSYoungGen: 123648K->1200K(147136K)] 203126K->80678K(294464K), 0.0068620 secs] [Times: user=0.01 sys=0.00, real=0.01 secs] 
2013-07-15T20:43:35.548+0100: 21.328: [GC [PSYoungGen: 124272K->15718K(147712K)] 203750K->95196K(295040K), 0.0176480 secs] [Times: user=0.03 sys=0.01, real=0.02 secs] 
2013-07-15T20:43:36.914+0100: 22.695: [GC [PSYoungGen: 138790K->25083K(141312K)] 218268K->105665K(288640K), 0.0416720 secs] [Times: user=0.06 sys=0.00, real=0.05 secs] 
2013-07-15T20:43:39.173+0100: 24.954: [GC [PSYoungGen: 141307K->22663K(138944K)] 221889K->108854K(286272K), 0.0603830 secs] [Times: user=0.08 sys=0.01, real=0.06 secs] 
2013-07-15T20:43:42.027+0100: 27.807: [GC [PSYoungGen: 138887K->31284K(133312K)] 225078K->118331K(280640K), 0.0552110 secs] [Times: user=0.10 sys=0.00, real=0.05 secs] 
2013-07-15T20:44:44.379+0100: 90.160: [GC [PSYoungGen: 133300K->22160K(124224K)] 220347K->125652K(271552K), 0.0746400 secs] [Times: user=0.12 sys=0.02, real=0.07 secs] 
2013-07-15T20:45:26.246+0100: 132.026: [GC [PSYoungGen: 124176K->23108K(136960K)] 227668K->126600K(284288K), 0.0465300 secs] [Times: user=0.07 sys=0.01, real=0.05 secs] 
2013-07-15T20:46:08.774+0100: 174.554: [GC [PSYoungGen: 123332K->22972K(123200K)] 226824K->126463K(270528K), 0.0490070 secs] [Times: user=0.08 sys=0.00, real=0.05 secs] 
2013-07-15T20:46:51.394+0100: 217.174: [GC [PSYoungGen: 123196K->23028K(137216K)] 226687K->126520K(284544K), 0.0377730 secs] [Times: user=0.06 sys=0.00, real=0.04 secs] 
2013-07-15T20:47:33.830+0100: 259.611: [GC [PSYoungGen: 122740K->23354K(123072K)] 226232K->126846K(270400K), 0.0519850 secs] [Times: user=0.08 sys=0.01, real=0.06 secs] 
2013-07-15T20:48:17.290+0100: 303.071: [GC [PSYoungGen: 123066K->23274K(137344K)] 226558K->126765K(284672K), 0.0369560 secs] [Times: user=0.05 sys=0.00, real=0.04 secs] 
2013-07-15T20:48:59.931+0100: 345.711: [GC [PSYoungGen: 123050K->23346K(123136K)] 226541K->126837K(270464K), 0.0373430 secs] [Times: user=0.07 sys=0.00, real=0.04 secs] 
2013-07-15T20:49:45.655+0100: 391.435: [GC [PSYoungGen: 123122K->23515K(137152K)] 226613K->127006K(284480K), 0.0372600 secs] [Times: user=0.06 sys=0.00, real=0.04 secs] 
2013-07-15T20:50:27.972+0100: 433.753: [GC [PSYoungGen: 123547K->24110K(136896K)] 227038K->127602K(284224K), 0.0404110 secs] [Times: user=0.06 sys=0.00, real=0.04 secs] 
2013-07-15T20:51:10.645+0100: 476.426: [GC [PSYoungGen: 124142K->24075K(137600K)] 227634K->127566K(284928K), 0.0371700 secs] [Times: user=0.06 sys=0.00, real=0.04 secs] 
2013-07-15T20:51:53.318+0100: 519.099: [GC [PSYoungGen: 125067K->23462K(137472K)] 228558K->126954K(284800K), 0.0432770 secs] [Times: user=0.07 sys=0.00, real=0.04 secs] 
2013-07-15T20:52:36.362+0100: 562.142: [GC [PSYoungGen: 124454K->23576K(137216K)] 227946K->127067K(284544K), 0.0325020 secs] [Times: user=0.06 sys=0.00, real=0.03 secs] 
2013-07-15T20:53:19.785+0100: 605.566: [GC [PSYoungGen: 125592K->23677K(122368K)] 229083K->127169K(269696K), 0.0491240 secs] [Times: user=0.07 sys=0.01, real=0.05 secs] 
2013-07-15T20:54:01.106+0100: 646.887: [GC [PSYoungGen: 122365K->23766K(126336K)] 225857K->127258K(273664K), 0.0479820 secs] [Times: user=0.08 sys=0.00, real=0.05 secs] 
2013-07-15T20:54:43.112+0100: 688.893: [GC [PSYoungGen: 119318K->13233K(105792K)] 222810K->127090K(253120K), 0.0728430 secs] [Times: user=0.10 sys=0.01, real=0.07 secs] 
2013-07-15T20:55:15.990+0100: 721.771: [GC [PSYoungGen: 105777K->4398K(124224K)] 219634K->126643K(271552K), 0.0279210 secs] [Times: user=0.05 sys=0.00, real=0.03 secs] 
2013-07-15T20:55:47.031+0100: 752.812: [GC [PSYoungGen: 94062K->3488K(90432K)] 216307K->126659K(237760K), 0.0138080 secs] [Times: user=0.02 sys=0.00, real=0.01 secs] 
2013-07-15T20:56:18.201+0100: 783.981: [GC [PSYoungGen: 90400K->3408K(119552K)] 213571K->126683K(266880K), 0.0118470 secs] [Times: user=0.01 sys=0.00, real=0.01 secs] 
2013-07-15T20:56:49.174+0100: 814.954: [GC [PSYoungGen: 87632K->3248K(84928K)] 210907K->126619K(232256K), 0.0157320 secs] [Times: user=0.02 sys=0.01, real=0.02 secs] 
2013-07-15T20:57:18.574+0100: 844.354: [GC [PSYoungGen: 84912K->3184K(113856K)] 208283K->126659K(261184K), 0.0153060 secs] [Times: user=0.03 sys=0.00, real=0.02 secs] 
2013-07-15T20:57:47.310+0100: 873.090: [GC [PSYoungGen: 82416K->3088K(80064K)] 205891K->126659K(227392K), 0.0146540 secs] [Times: user=0.03 sys=0.00, real=0.02 secs] 
2013-07-15T20:58:14.532+0100: 900.312: [GC [PSYoungGen: 80016K->3008K(107776K)] 203587K->126675K(255104K), 0.0123760 secs] [Times: user=0.01 sys=0.00, real=0.01 secs] 
2013-07-15T20:58:41.070+0100: 926.851: [GC [PSYoungGen: 77696K->2984K(75584K)] 201363K->126751K(222912K), 0.0139570 secs] [Times: user=0.02 sys=0.00, real=0.01 secs] 
2013-07-15T20:59:07.000+0100: 952.780: [GC [PSYoungGen: 75560K->2848K(101376K)] 199327K->126707K(248704K), 0.0166310 secs] [Times: user=0.03 sys=0.00, real=0.02 secs] 
2013-07-15T20:59:32.092+0100: 977.872: [GC [PSYoungGen: 73376K->2752K(71296K)] 197235K->126699K(218624K), 0.0119890 secs] [Times: user=0.02 sys=0.00, real=0.02 secs] 
2013-07-15T20:59:56.405+0100: 1002.186: [GC [PSYoungGen: 71296K->2672K(95104K)] 195243K->126711K(242432K), 0.0128850 secs] [Times: user=0.01 sys=0.01, real=0.01 secs] 
2013-07-15T21:00:28.130+0100: 1033.910: [GC [PSYoungGen: 69296K->2944K(67776K)] 193335K->127075K(215104K), 0.0121080 secs] [Times: user=0.02 sys=0.00, real=0.01 secs] 
2013-07-15T21:00:57.135+0100: 1062.916: [GC [PSYoungGen: 67776K->2912K(88960K)] 191907K->127135K(236288K), 0.0128740 secs] [Times: user=0.01 sys=0.00, real=0.01 secs] 
2013-07-15T21:01:25.000+0100: 1090.780: [GC [PSYoungGen: 66016K->2800K(64256K)] 190239K->127123K(211584K), 0.0120020 secs] [Times: user=0.02 sys=0.00, real=0.01 secs] 
2013-07-15T21:01:52.473+0100: 1118.253: [GC [PSYoungGen: 64240K->2832K(83200K)] 188563K->127243K(230528K), 0.0100990 secs] [Times: user=0.01 sys=0.00, real=0.01 secs] 
2013-07-15T21:02:19.013+0100: 1144.793: [GC [PSYoungGen: 62672K->2656K(60992K)] 187083K->127139K(208320K), 0.0143390 secs] [Times: user=0.02 sys=0.00, real=0.02 secs] 
2013-07-15T21:02:44.945+0100: 1170.726: [GC [PSYoungGen: 60960K->2624K(77824K)] 185443K->127175K(225152K), 0.0160470 secs] [Times: user=0.02 sys=0.00, real=0.01 secs] 
2013-07-15T21:03:10.438+0100: 1196.218: [GC [PSYoungGen: 59456K->2560K(57984K)] 184007K->127179K(205312K), 0.0127590 secs] [Times: user=0.02 sys=0.00, real=0.01 secs] 
2013-07-15T21:03:34.926+0100: 1220.706: [GC [PSYoungGen: 57984K->2496K(72832K)] 182603K->127179K(220160K), 0.0108300 secs] [Times: user=0.01 sys=0.00, real=0.01 secs] 
2013-07-15T21:03:58.563+0100: 1244.343: [GC [PSYoungGen: 56512K->2464K(55168K)] 181195K->127211K(202496K), 0.0159490 secs] [Times: user=0.01 sys=0.00, real=0.01 secs] 
2013-07-15T21:04:21.691+0100: 1267.471: [GC [PSYoungGen: 55136K->2400K(68160K)] 179883K->127211K(215488K), 0.0117590 secs] [Times: user=0.01 sys=0.01, real=0.01 secs] 
2013-07-15T21:04:43.695+0100: 1289.476: [GC [PSYoungGen: 53792K->2320K(52544K)] 178603K->127211K(199872K), 0.0110620 secs] [Times: user=0.01 sys=0.00, real=0.00 secs] 
2013-07-15T21:05:05.612+0100: 1311.393: [GC [PSYoungGen: 52496K->2475K(63936K)] 177387K->127422K(211264K), 0.0123540 secs] [Times: user=0.01 sys=0.01, real=0.02 secs] 
2013-07-15T21:05:28.317+0100: 1334.097: [GC [PSYoungGen: 51499K->2176K(50048K)] 176446K->127179K(197376K), 0.0093010 secs] [Times: user=0.02 sys=0.00, real=0.01 secs] 
2013-07-15T21:05:46.631+0100: 1352.411: [GC [PSYoungGen: 50048K->2208K(60096K)] 175051K->127267K(207424K), 0.0095540 secs] [Times: user=0.01 sys=0.00, real=0.01 secs] 
2013-07-15T21:06:04.701+0100: 1370.482: [GC [PSYoungGen: 48992K->2032K(47744K)] 174051K->127147K(195072K), 0.0115440 secs] [Times: user=0.01 sys=0.01, real=0.01 secs] 
2013-07-15T21:06:22.651+0100: 1388.431: [GC [PSYoungGen: 47728K->2032K(56576K)] 172843K->127219K(203904K), 0.0120890 secs] [Times: user=0.02 sys=0.01, real=0.02 secs] 
2013-07-15T21:06:39.771+0100: 1405.551: [GC [PSYoungGen: 46704K->1936K(45696K)] 171891K->127187K(193024K), 0.0084200 secs] [Times: user=0.01 sys=0.01, real=0.01 secs] 
2013-07-15T21:06:55.266+0100: 1421.046: [GC [PSYoungGen: 45648K->2008K(53312K)] 170899K->127319K(200640K), 0.0151070 secs] [Times: user=0.02 sys=0.00, real=0.02 secs] 
2013-07-15T21:07:11.733+0100: 1437.513: [GC [PSYoungGen: 44760K->2072K(43968K)] 170071K->127443K(191296K), 0.0081640 secs] [Times: user=0.01 sys=0.00, real=0.01 secs] 
2013-07-15T21:07:28.093+0100: 1453.874: [GC [PSYoungGen: 43928K->2048K(50304K)] 169299K->127475K(197632K), 0.0112870 secs] [Times: user=0.02 sys=0.00, real=0.01 secs] 
2013-07-15T21:07:43.741+0100: 1469.522: [GC [PSYoungGen: 43008K->2112K(42304K)] 168435K->127595K(189632K), 0.0168850 secs] [Times: user=0.02 sys=0.00, real=0.02 secs] 
2013-07-15T21:07:59.323+0100: 1485.103: [GC [PSYoungGen: 42240K->1984K(47552K)] 167723K->127523K(194880K), 0.0138480 secs] [Times: user=0.02 sys=0.00, real=0.02 secs] 
2013-07-15T21:08:14.615+0100: 1500.396: [GC [PSYoungGen: 41280K->1896K(40448K)] 166819K->127491K(187776K), 0.0175410 secs] [Times: user=0.03 sys=0.00, real=0.02 secs] 
2013-07-15T21:08:29.536+0100: 1515.316: [GC [PSYoungGen: 40424K->1880K(45120K)] 166019K->127531K(192448K), 0.0287880 secs] [Times: user=0.02 sys=0.01, real=0.03 secs] 
2013-07-15T21:08:43.940+0100: 1529.721: [GC [PSYoungGen: 39640K->1856K(38912K)] 165291K->127559K(186240K), 0.0104410 secs] [Times: user=0.01 sys=0.01, real=0.00 secs] 
2013-07-15T21:08:58.351+0100: 1544.132: [GC [PSYoungGen: 38848K->1824K(42880K)] 164551K->127579K(190208K), 0.0105920 secs] [Times: user=0.01 sys=0.01, real=0.01 secs] 
2013-07-15T21:09:12.253+0100: 1558.034: [GC [PSYoungGen: 38112K->1792K(37440K)] 163867K->127595K(184768K), 0.0092640 secs] [Times: user=0.01 sys=0.00, real=0.01 secs] 
2013-07-15T21:09:25.991+0100: 1571.771: [GC [PSYoungGen: 37376K->1744K(40768K)] 163179K->127595K(188096K), 0.0104860 secs] [Times: user=0.02 sys=0.00, real=0.01 secs] 
2013-07-15T21:09:39.484+0100: 1585.265: [GC [PSYoungGen: 36624K->1712K(35968K)] 162475K->127623K(183296K), 0.0135480 secs] [Times: user=0.01 sys=0.00, real=0.02 secs] 
2013-07-15T21:09:52.826+0100: 1598.606: [GC [PSYoungGen: 35952K->1680K(38848K)] 161863K->127631K(186176K), 0.0166400 secs] [Times: user=0.03 sys=0.01, real=0.02 secs] 
2013-07-15T21:10:05.855+0100: 1611.636: [GC [PSYoungGen: 35280K->1632K(34624K)] 161231K->127623K(181952K), 0.0100640 secs] [Times: user=0.02 sys=0.01, real=0.01 secs] 
2013-07-15T21:10:18.717+0100: 1624.498: [GC [PSYoungGen: 34592K->1648K(37184K)] 160583K->127679K(184512K), 0.0072750 secs] [Times: user=0.01 sys=0.00, real=0.01 secs] 
2013-07-15T21:10:31.924+0100: 1637.705: [GC [PSYoungGen: 34032K->1312K(38080K)] 160063K->127639K(185408K), 0.0077070 secs] [Times: user=0.01 sys=0.01, real=0.00 secs] 
2013-07-15T21:10:44.824+0100: 1650.605: [GC [PSYoungGen: 33696K->1264K(38336K)] 160023K->127631K(185664K), 0.0079070 secs] [Times: user=0.01 sys=0.00, real=0.01 secs] 
2013-07-15T21:10:56.218+0100: 1661.998: [GC [PSYoungGen: 34096K->1264K(38144K)] 160463K->127671K(185472K), 0.0075620 secs] [Times: user=0.01 sys=0.01, real=0.01 secs] 
2013-07-15T21:11:07.765+0100: 1673.546: [GC [PSYoungGen: 34096K->1264K(38784K)] 160503K->127707K(186112K), 0.0094450 secs] [Times: user=0.01 sys=0.01, real=0.01 secs] 
2013-07-15T21:11:19.488+0100: 1685.268: [GC [PSYoungGen: 34992K->1264K(38592K)] 161435K->127743K(185920K), 0.0079630 secs] [Times: user=0.01 sys=0.00, real=0.01 secs] 
2013-07-15T21:11:31.336+0100: 1697.117: [GC [PSYoungGen: 34992K->1264K(39168K)] 161471K->127779K(186496K), 0.0064460 secs] [Times: user=0.01 sys=0.00, real=0.01 secs] 
2013-07-15T21:11:43.575+0100: 1709.355: [GC [PSYoungGen: 35760K->1280K(38976K)] 162275K->127831K(186304K), 0.0067540 secs] [Times: user=0.02 sys=0.00, real=0.01 secs] 
2013-07-15T21:11:55.516+0100: 1721.296: [GC [PSYoungGen: 35776K->1296K(39552K)] 162327K->127883K(186880K), 0.0109880 secs] [Times: user=0.01 sys=0.00, real=0.01 secs] 
2013-07-15T21:12:07.884+0100: 1733.665: [GC [PSYoungGen: 36560K->1392K(39360K)] 163147K->128035K(186688K), 0.0079430 secs] [Times: user=0.01 sys=0.00, real=0.01 secs] 
2013-07-15T21:12:20.095+0100: 1745.876: [GC [PSYoungGen: 36656K->1280K(39936K)] 163299K->127955K(187264K), 0.0076130 secs] [Times: user=0.00 sys=0.01, real=0.00 secs] 
2013-07-15T21:12:32.893+0100: 1758.673: [GC [PSYoungGen: 37312K->1280K(39744K)] 163987K->127987K(187072K), 0.0119530 secs] [Times: user=0.02 sys=0.00, real=0.01 secs] 
2013-07-15T21:12:45.496+0100: 1771.276: [GC [PSYoungGen: 37312K->1280K(40256K)] 164019K->128019K(187584K), 0.0085790 secs] [Times: user=0.01 sys=0.00, real=0.00 secs] 
2013-07-15T21:12:58.429+0100: 1784.209: [GC [PSYoungGen: 38016K->1296K(40128K)] 164755K->128067K(187456K), 0.0093150 secs] [Times: user=0.01 sys=0.01, real=0.01 secs] 
2013-07-15T21:13:11.253+0100: 1797.033: [GC [PSYoungGen: 38032K->1312K(40512K)] 164803K->128115K(187840K), 0.0094160 secs] [Times: user=0.01 sys=0.00, real=0.01 secs] 
2013-07-15T21:13:24.473+0100: 1810.253: [GC [PSYoungGen: 38560K->1312K(40384K)] 165363K->128143K(187712K), 0.0092990 secs] [Times: user=0.01 sys=0.00, real=0.00 secs] 
2013-07-15T21:13:37.646+0100: 1823.426: [GC [PSYoungGen: 38560K->1352K(40768K)] 165391K->128215K(188096K), 0.0073290 secs] [Times: user=0.00 sys=0.01, real=0.01 secs] 
2013-07-15T21:13:50.803+0100: 1836.583: [GC [PSYoungGen: 39112K->1368K(40640K)] 165975K->128259K(187968K), 0.0093750 secs] [Times: user=0.02 sys=0.00, real=0.02 secs] 
2013-07-15T21:14:04.116+0100: 1849.897: [GC [PSYoungGen: 39128K->1296K(41024K)] 166019K->128215K(188352K), 0.0110480 secs] [Times: user=0.01 sys=0.01, real=0.01 secs] 
2013-07-15T21:14:17.715+0100: 1863.495: [GC [PSYoungGen: 39568K->1344K(40896K)] 166487K->128291K(188224K), 0.0118540 secs] [Times: user=0.01 sys=0.01, real=0.01 secs] 
2013-07-15T21:14:31.056+0100: 1876.837: [GC [PSYoungGen: 39616K->1328K(41216K)] 166563K->128303K(188544K), 0.0085170 secs] [Times: user=0.01 sys=0.00, real=0.01 secs] 
2013-07-15T21:14:44.631+0100: 1890.412: [GC [PSYoungGen: 39984K->1360K(41088K)] 166959K->128363K(188416K), 0.0084850 secs] [Times: user=0.01 sys=0.00, real=0.01 secs] 
2013-07-15T21:14:58.217+0100: 1903.997: [GC [PSYoungGen: 40016K->1360K(41408K)] 167019K->128391K(188736K), 0.0084440 secs] [Times: user=0.01 sys=0.00, real=0.01 secs] 
2013-07-15T21:15:11.772+0100: 1917.552: [GC [PSYoungGen: 40400K->1376K(41280K)] 167431K->128439K(188608K), 0.0083560 secs] [Times: user=0.02 sys=0.00, real=0.01 secs] 
2013-07-15T21:15:25.384+0100: 1931.165: [GC [PSYoungGen: 40416K->1360K(41536K)] 167479K->128455K(188864K), 0.0189500 secs] [Times: user=0.01 sys=0.02, real=0.02 secs] 
2013-07-15T21:15:39.214+0100: 1944.995: [GC [PSYoungGen: 40720K->1408K(41472K)] 167815K->128531K(188800K), 0.0076540 secs] [Times: user=0.01 sys=0.01, real=0.01 secs] 
2013-07-15T21:16:47.059+0100: 2012.840: [GC [PSYoungGen: 40768K->880K(41600K)] 167891K->128031K(188928K), 0.0068720 secs] [Times: user=0.01 sys=0.00, real=0.00 secs] 
2013-07-15T21:18:09.360+0100: 2095.140: [GC [PSYoungGen: 40432K->704K(40256K)] 167583K->127887K(187584K), 0.0047850 secs] [Times: user=0.01 sys=0.00, real=0.00 secs] 
2013-07-15T21:19:30.184+0100: 2175.964: [GC [PSYoungGen: 40256K->1024K(41536K)] 167439K->128239K(188864K), 0.0068850 secs] [Times: user=0.01 sys=0.00, real=0.00 secs] 
2013-07-15T21:20:52.867+0100: 2258.647: [GC [PSYoungGen: 40448K->1008K(41536K)] 167663K->128255K(188864K), 0.0066430 secs] [Times: user=0.00 sys=0.01, real=0.00 secs] 
2013-07-15T21:22:14.571+0100: 2340.351: [GC [PSYoungGen: 40432K->1136K(41664K)] 167679K->128415K(188992K), 0.0059390 secs] [Times: user=0.01 sys=0.00, real=0.01 secs] 
2013-07-15T21:23:35.976+0100: 2421.757: [GC [PSYoungGen: 40752K->1264K(41600K)] 168031K->128575K(188928K), 0.0053300 secs] [Times: user=0.01 sys=0.00, real=0.00 secs] 
2013-07-15T21:23:50.141+0100: 2435.922: [GC [PSYoungGen: 40880K->1784K(41472K)] 168191K->129127K(188800K), 0.0137910 secs] [Times: user=0.03 sys=0.00, real=0.02 secs] 
2013-07-15T21:23:50.471+0100: 2436.251: [GC [PSYoungGen: 41336K->1912K(41472K)] 168679K->129287K(188800K), 0.0068560 secs] [Times: user=0.02 sys=0.00, real=0.01 secs] 
2013-07-15T21:23:50.606+0100: 2436.386: [GC [PSYoungGen: 41464K->1929K(41280K)] 168839K->129336K(188608K), 0.0069830 secs] [Times: user=0.02 sys=0.00, real=0.00 secs] 
2013-07-15T21:23:50.696+0100: 2436.477: [GC [PSYoungGen: 41033K->1952K(41472K)] 168440K->129391K(188800K), 0.0062940 secs] [Times: user=0.01 sys=0.00, real=0.00 secs] 
2013-07-15T21:23:50.856+0100: 2436.637: [GC [PSYoungGen: 41056K->2088K(44608K)] 168495K->129559K(191936K), 0.0079770 secs] [Times: user=0.01 sys=0.00, real=0.01 secs] 
2013-07-15T21:23:50.989+0100: 2436.770: [GC [PSYoungGen: 44200K->2033K(44736K)] 171671K->129536K(192064K), 0.0106220 secs] [Times: user=0.02 sys=0.00, real=0.01 secs] 
2013-07-15T21:23:51.083+0100: 2436.863: [GC [PSYoungGen: 44145K->2048K(48960K)] 171648K->129583K(196288K), 0.0086570 secs] [Times: user=0.02 sys=0.00, real=0.01 secs] 
2013-07-15T21:23:51.197+0100: 2436.978: [GC [PSYoungGen: 48320K->2025K(49024K)] 175855K->129640K(196352K), 0.0072550 secs] [Times: user=0.01 sys=0.01, real=0.01 secs] 
2013-07-15T21:23:51.282+0100: 2437.062: [GC [PSYoungGen: 48297K->1697K(54464K)] 175912K->129628K(201792K), 0.0098080 secs] [Times: user=0.02 sys=0.00, real=0.01 secs] 
2013-07-15T21:23:51.417+0100: 2437.197: [GC [PSYoungGen: 53345K->1513K(54336K)] 181276K->129784K(201664K), 0.0085110 secs] [Times: user=0.01 sys=0.01, real=0.01 secs] 
2013-07-15T21:23:51.569+0100: 2437.350: [GC [PSYoungGen: 53161K->1184K(60288K)] 181432K->129796K(207616K), 0.0084930 secs] [Times: user=0.01 sys=0.00, real=0.01 secs] 
Heap
 PSYoungGen      total 60288K, used 44326K [0xa8b80000, 0xac910000, 0xb3620000)
  eden space 57792K, 74% used [0xa8b80000,0xab5a1510,0xac3f0000)
  from space 2496K, 47% used [0xac6a0000,0xac7c83e8,0xac910000)
  to   space 2624K, 0% used [0xac3f0000,0xac3f0000,0xac680000)
 ParOldGen       total 147328K, used 128611K [0x93620000, 0x9c600000, 0xa8b80000)
  object space 147328K, 87% used [0x93620000,0x9b3b8eb0,0x9c600000)
 PSPermGen       total 39424K, used 35276K [0x83620000, 0x85ca0000, 0x93620000)
  object space 39424K, 89% used [0x83620000,0x85893150,0x85ca0000)
