2013-08-04T01:57:03.859+0100: 2.126: [GC [PSYoungGen: 32768K->5435K(38208K)] 32768K->6421K(125632K), 0.0480510 secs] [Times: user=0.03 sys=0.04, real=0.05 secs] 
2013-08-04T01:57:05.104+0100: 3.372: [GC [PSYoungGen: 38203K->5432K(70976K)] 39189K->8130K(158400K), 0.0720770 secs] [Times: user=0.06 sys=0.07, real=0.07 secs] 
2013-08-04T01:57:08.280+0100: 6.547: [GC [PSYoungGen: 70968K->5432K(70976K)] 73666K->15771K(158400K), 0.1201280 secs] [Times: user=0.06 sys=0.14, real=0.12 secs] 
2013-08-04T01:57:09.249+0100: 7.516: [GC [PSYoungGen: 70968K->5425K(136512K)] 81307K->17881K(223936K), 0.0800850 secs] [Times: user=0.03 sys=0.07, real=0.08 secs] 
2013-08-04T01:57:13.041+0100: 11.308: [GC [PSYoungGen: 120303K->5425K(136512K)] 132759K->35905K(223936K), 0.4324590 secs] [Times: user=0.14 sys=0.23, real=0.43 secs] 
2013-08-04T01:57:13.473+0100: 11.740: [Full GC (System) [PSYoungGen: 5425K->0K(136512K)] [ParOldGen: 30479K->30339K(87424K)] 35905K->30339K(223936K) [PSPermGen: 14687K->14675K(29440K)], 0.3804030 secs] [Times: user=0.40 sys=0.15, real=0.38 secs] 
2013-08-04T01:57:15.920+0100: 14.187: [GC [PSYoungGen: 131072K->5429K(121344K)] 161411K->40864K(208768K), 0.0800850 secs] [Times: user=0.04 sys=0.06, real=0.08 secs] 
2013-08-04T01:57:18.046+0100: 16.313: [GC [PSYoungGen: 121333K->13772K(136512K)] 156768K->49208K(223936K), 0.0640680 secs] [Times: user=0.08 sys=0.04, real=0.06 secs] 
2013-08-04T01:57:20.557+0100: 18.824: [GC [PSYoungGen: 129676K->20475K(145152K)] 165112K->59872K(232576K), 0.2923100 secs] [Times: user=0.18 sys=0.28, real=0.29 secs] 
2013-08-04T01:57:22.303+0100: 20.570: [GC [PSYoungGen: 145147K->24439K(149120K)] 184544K->63836K(236544K), 0.1801910 secs] [Times: user=0.10 sys=0.06, real=0.18 secs] 
2013-08-04T01:57:23.904+0100: 22.172: [GC [PSYoungGen: 149111K->20928K(141824K)] 188508K->70783K(229248K), 0.1441530 secs] [Times: user=0.12 sys=0.09, real=0.14 secs] 
2013-08-04T01:57:27.905+0100: 26.172: [GC [PSYoungGen: 137152K->19927K(136192K)] 187007K->82978K(223616K), 0.2282420 secs] [Times: user=0.13 sys=0.11, real=0.22 secs] 
2013-08-04T01:57:29.642+0100: 27.910: [GC [PSYoungGen: 136151K->1072K(142912K)] 199202K->83291K(230336K), 0.2642810 secs] [Times: user=0.06 sys=0.22, real=0.27 secs] 
2013-08-04T01:57:29.907+0100: 28.174: [Full GC [PSYoungGen: 1072K->0K(142912K)] [ParOldGen: 82219K->78345K(139456K)] 83291K->78345K(282368K) [PSPermGen: 23347K->23339K(39680K)], 0.4885180 secs] [Times: user=0.58 sys=0.16, real=0.48 secs] 
2013-08-04T01:57:32.353+0100: 30.620: [GC [PSYoungGen: 113280K->7578K(144000K)] 191625K->85923K(283456K), 0.0280300 secs] [Times: user=0.02 sys=0.02, real=0.03 secs] 
2013-08-04T01:57:33.058+0100: 31.325: [GC [PSYoungGen: 120858K->14496K(140928K)] 199203K->99643K(280384K), 0.0360390 secs] [Times: user=0.03 sys=0.02, real=0.04 secs] 
2013-08-04T01:57:34.596+0100: 32.863: [GC [PSYoungGen: 128352K->10280K(142720K)] 213499K->107572K(282176K), 0.0440470 secs] [Times: user=0.01 sys=0.07, real=0.04 secs] 
2013-08-04T01:57:37.927+0100: 36.198: [GC [PSYoungGen: 124136K->11594K(142720K)] 221428K->118247K(282176K), 0.0880930 secs] [Times: user=0.07 sys=0.10, real=0.09 secs] 
2013-08-04T01:57:41.495+0100: 39.762: [GC [PSYoungGen: 129546K->11909K(144704K)] 236199K->129237K(284160K), 0.0920980 secs] [Times: user=0.03 sys=0.13, real=0.09 secs] 
2013-08-04T02:01:06.380+0100: 244.648: [GC [PSYoungGen: 129861K->13005K(144576K)] 247189K->141399K(284032K), 0.1041100 secs] [Times: user=0.07 sys=0.09, real=0.11 secs] 
2013-08-04T02:01:06.485+0100: 244.752: [Full GC [PSYoungGen: 13005K->0K(144576K)] [ParOldGen: 128394K->129766K(204480K)] 141399K->129766K(349056K) [PSPermGen: 34725K->34650K(49664K)], 1.4975900 secs] [Times: user=0.69 sys=0.65, real=1.50 secs] 
2013-08-04T02:01:11.182+0100: 249.449: [GC [PSYoungGen: 122368K->14825K(146688K)] 252134K->144592K(351168K), 0.0600630 secs] [Times: user=0.07 sys=0.03, real=0.06 secs] 
2013-08-04T02:01:20.499+0100: 258.767: [GC [PSYoungGen: 137193K->3712K(149696K)] 266960K->144057K(354176K), 0.0440470 secs] [Times: user=0.05 sys=0.03, real=0.04 secs] 
2013-08-04T02:01:35.099+0100: 273.366: [GC [PSYoungGen: 129536K->4496K(130368K)] 269881K->146605K(334848K), 0.0720760 secs] [Times: user=0.06 sys=0.03, real=0.08 secs] 
2013-08-04T02:01:46.263+0100: 284.530: [GC [PSYoungGen: 130320K->3984K(150272K)] 272429K->146373K(354752K), 0.0560590 secs] [Times: user=0.05 sys=0.01, real=0.06 secs] 
2013-08-04T02:01:56.930+0100: 295.197: [GC [PSYoungGen: 129744K->4320K(130112K)] 272133K->146709K(334592K), 0.0320340 secs] [Times: user=0.04 sys=0.01, real=0.04 secs] 
2013-08-04T02:02:07.221+0100: 305.488: [GC [PSYoungGen: 130080K->4576K(150464K)] 272469K->146965K(354944K), 0.0680730 secs] [Times: user=0.05 sys=0.03, real=0.07 secs] 
2013-08-04T02:02:16.983+0100: 315.255: [GC [PSYoungGen: 130848K->4896K(149952K)] 273237K->147285K(354432K), 0.0360380 secs] [Times: user=0.00 sys=0.07, real=0.04 secs] 
2013-08-04T02:02:27.691+0100: 325.958: [GC [PSYoungGen: 131168K->4848K(150336K)] 273557K->147237K(354816K), 0.0280300 secs] [Times: user=0.04 sys=0.00, real=0.03 secs] 
2013-08-04T02:02:39.067+0100: 337.334: [GC [PSYoungGen: 132400K->5191K(149952K)] 274789K->147580K(354432K), 0.0440460 secs] [Times: user=0.05 sys=0.02, real=0.04 secs] 
2013-08-04T02:02:50.070+0100: 348.338: [GC [PSYoungGen: 132743K->5040K(151488K)] 275132K->147429K(355968K), 0.0320340 secs] [Times: user=0.04 sys=0.00, real=0.03 secs] 
2013-08-04T02:03:44.416+0100: 402.683: [GC [PSYoungGen: 135408K->3456K(151168K)] 277797K->145845K(355648K), 0.0280290 secs] [Times: user=0.04 sys=0.01, real=0.03 secs] 
2013-08-04T02:04:52.877+0100: 471.144: [GC [PSYoungGen: 133824K->1217K(153280K)] 276213K->143606K(357760K), 0.1281360 secs] [Times: user=0.06 sys=0.05, real=0.13 secs] 
2013-08-04T02:04:53.862+0100: 472.129: [GC [PSYoungGen: 134209K->1554K(153088K)] 276598K->143947K(357568K), 0.0160170 secs] [Times: user=0.01 sys=0.02, real=0.01 secs] 
2013-08-04T02:04:54.330+0100: 472.598: [GC [PSYoungGen: 134546K->1625K(154048K)] 276939K->144018K(358528K), 0.0120120 secs] [Times: user=0.02 sys=0.01, real=0.01 secs] 
2013-08-04T02:04:54.871+0100: 473.138: [GC [PSYoungGen: 136537K->1776K(154048K)] 278930K->144169K(358528K), 0.0160170 secs] [Times: user=0.01 sys=0.00, real=0.01 secs] 
Heap
 PSYoungGen      total 154048K, used 67140K [0xa8ba0000, 0xb3520000, 0xb3640000)
  eden space 134912K, 48% used [0xa8ba0000,0xacb752c0,0xb0f60000)
  from space 19136K, 9% used [0xb0f60000,0xb111c060,0xb2210000)
  to   space 18560K, 0% used [0xb2300000,0xb2300000,0xb3520000)
 ParOldGen       total 204480K, used 142393K [0x93640000, 0x9fdf0000, 0xa8ba0000)
  object space 204480K, 69% used [0x93640000,0x9c14e4f0,0x9fdf0000)
 PSPermGen       total 49664K, used 35314K [0x83640000, 0x866c0000, 0x93640000)
  object space 49664K, 71% used [0x83640000,0x858bcaa0,0x866c0000)
