2013-08-04T07:18:18.715+0100: 2.018: [GC [PSYoungGen: 32768K->5435K(38208K)] 32768K->6432K(125632K), 0.0400430 secs] [Times: user=0.03 sys=0.03, real=0.04 secs] 
2013-08-04T07:18:19.656+0100: 2.959: [GC [PSYoungGen: 38203K->5427K(70976K)] 39200K->8163K(158400K), 0.0360380 secs] [Times: user=0.02 sys=0.04, real=0.04 secs] 
2013-08-04T07:18:21.742+0100: 5.045: [GC [PSYoungGen: 70963K->5432K(70976K)] 73699K->15836K(158400K), 0.0920980 secs] [Times: user=0.00 sys=0.11, real=0.10 secs] 
2013-08-04T07:18:22.395+0100: 5.698: [GC [PSYoungGen: 70968K->5428K(136512K)] 81372K->17995K(223936K), 0.0840890 secs] [Times: user=0.00 sys=0.08, real=0.08 secs] 
2013-08-04T07:18:25.330+0100: 8.633: [GC [PSYoungGen: 119381K->5439K(136512K)] 131949K->35764K(223936K), 0.1401490 secs] [Times: user=0.03 sys=0.15, real=0.14 secs] 
2013-08-04T07:18:25.470+0100: 8.773: [Full GC (System) [PSYoungGen: 5439K->0K(136512K)] [ParOldGen: 30324K->30297K(87424K)] 35764K->30297K(223936K) [PSPermGen: 14652K->14639K(29440K)], 0.2843020 secs] [Times: user=0.26 sys=0.08, real=0.28 secs] 
2013-08-04T07:18:27.744+0100: 11.048: [GC [PSYoungGen: 131072K->5439K(121536K)] 161369K->41013K(208960K), 0.0480510 secs] [Times: user=0.01 sys=0.05, real=0.05 secs] 
2013-08-04T07:18:29.478+0100: 12.782: [GC [PSYoungGen: 121535K->13580K(136512K)] 157109K->49154K(223936K), 0.0200220 secs] [Times: user=0.03 sys=0.01, real=0.02 secs] 
2013-08-04T07:18:31.412+0100: 14.716: [GC [PSYoungGen: 129676K->20210K(144640K)] 165250K->60889K(232064K), 0.1681790 secs] [Times: user=0.05 sys=0.14, real=0.18 secs] 
2013-08-04T07:18:32.345+0100: 15.649: [GC [PSYoungGen: 144626K->23676K(148096K)] 185305K->64355K(235520K), 0.1241320 secs] [Times: user=0.08 sys=0.07, real=0.12 secs] 
2013-08-04T07:18:33.623+0100: 16.926: [GC [PSYoungGen: 148092K->20107K(143744K)] 188771K->70489K(231168K), 0.1521620 secs] [Times: user=0.06 sys=0.10, real=0.15 secs] 
2013-08-04T07:18:36.133+0100: 19.437: [GC [PSYoungGen: 137227K->19635K(136768K)] 187609K->83554K(224192K), 0.1401490 secs] [Times: user=0.06 sys=0.08, real=0.14 secs] 
2013-08-04T07:18:36.930+0100: 20.233: [GC [PSYoungGen: 136755K->1080K(143424K)] 200674K->83883K(230848K), 0.0600630 secs] [Times: user=0.00 sys=0.08, real=0.06 secs] 
2013-08-04T07:18:36.990+0100: 20.294: [Full GC [PSYoungGen: 1080K->0K(143424K)] [ParOldGen: 82803K->78918K(142976K)] 83883K->78918K(286400K) [PSPermGen: 23352K->23344K(39680K)], 0.5565910 secs] [Times: user=0.43 sys=0.27, real=0.55 secs] 
2013-08-04T07:18:38.352+0100: 21.655: [GC [PSYoungGen: 114304K->7748K(144512K)] 193222K->86666K(287488K), 0.0120130 secs] [Times: user=0.02 sys=0.00, real=0.01 secs] 
2013-08-04T07:18:38.984+0100: 22.288: [GC [PSYoungGen: 122052K->14570K(141568K)] 200970K->100406K(284544K), 0.0280300 secs] [Times: user=0.00 sys=0.03, real=0.03 secs] 
2013-08-04T07:18:40.442+0100: 23.745: [GC [PSYoungGen: 129386K->10292K(143296K)] 215222K->108351K(286272K), 0.0680720 secs] [Times: user=0.03 sys=0.07, real=0.07 secs] 
2013-08-04T07:18:42.880+0100: 26.184: [GC [PSYoungGen: 125108K->11891K(143040K)] 223167K->119335K(286016K), 0.0720770 secs] [Times: user=0.04 sys=0.09, real=0.07 secs] 
2013-08-04T07:18:53.964+0100: 37.268: [GC [PSYoungGen: 130611K->11598K(145024K)] 238055K->130007K(288000K), 0.1121190 secs] [Times: user=0.03 sys=0.12, real=0.12 secs] 
2013-08-04T07:22:20.664+0100: 243.971: [GC [PSYoungGen: 130318K->25274K(142144K)] 248727K->144646K(285120K), 0.0840900 secs] [Times: user=0.05 sys=0.06, real=0.09 secs] 
2013-08-04T07:22:24.051+0100: 247.355: [GC [PSYoungGen: 142138K->8505K(145792K)] 261510K->153050K(290432K), 0.1041100 secs] [Times: user=0.12 sys=0.02, real=0.10 secs] 
2013-08-04T07:22:24.155+0100: 247.459: [Full GC [PSYoungGen: 8505K->0K(145792K)] [ParOldGen: 144545K->140641K(229056K)] 153050K->140641K(374848K) [PSPermGen: 35157K->34834K(49664K)], 0.9770370 secs] [Times: user=0.55 sys=0.29, real=0.98 secs] 
2013-08-04T07:22:35.748+0100: 259.051: [GC [PSYoungGen: 116864K->4904K(145344K)] 257505K->145545K(374400K), 0.0240250 secs] [Times: user=0.04 sys=0.00, real=0.02 secs] 
2013-08-04T07:22:44.297+0100: 267.600: [GC [PSYoungGen: 122216K->6156K(145792K)] 262857K->146797K(374848K), 0.0720760 secs] [Times: user=0.00 sys=0.02, real=0.07 secs] 
2013-08-04T07:22:55.280+0100: 278.584: [GC [PSYoungGen: 123468K->6752K(144960K)] 264109K->147393K(374016K), 0.0560600 secs] [Times: user=0.04 sys=0.02, real=0.05 secs] 
2013-08-04T07:23:55.176+0100: 338.479: [GC [PSYoungGen: 124960K->2313K(145600K)] 265601K->142954K(374656K), 0.0240250 secs] [Times: user=0.04 sys=0.00, real=0.03 secs] 
2013-08-04T07:23:55.857+0100: 339.160: [GC [PSYoungGen: 120521K->2057K(146944K)] 261162K->142698K(376000K), 0.0240260 secs] [Times: user=0.00 sys=0.01, real=0.03 secs] 
2013-08-04T07:23:56.429+0100: 339.733: [GC [PSYoungGen: 121993K->2161K(147136K)] 262634K->142802K(376192K), 0.0080090 secs] [Times: user=0.02 sys=0.00, real=0.00 secs] 
2013-08-04T07:23:56.681+0100: 339.985: [GC [PSYoungGen: 122097K->2233K(146496K)] 262738K->142874K(375552K), 0.0080080 secs] [Times: user=0.02 sys=0.00, real=0.01 secs] 
2013-08-04T07:23:56.974+0100: 340.277: [GC [PSYoungGen: 123001K->2537K(146880K)] 263642K->143178K(375936K), 0.0120130 secs] [Times: user=0.01 sys=0.01, real=0.01 secs] 
Heap
 PSYoungGen      total 146880K, used 12514K [0xa8b40000, 0xb34c0000, 0xb35e0000)
  eden space 120768K, 8% used [0xa8b40000,0xa94fe4c0,0xb0130000)
  from space 26112K, 9% used [0xb0130000,0xb03aa438,0xb1ab0000)
  to   space 25344K, 0% used [0xb1c00000,0xb1c00000,0xb34c0000)
 ParOldGen       total 229056K, used 140641K [0x935e0000, 0xa1590000, 0xa8b40000)
  object space 229056K, 61% used [0x935e0000,0x9bf38518,0xa1590000)
 PSPermGen       total 49664K, used 35252K [0x835e0000, 0x86660000, 0x935e0000)
  object space 49664K, 70% used [0x835e0000,0x8584d2a0,0x86660000)
