2013-07-15T19:43:03.876+0100: 3.550: [GC [PSYoungGen: 32768K->5434K(38208K)] 32768K->6420K(125632K), 0.0394020 secs] [Times: user=0.05 sys=0.01, real=0.04 secs] 
2013-07-15T19:43:05.881+0100: 5.555: [GC [PSYoungGen: 38202K->5432K(70976K)] 39188K->8146K(158400K), 0.0196170 secs] [Times: user=0.03 sys=0.01, real=0.02 secs] 
2013-07-15T19:43:09.451+0100: 9.126: [GC [PSYoungGen: 70968K->5425K(70976K)] 73682K->15407K(158400K), 0.0403870 secs] [Times: user=0.07 sys=0.02, real=0.04 secs] 
2013-07-15T19:43:10.425+0100: 10.099: [GC [PSYoungGen: 70961K->5438K(136512K)] 80943K->17325K(223936K), 0.0436090 secs] [Times: user=0.08 sys=0.01, real=0.04 secs] 
2013-07-15T19:43:15.635+0100: 15.309: [GC [PSYoungGen: 120368K->5431K(136512K)] 132255K->35288K(223936K), 0.0618810 secs] [Times: user=0.08 sys=0.04, real=0.06 secs] 
2013-07-15T19:43:15.697+0100: 15.371: [Full GC (System) [PSYoungGen: 5431K->0K(136512K)] [ParOldGen: 29856K->30235K(87424K)] 35288K->30235K(223936K) [PSPermGen: 14648K->14635K(29440K)], 0.3267550 secs] [Times: user=0.49 sys=0.06, real=0.33 secs] 
2013-07-15T19:43:18.583+0100: 18.257: [GC [PSYoungGen: 131072K->5428K(121600K)] 161307K->40792K(209024K), 0.0197000 secs] [Times: user=0.04 sys=0.00, real=0.02 secs] 
2013-07-15T19:43:20.828+0100: 20.502: [GC [PSYoungGen: 121588K->13733K(136512K)] 156952K->49098K(223936K), 0.0365160 secs] [Times: user=0.05 sys=0.00, real=0.04 secs] 
2013-07-15T19:43:23.911+0100: 23.585: [GC [PSYoungGen: 129893K->20345K(145152K)] 165258K->59953K(232576K), 0.0732810 secs] [Times: user=0.10 sys=0.04, real=0.08 secs] 
2013-07-15T19:43:25.906+0100: 25.580: [GC [PSYoungGen: 145145K->24285K(149120K)] 184753K->63893K(236544K), 0.0725820 secs] [Times: user=0.13 sys=0.01, real=0.07 secs] 
2013-07-15T19:43:27.273+0100: 26.947: [GC [PSYoungGen: 149085K->21491K(141440K)] 188693K->71543K(228864K), 0.1336210 secs] [Times: user=0.23 sys=0.02, real=0.13 secs] 
2013-07-15T19:43:31.466+0100: 31.140: [GC [PSYoungGen: 137331K->19772K(135616K)] 187383K->82905K(223040K), 0.0793790 secs] [Times: user=0.14 sys=0.01, real=0.08 secs] 
2013-07-15T19:43:32.795+0100: 32.470: [GC [PSYoungGen: 135612K->1184K(142976K)] 198745K->83327K(230400K), 0.0688170 secs] [Times: user=0.09 sys=0.01, real=0.07 secs] 
2013-07-15T19:43:32.865+0100: 32.539: [Full GC [PSYoungGen: 1184K->0K(142976K)] [ParOldGen: 82143K->78051K(149312K)] 83327K->78051K(292288K) [PSPermGen: 23365K->23357K(39680K)], 0.8914540 secs] [Times: user=1.44 sys=0.11, real=0.89 secs] 
2013-07-15T19:43:36.433+0100: 36.107: [GC [PSYoungGen: 113280K->11443K(124736K)] 191331K->89495K(274048K), 0.0418870 secs] [Times: user=0.07 sys=0.00, real=0.04 secs] 
2013-07-15T19:43:38.202+0100: 37.876: [GC [PSYoungGen: 124723K->23660K(141056K)] 202775K->101712K(290368K), 0.0456050 secs] [Times: user=0.07 sys=0.01, real=0.04 secs] 
2013-07-15T19:43:40.766+0100: 40.440: [GC [PSYoungGen: 135148K->26880K(138432K)] 213200K->104932K(287744K), 0.0429600 secs] [Times: user=0.08 sys=0.00, real=0.04 secs] 
2013-07-15T19:43:45.101+0100: 44.775: [GC [PSYoungGen: 138368K->30261K(133440K)] 216420K->108313K(282752K), 0.0738190 secs] [Times: user=0.14 sys=0.01, real=0.07 secs] 
2013-07-15T19:44:18.909+0100: 78.583: [GC [PSYoungGen: 129333K->36448K(135552K)] 207385K->114500K(284864K), 0.0814230 secs] [Times: user=0.15 sys=0.00, real=0.08 secs] 
2013-07-15T19:47:25.805+0100: 265.479: [GC [PSYoungGen: 135520K->33962K(122112K)] 213572K->112014K(271424K), 0.0978100 secs] [Times: user=0.17 sys=0.00, real=0.10 secs] 
2013-07-15T19:48:39.573+0100: 339.247: [GC [PSYoungGen: 116906K->34472K(117440K)] 194958K->112524K(266752K), 0.0997820 secs] [Times: user=0.16 sys=0.00, real=0.10 secs] 
2013-07-15T19:49:55.672+0100: 415.346: [GC [PSYoungGen: 117416K->34656K(122304K)] 195468K->112708K(271616K), 0.1189090 secs] [Times: user=0.21 sys=0.01, real=0.12 secs] 
2013-07-15T19:51:04.577+0100: 484.251: [GC [PSYoungGen: 108512K->34638K(108544K)] 186564K->112690K(257856K), 0.0865240 secs] [Times: user=0.17 sys=0.00, real=0.09 secs] 
2013-07-15T19:52:14.354+0100: 554.028: [GC [PSYoungGen: 108494K->32944K(122112K)] 186546K->110996K(271424K), 0.0919920 secs] [Times: user=0.16 sys=0.00, real=0.09 secs] 
2013-07-15T19:53:18.090+0100: 617.764: [GC [PSYoungGen: 103216K->33069K(103360K)] 181268K->111121K(252672K), 0.1769170 secs] [Times: user=0.20 sys=0.00, real=0.18 secs] 
2013-07-15T19:54:20.923+0100: 680.597: [GC [PSYoungGen: 103341K->33216K(122304K)] 181393K->111268K(271616K), 0.0720610 secs] [Times: user=0.13 sys=0.00, real=0.07 secs] 
2013-07-15T19:55:23.577+0100: 743.251: [GC [PSYoungGen: 103104K->33328K(103232K)] 181156K->111380K(252544K), 0.0717040 secs] [Times: user=0.13 sys=0.00, real=0.07 secs] 
2013-07-15T19:56:26.445+0100: 806.119: [GC [PSYoungGen: 103216K->33470K(122368K)] 181268K->111522K(271680K), 0.1241770 secs] [Times: user=0.22 sys=0.00, real=0.13 secs] 
2013-07-15T19:57:27.741+0100: 867.415: [GC [PSYoungGen: 103614K->33538K(122112K)] 181666K->111590K(271424K), 0.0783860 secs] [Times: user=0.15 sys=0.00, real=0.08 secs] 
2013-07-15T19:58:20.476+0100: 920.150: [GC [PSYoungGen: 103682K->28977K(119040K)] 181734K->111624K(268352K), 0.1530110 secs] [Times: user=0.23 sys=0.00, real=0.15 secs] 
2013-07-15T19:59:13.435+0100: 973.109: [GC [PSYoungGen: 100145K->25469K(96640K)] 182792K->111776K(245952K), 0.1483680 secs] [Times: user=0.14 sys=0.01, real=0.15 secs] 
2013-07-15T20:00:07.070+0100: 1026.744: [GC [PSYoungGen: 96637K->18816K(119232K)] 182944K->111952K(268544K), 0.0596600 secs] [Times: user=0.10 sys=0.02, real=0.06 secs] 
2013-07-15T20:01:01.246+0100: 1080.920: [GC [PSYoungGen: 90944K->11698K(119680K)] 184080K->112149K(268992K), 0.0440250 secs] [Times: user=0.07 sys=0.01, real=0.04 secs] 
2013-07-15T20:01:56.076+0100: 1135.750: [GC [PSYoungGen: 83826K->6313K(117504K)] 184277K->112321K(266816K), 0.0573780 secs] [Times: user=0.10 sys=0.00, real=0.06 secs] 
2013-07-15T20:02:55.399+0100: 1195.073: [GC [PSYoungGen: 76393K->3664K(71808K)] 182401K->112502K(221120K), 0.0155020 secs] [Times: user=0.02 sys=0.01, real=0.02 secs] 
2013-07-15T20:03:56.200+0100: 1255.874: [GC [PSYoungGen: 71760K->3648K(115008K)] 180598K->112746K(264320K), 0.0180410 secs] [Times: user=0.03 sys=0.00, real=0.02 secs] 
2013-07-15T20:04:55.269+0100: 1314.943: [GC [PSYoungGen: 69824K->3568K(67904K)] 178922K->112834K(217216K), 0.0145000 secs] [Times: user=0.02 sys=0.00, real=0.02 secs] 
2013-07-15T20:05:52.225+0100: 1371.899: [GC [PSYoungGen: 67888K->3520K(109824K)] 177154K->112934K(259136K), 0.0181390 secs] [Times: user=0.03 sys=0.00, real=0.02 secs] 
2013-07-15T20:06:47.601+0100: 1427.275: [GC [PSYoungGen: 66112K->3440K(64384K)] 175526K->113010K(213696K), 0.0205270 secs] [Times: user=0.03 sys=0.00, real=0.02 secs] 
2013-07-15T20:07:42.769+0100: 1482.443: [GC [PSYoungGen: 64368K->3344K(103872K)] 173938K->113046K(253184K), 0.0205530 secs] [Times: user=0.04 sys=0.00, real=0.02 secs] 
2013-07-15T20:08:31.071+0100: 1530.745: [GC [PSYoungGen: 62672K->3184K(60992K)] 172374K->113018K(210304K), 0.0254340 secs] [Times: user=0.02 sys=0.01, real=0.03 secs] 
2013-07-15T20:09:18.964+0100: 1578.638: [GC [PSYoungGen: 60976K->3088K(97728K)] 170810K->113054K(247040K), 0.0136760 secs] [Times: user=0.02 sys=0.00, real=0.01 secs] 
2013-07-15T20:10:05.369+0100: 1625.043: [GC [PSYoungGen: 59408K->3040K(57920K)] 169374K->113138K(207232K), 0.0171340 secs] [Times: user=0.03 sys=0.01, real=0.02 secs] 
2013-07-15T20:10:50.614+0100: 1670.288: [GC [PSYoungGen: 57888K->2912K(91328K)] 167986K->113194K(240640K), 0.0096220 secs] [Times: user=0.01 sys=0.00, real=0.01 secs] 
2013-07-15T20:11:34.867+0100: 1714.541: [GC [PSYoungGen: 56352K->2832K(54976K)] 166634K->113262K(204288K), 0.0127980 secs] [Times: user=0.02 sys=0.00, real=0.01 secs] 
2013-07-15T20:12:17.852+0100: 1757.526: [GC [PSYoungGen: 54928K->2768K(85248K)] 165358K->113318K(234560K), 0.0162460 secs] [Times: user=0.03 sys=0.01, real=0.01 secs] 
2013-07-15T20:13:01.723+0100: 1801.397: [GC [PSYoungGen: 53584K->2688K(52288K)] 164134K->113350K(201600K), 0.0141290 secs] [Times: user=0.02 sys=0.00, real=0.01 secs] 
2013-07-15T20:13:39.430+0100: 1839.104: [GC [PSYoungGen: 52288K->2608K(79424K)] 162950K->113402K(228736K), 0.0168340 secs] [Times: user=0.02 sys=0.00, real=0.02 secs] 
2013-07-15T20:14:16.701+0100: 1876.375: [GC [PSYoungGen: 50992K->2512K(49792K)] 161786K->113422K(199104K), 0.0185050 secs] [Times: user=0.03 sys=0.00, real=0.02 secs] 
2013-07-15T20:14:52.678+0100: 1912.352: [GC [PSYoungGen: 49744K->2432K(73984K)] 160654K->113466K(223296K), 0.0201300 secs] [Times: user=0.03 sys=0.00, real=0.02 secs] 
2013-07-15T20:15:27.879+0100: 1947.553: [GC [PSYoungGen: 48576K->2448K(47552K)] 159610K->113610K(196864K), 0.0104920 secs] [Times: user=0.02 sys=0.01, real=0.00 secs] 
2013-07-15T20:16:02.716+0100: 1982.390: [GC [PSYoungGen: 47504K->2304K(68864K)] 158666K->113590K(218176K), 0.0113040 secs] [Times: user=0.01 sys=0.01, real=0.02 secs] 
2013-07-15T20:16:36.195+0100: 2015.869: [GC [PSYoungGen: 46336K->2224K(45312K)] 157622K->113630K(194624K), 0.0180820 secs] [Times: user=0.03 sys=0.00, real=0.02 secs] 
2013-07-15T20:17:08.484+0100: 2048.158: [GC [PSYoungGen: 45296K->2160K(64192K)] 156702K->113682K(213504K), 0.0530440 secs] [Times: user=0.06 sys=0.02, real=0.05 secs] 
2013-07-15T20:17:40.227+0100: 2079.902: [GC [PSYoungGen: 44272K->2112K(43328K)] 155794K->113750K(192640K), 0.0143130 secs] [Times: user=0.03 sys=0.00, real=0.01 secs] 
2013-07-15T20:18:16.049+0100: 2115.723: [GC [PSYoungGen: 43328K->2150K(59776K)] 154966K->113892K(209088K), 0.0172110 secs] [Times: user=0.03 sys=0.00, real=0.02 secs] 
2013-07-15T20:19:59.180+0100: 2218.854: [GC [PSYoungGen: 42470K->1424K(40960K)] 154212K->113266K(190272K), 0.0058070 secs] [Times: user=0.01 sys=0.01, real=0.01 secs] 
2013-07-15T20:21:41.260+0100: 2320.935: [GC [PSYoungGen: 40912K->1552K(56064K)] 152754K->113490K(205376K), 0.0083680 secs] [Times: user=0.02 sys=0.00, real=0.01 secs] 
2013-07-15T20:23:19.652+0100: 2419.326: [GC [PSYoungGen: 40208K->1568K(39488K)] 152146K->113602K(188800K), 0.0089650 secs] [Times: user=0.00 sys=0.01, real=0.01 secs] 
2013-07-15T20:24:57.414+0100: 2517.088: [GC [PSYoungGen: 39456K->1728K(52480K)] 151490K->113854K(201792K), 0.0119810 secs] [Times: user=0.02 sys=0.00, real=0.02 secs] 
2013-07-15T20:26:32.464+0100: 2612.138: [GC [PSYoungGen: 38848K->1776K(38144K)] 150974K->113994K(187456K), 0.0104710 secs] [Times: user=0.01 sys=0.00, real=0.01 secs] 
2013-07-15T20:28:03.727+0100: 2703.402: [GC [PSYoungGen: 38128K->1872K(49024K)] 150346K->114186K(198336K), 0.0063730 secs] [Times: user=0.01 sys=0.00, real=0.01 secs] 
2013-07-15T20:29:35.447+0100: 2795.121: [GC [PSYoungGen: 37520K->1984K(36928K)] 149834K->114378K(186240K), 0.0065530 secs] [Times: user=0.01 sys=0.00, real=0.00 secs] 
2013-07-15T20:31:04.662+0100: 2884.336: [GC [PSYoungGen: 36928K->2224K(45888K)] 149322K->114698K(195200K), 0.0076850 secs] [Times: user=0.02 sys=0.00, real=0.01 secs] 
2013-07-15T20:32:33.707+0100: 2973.381: [GC [PSYoungGen: 36464K->2256K(35904K)] 148938K->114810K(185216K), 0.0110220 secs] [Times: user=0.01 sys=0.01, real=0.01 secs] 
2013-07-15T20:33:59.133+0100: 3058.807: [GC [PSYoungGen: 35856K->2304K(43008K)] 148410K->114934K(192320K), 0.0063360 secs] [Times: user=0.01 sys=0.00, real=0.01 secs] 
2013-07-15T20:35:23.816+0100: 3143.490: [GC [PSYoungGen: 35264K->2512K(34880K)] 147894K->115214K(184192K), 0.0083370 secs] [Times: user=0.01 sys=0.00, real=0.00 secs] 
2013-07-15T20:36:46.866+0100: 3226.540: [GC [PSYoungGen: 34832K->2496K(40448K)] 147534K->115274K(189760K), 0.0120980 secs] [Times: user=0.02 sys=0.00, real=0.01 secs] 
2013-07-15T20:38:08.923+0100: 3308.597: [GC [PSYoungGen: 34240K->2640K(33856K)] 147018K->115490K(183168K), 0.0070390 secs] [Times: user=0.01 sys=0.00, real=0.01 secs] 
2013-07-15T20:39:28.294+0100: 3387.969: [GC [PSYoungGen: 33808K->2720K(38144K)] 146658K->115638K(187456K), 0.0083600 secs] [Times: user=0.02 sys=0.00, real=0.01 secs] 
2013-07-15T20:40:46.345+0100: 3466.019: [GC [PSYoungGen: 33312K->2784K(32896K)] 146230K->115790K(182208K), 0.0083160 secs] [Times: user=0.02 sys=0.00, real=0.01 secs] 
2013-07-15T20:42:04.619+0100: 3544.293: [GC [PSYoungGen: 32864K->2720K(36096K)] 145870K->115942K(185408K), 0.0056410 secs] [Times: user=0.01 sys=0.00, real=0.00 secs] 
2013-07-15T20:43:08.096+0100: 3607.770: [GC [PSYoungGen: 32288K->2840K(32448K)] 145510K->116274K(181760K), 0.0654770 secs] [Times: user=0.09 sys=0.00, real=0.06 secs] 
2013-07-15T20:43:08.654+0100: 3608.328: [GC [PSYoungGen: 32408K->3096K(36864K)] 145842K->116738K(186176K), 0.0088520 secs] [Times: user=0.02 sys=0.00, real=0.01 secs] 
2013-07-15T20:43:09.078+0100: 3608.752: [GC [PSYoungGen: 32856K->3049K(36544K)] 146498K->116895K(185856K), 0.0103310 secs] [Times: user=0.03 sys=0.00, real=0.01 secs] 
2013-07-15T20:43:09.255+0100: 3608.929: [GC [PSYoungGen: 32809K->2912K(37504K)] 146655K->116955K(186816K), 0.0078900 secs] [Times: user=0.01 sys=0.01, real=0.01 secs] 
2013-07-15T20:43:09.389+0100: 3609.064: [GC [PSYoungGen: 33952K->2777K(37184K)] 147995K->117011K(186496K), 0.0141460 secs] [Times: user=0.02 sys=0.00, real=0.01 secs] 
2013-07-15T20:43:09.553+0100: 3609.227: [GC [PSYoungGen: 33817K->2649K(39488K)] 148051K->117075K(188800K), 0.0094300 secs] [Times: user=0.01 sys=0.00, real=0.01 secs] 
2013-07-15T20:43:09.877+0100: 3609.551: [GC [PSYoungGen: 36633K->2648K(39552K)] 151059K->117263K(188864K), 0.0275330 secs] [Times: user=0.05 sys=0.01, real=0.02 secs] 
2013-07-15T20:43:10.052+0100: 3609.726: [GC [PSYoungGen: 36632K->2456K(42624K)] 151247K->117259K(191936K), 0.0103510 secs] [Times: user=0.02 sys=0.01, real=0.01 secs] 
2013-07-15T20:43:10.179+0100: 3609.853: [GC [PSYoungGen: 40024K->2304K(42688K)] 154827K->117286K(192000K), 0.0120370 secs] [Times: user=0.01 sys=0.01, real=0.01 secs] 
2013-07-15T20:43:10.354+0100: 3610.029: [GC [PSYoungGen: 39872K->2048K(46912K)] 154854K->117378K(196224K), 0.0194620 secs] [Times: user=0.03 sys=0.00, real=0.02 secs] 
2013-07-15T20:43:10.521+0100: 3610.195: [GC [PSYoungGen: 43968K->1712K(46784K)] 159298K->117382K(196096K), 0.0090270 secs] [Times: user=0.01 sys=0.00, real=0.01 secs] 
2013-07-15T20:43:10.681+0100: 3610.356: [GC [PSYoungGen: 43632K->1416K(51648K)] 159302K->117411K(200960K), 0.0241460 secs] [Times: user=0.04 sys=0.01, real=0.02 secs] 
2013-07-15T20:43:10.988+0100: 3610.662: [GC [PSYoungGen: 48264K->904K(51648K)] 164259K->117531K(200960K), 0.0174990 secs] [Times: user=0.02 sys=0.01, real=0.01 secs] 
2013-07-15T20:43:11.111+0100: 3610.785: [GC [PSYoungGen: 47752K->736K(57216K)] 164379K->117679K(206528K), 0.0178650 secs] [Times: user=0.02 sys=0.00, real=0.02 secs] 
Heap
 PSYoungGen      total 57216K, used 12438K [0xa8b70000, 0xac8a0000, 0xb3610000)
  eden space 52416K, 22% used [0xa8b70000,0xa96dd990,0xabea0000)
  from space 4800K, 15% used [0xac360000,0xac418000,0xac810000)
  to   space 4864K, 0% used [0xabea0000,0xabea0000,0xac360000)
 ParOldGen       total 149312K, used 116943K [0x93610000, 0x9c7e0000, 0xa8b70000)
  object space 149312K, 78% used [0x93610000,0x9a843e38,0x9c7e0000)
 PSPermGen       total 39680K, used 35189K [0x83610000, 0x85cd0000, 0x93610000)
  object space 39680K, 88% used [0x83610000,0x8586d798,0x85cd0000)
