2013-08-03T23:00:46.027+0100: 2.651: [GC [PSYoungGen: 32768K->5430K(38208K)] 32768K->6442K(125632K), 0.0520550 secs] [Times: user=0.02 sys=0.05, real=0.05 secs] 
2013-08-03T23:00:46.944+0100: 3.568: [GC [PSYoungGen: 38198K->5425K(70976K)] 39210K->8158K(158400K), 0.0360380 secs] [Times: user=0.00 sys=0.06, real=0.03 secs] 
2013-08-03T23:00:49.410+0100: 6.034: [GC [PSYoungGen: 70961K->5432K(70976K)] 73694K->15418K(158400K), 0.0961020 secs] [Times: user=0.02 sys=0.13, real=0.10 secs] 
2013-08-03T23:00:50.243+0100: 6.867: [GC [PSYoungGen: 70968K->5430K(136512K)] 80954K->17589K(223936K), 0.0440470 secs] [Times: user=0.00 sys=0.08, real=0.05 secs] 
2013-08-03T23:00:54.027+0100: 10.651: [GC [PSYoungGen: 119834K->5437K(136512K)] 131994K->35500K(223936K), 0.4925230 secs] [Times: user=0.12 sys=0.21, real=0.49 secs] 
2013-08-03T23:00:54.520+0100: 11.144: [Full GC (System) [PSYoungGen: 5437K->0K(136512K)] [ParOldGen: 30062K->30357K(87424K)] 35500K->30357K(223936K) [PSPermGen: 14703K->14691K(29440K)], 0.2562720 secs] [Times: user=0.23 sys=0.13, real=0.26 secs] 
2013-08-03T23:00:57.171+0100: 13.795: [GC [PSYoungGen: 131072K->5428K(121600K)] 161429K->40642K(209024K), 0.1041100 secs] [Times: user=0.02 sys=0.09, real=0.11 secs] 
2013-08-03T23:00:59.713+0100: 16.337: [GC [PSYoungGen: 121588K->13901K(136512K)] 156802K->49115K(223936K), 0.0240260 secs] [Times: user=0.04 sys=0.00, real=0.03 secs] 
2013-08-03T23:01:02.180+0100: 18.804: [GC [PSYoungGen: 130061K->20402K(144704K)] 165275K->60291K(232128K), 0.1641750 secs] [Times: user=0.04 sys=0.18, real=0.16 secs] 
2013-08-03T23:01:04.110+0100: 20.734: [GC [PSYoungGen: 144690K->23817K(148160K)] 184579K->63706K(235584K), 0.0961020 secs] [Times: user=0.09 sys=0.06, real=0.10 secs] 
2013-08-03T23:01:05.644+0100: 22.268: [GC [PSYoungGen: 148105K->19492K(143936K)] 187994K->69631K(231360K), 0.2042160 secs] [Times: user=0.14 sys=0.18, real=0.20 secs] 
2013-08-03T23:01:10.309+0100: 26.933: [GC [PSYoungGen: 136868K->20024K(137408K)] 187007K->83203K(224832K), 0.1081150 secs] [Times: user=0.03 sys=0.14, real=0.10 secs] 
2013-08-03T23:01:11.462+0100: 28.086: [GC [PSYoungGen: 137400K->1056K(143360K)] 200579K->83512K(230784K), 0.1161230 secs] [Times: user=0.04 sys=0.15, real=0.11 secs] 
2013-08-03T23:01:11.578+0100: 28.202: [Full GC [PSYoungGen: 1056K->0K(143360K)] [ParOldGen: 82455K->78402K(143552K)] 83512K->78402K(286912K) [PSPermGen: 23352K->23343K(39680K)], 0.6967400 secs] [Times: user=0.55 sys=0.28, real=0.70 secs] 
2013-08-03T23:01:13.832+0100: 30.460: [GC [PSYoungGen: 114176K->7649K(144448K)] 192578K->86052K(288000K), 0.0600640 secs] [Times: user=0.02 sys=0.04, real=0.06 secs] 
2013-08-03T23:01:14.717+0100: 31.341: [GC [PSYoungGen: 121825K->14632K(141632K)] 200228K->99837K(285184K), 0.1761870 secs] [Times: user=0.09 sys=0.09, real=0.18 secs] 
2013-08-03T23:01:16.775+0100: 33.399: [GC [PSYoungGen: 129384K->10375K(143296K)] 214589K->107832K(286848K), 0.0920970 secs] [Times: user=0.05 sys=0.09, real=0.09 secs] 
2013-08-03T23:01:19.919+0100: 36.543: [GC [PSYoungGen: 125127K->11884K(143040K)] 222584K->118783K(286592K), 0.1121190 secs] [Times: user=0.06 sys=0.12, real=0.11 secs] 
2013-08-03T23:01:29.685+0100: 46.309: [GC [PSYoungGen: 130476K->11663K(144960K)] 237375K->129535K(288512K), 0.1001060 secs] [Times: user=0.06 sys=0.09, real=0.10 secs] 
2013-08-03T23:04:47.047+0100: 243.671: [GC [PSYoungGen: 130255K->18504K(147776K)] 248127K->144626K(291328K), 0.1201270 secs] [Times: user=0.05 sys=0.09, real=0.12 secs] 
2013-08-03T23:04:47.167+0100: 243.791: [Full GC [PSYoungGen: 18504K->0K(147776K)] [ParOldGen: 126122K->133077K(212864K)] 144626K->133077K(360640K) [PSPermGen: 34797K->34700K(49664K)], 1.1011690 secs] [Times: user=0.42 sys=0.72, real=1.10 secs] 
2013-08-03T23:04:52.973+0100: 249.597: [GC [PSYoungGen: 122496K->9220K(148608K)] 255573K->142298K(361472K), 0.0360380 secs] [Times: user=0.04 sys=0.01, real=0.03 secs] 
2013-08-03T23:05:08.549+0100: 265.173: [GC [PSYoungGen: 131716K->4144K(148544K)] 264794K->143551K(361408K), 0.0600640 secs] [Times: user=0.07 sys=0.02, real=0.06 secs] 
2013-08-03T23:05:21.379+0100: 278.003: [GC [PSYoungGen: 127152K->3696K(126720K)] 266559K->144107K(339584K), 0.0560600 secs] [Times: user=0.04 sys=0.02, real=0.05 secs] 
2013-08-03T23:06:00.913+0100: 317.537: [GC [PSYoungGen: 126704K->1536K(148416K)] 267115K->141947K(361280K), 0.0160170 secs] [Times: user=0.03 sys=0.00, real=0.02 secs] 
2013-08-03T23:06:01.950+0100: 318.574: [GC [PSYoungGen: 124032K->1040K(148608K)] 264443K->141452K(361472K), 0.0720770 secs] [Times: user=0.03 sys=0.07, real=0.07 secs] 
2013-08-03T23:06:02.699+0100: 319.323: [GC [PSYoungGen: 123536K->640K(148224K)] 263948K->141567K(361088K), 0.0120130 secs] [Times: user=0.02 sys=0.01, real=0.02 secs] 
2013-08-03T23:06:03.023+0100: 319.647: [GC [PSYoungGen: 123136K->144K(148416K)] 264063K->141682K(361280K), 0.0080090 secs] [Times: user=0.01 sys=0.00, real=0.01 secs] 
Heap
 PSYoungGen      total 148416K, used 108440K [0xa8ba0000, 0xb35d0000, 0xb3640000)
  eden space 122496K, 88% used [0xa8ba0000,0xaf562140,0xb0340000)
  from space 25920K, 0% used [0xb0340000,0xb0364000,0xb1c90000)
  to   space 25600K, 0% used [0xb1cd0000,0xb1cd0000,0xb35d0000)
 ParOldGen       total 212864K, used 141538K [0x93640000, 0xa0620000, 0xa8ba0000)
  object space 212864K, 66% used [0x93640000,0x9c078ad8,0xa0620000)
 PSPermGen       total 49664K, used 35525K [0x83640000, 0x866c0000, 0x93640000)
  object space 49664K, 71% used [0x83640000,0x858f1550,0x866c0000)
