2013-08-04T01:16:32.591+0100: 2.166: [GC [PSYoungGen: 32768K->5435K(38208K)] 32768K->6416K(125632K), 0.0560600 secs] [Times: user=0.02 sys=0.04, real=0.06 secs] 
2013-08-04T01:16:33.912+0100: 3.488: [GC [PSYoungGen: 38203K->5433K(70976K)] 39184K->8133K(158400K), 0.0360380 secs] [Times: user=0.02 sys=0.04, real=0.04 secs] 
2013-08-04T01:16:36.619+0100: 6.195: [GC [PSYoungGen: 70969K->5438K(70976K)] 73669K->15394K(158400K), 0.0800850 secs] [Times: user=0.05 sys=0.09, real=0.08 secs] 
2013-08-04T01:16:37.324+0100: 6.899: [GC [PSYoungGen: 70974K->5426K(136512K)] 80930K->17325K(223936K), 0.1241320 secs] [Times: user=0.10 sys=0.10, real=0.13 secs] 
2013-08-04T01:16:41.472+0100: 11.048: [GC [PSYoungGen: 121569K->5434K(136512K)] 133468K->35111K(223936K), 0.1962080 secs] [Times: user=0.09 sys=0.22, real=0.19 secs] 
2013-08-04T01:16:41.668+0100: 11.244: [Full GC (System) [PSYoungGen: 5434K->0K(136512K)] [ParOldGen: 29677K->30244K(87424K)] 35111K->30244K(223936K) [PSPermGen: 14653K->14641K(29440K)], 0.3243440 secs] [Times: user=0.33 sys=0.15, real=0.33 secs] 
2013-08-04T01:16:45.408+0100: 14.984: [GC [PSYoungGen: 131072K->5426K(121792K)] 161316K->41105K(209216K), 0.1401480 secs] [Times: user=0.04 sys=0.04, real=0.14 secs] 
2013-08-04T01:16:47.094+0100: 16.670: [GC [PSYoungGen: 121778K->13551K(136512K)] 157457K->49230K(223936K), 0.0320340 secs] [Times: user=0.02 sys=0.03, real=0.04 secs] 
2013-08-04T01:16:49.501+0100: 19.076: [GC [PSYoungGen: 129903K->20019K(145088K)] 165582K->60564K(232512K), 0.1922040 secs] [Times: user=0.08 sys=0.19, real=0.19 secs] 
2013-08-04T01:16:50.642+0100: 20.217: [GC [PSYoungGen: 145075K->24042K(149120K)] 185620K->64587K(236544K), 0.1481580 secs] [Times: user=0.16 sys=0.07, real=0.15 secs] 
2013-08-04T01:16:52.027+0100: 21.603: [GC [PSYoungGen: 149098K->20627K(142464K)] 189643K->71574K(229888K), 0.1121190 secs] [Times: user=0.06 sys=0.12, real=0.11 secs] 
2013-08-04T01:16:55.355+0100: 24.930: [GC [PSYoungGen: 137491K->19599K(136512K)] 188438K->83454K(223936K), 0.1361440 secs] [Times: user=0.07 sys=0.16, real=0.13 secs] 
2013-08-04T01:16:56.436+0100: 26.012: [GC [PSYoungGen: 136463K->1064K(143424K)] 200318K->83757K(230848K), 0.1281360 secs] [Times: user=0.05 sys=0.16, real=0.12 secs] 
2013-08-04T01:16:56.564+0100: 26.140: [Full GC [PSYoungGen: 1064K->0K(143424K)] [ParOldGen: 82692K->78569K(141696K)] 83757K->78569K(285120K) [PSPermGen: 23356K->23347K(39680K)], 0.5926290 secs] [Times: user=0.59 sys=0.27, real=0.60 secs] 
2013-08-04T01:16:58.874+0100: 28.450: [GC [PSYoungGen: 114176K->8207K(144448K)] 192745K->86777K(286144K), 0.0200220 secs] [Times: user=0.03 sys=0.01, real=0.02 secs] 
2013-08-04T01:16:59.803+0100: 29.379: [GC [PSYoungGen: 122383K->14473K(141440K)] 200953K->100324K(283136K), 0.1081150 secs] [Times: user=0.06 sys=0.06, real=0.11 secs] 
2013-08-04T01:17:02.210+0100: 31.786: [GC [PSYoungGen: 129225K->10264K(143168K)] 215076K->108258K(284864K), 0.1121190 secs] [Times: user=0.11 sys=0.10, real=0.12 secs] 
2013-08-04T01:17:06.354+0100: 35.930: [GC [PSYoungGen: 125016K->11853K(143040K)] 223010K->119209K(284736K), 0.2482640 secs] [Times: user=0.07 sys=0.09, real=0.25 secs] 
2013-08-04T01:17:30.948+0100: 60.524: [GC [PSYoungGen: 130637K->11360K(145088K)] 237993K->129627K(286784K), 0.2242380 secs] [Times: user=0.05 sys=0.15, real=0.23 secs] 
2013-08-04T01:20:35.488+0100: 245.064: [GC [PSYoungGen: 130144K->19608K(147008K)] 248411K->145937K(288704K), 0.0720770 secs] [Times: user=0.07 sys=0.06, real=0.07 secs] 
2013-08-04T01:20:35.564+0100: 245.140: [Full GC [PSYoungGen: 19608K->0K(147008K)] [ParOldGen: 126328K->134659K(212928K)] 145937K->134659K(359936K) [PSPermGen: 34810K->34733K(49664K)], 0.9850460 secs] [Times: user=0.97 sys=0.32, real=0.98 secs] 
2013-08-04T01:20:39.084+0100: 248.660: [GC [PSYoungGen: 121728K->8022K(148224K)] 256387K->142681K(361152K), 0.0400420 secs] [Times: user=0.05 sys=0.02, real=0.04 secs] 
2013-08-04T01:20:51.317+0100: 260.893: [GC [PSYoungGen: 129750K->4678K(148160K)] 264409K->144829K(361088K), 0.1321400 secs] [Times: user=0.08 sys=0.09, real=0.13 secs] 
2013-08-04T01:21:04.944+0100: 274.519: [GC [PSYoungGen: 126726K->3968K(148352K)] 266877K->145727K(361280K), 0.0400430 secs] [Times: user=0.02 sys=0.02, real=0.04 secs] 
2013-08-04T01:21:52.266+0100: 321.842: [GC [PSYoungGen: 126016K->2401K(148416K)] 267775K->144160K(361344K), 0.0440470 secs] [Times: user=0.00 sys=0.02, real=0.04 secs] 
2013-08-04T01:21:53.375+0100: 322.951: [GC [PSYoungGen: 124513K->1088K(148416K)] 266272K->142848K(361344K), 0.0120130 secs] [Times: user=0.01 sys=0.01, real=0.01 secs] 
2013-08-04T01:21:54.100+0100: 323.676: [GC [PSYoungGen: 123200K->1193K(147904K)] 264960K->142952K(360832K), 0.0200220 secs] [Times: user=0.03 sys=0.01, real=0.02 secs] 
2013-08-04T01:21:54.496+0100: 324.072: [GC [PSYoungGen: 123305K->1289K(148160K)] 265064K->143048K(361088K), 0.0120130 secs] [Times: user=0.02 sys=0.01, real=0.01 secs] 
2013-08-04T01:21:55.237+0100: 324.813: [GC [PSYoungGen: 123401K->1473K(147584K)] 265160K->143292K(360512K), 0.0120130 secs] [Times: user=0.01 sys=0.00, real=0.01 secs] 
Heap
 PSYoungGen      total 147584K, used 17509K [0xa8b80000, 0xb3470000, 0xb3620000)
  eden space 123072K, 13% used [0xa8b80000,0xa9b29060,0xb03b0000)
  from space 24512K, 6% used [0xb1c80000,0xb1df0410,0xb3470000)
  to   space 24960K, 0% used [0xb03b0000,0xb03b0000,0xb1c10000)
 ParOldGen       total 212928K, used 141819K [0x93620000, 0xa0610000, 0xa8b80000)
  object space 212928K, 66% used [0x93620000,0x9c09eda8,0xa0610000)
 PSPermGen       total 49664K, used 35260K [0x83620000, 0x866a0000, 0x93620000)
  object space 49664K, 70% used [0x83620000,0x8588f350,0x866a0000)
