2013-08-04T04:02:53.260+0100: 1.710: [GC [PSYoungGen: 32768K->5433K(38208K)] 32768K->6430K(125632K), 0.0400430 secs] [Times: user=0.02 sys=0.03, real=0.04 secs] 
2013-08-04T04:02:54.189+0100: 2.639: [GC [PSYoungGen: 38201K->5433K(70976K)] 39198K->8160K(158400K), 0.0760810 secs] [Times: user=0.04 sys=0.04, real=0.08 secs] 
2013-08-04T04:02:56.728+0100: 5.177: [GC [PSYoungGen: 70969K->5426K(70976K)] 73696K->15848K(158400K), 0.1161230 secs] [Times: user=0.08 sys=0.07, real=0.11 secs] 
2013-08-04T04:02:57.597+0100: 6.046: [GC [PSYoungGen: 70962K->5432K(136512K)] 81384K->18005K(223936K), 0.0480510 secs] [Times: user=0.04 sys=0.03, real=0.04 secs] 
2013-08-04T04:03:01.081+0100: 9.530: [GC [PSYoungGen: 119841K->5427K(136512K)] 132413K->35910K(223936K), 0.1441530 secs] [Times: user=0.05 sys=0.21, real=0.14 secs] 
2013-08-04T04:03:01.225+0100: 9.674: [Full GC (System) [PSYoungGen: 5427K->0K(136512K)] [ParOldGen: 30483K->30308K(87424K)] 35910K->30308K(223936K) [PSPermGen: 14651K->14639K(29440K)], 0.3243450 secs] [Times: user=0.23 sys=0.14, real=0.33 secs] 
2013-08-04T04:03:03.860+0100: 12.309: [GC [PSYoungGen: 131072K->5435K(121408K)] 161380K->40720K(208832K), 0.0240250 secs] [Times: user=0.01 sys=0.04, real=0.03 secs] 
2013-08-04T04:03:05.273+0100: 13.723: [GC [PSYoungGen: 121403K->13939K(136512K)] 156688K->49225K(223936K), 0.0200210 secs] [Times: user=0.03 sys=0.00, real=0.02 secs] 
2013-08-04T04:03:07.203+0100: 15.653: [GC [PSYoungGen: 129907K->20592K(144512K)] 165193K->60455K(231936K), 0.1401480 secs] [Times: user=0.05 sys=0.14, real=0.14 secs] 
2013-08-04T04:03:07.984+0100: 16.433: [GC [PSYoungGen: 144496K->24104K(148032K)] 184359K->63967K(235456K), 0.1161240 secs] [Times: user=0.09 sys=0.09, real=0.12 secs] 
2013-08-04T04:03:08.997+0100: 17.447: [GC [PSYoungGen: 148008K->19452K(143680K)] 187871K->69230K(231104K), 0.1281360 secs] [Times: user=0.02 sys=0.16, real=0.12 secs] 
2013-08-04T04:03:11.532+0100: 19.981: [GC [PSYoungGen: 136444K->20025K(137024K)] 186222K->83488K(224448K), 0.1201270 secs] [Times: user=0.09 sys=0.09, real=0.12 secs] 
2013-08-04T04:03:12.589+0100: 21.038: [GC [PSYoungGen: 137017K->1040K(143296K)] 200480K->83765K(230720K), 0.1401490 secs] [Times: user=0.01 sys=0.13, real=0.14 secs] 
2013-08-04T04:03:12.729+0100: 21.178: [Full GC [PSYoungGen: 1040K->0K(143296K)] [ParOldGen: 82724K->78771K(142528K)] 83765K->78771K(285824K) [PSPermGen: 23358K->23349K(39680K)], 0.5125440 secs] [Times: user=0.24 sys=0.32, real=0.52 secs] 
2013-08-04T04:03:14.563+0100: 23.012: [GC [PSYoungGen: 113920K->7405K(144320K)] 192691K->86177K(286848K), 0.0080090 secs] [Times: user=0.02 sys=0.00, real=0.01 secs] 
2013-08-04T04:03:15.236+0100: 23.685: [GC [PSYoungGen: 121325K->14572K(141440K)] 200097K->99940K(283968K), 0.0320340 secs] [Times: user=0.03 sys=0.02, real=0.03 secs] 
2013-08-04T04:03:16.829+0100: 25.279: [GC [PSYoungGen: 128940K->10431K(143104K)] 214308K->107987K(285632K), 0.1401480 secs] [Times: user=0.00 sys=0.15, real=0.14 secs] 
2013-08-04T04:03:19.640+0100: 28.090: [GC [PSYoungGen: 124799K->11742K(142912K)] 222355K->118824K(285440K), 0.1241320 secs] [Times: user=0.08 sys=0.09, real=0.12 secs] 
2013-08-04T04:03:26.007+0100: 34.457: [GC [PSYoungGen: 130014K->11968K(144768K)] 237096K->129921K(287296K), 0.0720760 secs] [Times: user=0.04 sys=0.08, real=0.07 secs] 
2013-08-04T04:06:58.224+0100: 246.674: [GC [PSYoungGen: 130240K->9029K(146368K)] 248193K->137852K(288896K), 0.0840890 secs] [Times: user=0.03 sys=0.13, real=0.09 secs] 
2013-08-04T04:06:58.309+0100: 246.758: [Full GC [PSYoungGen: 9029K->0K(146368K)] [ParOldGen: 128822K->126277K(205632K)] 137852K->126277K(352000K) [PSPermGen: 34865K->34787K(49664K)], 0.4845150 secs] [Times: user=0.60 sys=0.19, real=0.48 secs] 
2013-08-04T04:07:07.030+0100: 255.479: [GC [PSYoungGen: 122880K->11342K(147648K)] 249157K->137620K(353280K), 0.0480510 secs] [Times: user=0.03 sys=0.02, real=0.05 secs] 
2013-08-04T04:07:18.138+0100: 266.587: [GC [PSYoungGen: 134222K->4336K(149952K)] 260500K->139545K(355584K), 0.0440470 secs] [Times: user=0.04 sys=0.03, real=0.04 secs] 
2013-08-04T04:07:32.160+0100: 280.610: [GC [PSYoungGen: 130544K->3456K(150208K)] 265753K->140669K(355840K), 0.0360380 secs] [Times: user=0.05 sys=0.01, real=0.03 secs] 
2013-08-04T04:07:47.276+0100: 295.726: [GC [PSYoungGen: 129664K->3504K(150592K)] 266877K->140717K(356224K), 0.0280290 secs] [Times: user=0.03 sys=0.01, real=0.03 secs] 
2013-08-04T04:08:02.405+0100: 310.858: [GC [PSYoungGen: 129968K->3504K(129984K)] 267181K->140717K(335616K), 0.0480510 secs] [Times: user=0.06 sys=0.02, real=0.05 secs] 
2013-08-04T04:08:17.140+0100: 325.590: [GC [PSYoungGen: 129968K->3896K(150848K)] 267181K->141109K(356480K), 0.0240260 secs] [Times: user=0.04 sys=0.01, real=0.02 secs] 
2013-08-04T04:08:31.952+0100: 340.401: [GC [PSYoungGen: 130936K->3840K(150336K)] 268149K->141053K(355968K), 0.0240250 secs] [Times: user=0.03 sys=0.01, real=0.02 secs] 
2013-08-04T04:08:46.900+0100: 355.349: [GC [PSYoungGen: 130880K->4136K(150720K)] 268093K->141349K(356352K), 0.0280300 secs] [Times: user=0.04 sys=0.00, real=0.03 secs] 
2013-08-04T04:09:01.179+0100: 369.628: [GC [PSYoungGen: 132456K->4304K(150336K)] 269669K->141517K(355968K), 0.0640680 secs] [Times: user=0.04 sys=0.02, real=0.06 secs] 
2013-08-04T04:09:43.200+0100: 411.649: [GC [PSYoungGen: 132624K->2297K(152064K)] 269837K->139511K(357696K), 0.0320340 secs] [Times: user=0.02 sys=0.01, real=0.04 secs] 
2013-08-04T04:09:43.908+0100: 412.358: [GC [PSYoungGen: 133113K->1394K(151552K)] 270327K->138608K(357184K), 0.0120130 secs] [Times: user=0.01 sys=0.00, real=0.01 secs] 
2013-08-04T04:09:44.425+0100: 412.874: [GC [PSYoungGen: 132210K->1473K(153472K)] 269424K->138686K(359104K), 0.0080080 secs] [Times: user=0.01 sys=0.01, real=0.01 secs] 
2013-08-04T04:09:44.781+0100: 413.231: [GC [PSYoungGen: 134721K->1593K(153088K)] 271934K->138806K(358720K), 0.0640680 secs] [Times: user=0.03 sys=0.04, real=0.07 secs] 
Heap
 PSYoungGen      total 153088K, used 82492K [0xa8ba0000, 0xb34a0000, 0xb3640000)
  eden space 133248K, 60% used [0xa8ba0000,0xadaa0e20,0xb0dc0000)
  from space 19840K, 8% used [0xb0dc0000,0xb0f4e410,0xb2120000)
  to   space 19200K, 0% used [0xb21e0000,0xb21e0000,0xb34a0000)
 ParOldGen       total 205632K, used 137213K [0x93640000, 0x9ff10000, 0xa8ba0000)
  object space 205632K, 66% used [0x93640000,0x9bc3f708,0x9ff10000)
 PSPermGen       total 49664K, used 35250K [0x83640000, 0x866c0000, 0x93640000)
  object space 49664K, 70% used [0x83640000,0x858aca70,0x866c0000)
