2013-08-03T14:38:52.894+0100: 2.306: [GC [PSYoungGen: 32768K->5435K(38208K)] 32768K->6446K(125632K), 0.0961020 secs] [Times: user=0.05 sys=0.05, real=0.10 secs] 
2013-08-03T14:38:53.791+0100: 3.203: [GC [PSYoungGen: 38203K->5433K(70976K)] 39214K->8160K(158400K), 0.0400420 secs] [Times: user=0.03 sys=0.02, real=0.04 secs] 
2013-08-03T14:38:56.521+0100: 5.934: [GC [PSYoungGen: 70969K->5426K(70976K)] 73696K->15812K(158400K), 0.1361450 secs] [Times: user=0.04 sys=0.10, real=0.13 secs] 
2013-08-03T14:38:57.527+0100: 6.939: [GC [PSYoungGen: 70962K->5436K(136512K)] 81348K->17879K(223936K), 0.0961020 secs] [Times: user=0.02 sys=0.03, real=0.10 secs] 
2013-08-03T14:39:02.019+0100: 11.432: [GC [PSYoungGen: 121556K->5426K(136512K)] 133999K->35755K(223936K), 0.1401480 secs] [Times: user=0.06 sys=0.11, real=0.14 secs] 
2013-08-03T14:39:02.159+0100: 11.572: [Full GC (System) [PSYoungGen: 5426K->0K(136512K)] [ParOldGen: 30329K->30222K(87424K)] 35755K->30222K(223936K) [PSPermGen: 14654K->14641K(29440K)], 0.9610200 secs] [Times: user=0.03 sys=0.72, real=0.96 secs] 
2013-08-03T14:39:05.411+0100: 14.824: [GC [PSYoungGen: 131072K->5433K(121408K)] 161294K->40729K(208832K), 0.0440470 secs] [Times: user=0.04 sys=0.05, real=0.04 secs] 
2013-08-03T14:39:07.461+0100: 16.874: [GC [PSYoungGen: 121401K->13811K(136512K)] 156697K->49106K(223936K), 0.0600640 secs] [Times: user=0.05 sys=0.03, real=0.06 secs] 
2013-08-03T14:39:09.780+0100: 19.192: [GC [PSYoungGen: 129779K->20479K(144128K)] 165074K->60922K(231552K), 0.3043230 secs] [Times: user=0.17 sys=0.23, real=0.31 secs] 
2013-08-03T14:39:11.201+0100: 20.614: [GC [PSYoungGen: 144127K->23897K(147584K)] 184570K->64340K(235008K), 0.1001060 secs] [Times: user=0.07 sys=0.06, real=0.10 secs] 
2013-08-03T14:39:12.562+0100: 21.975: [GC [PSYoungGen: 147545K->19334K(144128K)] 187988K->70218K(231552K), 0.2522680 secs] [Times: user=0.08 sys=0.11, real=0.25 secs] 
2013-08-03T14:39:16.178+0100: 25.591: [GC [PSYoungGen: 136326K->19653K(136704K)] 187210K->83533K(224128K), 0.1281360 secs] [Times: user=0.11 sys=0.10, real=0.13 secs] 
2013-08-03T14:39:17.283+0100: 26.696: [GC [PSYoungGen: 136645K->1080K(143360K)] 200525K->83841K(230784K), 0.1481570 secs] [Times: user=0.07 sys=0.17, real=0.15 secs] 
2013-08-03T14:39:17.432+0100: 26.844: [Full GC [PSYoungGen: 1080K->0K(143360K)] [ParOldGen: 82760K->78258K(142400K)] 83841K->78258K(285760K) [PSPermGen: 23353K->23345K(39680K)], 0.7367820 secs] [Times: user=0.49 sys=0.41, real=0.73 secs] 
2013-08-03T14:39:19.566+0100: 28.979: [GC [PSYoungGen: 114176K->7664K(144448K)] 192434K->85922K(286848K), 0.0200210 secs] [Times: user=0.02 sys=0.01, real=0.02 secs] 
2013-08-03T14:39:20.291+0100: 29.704: [GC [PSYoungGen: 121840K->14546K(141632K)] 200098K->99612K(284032K), 0.0640680 secs] [Times: user=0.05 sys=0.03, real=0.07 secs] 
2013-08-03T14:39:22.737+0100: 32.150: [GC [PSYoungGen: 129298K->10367K(143296K)] 214364K->107598K(285696K), 0.0961020 secs] [Times: user=0.06 sys=0.10, real=0.09 secs] 
2013-08-03T14:39:25.640+0100: 35.053: [GC [PSYoungGen: 125119K->11880K(143232K)] 222350K->118561K(285632K), 0.1041110 secs] [Times: user=0.09 sys=0.09, real=0.10 secs] 
2013-08-03T14:39:35.279+0100: 44.691: [GC [PSYoungGen: 130536K->11767K(145024K)] 237217K->129407K(287424K), 0.0760810 secs] [Times: user=0.06 sys=0.09, real=0.07 secs] 
2013-08-03T14:42:30.857+0100: 220.270: [GC [PSYoungGen: 130423K->1126K(147968K)] 248063K->123768K(290368K), 0.1081150 secs] [Times: user=0.05 sys=0.06, real=0.11 secs] 
2013-08-03T14:42:32.190+0100: 221.603: [GC [PSYoungGen: 123878K->1351K(124160K)] 246520K->123993K(266560K), 0.0160170 secs] [Times: user=0.02 sys=0.00, real=0.02 secs] 
2013-08-03T14:42:32.531+0100: 221.944: [GC [PSYoungGen: 124103K->1169K(148224K)] 246745K->123811K(290624K), 0.0120120 secs] [Times: user=0.00 sys=0.02, real=0.01 secs] 
2013-08-03T14:42:32.931+0100: 222.344: [GC [PSYoungGen: 123025K->1353K(123264K)] 245667K->123995K(265664K), 0.0080080 secs] [Times: user=0.01 sys=0.00, real=0.01 secs] 
Heap
 PSYoungGen      total 123264K, used 57740K [0xa8b50000, 0xb3580000, 0xb35f0000)
  eden space 121856K, 46% used [0xa8b50000,0xac2608d8,0xb0250000)
  from space 1408K, 96% used [0xb0250000,0xb03a2768,0xb03b0000)
  to   space 26176K, 0% used [0xb1bf0000,0xb1bf0000,0xb3580000)
 ParOldGen       total 142400K, used 122641K [0x935f0000, 0x9c100000, 0xa8b50000)
  object space 142400K, 86% used [0x935f0000,0x9adb4700,0x9c100000)
 PSPermGen       total 39680K, used 34631K [0x835f0000, 0x85cb0000, 0x935f0000)
  object space 39680K, 87% used [0x835f0000,0x857c1d28,0x85cb0000)
