2013-08-03T14:42:49.997+0100: 1.950: [GC [PSYoungGen: 32768K->5425K(38208K)] 32768K->6422K(125632K), 0.0600640 secs] [Times: user=0.03 sys=0.05, real=0.06 secs] 
2013-08-03T14:42:50.914+0100: 2.867: [GC [PSYoungGen: 38193K->5435K(70976K)] 39190K->8160K(158400K), 0.0520560 secs] [Times: user=0.04 sys=0.04, real=0.05 secs] 
2013-08-03T14:42:53.561+0100: 5.514: [GC [PSYoungGen: 70971K->5426K(70976K)] 73696K->15491K(158400K), 0.1081140 secs] [Times: user=0.03 sys=0.11, real=0.11 secs] 
2013-08-03T14:42:54.762+0100: 6.715: [GC [PSYoungGen: 70962K->5436K(136512K)] 81027K->17396K(223936K), 0.0760800 secs] [Times: user=0.03 sys=0.04, real=0.08 secs] 
2013-08-03T14:42:59.275+0100: 11.228: [GC [PSYoungGen: 120363K->5438K(136512K)] 132323K->35421K(223936K), 0.1481580 secs] [Times: user=0.03 sys=0.22, real=0.15 secs] 
2013-08-03T14:42:59.423+0100: 11.376: [Full GC (System) [PSYoungGen: 5438K->0K(136512K)] [ParOldGen: 29983K->30296K(87424K)] 35421K->30296K(223936K) [PSPermGen: 14652K->14639K(29440K)], 0.2402550 secs] [Times: user=0.29 sys=0.09, real=0.24 secs] 
2013-08-03T14:43:01.622+0100: 13.574: [GC [PSYoungGen: 131072K->5435K(121472K)] 161368K->40824K(208896K), 0.0480510 secs] [Times: user=0.01 sys=0.08, real=0.05 secs] 
2013-08-03T14:43:03.275+0100: 15.228: [GC [PSYoungGen: 121467K->13773K(136512K)] 156856K->49161K(223936K), 0.0360380 secs] [Times: user=0.02 sys=0.01, real=0.04 secs] 
2013-08-03T14:43:05.542+0100: 17.495: [GC [PSYoungGen: 129805K->20401K(144704K)] 165193K->60404K(232128K), 0.1641740 secs] [Times: user=0.00 sys=0.16, real=0.16 secs] 
2013-08-03T14:43:06.691+0100: 18.644: [GC [PSYoungGen: 144689K->23788K(148096K)] 184692K->63790K(235520K), 0.1201280 secs] [Times: user=0.07 sys=0.04, real=0.12 secs] 
2013-08-03T14:43:07.772+0100: 19.725: [GC [PSYoungGen: 148076K->19516K(144000K)] 188078K->69793K(231424K), 0.0961020 secs] [Times: user=0.02 sys=0.13, real=0.09 secs] 
2013-08-03T14:43:11.232+0100: 23.185: [GC [PSYoungGen: 136892K->19982K(137408K)] 187169K->83215K(224832K), 0.1201270 secs] [Times: user=0.05 sys=0.09, real=0.12 secs] 
2013-08-03T14:43:12.409+0100: 24.362: [GC [PSYoungGen: 137358K->1072K(143360K)] 200591K->83533K(230784K), 0.1801920 secs] [Times: user=0.08 sys=0.17, real=0.18 secs] 
2013-08-03T14:43:12.589+0100: 24.542: [Full GC [PSYoungGen: 1072K->0K(143360K)] [ParOldGen: 82460K->78300K(143360K)] 83533K->78300K(286720K) [PSPermGen: 23353K->23345K(39680K)], 0.6566970 secs] [Times: user=0.25 sys=0.34, real=0.66 secs] 
2013-08-03T14:43:14.667+0100: 26.620: [GC [PSYoungGen: 114176K->7564K(144448K)] 192476K->85864K(287808K), 0.0720770 secs] [Times: user=0.05 sys=0.06, real=0.07 secs] 
2013-08-03T14:43:15.376+0100: 27.329: [GC [PSYoungGen: 121740K->14783K(141760K)] 200040K->99812K(285120K), 0.0280290 secs] [Times: user=0.03 sys=0.02, real=0.03 secs] 
2013-08-03T14:43:17.190+0100: 29.143: [GC [PSYoungGen: 129535K->10318K(143360K)] 214564K->107745K(286720K), 0.1761870 secs] [Times: user=0.07 sys=0.22, real=0.17 secs] 
2013-08-03T14:43:20.502+0100: 32.454: [GC [PSYoungGen: 125070K->11848K(143040K)] 222497K->118689K(286400K), 0.1041100 secs] [Times: user=0.08 sys=0.08, real=0.11 secs] 
2013-08-03T14:43:30.356+0100: 42.309: [GC [PSYoungGen: 130312K->11682K(144896K)] 237153K->129444K(288256K), 0.0720760 secs] [Times: user=0.08 sys=0.06, real=0.07 secs] 
2013-08-03T14:47:06.942+0100: 258.895: [GC [PSYoungGen: 130146K->1502K(147968K)] 247908K->126862K(291328K), 0.0360380 secs] [Times: user=0.01 sys=0.04, real=0.03 secs] 
2013-08-03T14:47:07.963+0100: 259.916: [GC [PSYoungGen: 124126K->1821K(124480K)] 249486K->127180K(267840K), 0.0440470 secs] [Times: user=0.00 sys=0.04, real=0.04 secs] 
2013-08-03T14:47:08.548+0100: 260.500: [GC [PSYoungGen: 124445K->1737K(148416K)] 249804K->127097K(291776K), 0.0080090 secs] [Times: user=0.01 sys=0.00, real=0.01 secs] 
2013-08-03T14:47:09.024+0100: 260.977: [GC [PSYoungGen: 123849K->1841K(123968K)] 249209K->127201K(267328K), 0.0080090 secs] [Times: user=0.02 sys=0.00, real=0.01 secs] 
Heap
 PSYoungGen      total 123968K, used 111139K [0xa8ba0000, 0xb35a0000, 0xb3640000)
  eden space 122112K, 89% used [0xa8ba0000,0xaf65c7c8,0xb02e0000)
  from space 1856K, 99% used [0xb02e0000,0xb04ac7c0,0xb04b0000)
  to   space 25984K, 0% used [0xb1c40000,0xb1c40000,0xb35a0000)
 ParOldGen       total 143360K, used 125359K [0x93640000, 0x9c240000, 0xa8ba0000)
  object space 143360K, 87% used [0x93640000,0x9b0abd68,0x9c240000)
 PSPermGen       total 39680K, used 34811K [0x83640000, 0x85d00000, 0x93640000)
  object space 39680K, 87% used [0x83640000,0x8583efc8,0x85d00000)
