2013-08-03T21:57:25.625+0100: 2.467: [GC [PSYoungGen: 32768K->5427K(38208K)] 32768K->6439K(125632K), 0.0400420 secs] [Times: user=0.01 sys=0.04, real=0.04 secs] 
2013-08-03T21:57:26.418+0100: 3.259: [GC [PSYoungGen: 38195K->5433K(70976K)] 39207K->8171K(158400K), 0.0360390 secs] [Times: user=0.04 sys=0.02, real=0.03 secs] 
2013-08-03T21:57:28.704+0100: 5.546: [GC [PSYoungGen: 70969K->5437K(70976K)] 73707K->15617K(158400K), 0.0880940 secs] [Times: user=0.02 sys=0.11, real=0.09 secs] 
2013-08-03T21:57:29.669+0100: 6.511: [GC [PSYoungGen: 70973K->5425K(136512K)] 81153K->17719K(223936K), 0.1001070 secs] [Times: user=0.04 sys=0.06, real=0.10 secs] 
2013-08-03T21:57:33.614+0100: 10.455: [GC [PSYoungGen: 121576K->5433K(136512K)] 133870K->35587K(223936K), 0.2562720 secs] [Times: user=0.08 sys=0.22, real=0.26 secs] 
2013-08-03T21:57:33.870+0100: 10.711: [Full GC (System) [PSYoungGen: 5433K->0K(136512K)] [ParOldGen: 30154K->30272K(87424K)] 35587K->30272K(223936K) [PSPermGen: 14682K->14669K(29440K)], 0.2642800 secs] [Times: user=0.24 sys=0.10, real=0.26 secs] 
2013-08-03T21:57:36.465+0100: 13.306: [GC [PSYoungGen: 131072K->5437K(121600K)] 161344K->40763K(209024K), 0.0800850 secs] [Times: user=0.01 sys=0.04, real=0.09 secs] 
2013-08-03T21:57:38.411+0100: 15.252: [GC [PSYoungGen: 121597K->13792K(136512K)] 156923K->49118K(223936K), 0.0200210 secs] [Times: user=0.03 sys=0.00, real=0.02 secs] 
2013-08-03T21:57:40.401+0100: 17.242: [GC [PSYoungGen: 129952K->20350K(145152K)] 165278K->59866K(232576K), 0.1361450 secs] [Times: user=0.05 sys=0.17, real=0.14 secs] 
2013-08-03T21:57:41.614+0100: 18.456: [GC [PSYoungGen: 145150K->24253K(149056K)] 184666K->63768K(236480K), 0.1121190 secs] [Times: user=0.08 sys=0.06, real=0.11 secs] 
2013-08-03T21:57:42.327+0100: 19.168: [GC [PSYoungGen: 149053K->21011K(142016K)] 188568K->70821K(229440K), 0.2162290 secs] [Times: user=0.06 sys=0.16, real=0.21 secs] 
2013-08-03T21:57:45.779+0100: 22.620: [GC [PSYoungGen: 137363K->19931K(136320K)] 187173K->83030K(223744K), 0.1561660 secs] [Times: user=0.08 sys=0.11, real=0.15 secs] 
2013-08-03T21:57:46.772+0100: 23.613: [GC [PSYoungGen: 136283K->1080K(142976K)] 199382K->83347K(230400K), 0.2322470 secs] [Times: user=0.10 sys=0.23, real=0.23 secs] 
2013-08-03T21:57:47.004+0100: 23.845: [Full GC [PSYoungGen: 1080K->0K(142976K)] [ParOldGen: 82267K->78165K(139456K)] 83347K->78165K(282432K) [PSPermGen: 23351K->23343K(39680K)], 0.5766120 secs] [Times: user=0.48 sys=0.11, real=0.58 secs] 
2013-08-03T21:57:49.250+0100: 26.092: [GC [PSYoungGen: 113408K->7782K(144064K)] 191573K->85947K(283520K), 0.0120130 secs] [Times: user=0.02 sys=0.00, real=0.01 secs] 
2013-08-03T21:57:50.279+0100: 27.121: [GC [PSYoungGen: 121190K->14457K(140992K)] 199355K->99596K(280448K), 0.0520550 secs] [Times: user=0.05 sys=0.03, real=0.06 secs] 
2013-08-03T21:57:51.841+0100: 28.682: [GC [PSYoungGen: 128441K->10186K(142784K)] 213580K->107416K(282240K), 0.0720760 secs] [Times: user=0.02 sys=0.10, real=0.08 secs] 
2013-08-03T21:57:54.039+0100: 30.881: [GC [PSYoungGen: 124170K->11682K(142656K)] 221400K->118207K(282112K), 0.0600640 secs] [Times: user=0.04 sys=0.06, real=0.06 secs] 
2013-08-03T21:57:56.470+0100: 33.311: [GC [PSYoungGen: 129762K->11914K(144704K)] 236287K->129194K(284160K), 0.1161230 secs] [Times: user=0.05 sys=0.11, real=0.11 secs] 
2013-08-03T22:01:26.753+0100: 243.595: [GC [PSYoungGen: 129994K->13644K(145280K)] 247274K->142065K(284736K), 0.0840900 secs] [Times: user=0.09 sys=0.04, real=0.08 secs] 
2013-08-03T22:01:26.837+0100: 243.679: [Full GC [PSYoungGen: 13644K->0K(145280K)] [ParOldGen: 128421K->130932K(206208K)] 142065K->130932K(351488K) [PSPermGen: 34682K->34610K(49664K)], 1.4895810 secs] [Times: user=0.43 sys=1.00, real=1.51 secs] 
2013-08-03T22:01:31.034+0100: 247.875: [GC [PSYoungGen: 122624K->13270K(147136K)] 253556K->144202K(353344K), 0.0760800 secs] [Times: user=0.08 sys=0.01, real=0.07 secs] 
2013-08-03T22:01:40.892+0100: 257.734: [GC [PSYoungGen: 135894K->3968K(150208K)] 266826K->145529K(356416K), 0.0760810 secs] [Times: user=0.06 sys=0.03, real=0.07 secs] 
2013-08-03T22:01:55.656+0100: 272.497: [GC [PSYoungGen: 130752K->4864K(150720K)] 272313K->147249K(356928K), 0.1201270 secs] [Times: user=0.04 sys=0.02, real=0.12 secs] 
2013-08-03T22:02:09.831+0100: 286.672: [GC [PSYoungGen: 131648K->4560K(150720K)] 274033K->147033K(356928K), 0.0760810 secs] [Times: user=0.02 sys=0.01, real=0.07 secs] 
2013-08-03T22:03:30.060+0100: 366.901: [GC [PSYoungGen: 131344K->1080K(127872K)] 273817K->143554K(334080K), 0.0200210 secs] [Times: user=0.02 sys=0.01, real=0.02 secs] 
2013-08-03T22:03:31.077+0100: 367.918: [GC [PSYoungGen: 127864K->1112K(150464K)] 270338K->143585K(356672K), 0.0200220 secs] [Times: user=0.01 sys=0.00, real=0.02 secs] 
2013-08-03T22:03:32.106+0100: 368.948: [GC [PSYoungGen: 127320K->1232K(127488K)] 269793K->143706K(333696K), 0.0720760 secs] [Times: user=0.04 sys=0.03, real=0.07 secs] 
2013-08-03T22:03:32.655+0100: 369.496: [GC [PSYoungGen: 127440K->752K(150656K)] 269914K->143801K(356864K), 0.0080080 secs] [Times: user=0.01 sys=0.00, real=0.00 secs] 
Heap
 PSYoungGen      total 150656K, used 114215K [0xa8ba0000, 0xb3640000, 0xb3640000)
  eden space 126592K, 89% used [0xa8ba0000,0xafa6deb0,0xb0740000)
  from space 24064K, 3% used [0xb1e60000,0xb1f1c000,0xb35e0000)
  to   space 23680K, 0% used [0xb0740000,0xb0740000,0xb1e60000)
 ParOldGen       total 206208K, used 143049K [0x93640000, 0x9ffa0000, 0xa8ba0000)
  object space 206208K, 69% used [0x93640000,0x9c1f26a8,0x9ffa0000)
 PSPermGen       total 49664K, used 35241K [0x83640000, 0x866c0000, 0x93640000)
  object space 49664K, 70% used [0x83640000,0x858aa798,0x866c0000)
