2013-08-04T04:26:23.693+0100: 1.918: [GC [PSYoungGen: 32768K->5428K(38208K)] 32768K->6399K(125632K), 0.1922040 secs] [Times: user=0.02 sys=0.11, real=0.19 secs] 
2013-08-04T04:26:24.731+0100: 2.955: [GC [PSYoungGen: 38196K->5427K(70976K)] 39167K->8133K(158400K), 0.0360390 secs] [Times: user=0.02 sys=0.04, real=0.04 secs] 
2013-08-04T04:26:27.293+0100: 5.518: [GC [PSYoungGen: 70963K->5436K(70976K)] 73669K->15389K(158400K), 0.1241320 secs] [Times: user=0.00 sys=0.14, real=0.13 secs] 
2013-08-04T04:26:28.210+0100: 6.435: [GC [PSYoungGen: 70972K->5432K(136512K)] 80925K->17467K(223936K), 0.0680720 secs] [Times: user=0.04 sys=0.07, real=0.07 secs] 
2013-08-04T04:26:32.230+0100: 10.455: [GC [PSYoungGen: 121575K->5435K(136512K)] 133610K->35325K(223936K), 0.2362500 secs] [Times: user=0.07 sys=0.22, real=0.23 secs] 
2013-08-04T04:26:32.467+0100: 10.691: [Full GC (System) [PSYoungGen: 5435K->0K(136512K)] [ParOldGen: 29890K->30243K(87424K)] 35325K->30243K(223936K) [PSPermGen: 14654K->14642K(29440K)], 0.4284550 secs] [Times: user=0.25 sys=0.11, real=0.43 secs] 
2013-08-04T04:26:35.013+0100: 13.238: [GC [PSYoungGen: 131072K->5425K(121728K)] 161315K->41043K(209152K), 0.0440470 secs] [Times: user=0.02 sys=0.06, real=0.04 secs] 
2013-08-04T04:26:36.703+0100: 14.928: [GC [PSYoungGen: 121713K->13535K(136512K)] 157331K->49153K(223936K), 0.0160170 secs] [Times: user=0.03 sys=0.00, real=0.01 secs] 
2013-08-04T04:26:38.409+0100: 16.634: [GC [PSYoungGen: 129823K->20087K(145280K)] 165441K->60327K(232704K), 0.1521620 secs] [Times: user=0.05 sys=0.18, real=0.15 secs] 
2013-08-04T04:26:39.506+0100: 17.731: [GC [PSYoungGen: 145271K->23576K(148800K)] 185511K->63816K(236224K), 0.0520550 secs] [Times: user=0.03 sys=0.05, real=0.05 secs] 
2013-08-04T04:26:40.335+0100: 18.560: [GC [PSYoungGen: 148760K->20182K(143552K)] 189000K->70672K(230976K), 0.1041100 secs] [Times: user=0.02 sys=0.12, real=0.11 secs] 
2013-08-04T04:26:42.898+0100: 21.122: [GC [PSYoungGen: 137814K->20013K(137664K)] 188304K->83273K(225088K), 0.0920970 secs] [Times: user=0.05 sys=0.09, real=0.10 secs] 
2013-08-04T04:26:43.542+0100: 21.767: [GC [PSYoungGen: 137645K->1072K(143488K)] 200905K->83588K(230912K), 0.0680720 secs] [Times: user=0.01 sys=0.12, real=0.07 secs] 
2013-08-04T04:26:43.611+0100: 21.835: [Full GC [PSYoungGen: 1072K->0K(143488K)] [ParOldGen: 82516K->78449K(143744K)] 83588K->78449K(287232K) [PSPermGen: 23352K->23343K(39680K)], 0.5205530 secs] [Times: user=0.35 sys=0.26, real=0.52 secs] 
2013-08-04T04:26:45.220+0100: 23.445: [GC [PSYoungGen: 114432K->8107K(144576K)] 192881K->86557K(288320K), 0.0440460 secs] [Times: user=0.03 sys=0.02, real=0.05 secs] 
2013-08-04T04:26:46.065+0100: 24.290: [GC [PSYoungGen: 122539K->14555K(141824K)] 200989K->100206K(285568K), 0.0200220 secs] [Times: user=0.01 sys=0.03, real=0.02 secs] 
2013-08-04T04:26:47.306+0100: 25.531: [GC [PSYoungGen: 129627K->10374K(143424K)] 215278K->108204K(287168K), 0.0920980 secs] [Times: user=0.03 sys=0.07, real=0.09 secs] 
2013-08-04T04:26:49.449+0100: 27.673: [GC [PSYoungGen: 125446K->11711K(143424K)] 223276K->118993K(287168K), 0.0920970 secs] [Times: user=0.02 sys=0.08, real=0.09 secs] 
2013-08-04T04:27:16.662+0100: 54.886: [GC [PSYoungGen: 130687K->11431K(145216K)] 237969K->129517K(288960K), 0.0800850 secs] [Times: user=0.05 sys=0.08, real=0.08 secs] 
2013-08-04T04:30:25.822+0100: 244.047: [GC [PSYoungGen: 130407K->25206K(140032K)] 248493K->147151K(283776K), 0.0840890 secs] [Times: user=0.09 sys=0.04, real=0.08 secs] 
2013-08-04T04:30:28.157+0100: 246.382: [GC [PSYoungGen: 140022K->6384K(144768K)] 261967K->153431K(291840K), 0.0840900 secs] [Times: user=0.09 sys=0.02, real=0.08 secs] 
2013-08-04T04:30:28.241+0100: 246.466: [Full GC [PSYoungGen: 6384K->0K(144768K)] [ParOldGen: 147047K->141081K(230336K)] 153431K->141081K(375104K) [PSPermGen: 35038K->34828K(49664K)], 0.6566970 secs] [Times: user=0.58 sys=0.32, real=0.66 secs] 
2013-08-04T04:30:37.511+0100: 255.735: [GC [PSYoungGen: 114816K->7719K(143360K)] 255897K->148800K(373696K), 0.0280300 secs] [Times: user=0.06 sys=0.01, real=0.03 secs] 
2013-08-04T04:30:50.553+0100: 268.777: [GC [PSYoungGen: 122663K->8232K(144128K)] 263744K->149313K(374464K), 0.0640680 secs] [Times: user=0.05 sys=0.04, real=0.07 secs] 
2013-08-04T04:30:59.855+0100: 278.079: [GC [PSYoungGen: 123176K->8712K(143744K)] 264257K->149793K(374080K), 0.0880940 secs] [Times: user=0.07 sys=0.02, real=0.09 secs] 
2013-08-04T04:32:02.701+0100: 340.926: [GC [PSYoungGen: 125832K->3209K(144640K)] 266913K->144291K(374976K), 0.0200210 secs] [Times: user=0.02 sys=0.01, real=0.02 secs] 
2013-08-04T04:32:03.554+0100: 341.779: [GC [PSYoungGen: 120329K->2745K(146816K)] 261411K->143827K(377152K), 0.0120130 secs] [Times: user=0.02 sys=0.01, real=0.02 secs] 
2013-08-04T04:32:04.139+0100: 342.363: [GC [PSYoungGen: 122425K->2856K(147008K)] 263507K->143937K(377344K), 0.0120130 secs] [Times: user=0.03 sys=0.00, real=0.02 secs] 
2013-08-04T04:32:04.427+0100: 342.652: [GC [PSYoungGen: 122536K->2952K(146432K)] 263617K->144033K(376768K), 0.0120130 secs] [Times: user=0.02 sys=0.00, real=0.01 secs] 
2013-08-04T04:32:04.932+0100: 343.156: [GC [PSYoungGen: 123400K->3161K(146816K)] 264481K->144242K(377152K), 0.0120130 secs] [Times: user=0.03 sys=0.00, real=0.01 secs] 
Heap
 PSYoungGen      total 146816K, used 21049K [0xa8ba0000, 0xb3540000, 0xb3640000)
  eden space 120448K, 14% used [0xa8ba0000,0xa9d182a0,0xb0140000)
  from space 26368K, 11% used [0xb0140000,0xb0456418,0xb1b00000)
  to   space 25664K, 0% used [0xb1c30000,0xb1c30000,0xb3540000)
 ParOldGen       total 230336K, used 141081K [0x93640000, 0xa1730000, 0xa8ba0000)
  object space 230336K, 61% used [0x93640000,0x9c0067a0,0xa1730000)
 PSPermGen       total 49664K, used 35257K [0x83640000, 0x866c0000, 0x93640000)
  object space 49664K, 70% used [0x83640000,0x858ae460,0x866c0000)
