2013-08-04T06:02:32.473+0100: 1.806: [GC [PSYoungGen: 32768K->5425K(38208K)] 32768K->6422K(125632K), 0.0480510 secs] [Times: user=0.00 sys=0.07, real=0.05 secs] 
2013-08-04T06:02:33.683+0100: 3.015: [GC [PSYoungGen: 38193K->5427K(70976K)] 39190K->8156K(158400K), 0.0720770 secs] [Times: user=0.00 sys=0.08, real=0.07 secs] 
2013-08-04T06:02:35.741+0100: 5.073: [GC [PSYoungGen: 70963K->5435K(70976K)] 73692K->15576K(158400K), 0.0961020 secs] [Times: user=0.00 sys=0.13, real=0.10 secs] 
2013-08-04T06:02:36.438+0100: 5.770: [GC [PSYoungGen: 70971K->5432K(136512K)] 81112K->17600K(223936K), 0.0400430 secs] [Times: user=0.03 sys=0.04, real=0.04 secs] 
2013-08-04T06:02:39.977+0100: 9.310: [GC [PSYoungGen: 119393K->5429K(136512K)] 131561K->35490K(223936K), 0.2122260 secs] [Times: user=0.08 sys=0.22, real=0.21 secs] 
2013-08-04T06:02:40.190+0100: 9.522: [Full GC (System) [PSYoungGen: 5429K->0K(136512K)] [ParOldGen: 30061K->30240K(87424K)] 35490K->30240K(223936K) [PSPermGen: 14655K->14642K(29440K)], 0.3763990 secs] [Times: user=0.38 sys=0.18, real=0.37 secs] 
2013-08-04T06:02:43.137+0100: 12.469: [GC [PSYoungGen: 131072K->5428K(121536K)] 161312K->40569K(208960K), 0.0560590 secs] [Times: user=0.03 sys=0.04, real=0.06 secs] 
2013-08-04T06:02:44.734+0100: 14.067: [GC [PSYoungGen: 121524K->13947K(136512K)] 156665K->49088K(223936K), 0.0880940 secs] [Times: user=0.03 sys=0.00, real=0.09 secs] 
2013-08-04T06:02:47.309+0100: 16.642: [GC [PSYoungGen: 130043K->20475K(144512K)] 165184K->60235K(231936K), 0.1761870 secs] [Times: user=0.06 sys=0.14, real=0.18 secs] 
2013-08-04T06:02:48.659+0100: 17.991: [GC [PSYoungGen: 144507K->23994K(148032K)] 184267K->63753K(235456K), 0.1521620 secs] [Times: user=0.16 sys=0.08, real=0.15 secs] 
2013-08-04T06:02:49.680+0100: 19.012: [GC [PSYoungGen: 148026K->19061K(144064K)] 187785K->69419K(231488K), 0.1081150 secs] [Times: user=0.04 sys=0.15, real=0.11 secs] 
2013-08-04T06:02:52.254+0100: 21.587: [GC [PSYoungGen: 136437K->20037K(137472K)] 186795K->83104K(224896K), 0.0840890 secs] [Times: user=0.01 sys=0.13, real=0.08 secs] 
2013-08-04T06:02:53.011+0100: 22.344: [GC [PSYoungGen: 137413K->1056K(143360K)] 200480K->83392K(230784K), 0.1721830 secs] [Times: user=0.05 sys=0.16, real=0.17 secs] 
2013-08-04T06:02:53.183+0100: 22.516: [Full GC [PSYoungGen: 1056K->0K(143360K)] [ParOldGen: 82336K->79199K(139328K)] 83392K->79199K(282688K) [PSPermGen: 23351K->23342K(39680K)], 0.3763990 secs] [Times: user=0.45 sys=0.14, real=0.38 secs] 
2013-08-04T06:02:54.553+0100: 23.885: [GC [PSYoungGen: 114176K->7507K(144448K)] 193375K->86707K(283776K), 0.0120130 secs] [Times: user=0.02 sys=0.00, real=0.01 secs] 
2013-08-04T06:02:55.610+0100: 24.942: [GC [PSYoungGen: 121683K->14705K(141632K)] 200883K->100573K(280960K), 0.0320340 secs] [Times: user=0.02 sys=0.02, real=0.04 secs] 
2013-08-04T06:02:57.060+0100: 26.392: [GC [PSYoungGen: 129393K->10347K(143296K)] 215261K->108485K(282624K), 0.0920980 secs] [Times: user=0.03 sys=0.10, real=0.10 secs] 
2013-08-04T06:02:58.970+0100: 28.302: [GC [PSYoungGen: 125035K->11825K(142976K)] 223173K->119399K(282304K), 0.1121190 secs] [Times: user=0.05 sys=0.05, real=0.11 secs] 
2013-08-04T06:03:01.400+0100: 30.733: [GC [PSYoungGen: 130289K->11897K(144896K)] 237863K->130397K(284224K), 0.1241320 secs] [Times: user=0.09 sys=0.10, real=0.12 secs] 
2013-08-04T06:06:34.638+0100: 243.971: [GC [PSYoungGen: 130361K->11245K(145600K)] 248861K->140837K(284928K), 0.0720770 secs] [Times: user=0.07 sys=0.06, real=0.07 secs] 
2013-08-04T06:06:34.711+0100: 244.043: [Full GC [PSYoungGen: 11245K->0K(145600K)] [ParOldGen: 129592K->128421K(198592K)] 140837K->128421K(344192K) [PSPermGen: 34838K->34728K(49664K)], 1.0010620 secs] [Times: user=0.35 sys=0.51, real=1.00 secs] 
2013-08-04T06:06:41.574+0100: 250.906: [GC [PSYoungGen: 123008K->11237K(147328K)] 251429K->139659K(345920K), 0.0320340 secs] [Times: user=0.04 sys=0.01, real=0.03 secs] 
2013-08-04T06:06:56.526+0100: 265.858: [GC [PSYoungGen: 134245K->3936K(150336K)] 262667K->142845K(348928K), 0.1321400 secs] [Times: user=0.07 sys=0.05, real=0.13 secs] 
2013-08-04T06:07:13.844+0100: 283.177: [GC [PSYoungGen: 130912K->4000K(150784K)] 269821K->142993K(349376K), 0.0360380 secs] [Times: user=0.06 sys=0.00, real=0.04 secs] 
2013-08-04T06:07:55.104+0100: 324.436: [GC [PSYoungGen: 130976K->2433K(150528K)] 269969K->141483K(349120K), 0.0160170 secs] [Times: user=0.03 sys=0.00, real=0.02 secs] 
2013-08-04T06:07:55.929+0100: 325.261: [GC [PSYoungGen: 129025K->488K(127104K)] 268075K->140116K(325696K), 0.0440470 secs] [Times: user=0.04 sys=0.04, real=0.05 secs] 
2013-08-04T06:07:56.373+0100: 325.710: [GC [PSYoungGen: 127080K->240K(150400K)] 266708K->140314K(348992K), 0.0120130 secs] [Times: user=0.01 sys=0.01, real=0.01 secs] 
2013-08-04T06:07:56.690+0100: 326.022: [GC [PSYoungGen: 126320K->160K(126272K)] 266394K->140457K(324864K), 0.0080080 secs] [Times: user=0.01 sys=0.01, real=0.01 secs] 
Heap
 PSYoungGen      total 126272K, used 103027K [0xa8c30000, 0xb3650000, 0xb36d0000)
  eden space 126080K, 81% used [0xa8c30000,0xaf0a4dc0,0xb0750000)
  from space 192K, 83% used [0xb0750000,0xb0778000,0xb0780000)
  to   space 24064K, 0% used [0xb1ed0000,0xb1ed0000,0xb3650000)
 ParOldGen       total 198592K, used 140297K [0x936d0000, 0x9f8c0000, 0xa8c30000)
  object space 198592K, 70% used [0x936d0000,0x9bfd24a0,0x9f8c0000)
 PSPermGen       total 49664K, used 35247K [0x836d0000, 0x86750000, 0x936d0000)
  object space 49664K, 70% used [0x836d0000,0x8593bc98,0x86750000)
