2013-08-03T23:32:05.870+0100: 2.282: [GC [PSYoungGen: 32768K->5430K(38208K)] 32768K->6442K(125632K), 0.0880940 secs] [Times: user=0.01 sys=0.05, real=0.09 secs] 
2013-08-03T23:32:07.043+0100: 3.460: [GC [PSYoungGen: 38198K->5427K(70976K)] 39210K->8156K(158400K), 0.0360380 secs] [Times: user=0.03 sys=0.03, real=0.04 secs] 
2013-08-03T23:32:09.057+0100: 5.470: [GC [PSYoungGen: 70963K->5437K(70976K)] 73692K->15837K(158400K), 0.0840900 secs] [Times: user=0.00 sys=0.06, real=0.08 secs] 
2013-08-03T23:32:09.898+0100: 6.311: [GC [PSYoungGen: 70973K->5424K(136512K)] 81373K->17921K(223936K), 0.0760810 secs] [Times: user=0.03 sys=0.09, real=0.07 secs] 
2013-08-03T23:32:13.078+0100: 9.490: [GC [PSYoungGen: 119863K->5428K(136512K)] 132361K->35768K(223936K), 0.1681780 secs] [Times: user=0.03 sys=0.14, real=0.18 secs] 
2013-08-03T23:32:13.250+0100: 9.662: [Full GC (System) [PSYoungGen: 5428K->0K(136512K)] [ParOldGen: 30339K->30275K(87424K)] 35768K->30275K(223936K) [PSPermGen: 14684K->14672K(29440K)], 0.2042170 secs] [Times: user=0.19 sys=0.12, real=0.20 secs] 
2013-08-03T23:32:15.452+0100: 11.865: [GC [PSYoungGen: 131072K->5435K(121472K)] 161347K->40776K(208896K), 0.0400420 secs] [Times: user=0.01 sys=0.05, real=0.04 secs] 
2013-08-03T23:32:16.986+0100: 13.398: [GC [PSYoungGen: 121467K->13810K(136512K)] 156808K->49151K(223936K), 0.0360390 secs] [Times: user=0.05 sys=0.02, real=0.04 secs] 
2013-08-03T23:32:18.880+0100: 15.292: [GC [PSYoungGen: 129842K->20471K(144640K)] 165183K->60462K(232064K), 0.1281360 secs] [Times: user=0.03 sys=0.17, real=0.13 secs] 
2013-08-03T23:32:19.981+0100: 16.393: [GC [PSYoungGen: 144631K->24327K(148544K)] 184622K->64318K(235968K), 0.0680730 secs] [Times: user=0.06 sys=0.05, real=0.07 secs] 
2013-08-03T23:32:20.982+0100: 17.394: [GC [PSYoungGen: 148487K->20103K(142656K)] 188478K->70181K(230080K), 0.1561660 secs] [Times: user=0.03 sys=0.15, real=0.16 secs] 
2013-08-03T23:32:23.741+0100: 20.157: [GC [PSYoungGen: 136583K->19638K(136128K)] 186661K->83268K(223552K), 0.1801920 secs] [Times: user=0.07 sys=0.10, real=0.18 secs] 
2013-08-03T23:32:24.874+0100: 21.287: [GC [PSYoungGen: 136118K->1064K(143168K)] 199748K->83583K(230592K), 0.1361440 secs] [Times: user=0.05 sys=0.12, real=0.14 secs] 
2013-08-03T23:32:25.010+0100: 21.423: [Full GC [PSYoungGen: 1064K->0K(143168K)] [ParOldGen: 82518K->78249K(141568K)] 83583K->78249K(284736K) [PSPermGen: 23357K->23348K(39680K)], 0.4805100 secs] [Times: user=0.45 sys=0.16, real=0.48 secs] 
2013-08-03T23:32:26.496+0100: 22.908: [GC [PSYoungGen: 113792K->7376K(144256K)] 192041K->85626K(285824K), 0.0160170 secs] [Times: user=0.03 sys=0.00, real=0.02 secs] 
2013-08-03T23:32:27.277+0100: 23.689: [GC [PSYoungGen: 121168K->14591K(141312K)] 199418K->99481K(282880K), 0.0480510 secs] [Times: user=0.04 sys=0.03, real=0.05 secs] 
2013-08-03T23:32:28.902+0100: 25.315: [GC [PSYoungGen: 128895K->10356K(143040K)] 213785K->107429K(284608K), 0.1001070 secs] [Times: user=0.06 sys=0.08, real=0.10 secs] 
2013-08-03T23:32:31.705+0100: 28.118: [GC [PSYoungGen: 124660K->11737K(142784K)] 221733K->118269K(284352K), 0.1161240 secs] [Times: user=0.10 sys=0.09, real=0.12 secs] 
2013-08-03T23:32:34.084+0100: 30.496: [GC [PSYoungGen: 129945K->12078K(144768K)] 236477K->129462K(286336K), 0.0720760 secs] [Times: user=0.04 sys=0.07, real=0.07 secs] 
2013-08-03T23:36:07.074+0100: 243.486: [GC [PSYoungGen: 130286K->13916K(145536K)] 247670K->142578K(287104K), 0.1041100 secs] [Times: user=0.02 sys=0.16, real=0.11 secs] 
2013-08-03T23:36:07.182+0100: 243.595: [Full GC [PSYoungGen: 13916K->0K(145536K)] [ParOldGen: 128661K->130992K(209152K)] 142578K->130992K(354688K) [PSPermGen: 34695K->34623K(49664K)], 0.7207650 secs] [Times: user=0.70 sys=0.36, real=0.72 secs] 
2013-08-03T23:36:10.105+0100: 246.518: [GC [PSYoungGen: 122752K->12617K(147264K)] 253744K->143609K(356416K), 0.0800850 secs] [Times: user=0.08 sys=0.02, real=0.08 secs] 
2013-08-03T23:36:19.988+0100: 256.400: [GC [PSYoungGen: 135369K->3504K(150144K)] 266361K->144149K(359296K), 0.0480510 secs] [Times: user=0.05 sys=0.03, real=0.05 secs] 
2013-08-03T23:36:29.418+0100: 265.830: [GC [PSYoungGen: 130224K->4251K(131008K)] 270869K->146536K(340160K), 0.0400420 secs] [Times: user=0.06 sys=0.02, real=0.04 secs] 
2013-08-03T23:36:43.192+0100: 279.605: [GC [PSYoungGen: 130971K->3931K(150592K)] 273256K->146832K(359744K), 0.0320340 secs] [Times: user=0.04 sys=0.01, real=0.03 secs] 
2013-08-03T23:37:38.471+0100: 334.883: [GC [PSYoungGen: 130395K->961K(127488K)] 273296K->143862K(336640K), 0.0080080 secs] [Times: user=0.01 sys=0.00, real=0.02 secs] 
2013-08-03T23:37:39.336+0100: 335.748: [GC [PSYoungGen: 127425K->1605K(150464K)] 270326K->144506K(359616K), 0.0120130 secs] [Times: user=0.01 sys=0.01, real=0.01 secs] 
2013-08-03T23:37:39.796+0100: 336.209: [GC [PSYoungGen: 127685K->1304K(127424K)] 270586K->144205K(336576K), 0.0040040 secs] [Times: user=0.01 sys=0.00, real=0.02 secs] 
2013-08-03T23:37:40.341+0100: 336.753: [GC [PSYoungGen: 127384K->1812K(150592K)] 270285K->144713K(359744K), 0.0120120 secs] [Times: user=0.01 sys=0.01, real=0.01 secs] 
Heap
 PSYoungGen      total 150592K, used 83409K [0xa8c20000, 0xb36c0000, 0xb36c0000)
  eden space 126592K, 64% used [0xa8c20000,0xadbcf468,0xb07c0000)
  from space 24000K, 7% used [0xb1eb0000,0xb2075080,0xb3620000)
  to   space 23488K, 0% used [0xb07c0000,0xb07c0000,0xb1eb0000)
 ParOldGen       total 209152K, used 142901K [0x936c0000, 0xa0300000, 0xa8c20000)
  object space 209152K, 68% used [0x936c0000,0x9c24d4e8,0xa0300000)
 PSPermGen       total 49664K, used 35548K [0x836c0000, 0x86740000, 0x936c0000)
  object space 49664K, 71% used [0x836c0000,0x859773e8,0x86740000)
