2013-08-03T18:58:01.912+0100: 2.511: [GC [PSYoungGen: 32768K->5430K(38208K)] 32768K->6440K(125632K), 0.0400430 secs] [Times: user=0.02 sys=0.03, real=0.04 secs] 
2013-08-03T18:58:02.918+0100: 3.516: [GC [PSYoungGen: 38198K->5433K(70976K)] 39208K->8162K(158400K), 0.0560590 secs] [Times: user=0.01 sys=0.08, real=0.05 secs] 
2013-08-03T18:58:04.844+0100: 5.442: [GC [PSYoungGen: 70969K->5430K(70976K)] 73698K->15810K(158400K), 0.0640680 secs] [Times: user=0.01 sys=0.09, real=0.07 secs] 
2013-08-03T18:58:05.636+0100: 6.235: [GC [PSYoungGen: 70966K->5431K(136512K)] 81346K->17918K(223936K), 0.0440460 secs] [Times: user=0.04 sys=0.02, real=0.04 secs] 
2013-08-03T18:58:08.608+0100: 9.206: [GC [PSYoungGen: 120320K->5424K(136512K)] 132807K->35883K(223936K), 0.2162300 secs] [Times: user=0.04 sys=0.21, real=0.22 secs] 
2013-08-03T18:58:08.824+0100: 9.422: [Full GC (System) [PSYoungGen: 5424K->0K(136512K)] [ParOldGen: 30458K->30244K(87424K)] 35883K->30244K(223936K) [PSPermGen: 14652K->14640K(29440K)], 0.2562720 secs] [Times: user=0.25 sys=0.04, real=0.26 secs] 
2013-08-03T18:58:10.826+0100: 11.424: [GC [PSYoungGen: 131072K->5439K(121472K)] 161316K->41197K(208896K), 0.0160170 secs] [Times: user=0.00 sys=0.02, real=0.02 secs] 
2013-08-03T18:58:12.576+0100: 13.174: [GC [PSYoungGen: 121471K->13833K(136512K)] 157229K->49590K(223936K), 0.0240250 secs] [Times: user=0.02 sys=0.03, real=0.02 secs] 
2013-08-03T18:58:14.069+0100: 14.668: [GC [PSYoungGen: 129865K->20410K(144704K)] 165622K->60835K(232128K), 0.1281360 secs] [Times: user=0.06 sys=0.13, real=0.13 secs] 
2013-08-03T18:58:14.830+0100: 15.428: [GC [PSYoungGen: 144698K->23779K(148096K)] 185123K->64204K(235520K), 0.1041100 secs] [Times: user=0.04 sys=0.05, real=0.10 secs] 
2013-08-03T18:58:15.879+0100: 16.477: [GC [PSYoungGen: 148067K->20122K(143744K)] 188492K->70945K(231168K), 0.1241320 secs] [Times: user=0.05 sys=0.14, real=0.12 secs] 
2013-08-03T18:58:18.502+0100: 19.100: [GC [PSYoungGen: 137242K->19930K(137088K)] 188065K->83570K(224512K), 0.0640680 secs] [Times: user=0.02 sys=0.08, real=0.06 secs] 
2013-08-03T18:58:19.151+0100: 19.753: [GC [PSYoungGen: 137050K->1072K(143296K)] 200690K->83919K(230720K), 0.1281360 secs] [Times: user=0.06 sys=0.12, real=0.13 secs] 
2013-08-03T18:58:19.283+0100: 19.881: [Full GC [PSYoungGen: 1072K->0K(143296K)] [ParOldGen: 82846K->78611K(141632K)] 83919K->78611K(284928K) [PSPermGen: 23357K->23348K(39680K)], 0.4644930 secs] [Times: user=0.44 sys=0.12, real=0.46 secs] 
2013-08-03T18:58:21.097+0100: 21.695: [GC [PSYoungGen: 114048K->7876K(144384K)] 192659K->86487K(286016K), 0.0400420 secs] [Times: user=0.04 sys=0.02, real=0.04 secs] 
2013-08-03T18:58:22.102+0100: 22.700: [GC [PSYoungGen: 121924K->14561K(141440K)] 200535K->100120K(283072K), 0.0320340 secs] [Times: user=0.04 sys=0.01, real=0.04 secs] 
2013-08-03T18:58:23.251+0100: 23.849: [GC [PSYoungGen: 129185K->10318K(143168K)] 214744K->108084K(284800K), 0.0520560 secs] [Times: user=0.02 sys=0.07, real=0.05 secs] 
2013-08-03T18:58:26.126+0100: 26.724: [GC [PSYoungGen: 124942K->11765K(143104K)] 222708K->118919K(284736K), 0.0720760 secs] [Times: user=0.04 sys=0.10, real=0.08 secs] 
2013-08-03T18:58:37.022+0100: 37.620: [GC [PSYoungGen: 130357K->11696K(145024K)] 237511K->129750K(286656K), 0.1001060 secs] [Times: user=0.07 sys=0.08, real=0.10 secs] 
2013-08-03T19:02:02.876+0100: 243.478: [GC [PSYoungGen: 130288K->18537K(147712K)] 248342K->144858K(289344K), 0.0400420 secs] [Times: user=0.05 sys=0.03, real=0.04 secs] 
2013-08-03T19:02:02.920+0100: 243.518: [Full GC [PSYoungGen: 18537K->0K(147712K)] [ParOldGen: 126321K->133338K(213440K)] 144858K->133338K(361152K) [PSPermGen: 34731K->34655K(49664K)], 0.7247690 secs] [Times: user=0.57 sys=0.33, real=0.73 secs] 
2013-08-03T19:02:05.915+0100: 246.514: [GC [PSYoungGen: 122368K->7150K(148544K)] 255706K->140488K(361984K), 0.0240260 secs] [Times: user=0.02 sys=0.03, real=0.03 secs] 
2013-08-03T19:02:21.840+0100: 262.439: [GC [PSYoungGen: 129518K->9750K(146816K)] 262856K->143088K(360256K), 0.0720760 secs] [Times: user=0.05 sys=0.03, real=0.12 secs] 
2013-08-03T19:02:34.614+0100: 275.212: [GC [PSYoungGen: 132310K->11782K(147776K)] 265648K->145120K(361216K), 0.0680720 secs] [Times: user=0.05 sys=0.04, real=0.07 secs] 
2013-08-03T19:02:42.382+0100: 282.980: [GC [PSYoungGen: 134342K->10989K(147712K)] 267680K->144327K(361152K), 0.0600640 secs] [Times: user=0.03 sys=0.01, real=0.07 secs] 
2013-08-03T19:02:53.025+0100: 293.624: [GC [PSYoungGen: 136365K->11917K(148544K)] 269703K->145255K(361984K), 0.0640680 secs] [Times: user=0.04 sys=0.03, real=0.06 secs] 
2013-08-03T19:03:02.015+0100: 302.613: [GC [PSYoungGen: 137293K->12068K(149760K)] 270631K->145406K(363200K), 0.0360380 secs] [Times: user=0.05 sys=0.00, real=0.03 secs] 
2013-08-03T19:03:10.432+0100: 311.030: [GC [PSYoungGen: 141412K->12486K(150592K)] 274750K->145824K(364032K), 0.1761870 secs] [Times: user=0.05 sys=0.03, real=0.17 secs] 
2013-08-03T19:03:19.097+0100: 319.695: [GC [PSYoungGen: 141830K->12316K(151936K)] 275168K->145654K(365376K), 0.0360380 secs] [Times: user=0.04 sys=0.00, real=0.04 secs] 
2013-08-03T19:03:28.131+0100: 328.729: [GC [PSYoungGen: 145372K->12462K(152704K)] 278710K->145800K(366144K), 0.0600640 secs] [Times: user=0.04 sys=0.02, real=0.06 secs] 
2013-08-03T19:03:36.892+0100: 337.490: [GC [PSYoungGen: 145518K->12454K(153856K)] 278856K->145792K(367296K), 0.0560600 secs] [Times: user=0.06 sys=0.04, real=0.06 secs] 
2013-08-03T19:03:47.151+0100: 347.749: [GC [PSYoungGen: 148582K->12686K(154496K)] 281920K->146024K(367936K), 0.0680720 secs] [Times: user=0.03 sys=0.03, real=0.07 secs] 
2013-08-03T19:04:54.042+0100: 414.640: [GC [PSYoungGen: 148784K->10810K(155712K)] 282122K->144148K(369152K), 0.0280300 secs] [Times: user=0.03 sys=0.00, real=0.03 secs] 
2013-08-03T19:06:18.608+0100: 499.206: [GC [PSYoungGen: 149306K->2846K(156096K)] 282644K->136184K(369536K), 0.0640680 secs] [Times: user=0.02 sys=0.02, real=0.07 secs] 
2013-08-03T19:06:19.689+0100: 500.291: [GC [PSYoungGen: 141342K->3086K(154688K)] 274680K->136424K(368128K), 0.0120130 secs] [Times: user=0.02 sys=0.01, real=0.01 secs] 
2013-08-03T19:06:20.141+0100: 500.739: [GC [PSYoungGen: 139150K->3175K(139264K)] 272488K->136517K(352704K), 0.0160170 secs] [Times: user=0.00 sys=0.02, real=0.01 secs] 
2013-08-03T19:06:20.498+0100: 501.096: [GC [PSYoungGen: 139239K->2241K(154432K)] 272581K->136705K(367872K), 0.0120120 secs] [Times: user=0.02 sys=0.00, real=0.01 secs] 
Heap
 PSYoungGen      total 154432K, used 70104K [0xa8b60000, 0xb3600000, 0xb3600000)
  eden space 134784K, 50% used [0xa8b60000,0xacda5e40,0xb0f00000)
  from space 19648K, 11% used [0xb22d0000,0xb2500408,0xb3600000)
  to   space 19968K, 0% used [0xb0f00000,0xb0f00000,0xb2280000)
 ParOldGen       total 213440K, used 134464K [0x93600000, 0xa0670000, 0xa8b60000)
  object space 213440K, 62% used [0x93600000,0x9b950250,0xa0670000)
 PSPermGen       total 49664K, used 35259K [0x83600000, 0x86680000, 0x93600000)
  object space 49664K, 70% used [0x83600000,0x8586ef40,0x86680000)
