2013-08-03T23:38:39.075+0100: 1.878: [GC [PSYoungGen: 32768K->5435K(38208K)] 32768K->6437K(125632K), 0.0520550 secs] [Times: user=0.00 sys=0.06, real=0.05 secs] 
2013-08-03T23:38:40.357+0100: 3.159: [GC [PSYoungGen: 38203K->5432K(70976K)] 39205K->8156K(158400K), 0.0680720 secs] [Times: user=0.04 sys=0.06, real=0.07 secs] 
2013-08-03T23:38:42.719+0100: 5.522: [GC [PSYoungGen: 70968K->5434K(70976K)] 73692K->15541K(158400K), 0.0720770 secs] [Times: user=0.04 sys=0.09, real=0.07 secs] 
2013-08-03T23:38:43.452+0100: 6.255: [GC [PSYoungGen: 70970K->5428K(136512K)] 81077K->17308K(223936K), 0.0680720 secs] [Times: user=0.05 sys=0.05, real=0.07 secs] 
2013-08-03T23:38:46.763+0100: 9.566: [GC [PSYoungGen: 120429K->5427K(136512K)] 132309K->35321K(223936K), 0.1681780 secs] [Times: user=0.08 sys=0.21, real=0.17 secs] 
2013-08-03T23:38:46.932+0100: 9.734: [Full GC (System) [PSYoungGen: 5427K->0K(136512K)] [ParOldGen: 29893K->30306K(87424K)] 35321K->30306K(223936K) [PSPermGen: 14653K->14640K(29440K)], 0.3483700 secs] [Times: user=0.28 sys=0.09, real=0.34 secs] 
2013-08-03T23:38:49.034+0100: 11.837: [GC [PSYoungGen: 131072K->5427K(121472K)] 161378K->40812K(208896K), 0.0560600 secs] [Times: user=0.03 sys=0.03, real=0.05 secs] 
2013-08-03T23:38:50.816+0100: 13.618: [GC [PSYoungGen: 121459K->13768K(136512K)] 156844K->49153K(223936K), 0.0160170 secs] [Times: user=0.00 sys=0.02, real=0.01 secs] 
2013-08-03T23:38:52.766+0100: 15.569: [GC [PSYoungGen: 129800K->20465K(144640K)] 165185K->60391K(232064K), 0.1361450 secs] [Times: user=0.03 sys=0.17, real=0.14 secs] 
2013-08-03T23:38:53.679+0100: 16.481: [GC [PSYoungGen: 144625K->23845K(148032K)] 184551K->63771K(235456K), 0.1041110 secs] [Times: user=0.08 sys=0.05, real=0.10 secs] 
2013-08-03T23:38:54.808+0100: 17.611: [GC [PSYoungGen: 148005K->19802K(143680K)] 187931K->70098K(231104K), 0.1561660 secs] [Times: user=0.05 sys=0.17, real=0.16 secs] 
2013-08-03T23:38:57.219+0100: 20.021: [GC [PSYoungGen: 136794K->19971K(137024K)] 187090K->83236K(224448K), 0.1962090 secs] [Times: user=0.04 sys=0.05, real=0.20 secs] 
2013-08-03T23:38:58.284+0100: 21.086: [GC [PSYoungGen: 136963K->1072K(143232K)] 200228K->83563K(230656K), 0.1081150 secs] [Times: user=0.00 sys=0.15, real=0.10 secs] 
2013-08-03T23:38:58.392+0100: 21.194: [Full GC [PSYoungGen: 1072K->0K(143232K)] [ParOldGen: 82491K->78714K(141440K)] 83563K->78714K(284672K) [PSPermGen: 23359K->23350K(39680K)], 0.4404670 secs] [Times: user=0.32 sys=0.22, real=0.44 secs] 
2013-08-03T23:39:00.434+0100: 23.237: [GC [PSYoungGen: 113920K->7734K(144320K)] 192634K->86449K(285760K), 0.0320340 secs] [Times: user=0.03 sys=0.00, real=0.04 secs] 
2013-08-03T23:39:01.291+0100: 24.094: [GC [PSYoungGen: 121654K->14561K(141376K)] 200369K->100178K(282816K), 0.0400420 secs] [Times: user=0.06 sys=0.03, real=0.04 secs] 
2013-08-03T23:39:02.821+0100: 25.623: [GC [PSYoungGen: 129057K->10384K(143104K)] 214674K->108166K(284544K), 0.0961020 secs] [Times: user=0.04 sys=0.10, real=0.09 secs] 
2013-08-03T23:39:06.176+0100: 28.979: [GC [PSYoungGen: 124880K->11690K(142912K)] 222662K->118930K(284352K), 0.1001060 secs] [Times: user=0.05 sys=0.07, real=0.10 secs] 
2013-08-03T23:39:16.267+0100: 39.069: [GC [PSYoungGen: 130154K->11793K(144896K)] 237394K->129814K(286336K), 0.1001060 secs] [Times: user=0.09 sys=0.07, real=0.10 secs] 
2013-08-03T23:42:41.405+0100: 244.207: [GC [PSYoungGen: 130257K->18197K(147968K)] 248278K->144593K(289408K), 0.1161240 secs] [Times: user=0.08 sys=0.07, real=0.12 secs] 
2013-08-03T23:42:41.529+0100: 244.331: [Full GC [PSYoungGen: 18197K->0K(147968K)] [ParOldGen: 126396K->132946K(210368K)] 144593K->132946K(358336K) [PSPermGen: 34845K->34725K(49664K)], 0.7127560 secs] [Times: user=0.76 sys=0.32, real=0.71 secs] 
2013-08-03T23:42:45.104+0100: 247.907: [GC [PSYoungGen: 122624K->11458K(134144K)] 255570K->144404K(344512K), 0.0640680 secs] [Times: user=0.02 sys=0.03, real=0.06 secs] 
2013-08-03T23:43:02.455+0100: 265.258: [GC [PSYoungGen: 134082K->4752K(148160K)] 267028K->147553K(358528K), 0.0760810 secs] [Times: user=0.02 sys=0.04, real=0.08 secs] 
2013-08-03T23:43:14.171+0100: 276.974: [GC [PSYoungGen: 127824K->3984K(148416K)] 270625K->148685K(358784K), 0.0360380 secs] [Times: user=0.05 sys=0.01, real=0.03 secs] 
2013-08-03T23:43:26.829+0100: 289.631: [GC [PSYoungGen: 127056K->4928K(148928K)] 271757K->149629K(359296K), 0.0680720 secs] [Times: user=0.07 sys=0.02, real=0.07 secs] 
2013-08-03T23:43:38.457+0100: 301.264: [GC [PSYoungGen: 128768K->4640K(149056K)] 273469K->149341K(359424K), 0.0440470 secs] [Times: user=0.03 sys=0.01, real=0.05 secs] 
2013-08-03T23:43:48.996+0100: 311.799: [GC [PSYoungGen: 128480K->5248K(148416K)] 273181K->149949K(358784K), 0.1361450 secs] [Times: user=0.07 sys=0.04, real=0.13 secs] 
2013-08-03T23:44:00.360+0100: 323.163: [GC [PSYoungGen: 129856K->5224K(148864K)] 274557K->149925K(359232K), 0.0600630 secs] [Times: user=0.01 sys=0.04, real=0.06 secs] 
2013-08-03T23:44:12.926+0100: 335.728: [GC [PSYoungGen: 129832K->5800K(148992K)] 274533K->150501K(359360K), 0.0120130 secs] [Times: user=0.03 sys=0.00, real=0.02 secs] 
2013-08-03T23:44:25.255+0100: 348.057: [GC [PSYoungGen: 132648K->6200K(149632K)] 277349K->150901K(360000K), 0.0480510 secs] [Times: user=0.02 sys=0.03, real=0.05 secs] 
2013-08-03T23:44:34.452+0100: 357.255: [GC [PSYoungGen: 133048K->5745K(150720K)] 277749K->150446K(361088K), 0.0440470 secs] [Times: user=0.04 sys=0.03, real=0.04 secs] 
2013-08-03T23:45:42.813+0100: 425.616: [GC [PSYoungGen: 135856K->1552K(151168K)] 280558K->146253K(361536K), 0.0320340 secs] [Times: user=0.03 sys=0.01, real=0.03 secs] 
2013-08-03T23:45:43.954+0100: 426.757: [GC [PSYoungGen: 131664K->1313K(153024K)] 276365K->146014K(363392K), 0.0160170 secs] [Times: user=0.02 sys=0.00, real=0.02 secs] 
2013-08-03T23:45:44.675+0100: 427.478: [GC [PSYoungGen: 134049K->1432K(153408K)] 278750K->146133K(363776K), 0.0160170 secs] [Times: user=0.04 sys=0.00, real=0.02 secs] 
2013-08-03T23:45:45.212+0100: 428.014: [GC [PSYoungGen: 134168K->1585K(153024K)] 278869K->146286K(363392K), 0.0080080 secs] [Times: user=0.02 sys=0.00, real=0.01 secs] 
Heap
 PSYoungGen      total 153024K, used 90789K [0xa8ba0000, 0xb34e0000, 0xb3640000)
  eden space 133760K, 66% used [0xa8ba0000,0xae2bd030,0xb0e40000)
  from space 19264K, 8% used [0xb2210000,0xb239c420,0xb34e0000)
  to   space 19776K, 0% used [0xb0e40000,0xb0e40000,0xb2190000)
 ParOldGen       total 210368K, used 144701K [0x93640000, 0xa03b0000, 0xa8ba0000)
  object space 210368K, 68% used [0x93640000,0x9c38f570,0xa03b0000)
 PSPermGen       total 49664K, used 35239K [0x83640000, 0x866c0000, 0x93640000)
  object space 49664K, 70% used [0x83640000,0x858a9ee8,0x866c0000)
