2013-08-04T01:22:54.276+0100: 2.286: [GC [PSYoungGen: 32768K->5427K(38208K)] 32768K->6438K(125632K), 0.0640680 secs] [Times: user=0.04 sys=0.03, real=0.06 secs] 
2013-08-04T01:22:55.525+0100: 3.536: [GC [PSYoungGen: 38195K->5426K(70976K)] 39206K->8166K(158400K), 0.0680730 secs] [Times: user=0.03 sys=0.06, real=0.06 secs] 
2013-08-04T01:22:58.268+0100: 6.279: [GC [PSYoungGen: 70962K->5439K(70976K)] 73702K->15820K(158400K), 0.0920970 secs] [Times: user=0.02 sys=0.12, real=0.09 secs] 
2013-08-04T01:22:59.097+0100: 7.108: [GC [PSYoungGen: 70975K->5435K(136512K)] 81356K->17945K(223936K), 0.0760810 secs] [Times: user=0.06 sys=0.07, real=0.08 secs] 
2013-08-04T01:23:02.709+0100: 10.719: [GC [PSYoungGen: 120340K->5439K(136512K)] 132850K->35840K(223936K), 0.3123310 secs] [Times: user=0.09 sys=0.22, real=0.32 secs] 
2013-08-04T01:23:03.021+0100: 11.032: [Full GC (System) [PSYoungGen: 5439K->0K(136512K)] [ParOldGen: 30400K->30302K(87424K)] 35840K->30302K(223936K) [PSPermGen: 14652K->14640K(29440K)], 0.3163360 secs] [Times: user=0.29 sys=0.07, real=0.31 secs] 
2013-08-04T01:23:05.820+0100: 13.831: [GC [PSYoungGen: 131072K->5439K(121472K)] 161374K->40939K(208896K), 0.0480510 secs] [Times: user=0.01 sys=0.06, real=0.05 secs] 
2013-08-04T01:23:07.618+0100: 15.629: [GC [PSYoungGen: 121471K->13895K(136512K)] 156971K->49395K(223936K), 0.0160170 secs] [Times: user=0.02 sys=0.00, real=0.01 secs] 
2013-08-04T01:23:09.776+0100: 17.787: [GC [PSYoungGen: 129927K->20470K(145152K)] 165427K->60068K(232576K), 0.2923100 secs] [Times: user=0.00 sys=0.24, real=0.30 secs] 
2013-08-04T01:23:11.378+0100: 19.389: [GC [PSYoungGen: 145142K->24344K(149056K)] 184740K->63943K(236480K), 0.1081150 secs] [Times: user=0.04 sys=0.08, real=0.11 secs] 
2013-08-04T01:23:12.679+0100: 20.690: [GC [PSYoungGen: 149016K->20330K(142400K)] 188615K->70171K(229824K), 0.1161240 secs] [Times: user=0.05 sys=0.10, real=0.12 secs] 
2013-08-04T01:23:15.446+0100: 23.457: [GC [PSYoungGen: 137066K->20002K(136768K)] 186907K->83219K(224192K), 0.0840890 secs] [Times: user=0.02 sys=0.10, real=0.08 secs] 
2013-08-04T01:23:16.727+0100: 24.738: [GC [PSYoungGen: 136738K->1056K(143104K)] 199955K->83519K(230528K), 0.1521620 secs] [Times: user=0.09 sys=0.12, real=0.15 secs] 
2013-08-04T01:23:16.880+0100: 24.890: [Full GC [PSYoungGen: 1056K->0K(143104K)] [ParOldGen: 82463K->78347K(143296K)] 83519K->78347K(286400K) [PSPermGen: 23350K->23341K(39680K)], 0.5846200 secs] [Times: user=0.61 sys=0.22, real=0.58 secs] 
2013-08-04T01:23:19.278+0100: 27.289: [GC [PSYoungGen: 113664K->7679K(144192K)] 192011K->86026K(287488K), 0.0240260 secs] [Times: user=0.02 sys=0.02, real=0.02 secs] 
2013-08-04T01:23:20.063+0100: 28.074: [GC [PSYoungGen: 121343K->14843K(141376K)] 199690K->100034K(284672K), 0.0640680 secs] [Times: user=0.04 sys=0.04, real=0.06 secs] 
2013-08-04T01:23:21.977+0100: 29.988: [GC [PSYoungGen: 129019K->10284K(143040K)] 214210K->107883K(286336K), 0.2042170 secs] [Times: user=0.09 sys=0.12, real=0.21 secs] 
2013-08-04T01:23:24.916+0100: 32.927: [GC [PSYoungGen: 124460K->11969K(142592K)] 222059K->118926K(285888K), 0.1401490 secs] [Times: user=0.09 sys=0.06, real=0.14 secs] 
2013-08-04T01:23:50.852+0100: 58.862: [GC [PSYoungGen: 129921K->11459K(144576K)] 236878K->129452K(287872K), 0.1441530 secs] [Times: user=0.07 sys=0.14, real=0.14 secs] 
2013-08-04T01:26:57.882+0100: 245.893: [GC [PSYoungGen: 129411K->19949K(146432K)] 247404K->146049K(289728K), 0.1281360 secs] [Times: user=0.08 sys=0.11, real=0.13 secs] 
2013-08-04T01:26:58.014+0100: 246.025: [Full GC [PSYoungGen: 19949K->0K(146432K)] [ParOldGen: 126099K->134699K(214784K)] 146049K->134699K(361216K) [PSPermGen: 34820K->34721K(49664K)], 1.3574410 secs] [Times: user=0.87 sys=0.59, real=1.36 secs] 
2013-08-04T01:27:03.572+0100: 251.583: [GC [PSYoungGen: 120832K->7680K(147776K)] 255531K->142380K(362560K), 0.0800850 secs] [Times: user=0.08 sys=0.03, real=0.08 secs] 
2013-08-04T01:27:19.625+0100: 267.636: [GC [PSYoungGen: 128512K->3584K(147584K)] 263212K->142346K(362368K), 0.0680720 secs] [Times: user=0.06 sys=0.04, real=0.07 secs] 
2013-08-04T01:27:33.604+0100: 281.615: [GC [PSYoungGen: 124544K->4864K(147840K)] 263306K->145882K(362624K), 0.0520550 secs] [Times: user=0.08 sys=0.01, real=0.05 secs] 
2013-08-04T01:27:48.088+0100: 296.098: [GC [PSYoungGen: 125824K->4608K(147072K)] 266842K->145626K(361856K), 0.0600640 secs] [Times: user=0.04 sys=0.03, real=0.06 secs] 
2013-08-04T01:28:02.903+0100: 310.918: [GC [PSYoungGen: 125824K->4840K(147456K)] 266842K->145858K(362240K), 0.0560600 secs] [Times: user=0.04 sys=0.03, real=0.06 secs] 
2013-08-04T01:28:16.149+0100: 324.160: [GC [PSYoungGen: 126056K->4960K(147200K)] 267074K->145978K(361984K), 0.0840890 secs] [Times: user=0.07 sys=0.03, real=0.08 secs] 
2013-08-04T01:28:30.008+0100: 338.019: [GC [PSYoungGen: 127712K->5056K(147776K)] 268730K->146074K(362560K), 0.0600640 secs] [Times: user=0.04 sys=0.02, real=0.06 secs] 
2013-08-04T01:28:44.211+0100: 352.222: [GC [PSYoungGen: 127808K->5396K(148224K)] 268826K->146414K(363008K), 0.0440470 secs] [Times: user=0.05 sys=0.01, real=0.05 secs] 
2013-08-04T01:28:55.603+0100: 363.614: [GC [PSYoungGen: 130836K->5248K(148864K)] 271854K->146266K(363648K), 0.0560600 secs] [Times: user=0.05 sys=0.00, real=0.05 secs] 
2013-08-04T01:30:11.716+0100: 439.727: [GC [PSYoungGen: 130688K->3696K(150400K)] 271706K->144714K(365184K), 0.0240260 secs] [Times: user=0.04 sys=0.00, real=0.03 secs] 
2013-08-04T01:32:13.061+0100: 561.076: [GC [PSYoungGen: 132464K->1885K(150720K)] 273482K->142903K(365504K), 0.0200210 secs] [Times: user=0.02 sys=0.01, real=0.02 secs] 
2013-08-04T01:32:48.434+0100: 596.445: [GC [PSYoungGen: 130653K->1594K(151936K)] 271671K->142617K(366720K), 0.0520550 secs] [Times: user=0.03 sys=0.03, real=0.06 secs] 
2013-08-04T01:32:49.063+0100: 597.074: [GC [PSYoungGen: 132794K->1858K(152320K)] 273817K->142881K(367104K), 0.0160170 secs] [Times: user=0.03 sys=0.00, real=0.02 secs] 
2013-08-04T01:32:49.772+0100: 597.782: [GC [PSYoungGen: 133058K->1888K(152384K)] 274081K->142910K(367168K), 0.0200220 secs] [Times: user=0.01 sys=0.02, real=0.02 secs] 
2013-08-04T01:32:50.368+0100: 598.379: [GC [PSYoungGen: 134944K->1992K(152896K)] 275966K->143014K(367680K), 0.0080080 secs] [Times: user=0.01 sys=0.00, real=0.00 secs] 
Heap
 PSYoungGen      total 152896K, used 40211K [0xa8b80000, 0xb3540000, 0xb3620000)
  eden space 133056K, 28% used [0xa8b80000,0xab0d2f00,0xb0d70000)
  from space 19840K, 10% used [0xb0d70000,0xb0f62050,0xb20d0000)
  to   space 19136K, 0% used [0xb2290000,0xb2290000,0xb3540000)
 ParOldGen       total 214784K, used 141022K [0x93620000, 0xa07e0000, 0xa8b80000)
  object space 214784K, 65% used [0x93620000,0x9bfd7ad8,0xa07e0000)
 PSPermGen       total 49664K, used 35618K [0x83620000, 0x866a0000, 0x93620000)
  object space 49664K, 71% used [0x83620000,0x858e89e0,0x866a0000)
