2013-08-03T21:12:24.714+0100: 1.794: [GC [PSYoungGen: 32768K->5428K(38208K)] 32768K->6425K(125632K), 0.0400430 secs] [Times: user=0.02 sys=0.04, real=0.04 secs] 
2013-08-03T21:12:25.731+0100: 2.811: [GC [PSYoungGen: 38196K->5433K(70976K)] 39193K->8161K(158400K), 0.0640680 secs] [Times: user=0.03 sys=0.04, real=0.06 secs] 
2013-08-03T21:12:28.038+0100: 5.117: [GC [PSYoungGen: 70969K->5424K(70976K)] 73697K->15410K(158400K), 0.0600640 secs] [Times: user=0.03 sys=0.09, real=0.07 secs] 
2013-08-03T21:12:29.027+0100: 6.106: [GC [PSYoungGen: 70960K->5439K(136512K)] 80946K->17471K(223936K), 0.0760800 secs] [Times: user=0.07 sys=0.04, real=0.08 secs] 
2013-08-03T21:12:32.631+0100: 9.710: [GC [PSYoungGen: 121598K->5438K(136512K)] 133630K->35210K(223936K), 0.1321400 secs] [Times: user=0.06 sys=0.13, real=0.13 secs] 
2013-08-03T21:12:32.763+0100: 9.842: [Full GC (System) [PSYoungGen: 5438K->0K(136512K)] [ParOldGen: 29772K->30244K(87424K)] 35210K->30244K(223936K) [PSPermGen: 14655K->14642K(29440K)], 0.4965270 secs] [Times: user=0.07 sys=0.43, real=0.50 secs] 
2013-08-03T21:12:35.333+0100: 12.413: [GC [PSYoungGen: 131072K->5424K(121856K)] 161316K->41227K(209280K), 0.1001070 secs] [Times: user=0.00 sys=0.06, real=0.10 secs] 
2013-08-03T21:12:36.763+0100: 13.843: [GC [PSYoungGen: 121840K->13753K(136512K)] 157643K->49556K(223936K), 0.0160170 secs] [Times: user=0.02 sys=0.00, real=0.01 secs] 
2013-08-03T21:12:39.089+0100: 16.169: [GC [PSYoungGen: 130169K->20086K(145408K)] 165972K->60309K(232832K), 0.1561660 secs] [Times: user=0.06 sys=0.17, real=0.16 secs] 
2013-08-03T21:12:40.435+0100: 17.515: [GC [PSYoungGen: 145398K->24079K(149440K)] 185621K->64302K(236864K), 0.1041100 secs] [Times: user=0.06 sys=0.06, real=0.10 secs] 
2013-08-03T21:12:41.284+0100: 18.363: [GC [PSYoungGen: 149391K->21075K(142144K)] 189614K->71516K(229568K), 0.1001060 secs] [Times: user=0.02 sys=0.08, real=0.10 secs] 
2013-08-03T21:12:43.894+0100: 20.974: [GC [PSYoungGen: 137939K->19860K(136768K)] 188380K->84438K(224192K), 0.1121190 secs] [Times: user=0.03 sys=0.10, real=0.12 secs] 
2013-08-03T21:12:44.611+0100: 21.691: [GC [PSYoungGen: 136724K->1088K(143232K)] 201302K->84781K(230656K), 0.1121190 secs] [Times: user=0.04 sys=0.13, real=0.11 secs] 
2013-08-03T21:12:44.723+0100: 21.803: [Full GC [PSYoungGen: 1088K->0K(143232K)] [ParOldGen: 83693K->78601K(140544K)] 84781K->78601K(283776K) [PSPermGen: 23353K->23344K(39680K)], 0.3924160 secs] [Times: user=0.34 sys=0.20, real=0.39 secs] 
2013-08-03T21:12:46.489+0100: 23.569: [GC [PSYoungGen: 113920K->8315K(144320K)] 192521K->86917K(284864K), 0.0320340 secs] [Times: user=0.02 sys=0.02, real=0.03 secs] 
2013-08-03T21:12:47.446+0100: 24.526: [GC [PSYoungGen: 122235K->14412K(141312K)] 200837K->100402K(281856K), 0.0560590 secs] [Times: user=0.01 sys=0.01, real=0.06 secs] 
2013-08-03T21:12:48.868+0100: 25.948: [GC [PSYoungGen: 128972K->10199K(143040K)] 214962K->108281K(283584K), 0.2122260 secs] [Times: user=0.08 sys=0.10, real=0.21 secs] 
2013-08-03T21:12:51.503+0100: 28.582: [GC [PSYoungGen: 124759K->11559K(143104K)] 222841K->118948K(283648K), 0.0920980 secs] [Times: user=0.05 sys=0.09, real=0.10 secs] 
2013-08-03T21:13:02.398+0100: 39.478: [GC [PSYoungGen: 130215K->11636K(145088K)] 237604K->129699K(285632K), 0.0920980 secs] [Times: user=0.06 sys=0.08, real=0.09 secs] 
2013-08-03T21:16:26.138+0100: 243.218: [GC [PSYoungGen: 130292K->7935K(146624K)] 248355K->134235K(287168K), 0.0800850 secs] [Times: user=0.06 sys=0.03, real=0.08 secs] 
2013-08-03T21:16:26.218+0100: 243.298: [Full GC [PSYoungGen: 7935K->0K(146624K)] [ParOldGen: 126300K->122709K(195328K)] 134235K->122709K(341952K) [PSPermGen: 34668K->34596K(49408K)], 0.8288800 secs] [Times: user=0.69 sys=0.25, real=0.82 secs] 
2013-08-03T21:16:29.806+0100: 246.890: [GC [PSYoungGen: 122944K->17823K(147904K)] 245653K->140533K(343232K), 0.0560590 secs] [Times: user=0.05 sys=0.03, real=0.06 secs] 
2013-08-03T21:16:37.094+0100: 254.174: [GC [PSYoungGen: 140767K->4600K(148736K)] 263477K->141921K(344064K), 0.0840900 secs] [Times: user=0.04 sys=0.06, real=0.08 secs] 
2013-08-03T21:16:48.674+0100: 265.754: [GC [PSYoungGen: 127608K->4784K(148864K)] 264929K->144741K(344192K), 0.0720770 secs] [Times: user=0.02 sys=0.05, real=0.07 secs] 
2013-08-03T21:17:00.771+0100: 277.851: [GC [PSYoungGen: 127792K->4480K(148352K)] 267749K->144512K(343680K), 0.0360380 secs] [Times: user=0.04 sys=0.01, real=0.04 secs] 
2013-08-03T21:17:11.979+0100: 289.059: [GC [PSYoungGen: 127616K->4720K(148608K)] 267648K->144800K(343936K), 0.0760810 secs] [Times: user=0.00 sys=0.03, real=0.08 secs] 
2013-08-03T21:17:24.044+0100: 301.124: [GC [PSYoungGen: 127856K->4992K(148288K)] 267936K->145072K(343616K), 0.0640680 secs] [Times: user=0.08 sys=0.04, real=0.07 secs] 
2013-08-03T21:17:33.714+0100: 310.794: [GC [PSYoungGen: 129216K->4800K(148672K)] 269296K->144880K(344000K), 0.0920980 secs] [Times: user=0.06 sys=0.05, real=0.10 secs] 
2013-08-03T21:17:43.428+0100: 320.508: [GC [PSYoungGen: 129024K->5088K(149056K)] 269104K->145168K(344384K), 0.0560590 secs] [Times: user=0.03 sys=0.03, real=0.05 secs] 
2013-08-03T21:17:54.572+0100: 331.652: [GC [PSYoungGen: 131616K->5192K(149504K)] 271696K->145272K(344832K), 0.0880930 secs] [Times: user=0.07 sys=0.03, real=0.09 secs] 
2013-08-03T21:18:04.379+0100: 341.458: [GC [PSYoungGen: 131720K->5200K(150464K)] 271800K->145280K(345792K), 0.0880930 secs] [Times: user=0.07 sys=0.02, real=0.09 secs] 
2013-08-03T21:18:14.910+0100: 351.990: [GC [PSYoungGen: 134800K->5392K(150912K)] 274880K->145472K(346240K), 0.0480510 secs] [Times: user=0.06 sys=0.00, real=0.05 secs] 
2013-08-03T21:18:50.283+0100: 387.363: [GC [PSYoungGen: 134992K->4480K(152384K)] 275072K->144560K(347712K), 0.0280300 secs] [Times: user=0.04 sys=0.00, real=0.02 secs] 
2013-08-03T21:20:34.134+0100: 491.213: [GC [PSYoungGen: 137408K->1584K(152704K)] 277488K->141664K(348032K), 0.0200210 secs] [Times: user=0.03 sys=0.01, real=0.02 secs] 
2013-08-03T21:20:48.773+0100: 505.853: [GC [PSYoungGen: 134512K->1336K(154240K)] 274592K->141416K(349568K), 0.0200210 secs] [Times: user=0.02 sys=0.00, real=0.02 secs] 
2013-08-03T21:20:49.474+0100: 506.554: [GC [PSYoungGen: 136760K->1496K(154624K)] 276840K->141577K(349952K), 0.0120130 secs] [Times: user=0.01 sys=0.00, real=0.01 secs] 
2013-08-03T21:20:49.934+0100: 507.014: [GC [PSYoungGen: 136920K->1552K(154432K)] 277001K->141633K(349760K), 0.0160170 secs] [Times: user=0.03 sys=0.00, real=0.01 secs] 
Heap
 PSYoungGen      total 154432K, used 136666K [0xa8ba0000, 0xb34b0000, 0xb3640000)
  eden space 136768K, 98% used [0xa8ba0000,0xb0f92578,0xb1130000)
  from space 17664K, 8% used [0xb2370000,0xb24f43e0,0xb34b0000)
  to   space 18176K, 0% used [0xb1130000,0xb1130000,0xb22f0000)
 ParOldGen       total 195328K, used 140080K [0x93640000, 0x9f500000, 0xa8ba0000)
  object space 195328K, 71% used [0x93640000,0x9bf0c3b8,0x9f500000)
 PSPermGen       total 49408K, used 35292K [0x83640000, 0x86680000, 0x93640000)
  object space 49408K, 71% used [0x83640000,0x858b7290,0x86680000)
