2013-08-04T07:32:56.502+0100: 1.806: [GC [PSYoungGen: 32768K->5433K(38208K)] 32768K->6431K(125632K), 0.0800850 secs] [Times: user=0.04 sys=0.04, real=0.08 secs] 
2013-08-04T07:32:57.708+0100: 3.011: [GC [PSYoungGen: 38201K->5424K(70976K)] 39199K->8165K(158400K), 0.0840890 secs] [Times: user=0.04 sys=0.06, real=0.09 secs] 
2013-08-04T07:33:00.374+0100: 5.678: [GC [PSYoungGen: 70960K->5439K(70976K)] 73701K->15523K(158400K), 0.1281360 secs] [Times: user=0.05 sys=0.14, real=0.13 secs] 
2013-08-04T07:33:01.456+0100: 6.759: [GC [PSYoungGen: 70975K->5436K(136512K)] 81059K->17702K(223936K), 0.0961020 secs] [Times: user=0.03 sys=0.05, real=0.09 secs] 
2013-08-04T07:33:04.151+0100: 9.454: [GC [PSYoungGen: 121587K->5437K(136512K)] 133853K->35550K(223936K), 0.1361450 secs] [Times: user=0.04 sys=0.21, real=0.14 secs] 
2013-08-04T07:33:04.287+0100: 9.590: [Full GC (System) [PSYoungGen: 5437K->0K(136512K)] [ParOldGen: 30113K->30241K(87424K)] 35550K->30241K(223936K) [PSPermGen: 14651K->14638K(29440K)], 0.5365690 secs] [Times: user=0.22 sys=0.18, real=0.53 secs] 
2013-08-04T07:33:06.601+0100: 11.905: [GC [PSYoungGen: 131072K->5436K(121728K)] 161313K->40982K(209152K), 0.0440470 secs] [Times: user=0.02 sys=0.06, real=0.04 secs] 
2013-08-04T07:33:08.431+0100: 13.735: [GC [PSYoungGen: 121724K->13530K(136512K)] 157270K->49076K(223936K), 0.0200210 secs] [Times: user=0.03 sys=0.01, real=0.02 secs] 
2013-08-04T07:33:10.009+0100: 15.312: [GC [PSYoungGen: 129818K->20091K(145024K)] 165364K->60440K(232448K), 0.2002130 secs] [Times: user=0.00 sys=0.18, real=0.20 secs] 
2013-08-04T07:33:11.218+0100: 16.522: [GC [PSYoungGen: 145019K->24096K(149056K)] 185368K->64445K(236480K), 0.0800850 secs] [Times: user=0.04 sys=0.03, real=0.08 secs] 
2013-08-04T07:33:11.867+0100: 17.170: [GC [PSYoungGen: 149024K->20926K(142272K)] 189373K->71402K(229696K), 0.1882000 secs] [Times: user=0.02 sys=0.19, real=0.19 secs] 
2013-08-04T07:33:15.370+0100: 20.674: [GC [PSYoungGen: 137534K->19602K(136256K)] 188010K->83315K(223680K), 0.1281360 secs] [Times: user=0.06 sys=0.08, real=0.13 secs] 
2013-08-04T07:33:16.383+0100: 21.687: [GC [PSYoungGen: 136210K->1056K(143232K)] 199923K->83615K(230656K), 0.2322470 secs] [Times: user=0.04 sys=0.14, real=0.23 secs] 
2013-08-04T07:33:16.616+0100: 21.919: [Full GC [PSYoungGen: 1056K->0K(143232K)] [ParOldGen: 82558K->78525K(140928K)] 83615K->78525K(284160K) [PSPermGen: 23353K->23344K(39680K)], 0.6366750 secs] [Times: user=0.37 sys=0.39, real=0.64 secs] 
2013-08-04T07:33:18.169+0100: 23.473: [GC [PSYoungGen: 113920K->8014K(144320K)] 192445K->86540K(285248K), 0.0120120 secs] [Times: user=0.02 sys=0.00, real=0.01 secs] 
2013-08-04T07:33:18.850+0100: 24.154: [GC [PSYoungGen: 121934K->14591K(141376K)] 200460K->100278K(282304K), 0.0640680 secs] [Times: user=0.03 sys=0.04, real=0.06 secs] 
2013-08-04T07:33:20.324+0100: 25.627: [GC [PSYoungGen: 129087K->10185K(143104K)] 214774K->108036K(284032K), 0.1281360 secs] [Times: user=0.06 sys=0.07, real=0.13 secs] 
2013-08-04T07:33:22.930+0100: 28.234: [GC [PSYoungGen: 124681K->11923K(142912K)] 222532K->119025K(283840K), 0.1041100 secs] [Times: user=0.04 sys=0.09, real=0.11 secs] 
2013-08-04T07:33:42.651+0100: 47.955: [GC [PSYoungGen: 130387K->11541K(144896K)] 237489K->129600K(285824K), 0.3723950 secs] [Times: user=0.00 sys=0.30, real=0.38 secs] 
2013-08-04T07:36:58.635+0100: 243.939: [GC [PSYoungGen: 130005K->10705K(145536K)] 248064K->136940K(286464K), 0.1882000 secs] [Times: user=0.05 sys=0.07, real=0.19 secs] 
2013-08-04T07:36:58.824+0100: 244.127: [Full GC [PSYoungGen: 10705K->0K(145536K)] [ParOldGen: 126235K->125550K(202176K)] 136940K->125550K(347712K) [PSPermGen: 34853K->34734K(49664K)], 0.8248750 secs] [Times: user=0.29 sys=0.56, real=0.82 secs] 
2013-08-04T07:37:06.103+0100: 251.407: [GC [PSYoungGen: 122880K->11419K(147392K)] 248430K->136969K(349568K), 0.0560600 secs] [Times: user=0.05 sys=0.05, real=0.06 secs] 
2013-08-04T07:37:18.528+0100: 263.832: [GC [PSYoungGen: 134299K->3472K(150144K)] 259849K->139409K(352320K), 0.0680720 secs] [Times: user=0.10 sys=0.03, real=0.07 secs] 
2013-08-04T07:37:34.145+0100: 279.449: [GC [PSYoungGen: 130064K->3584K(130176K)] 266001K->139569K(332352K), 0.0240260 secs] [Times: user=0.04 sys=0.00, real=0.02 secs] 
2013-08-04T07:38:11.781+0100: 317.085: [GC [PSYoungGen: 130176K->1689K(150016K)] 266161K->137675K(352192K), 0.0160170 secs] [Times: user=0.02 sys=0.00, real=0.02 secs] 
2013-08-04T07:38:12.390+0100: 317.693: [GC [PSYoungGen: 127513K->1169K(150272K)] 263499K->137155K(352448K), 0.0160170 secs] [Times: user=0.03 sys=0.00, real=0.02 secs] 
2013-08-04T07:38:12.738+0100: 318.042: [GC [PSYoungGen: 126993K->1160K(149888K)] 262979K->137145K(352064K), 0.0080080 secs] [Times: user=0.01 sys=0.01, real=0.01 secs] 
2013-08-04T07:38:13.042+0100: 318.346: [GC [PSYoungGen: 126984K->1304K(150080K)] 262969K->137290K(352256K), 0.0080080 secs] [Times: user=0.02 sys=0.00, real=0.01 secs] 
Heap
 PSYoungGen      total 150080K, used 81518K [0xa8c20000, 0xb3630000, 0xb36c0000)
  eden space 125824K, 63% used [0xa8c20000,0xada75748,0xb0700000)
  from space 24256K, 5% used [0xb0700000,0xb08463f8,0xb1eb0000)
  to   space 23872K, 0% used [0xb1ee0000,0xb1ee0000,0xb3630000)
 ParOldGen       total 202176K, used 135985K [0x936c0000, 0x9fc30000, 0xa8c20000)
  object space 202176K, 67% used [0x936c0000,0x9bb8c788,0x9fc30000)
 PSPermGen       total 49664K, used 35236K [0x836c0000, 0x86740000, 0x936c0000)
  object space 49664K, 70% used [0x836c0000,0x859290c8,0x86740000)
