2013-08-04T02:43:21.575+0100: 2.210: [GC [PSYoungGen: 32768K->5427K(38208K)] 32768K->6424K(125632K), 0.0400420 secs] [Times: user=0.02 sys=0.03, real=0.04 secs] 
2013-08-04T02:43:22.536+0100: 3.167: [GC [PSYoungGen: 38195K->5435K(70976K)] 39192K->8141K(158400K), 0.0280300 secs] [Times: user=0.00 sys=0.04, real=0.02 secs] 
2013-08-04T02:43:24.486+0100: 5.117: [GC [PSYoungGen: 70971K->5426K(70976K)] 73677K->15834K(158400K), 0.0961020 secs] [Times: user=0.04 sys=0.07, real=0.10 secs] 
2013-08-04T02:43:25.127+0100: 5.762: [GC [PSYoungGen: 70962K->5427K(136512K)] 81370K->17953K(223936K), 0.0440470 secs] [Times: user=0.01 sys=0.06, real=0.05 secs] 
2013-08-04T02:43:28.202+0100: 8.833: [GC [PSYoungGen: 119885K->5433K(136512K)] 132411K->35751K(223936K), 0.1561660 secs] [Times: user=0.08 sys=0.14, real=0.15 secs] 
2013-08-04T02:43:28.358+0100: 8.990: [Full GC (System) [PSYoungGen: 5433K->0K(136512K)] [ParOldGen: 30317K->30243K(87424K)] 35751K->30243K(223936K) [PSPermGen: 14654K->14642K(29440K)], 0.6446840 secs] [Times: user=0.00 sys=0.45, real=0.65 secs] 
2013-08-04T02:43:31.458+0100: 12.089: [GC [PSYoungGen: 131072K->5439K(121664K)] 161315K->41467K(209088K), 0.0560600 secs] [Times: user=0.00 sys=0.01, real=0.05 secs] 
2013-08-04T02:43:33.051+0100: 13.683: [GC [PSYoungGen: 121663K->13523K(136512K)] 157691K->49551K(223936K), 0.0160170 secs] [Times: user=0.03 sys=0.00, real=0.02 secs] 
2013-08-04T02:43:35.190+0100: 15.821: [GC [PSYoungGen: 129747K->20086K(144640K)] 165775K->61490K(232064K), 0.1641750 secs] [Times: user=0.03 sys=0.18, real=0.16 secs] 
2013-08-04T02:43:36.263+0100: 16.894: [GC [PSYoungGen: 144630K->23509K(148096K)] 186034K->64913K(235520K), 0.1321410 secs] [Times: user=0.06 sys=0.07, real=0.13 secs] 
2013-08-04T02:43:37.396+0100: 18.027: [GC [PSYoungGen: 148053K->20450K(143744K)] 189457K->71659K(231168K), 0.1361450 secs] [Times: user=0.05 sys=0.09, real=0.14 secs] 
2013-08-04T02:43:41.809+0100: 22.440: [GC [PSYoungGen: 137570K->19590K(136768K)] 188779K->83995K(224192K), 0.0920970 secs] [Times: user=0.08 sys=0.09, real=0.09 secs] 
2013-08-04T02:43:42.670+0100: 23.301: [GC [PSYoungGen: 136710K->1064K(143360K)] 201115K->84323K(230784K), 0.1281360 secs] [Times: user=0.07 sys=0.16, real=0.13 secs] 
2013-08-04T02:43:42.798+0100: 23.429: [Full GC [PSYoungGen: 1064K->0K(143360K)] [ParOldGen: 83259K->78811K(139712K)] 84323K->78811K(283072K) [PSPermGen: 23346K->23338K(39680K)], 0.4084340 secs] [Times: user=0.51 sys=0.16, real=0.41 secs] 
2013-08-04T02:43:44.355+0100: 24.987: [GC [PSYoungGen: 114304K->8201K(144512K)] 193115K->87012K(284224K), 0.0480510 secs] [Times: user=0.03 sys=0.02, real=0.05 secs] 
2013-08-04T02:43:45.252+0100: 25.883: [GC [PSYoungGen: 122505K->14692K(141696K)] 201316K->100802K(281408K), 0.0600630 secs] [Times: user=0.03 sys=0.05, real=0.06 secs] 
2013-08-04T02:43:46.982+0100: 27.613: [GC [PSYoungGen: 129636K->10123K(143360K)] 215746K->108673K(283072K), 0.0520550 secs] [Times: user=0.03 sys=0.07, real=0.05 secs] 
2013-08-04T02:43:49.745+0100: 30.376: [GC [PSYoungGen: 125067K->11911K(143232K)] 223617K->119686K(282944K), 0.0480510 secs] [Times: user=0.04 sys=0.05, real=0.05 secs] 
2013-08-04T02:44:20.966+0100: 61.597: [GC [PSYoungGen: 130695K->11210K(145152K)] 238470K->129951K(284864K), 0.1361450 secs] [Times: user=0.06 sys=0.10, real=0.13 secs] 
2013-08-04T02:47:23.716+0100: 244.347: [GC [PSYoungGen: 129994K->9719K(146048K)] 248735K->136444K(285760K), 0.1081150 secs] [Times: user=0.00 sys=0.05, real=0.10 secs] 
2013-08-04T02:47:23.824+0100: 244.455: [Full GC [PSYoungGen: 9719K->0K(146048K)] [ParOldGen: 126725K->124815K(198848K)] 136444K->124815K(344896K) [PSPermGen: 34843K->34764K(49664K)], 0.6887310 secs] [Times: user=0.52 sys=0.34, real=0.69 secs] 
2013-08-04T02:47:31.000+0100: 251.631: [GC [PSYoungGen: 123008K->17786K(147648K)] 247823K->142602K(346496K), 0.0360380 secs] [Times: user=0.04 sys=0.01, real=0.04 secs] 
2013-08-04T02:47:40.790+0100: 261.421: [GC [PSYoungGen: 140794K->4176K(148736K)] 265610K->143757K(347584K), 0.0560600 secs] [Times: user=0.06 sys=0.02, real=0.06 secs] 
2013-08-04T02:47:51.566+0100: 272.197: [GC [PSYoungGen: 127568K->4480K(149056K)] 267149K->144505K(347904K), 0.0520550 secs] [Times: user=0.03 sys=0.04, real=0.05 secs] 
2013-08-04T02:48:04.548+0100: 285.179: [GC [PSYoungGen: 127872K->4168K(148672K)] 267897K->145385K(347520K), 0.0320340 secs] [Times: user=0.05 sys=0.01, real=0.03 secs] 
2013-08-04T02:48:16.769+0100: 297.400: [GC [PSYoungGen: 127560K->4080K(148864K)] 268777K->145297K(347712K), 0.0280300 secs] [Times: user=0.04 sys=0.01, real=0.03 secs] 
2013-08-04T02:48:28.677+0100: 309.308: [GC [PSYoungGen: 127472K->4288K(148352K)] 268689K->145505K(347200K), 0.0600640 secs] [Times: user=0.03 sys=0.01, real=0.06 secs] 
2013-08-04T02:48:40.241+0100: 320.873: [GC [PSYoungGen: 128384K->4768K(148736K)] 269601K->145985K(347584K), 0.0600640 secs] [Times: user=0.10 sys=0.01, real=0.06 secs] 
2013-08-04T02:48:52.214+0100: 332.845: [GC [PSYoungGen: 128864K->4992K(148736K)] 270081K->146209K(347584K), 0.0640680 secs] [Times: user=0.06 sys=0.03, real=0.07 secs] 
2013-08-04T02:49:01.672+0100: 342.303: [GC [PSYoungGen: 131136K->5520K(149248K)] 272353K->146737K(348096K), 0.0360380 secs] [Times: user=0.04 sys=0.01, real=0.04 secs] 
2013-08-04T02:49:13.224+0100: 353.856: [GC [PSYoungGen: 131664K->6552K(149824K)] 272881K->147769K(348672K), 0.0680720 secs] [Times: user=0.06 sys=0.03, real=0.07 secs] 
2013-08-04T02:49:58.336+0100: 398.967: [GC [PSYoungGen: 135960K->2793K(150528K)] 277177K->144010K(349376K), 0.0440460 secs] [Times: user=0.04 sys=0.02, real=0.04 secs] 
2013-08-04T02:49:59.442+0100: 400.073: [GC [PSYoungGen: 132201K->1297K(152768K)] 273418K->142514K(351616K), 0.0120120 secs] [Times: user=0.02 sys=0.00, real=0.02 secs] 
2013-08-04T02:49:59.922+0100: 400.557: [GC [PSYoungGen: 134161K->1384K(153344K)] 275378K->142601K(352192K), 0.0160170 secs] [Times: user=0.02 sys=0.00, real=0.01 secs] 
2013-08-04T02:50:00.375+0100: 401.006: [GC [PSYoungGen: 134248K->1489K(153024K)] 275465K->142706K(351872K), 0.0280300 secs] [Times: user=0.03 sys=0.02, real=0.02 secs] 
Heap
 PSYoungGen      total 153024K, used 121769K [0xa8c30000, 0xb3570000, 0xb36d0000)
  eden space 134144K, 89% used [0xa8c30000,0xb01a6340,0xb0f30000)
  from space 18880K, 7% used [0xb2300000,0xb2474400,0xb3570000)
  to   space 19584K, 0% used [0xb0f30000,0xb0f30000,0xb2250000)
 ParOldGen       total 198848K, used 141217K [0x936d0000, 0x9f900000, 0xa8c30000)
  object space 198848K, 71% used [0x936d0000,0x9c0b84f0,0x9f900000)
 PSPermGen       total 49664K, used 35266K [0x836d0000, 0x86750000, 0x936d0000)
  object space 49664K, 71% used [0x836d0000,0x85940858,0x86750000)
