2013-08-04T03:33:36.352+0100: 2.042: [GC [PSYoungGen: 32768K->5427K(38208K)] 32768K->6439K(125632K), 0.0400420 secs] [Times: user=0.01 sys=0.04, real=0.04 secs] 
2013-08-04T03:33:37.337+0100: 3.027: [GC [PSYoungGen: 38195K->5426K(70976K)] 39207K->8165K(158400K), 0.0600640 secs] [Times: user=0.03 sys=0.07, real=0.06 secs] 
2013-08-04T03:33:39.363+0100: 5.053: [GC [PSYoungGen: 70962K->5431K(70976K)] 73701K->15589K(158400K), 0.0640680 secs] [Times: user=0.03 sys=0.07, real=0.06 secs] 
2013-08-04T03:33:40.116+0100: 5.806: [GC [PSYoungGen: 70967K->5425K(136512K)] 81125K->17653K(223936K), 0.0560590 secs] [Times: user=0.01 sys=0.06, real=0.06 secs] 
2013-08-04T03:33:43.267+0100: 8.958: [GC [PSYoungGen: 119878K->5437K(136512K)] 132105K->35577K(223936K), 0.1561650 secs] [Times: user=0.05 sys=0.13, real=0.16 secs] 
2013-08-04T03:33:43.423+0100: 9.114: [Full GC (System) [PSYoungGen: 5437K->0K(136512K)] [ParOldGen: 30139K->30245K(87424K)] 35577K->30245K(223936K) [PSPermGen: 14652K->14639K(29440K)], 0.3523740 secs] [Times: user=0.19 sys=0.20, real=0.35 secs] 
2013-08-04T03:33:45.994+0100: 11.684: [GC [PSYoungGen: 131072K->5430K(121664K)] 161317K->41311K(209088K), 0.0480510 secs] [Times: user=0.03 sys=0.05, real=0.05 secs] 
2013-08-04T03:33:47.584+0100: 13.274: [GC [PSYoungGen: 121654K->13512K(136512K)] 157535K->49393K(223936K), 0.0160170 secs] [Times: user=0.03 sys=0.00, real=0.02 secs] 
2013-08-04T03:33:49.934+0100: 15.625: [GC [PSYoungGen: 129736K->20091K(145664K)] 165617K->60147K(233088K), 0.1721830 secs] [Times: user=0.06 sys=0.14, real=0.17 secs] 
2013-08-04T03:33:51.083+0100: 16.774: [GC [PSYoungGen: 145659K->24084K(149696K)] 185715K->64140K(237120K), 0.1001060 secs] [Times: user=0.05 sys=0.09, real=0.10 secs] 
2013-08-04T03:33:52.433+0100: 18.123: [GC [PSYoungGen: 149652K->20791K(142144K)] 189708K->70964K(229568K), 0.1281360 secs] [Times: user=0.06 sys=0.14, real=0.12 secs] 
2013-08-04T03:33:55.544+0100: 21.235: [GC [PSYoungGen: 137911K->19917K(137088K)] 188084K->83228K(224512K), 0.0920980 secs] [Times: user=0.06 sys=0.08, real=0.10 secs] 
2013-08-04T03:33:56.457+0100: 22.148: [GC [PSYoungGen: 137037K->1056K(143360K)] 200348K->83550K(230784K), 0.1281360 secs] [Times: user=0.05 sys=0.18, real=0.12 secs] 
2013-08-04T03:33:56.585+0100: 22.276: [Full GC [PSYoungGen: 1056K->0K(143360K)] [ParOldGen: 82493K->78508K(141248K)] 83550K->78508K(284608K) [PSPermGen: 23348K->23339K(39680K)], 0.4364630 secs] [Times: user=0.51 sys=0.18, real=0.44 secs] 
2013-08-04T03:33:58.295+0100: 23.985: [GC [PSYoungGen: 114176K->7889K(144448K)] 192684K->86398K(285696K), 0.0120130 secs] [Times: user=0.03 sys=0.00, real=0.01 secs] 
2013-08-04T03:33:59.048+0100: 24.738: [GC [PSYoungGen: 122065K->14567K(141504K)] 200574K->100095K(282752K), 0.0440470 secs] [Times: user=0.03 sys=0.04, real=0.05 secs] 
2013-08-04T03:34:00.249+0100: 25.940: [GC [PSYoungGen: 129255K->10242K(143232K)] 214783K->107993K(284480K), 0.0480510 secs] [Times: user=0.02 sys=0.06, real=0.05 secs] 
2013-08-04T03:34:02.896+0100: 28.586: [GC [PSYoungGen: 124930K->11829K(142976K)] 222681K->118885K(284224K), 0.1281360 secs] [Times: user=0.04 sys=0.12, real=0.13 secs] 
2013-08-04T03:34:14.028+0100: 39.718: [GC [PSYoungGen: 130421K->11636K(144960K)] 237477K->129606K(286208K), 0.1121190 secs] [Times: user=0.03 sys=0.10, real=0.11 secs] 
2013-08-04T03:37:37.944+0100: 243.635: [GC [PSYoungGen: 130228K->12555K(144960K)] 248198K->138750K(286208K), 0.0920980 secs] [Times: user=0.13 sys=0.04, real=0.09 secs] 
2013-08-04T03:37:38.036+0100: 243.727: [Full GC [PSYoungGen: 12555K->0K(144960K)] [ParOldGen: 126194K->127285K(203904K)] 138750K->127285K(348864K) [PSPermGen: 34811K->34730K(49664K)], 0.7608080 secs] [Times: user=0.30 sys=0.54, real=0.79 secs] 
2013-08-04T03:37:42.089+0100: 247.779: [GC [PSYoungGen: 123008K->15428K(147136K)] 250293K->142713K(351040K), 0.0440470 secs] [Times: user=0.07 sys=0.00, real=0.05 secs] 
2013-08-04T03:37:50.177+0100: 255.872: [GC [PSYoungGen: 138436K->4208K(149888K)] 265721K->145156K(353792K), 0.0840900 secs] [Times: user=0.10 sys=0.03, real=0.08 secs] 
2013-08-04T03:38:00.092+0100: 265.782: [GC [PSYoungGen: 130160K->3904K(129856K)] 271108K->145996K(333760K), 0.0760810 secs] [Times: user=0.08 sys=0.02, real=0.07 secs] 
2013-08-04T03:38:10.511+0100: 276.201: [GC [PSYoungGen: 129856K->4951K(150336K)] 271948K->147571K(354240K), 0.0360380 secs] [Times: user=0.04 sys=0.01, real=0.03 secs] 
2013-08-04T03:38:21.566+0100: 287.257: [GC [PSYoungGen: 130647K->5136K(130880K)] 273267K->147756K(334784K), 0.0400420 secs] [Times: user=0.05 sys=0.01, real=0.04 secs] 
2013-08-04T03:38:32.434+0100: 298.124: [GC [PSYoungGen: 130832K->5576K(150272K)] 273452K->148196K(354176K), 0.0760810 secs] [Times: user=0.06 sys=0.03, real=0.08 secs] 
2013-08-04T03:38:43.434+0100: 309.124: [GC [PSYoungGen: 131848K->5868K(149696K)] 274468K->148488K(353600K), 0.0280300 secs] [Times: user=0.04 sys=0.01, real=0.02 secs] 
2013-08-04T03:38:52.623+0100: 318.314: [GC [PSYoungGen: 132140K->6096K(150528K)] 274760K->148716K(354432K), 0.0360380 secs] [Times: user=0.04 sys=0.01, real=0.03 secs] 
2013-08-04T03:39:01.997+0100: 327.692: [GC [PSYoungGen: 134160K->7232K(150016K)] 276780K->149852K(353920K), 0.0520560 secs] [Times: user=0.06 sys=0.04, real=0.05 secs] 
2013-08-04T03:39:12.472+0100: 338.163: [GC [PSYoungGen: 135296K->6464K(152000K)] 277916K->149084K(355904K), 0.0280300 secs] [Times: user=0.04 sys=0.00, real=0.02 secs] 
2013-08-04T03:39:40.762+0100: 366.453: [GC [PSYoungGen: 137536K->5976K(151232K)] 280156K->148596K(355136K), 0.0480510 secs] [Times: user=0.04 sys=0.00, real=0.05 secs] 
2013-08-04T03:40:27.981+0100: 413.671: [GC [PSYoungGen: 137048K->1201K(152960K)] 279668K->143821K(356864K), 0.0160170 secs] [Times: user=0.01 sys=0.01, real=0.01 secs] 
2013-08-04T03:40:28.753+0100: 414.444: [GC [PSYoungGen: 134705K->1490K(153088K)] 277325K->144110K(356992K), 0.0200210 secs] [Times: user=0.03 sys=0.01, real=0.02 secs] 
2013-08-04T03:40:29.182+0100: 414.872: [GC [PSYoungGen: 134994K->1521K(154688K)] 277614K->144141K(358592K), 0.0080090 secs] [Times: user=0.02 sys=0.01, real=0.01 secs] 
2013-08-04T03:40:29.566+0100: 415.257: [GC [PSYoungGen: 137265K->1665K(154880K)] 279885K->144285K(358784K), 0.0120130 secs] [Times: user=0.02 sys=0.00, real=0.01 secs] 
Heap
 PSYoungGen      total 154880K, used 42211K [0xa8ba0000, 0xb3590000, 0xb3640000)
  eden space 135744K, 29% used [0xa8ba0000,0xab338b80,0xb1030000)
  from space 19136K, 8% used [0xb1030000,0xb11d0418,0xb22e0000)
  to   space 18688K, 0% used [0xb2350000,0xb2350000,0xb3590000)
 ParOldGen       total 203904K, used 142620K [0x93640000, 0x9fd60000, 0xa8ba0000)
  object space 203904K, 69% used [0x93640000,0x9c187108,0x9fd60000)
 PSPermGen       total 49664K, used 35273K [0x83640000, 0x866c0000, 0x93640000)
  object space 49664K, 71% used [0x83640000,0x858b2608,0x866c0000)
