2013-08-03T23:16:47.623+0100: 2.222: [GC [PSYoungGen: 32768K->5435K(38208K)] 32768K->6433K(125632K), 0.0480510 secs] [Times: user=0.01 sys=0.05, real=0.04 secs] 
2013-08-03T23:16:48.769+0100: 3.368: [GC [PSYoungGen: 38203K->5432K(70976K)] 39201K->8153K(158400K), 0.0640680 secs] [Times: user=0.04 sys=0.06, real=0.06 secs] 
2013-08-03T23:16:50.859+0100: 5.458: [GC [PSYoungGen: 70968K->5424K(70976K)] 73689K->15527K(158400K), 0.0680720 secs] [Times: user=0.01 sys=0.09, real=0.07 secs] 
2013-08-03T23:16:51.892+0100: 6.491: [GC [PSYoungGen: 70960K->5430K(136512K)] 81063K->17534K(223936K), 0.0400430 secs] [Times: user=0.02 sys=0.05, real=0.04 secs] 
2013-08-03T23:16:55.728+0100: 10.331: [GC [PSYoungGen: 119837K->5438K(136512K)] 131942K->35330K(223936K), 0.1882000 secs] [Times: user=0.03 sys=0.21, real=0.18 secs] 
2013-08-03T23:16:55.920+0100: 10.519: [Full GC (System) [PSYoungGen: 5438K->0K(136512K)] [ParOldGen: 29891K->30272K(87424K)] 35330K->30272K(223936K) [PSPermGen: 14684K->14671K(29440K)], 0.3844080 secs] [Times: user=0.14 sys=0.28, real=0.39 secs] 
2013-08-03T23:16:58.415+0100: 13.014: [GC [PSYoungGen: 131072K->5428K(121600K)] 161344K->40707K(209024K), 0.0640680 secs] [Times: user=0.05 sys=0.02, real=0.06 secs] 
2013-08-03T23:17:00.958+0100: 15.557: [GC [PSYoungGen: 121588K->13878K(136512K)] 156867K->49157K(223936K), 0.0480510 secs] [Times: user=0.06 sys=0.01, real=0.04 secs] 
2013-08-03T23:17:02.615+0100: 17.214: [GC [PSYoungGen: 130038K->20346K(144640K)] 165317K->60295K(232064K), 0.2402550 secs] [Times: user=0.07 sys=0.20, real=0.24 secs] 
2013-08-03T23:17:04.121+0100: 18.720: [GC [PSYoungGen: 144634K->23724K(148032K)] 184583K->63673K(235456K), 0.0840890 secs] [Times: user=0.06 sys=0.05, real=0.08 secs] 
2013-08-03T23:17:05.474+0100: 20.073: [GC [PSYoungGen: 148012K->19575K(144064K)] 187961K->69924K(231488K), 0.2162300 secs] [Times: user=0.08 sys=0.16, real=0.21 secs] 
2013-08-03T23:17:08.738+0100: 23.337: [GC [PSYoungGen: 136951K->20015K(137408K)] 187300K->83227K(224832K), 0.1241320 secs] [Times: user=0.05 sys=0.16, real=0.12 secs] 
2013-08-03T23:17:09.691+0100: 24.290: [GC [PSYoungGen: 137391K->1064K(143360K)] 200603K->83547K(230784K), 0.1801910 secs] [Times: user=0.07 sys=0.25, real=0.18 secs] 
2013-08-03T23:17:09.871+0100: 24.470: [Full GC [PSYoungGen: 1064K->0K(143360K)] [ParOldGen: 82482K->78720K(139776K)] 83547K->78720K(283136K) [PSPermGen: 23356K->23347K(39680K)], 0.4604890 secs] [Times: user=0.49 sys=0.20, real=0.46 secs] 
2013-08-03T23:17:12.550+0100: 27.149: [GC [PSYoungGen: 114176K->7817K(144448K)] 192896K->86537K(284224K), 0.0680720 secs] [Times: user=0.05 sys=0.06, real=0.06 secs] 
2013-08-03T23:17:13.879+0100: 28.478: [GC [PSYoungGen: 121993K->14579K(141504K)] 200713K->100287K(281280K), 0.0880940 secs] [Times: user=0.07 sys=0.05, real=0.09 secs] 
2013-08-03T23:17:15.841+0100: 30.440: [GC [PSYoungGen: 129331K->10334K(143232K)] 215039K->108304K(283008K), 0.1041100 secs] [Times: user=0.09 sys=0.09, real=0.11 secs] 
2013-08-03T23:17:18.712+0100: 33.311: [GC [PSYoungGen: 125086K->11743K(143168K)] 223056K->119109K(282944K), 0.1241320 secs] [Times: user=0.09 sys=0.12, real=0.13 secs] 
2013-08-03T23:17:29.772+0100: 44.371: [GC [PSYoungGen: 130463K->11652K(145088K)] 237829K->129841K(284864K), 0.1041110 secs] [Times: user=0.05 sys=0.12, real=0.11 secs] 
2013-08-03T23:20:49.008+0100: 243.607: [GC [PSYoungGen: 130372K->19010K(147328K)] 248561K->145429K(287104K), 0.1641750 secs] [Times: user=0.08 sys=0.13, real=0.16 secs] 
2013-08-03T23:20:49.172+0100: 243.771: [Full GC [PSYoungGen: 19010K->0K(147328K)] [ParOldGen: 126419K->133754K(207296K)] 145429K->133754K(354624K) [PSPermGen: 34933K->34860K(49664K)], 1.5376320 secs] [Times: user=0.61 sys=0.70, real=1.54 secs] 
2013-08-03T23:20:56.175+0100: 250.778: [GC [PSYoungGen: 122112K->9028K(148416K)] 255866K->142782K(355712K), 0.0320340 secs] [Times: user=0.02 sys=0.04, real=0.03 secs] 
2013-08-03T23:21:07.007+0100: 261.606: [GC [PSYoungGen: 131140K->3920K(148416K)] 264894K->144465K(355712K), 0.1241320 secs] [Times: user=0.09 sys=0.06, real=0.12 secs] 
2013-08-03T23:21:17.446+0100: 272.045: [GC [PSYoungGen: 126544K->3808K(148672K)] 267089K->145081K(355968K), 0.0400420 secs] [Times: user=0.04 sys=0.01, real=0.04 secs] 
2013-08-03T23:21:28.185+0100: 282.784: [GC [PSYoungGen: 126432K->4384K(148160K)] 267705K->146013K(355456K), 0.0400430 secs] [Times: user=0.05 sys=0.01, real=0.04 secs] 
2013-08-03T23:22:25.658+0100: 340.257: [GC [PSYoungGen: 127008K->2960K(148416K)] 268637K->144589K(355712K), 0.0440460 secs] [Times: user=0.02 sys=0.02, real=0.05 secs] 
2013-08-03T23:23:07.014+0100: 381.613: [GC [PSYoungGen: 125584K->1186K(148800K)] 267213K->142815K(356096K), 0.0120120 secs] [Times: user=0.01 sys=0.00, real=0.01 secs] 
2013-08-03T23:23:07.743+0100: 382.342: [GC [PSYoungGen: 124578K->1401K(148864K)] 266207K->143030K(356160K), 0.0160170 secs] [Times: user=0.03 sys=0.00, real=0.02 secs] 
2013-08-03T23:23:08.476+0100: 383.079: [GC [PSYoungGen: 124793K->1417K(148544K)] 266422K->143046K(355840K), 0.0160170 secs] [Times: user=0.02 sys=0.01, real=0.02 secs] 
2013-08-03T23:23:08.996+0100: 383.595: [GC [PSYoungGen: 125577K->1536K(148736K)] 267206K->143165K(356032K), 0.0080090 secs] [Times: user=0.02 sys=0.00, real=0.00 secs] 
Heap
 PSYoungGen      total 148736K, used 80636K [0xa8ba0000, 0xb3530000, 0xb3640000)
  eden space 124160K, 63% used [0xa8ba0000,0xad8df2c0,0xb04e0000)
  from space 24576K, 6% used [0xb04e0000,0xb0660060,0xb1ce0000)
  to   space 23936K, 0% used [0xb1dd0000,0xb1dd0000,0xb3530000)
 ParOldGen       total 207296K, used 141629K [0x93640000, 0xa00b0000, 0xa8ba0000)
  object space 207296K, 68% used [0x93640000,0x9c08f608,0xa00b0000)
 PSPermGen       total 49664K, used 35534K [0x83640000, 0x866c0000, 0x93640000)
  object space 49664K, 71% used [0x83640000,0x858f3a30,0x866c0000)
