2013-08-03T19:14:17.168+0100: 1.542: [GC [PSYoungGen: 32768K->5430K(38208K)] 32768K->6441K(125632K), 0.0360380 secs] [Times: user=0.00 sys=0.04, real=0.03 secs] 
2013-08-03T19:14:18.069+0100: 2.443: [GC [PSYoungGen: 38198K->5433K(70976K)] 39209K->8166K(158400K), 0.0360380 secs] [Times: user=0.02 sys=0.03, real=0.03 secs] 
2013-08-03T19:14:20.287+0100: 4.661: [GC [PSYoungGen: 70969K->5437K(70976K)] 73702K->15837K(158400K), 0.0961020 secs] [Times: user=0.03 sys=0.08, real=0.12 secs] 
2013-08-03T19:14:20.928+0100: 5.302: [GC [PSYoungGen: 70973K->5424K(136512K)] 81373K->17974K(223936K), 0.0560590 secs] [Times: user=0.05 sys=0.05, real=0.06 secs] 
2013-08-03T19:14:23.695+0100: 8.069: [GC [PSYoungGen: 119392K->5432K(136512K)] 131941K->35691K(223936K), 0.1561660 secs] [Times: user=0.03 sys=0.23, real=0.16 secs] 
2013-08-03T19:14:23.855+0100: 8.229: [Full GC (System) [PSYoungGen: 5432K->0K(136512K)] [ParOldGen: 30258K->30204K(87424K)] 35691K->30204K(223936K) [PSPermGen: 14653K->14641K(29440K)], 0.3043230 secs] [Times: user=0.30 sys=0.11, real=0.30 secs] 
2013-08-03T19:14:25.761+0100: 10.135: [GC [PSYoungGen: 131072K->5426K(121664K)] 161276K->41173K(209088K), 0.0520560 secs] [Times: user=0.02 sys=0.07, real=0.05 secs] 
2013-08-03T19:14:27.479+0100: 11.853: [GC [PSYoungGen: 121650K->13771K(136512K)] 157397K->49518K(223936K), 0.0360380 secs] [Times: user=0.01 sys=0.02, real=0.03 secs] 
2013-08-03T19:14:30.053+0100: 14.427: [GC [PSYoungGen: 129995K->20216K(144256K)] 165742K->61534K(231680K), 0.1241320 secs] [Times: user=0.04 sys=0.17, real=0.12 secs] 
2013-08-03T19:14:30.742+0100: 15.116: [GC [PSYoungGen: 144248K->23413K(147456K)] 185566K->64731K(234880K), 0.0640680 secs] [Times: user=0.05 sys=0.06, real=0.06 secs] 
2013-08-03T19:14:31.883+0100: 16.257: [GC [PSYoungGen: 147445K->20490K(144128K)] 188763K->71278K(231552K), 0.0840890 secs] [Times: user=0.05 sys=0.10, real=0.08 secs] 
2013-08-03T19:14:34.870+0100: 19.244: [GC [PSYoungGen: 137354K->19590K(136512K)] 188142K->83844K(223936K), 0.1481570 secs] [Times: user=0.05 sys=0.10, real=0.15 secs] 
2013-08-03T19:14:36.000+0100: 20.374: [GC [PSYoungGen: 136454K->1064K(143296K)] 200708K->84154K(230720K), 0.1401480 secs] [Times: user=0.04 sys=0.15, real=0.14 secs] 
2013-08-03T19:14:36.140+0100: 20.514: [Full GC [PSYoungGen: 1064K->0K(143296K)] [ParOldGen: 83090K->78096K(142464K)] 84154K->78096K(285760K) [PSPermGen: 23356K->23347K(39680K)], 0.5285610 secs] [Times: user=0.47 sys=0.21, real=0.53 secs] 
2013-08-03T19:14:37.962+0100: 22.336: [GC [PSYoungGen: 114048K->7835K(144384K)] 192144K->85932K(286848K), 0.0440470 secs] [Times: user=0.00 sys=0.03, real=0.04 secs] 
2013-08-03T19:14:38.879+0100: 23.253: [GC [PSYoungGen: 121883K->14634K(141440K)] 199980K->99709K(283904K), 0.0720770 secs] [Times: user=0.03 sys=0.05, real=0.07 secs] 
2013-08-03T19:14:41.225+0100: 25.603: [GC [PSYoungGen: 129258K->10237K(143168K)] 214333K->107507K(285632K), 0.0480510 secs] [Times: user=0.03 sys=0.06, real=0.05 secs] 
2013-08-03T19:14:44.104+0100: 28.478: [GC [PSYoungGen: 124861K->11734K(143040K)] 222131K->118290K(285504K), 0.0920970 secs] [Times: user=0.05 sys=0.08, real=0.09 secs] 
2013-08-03T19:14:46.695+0100: 31.069: [GC [PSYoungGen: 130262K->11896K(145024K)] 236818K->129270K(287488K), 0.1281360 secs] [Times: user=0.05 sys=0.12, real=0.13 secs] 
2013-08-03T19:18:19.569+0100: 243.943: [GC [PSYoungGen: 130424K->8441K(146496K)] 247798K->136925K(288960K), 0.0720760 secs] [Times: user=0.07 sys=0.00, real=0.08 secs] 
2013-08-03T19:18:19.641+0100: 244.015: [Full GC [PSYoungGen: 8441K->0K(146496K)] [ParOldGen: 128484K->125558K(206208K)] 136925K->125558K(352704K) [PSPermGen: 34834K->34757K(49664K)], 0.5686040 secs] [Times: user=0.55 sys=0.08, real=0.57 secs] 
2013-08-03T19:18:27.177+0100: 251.555: [GC [PSYoungGen: 122880K->17733K(147776K)] 248438K->143291K(353984K), 0.0680720 secs] [Times: user=0.03 sys=0.04, real=0.07 secs] 
2013-08-03T19:18:38.064+0100: 262.443: [GC [PSYoungGen: 140613K->5156K(148992K)] 266171K->145555K(355200K), 0.0920980 secs] [Times: user=0.07 sys=0.07, real=0.09 secs] 
2013-08-03T19:18:48.672+0100: 273.046: [GC [PSYoungGen: 128548K->4960K(149056K)] 268947K->145743K(355264K), 0.1041100 secs] [Times: user=0.10 sys=0.06, real=0.10 secs] 
2013-08-03T19:19:01.998+0100: 286.372: [GC [PSYoungGen: 128352K->4944K(148416K)] 269135K->147031K(354624K), 0.0440470 secs] [Times: user=0.05 sys=0.01, real=0.05 secs] 
2013-08-03T19:19:12.141+0100: 296.515: [GC [PSYoungGen: 128400K->4736K(148736K)] 270487K->146823K(354944K), 0.0480510 secs] [Times: user=0.07 sys=0.02, real=0.05 secs] 
2013-08-03T19:19:22.015+0100: 306.389: [GC [PSYoungGen: 128192K->4928K(148352K)] 270279K->147015K(354560K), 0.0760800 secs] [Times: user=0.05 sys=0.03, real=0.07 secs] 
2013-08-03T19:19:33.816+0100: 318.190: [GC [PSYoungGen: 129472K->5104K(148864K)] 271559K->147191K(355072K), 0.0840900 secs] [Times: user=0.07 sys=0.03, real=0.08 secs] 
2013-08-03T19:19:45.460+0100: 329.834: [GC [PSYoungGen: 129648K->5112K(148992K)] 271735K->147199K(355200K), 0.0640680 secs] [Times: user=0.03 sys=0.04, real=0.06 secs] 
2013-08-03T19:19:54.782+0100: 339.156: [GC [PSYoungGen: 131832K->5416K(149632K)] 273919K->147503K(355840K), 0.0320340 secs] [Times: user=0.05 sys=0.01, real=0.03 secs] 
2013-08-03T19:20:04.712+0100: 349.087: [GC [PSYoungGen: 132136K->5320K(150272K)] 274223K->147407K(356480K), 0.0440470 secs] [Times: user=0.04 sys=0.00, real=0.05 secs] 
2013-08-03T19:21:06.474+0100: 410.848: [GC [PSYoungGen: 134984K->1641K(150976K)] 277071K->143728K(357184K), 0.0160170 secs] [Times: user=0.02 sys=0.00, real=0.02 secs] 
2013-08-03T19:21:07.611+0100: 411.985: [GC [PSYoungGen: 131305K->1306K(152576K)] 273392K->143393K(358784K), 0.0160170 secs] [Times: user=0.03 sys=0.00, real=0.02 secs] 
2013-08-03T19:21:08.308+0100: 412.686: [GC [PSYoungGen: 133594K->1377K(153088K)] 275681K->143464K(359296K), 0.0320340 secs] [Times: user=0.03 sys=0.02, real=0.03 secs] 
2013-08-03T19:21:08.692+0100: 413.066: [GC [PSYoungGen: 133665K->1544K(152704K)] 275752K->143631K(358912K), 0.0040040 secs] [Times: user=0.03 sys=0.00, real=0.01 secs] 
Heap
 PSYoungGen      total 152704K, used 83426K [0xa8b50000, 0xb3460000, 0xb35f0000)
  eden space 133568K, 61% used [0xa8b50000,0xadb46aa8,0xb0dc0000)
  from space 19136K, 8% used [0xb21b0000,0xb2332070,0xb3460000)
  to   space 19776K, 0% used [0xb0dc0000,0xb0dc0000,0xb2110000)
 ParOldGen       total 206208K, used 142087K [0x935f0000, 0x9ff50000, 0xa8b50000)
  object space 206208K, 68% used [0x935f0000,0x9c0b1e18,0x9ff50000)
 PSPermGen       total 49664K, used 35278K [0x835f0000, 0x86670000, 0x935f0000)
  object space 49664K, 71% used [0x835f0000,0x85863af8,0x86670000)
