2013-08-03T19:36:54.949+0100: 1.878: [GC [PSYoungGen: 32768K->5427K(38208K)] 32768K->6439K(125632K), 0.0600640 secs] [Times: user=0.03 sys=0.03, real=0.06 secs] 
2013-08-03T19:36:55.770+0100: 2.699: [GC [PSYoungGen: 38195K->5432K(70976K)] 39207K->8170K(158400K), 0.0480510 secs] [Times: user=0.01 sys=0.04, real=0.05 secs] 
2013-08-03T19:36:58.196+0100: 5.125: [GC [PSYoungGen: 70968K->5432K(70976K)] 73706K->15827K(158400K), 0.1681780 secs] [Times: user=0.05 sys=0.18, real=0.17 secs] 
2013-08-03T19:36:59.153+0100: 6.082: [GC [PSYoungGen: 70968K->5427K(136512K)] 81363K->17928K(223936K), 0.0720760 secs] [Times: user=0.03 sys=0.07, real=0.07 secs] 
2013-08-03T19:37:02.641+0100: 9.570: [GC [PSYoungGen: 120338K->5435K(136512K)] 132839K->35921K(223936K), 0.1201280 secs] [Times: user=0.02 sys=0.16, real=0.12 secs] 
2013-08-03T19:37:02.761+0100: 9.690: [Full GC (System) [PSYoungGen: 5435K->0K(136512K)] [ParOldGen: 30486K->30244K(87424K)] 35921K->30244K(223936K) [PSPermGen: 14651K->14638K(29440K)], 0.2682850 secs] [Times: user=0.28 sys=0.11, real=0.27 secs] 
2013-08-03T19:37:05.684+0100: 12.613: [GC [PSYoungGen: 131072K->5424K(121344K)] 161316K->40781K(208768K), 0.0600640 secs] [Times: user=0.04 sys=0.07, real=0.06 secs] 
2013-08-03T19:37:08.099+0100: 15.028: [GC [PSYoungGen: 121328K->13799K(136512K)] 156685K->49156K(223936K), 0.0360380 secs] [Times: user=0.02 sys=0.01, real=0.03 secs] 
2013-08-03T19:37:10.337+0100: 17.266: [GC [PSYoungGen: 129703K->20543K(144576K)] 165060K->60454K(232000K), 0.1681780 secs] [Times: user=0.08 sys=0.15, real=0.17 secs] 
2013-08-03T19:37:11.422+0100: 18.351: [GC [PSYoungGen: 144575K->24536K(148608K)] 184486K->64448K(236032K), 0.0520550 secs] [Times: user=0.04 sys=0.06, real=0.05 secs] 
2013-08-03T19:37:12.039+0100: 18.968: [GC [PSYoungGen: 148568K->20896K(141824K)] 188480K->71193K(229248K), 0.1001060 secs] [Times: user=0.04 sys=0.10, real=0.10 secs] 
2013-08-03T19:37:14.738+0100: 21.667: [GC [PSYoungGen: 136608K->19582K(135296K)] 186905K->83295K(222720K), 0.2963140 secs] [Times: user=0.00 sys=0.23, real=0.30 secs] 
2013-08-03T19:37:15.779+0100: 22.708: [GC [PSYoungGen: 135294K->1048K(142848K)] 199007K->83604K(230272K), 0.1081140 secs] [Times: user=0.02 sys=0.11, real=0.11 secs] 
2013-08-03T19:37:15.887+0100: 22.816: [Full GC [PSYoungGen: 1048K->0K(142848K)] [ParOldGen: 82555K->78477K(142720K)] 83604K->78477K(285568K) [PSPermGen: 23350K->23342K(39680K)], 0.6687100 secs] [Times: user=0.23 sys=0.35, real=0.67 secs] 
2013-08-03T19:37:17.709+0100: 24.638: [GC [PSYoungGen: 113152K->7624K(143936K)] 191629K->86101K(286656K), 0.0560600 secs] [Times: user=0.02 sys=0.04, real=0.06 secs] 
2013-08-03T19:37:18.726+0100: 25.655: [GC [PSYoungGen: 120776K->14591K(140864K)] 199253K->99803K(283584K), 0.0720760 secs] [Times: user=0.00 sys=0.06, real=0.08 secs] 
2013-08-03T19:37:20.396+0100: 27.325: [GC [PSYoungGen: 128319K->10176K(142656K)] 213531K->107532K(285376K), 0.0840890 secs] [Times: user=0.04 sys=0.07, real=0.09 secs] 
2013-08-03T19:37:22.990+0100: 29.920: [GC [PSYoungGen: 123904K->11676K(142464K)] 221260K->118292K(285184K), 0.0880930 secs] [Times: user=0.03 sys=0.11, real=0.09 secs] 
2013-08-03T19:37:25.257+0100: 32.186: [GC [PSYoungGen: 129436K->11892K(144576K)] 236052K->129331K(287296K), 0.0880940 secs] [Times: user=0.05 sys=0.08, real=0.09 secs] 
2013-08-03T19:40:56.829+0100: 243.759: [GC [PSYoungGen: 129652K->11803K(144768K)] 247091K->140306K(287488K), 0.0680720 secs] [Times: user=0.06 sys=0.03, real=0.07 secs] 
2013-08-03T19:40:56.897+0100: 243.827: [Full GC [PSYoungGen: 11803K->0K(144768K)] [ParOldGen: 128503K->128782K(209152K)] 140306K->128782K(353920K) [PSPermGen: 34840K->34720K(49664K)], 0.7127560 secs] [Times: user=0.70 sys=0.27, real=0.71 secs] 
2013-08-03T19:41:02.720+0100: 249.649: [GC [PSYoungGen: 122240K->10961K(146816K)] 251022K->139743K(355968K), 0.0280300 secs] [Times: user=0.05 sys=0.00, real=0.03 secs] 
2013-08-03T19:41:17.459+0100: 264.389: [GC [PSYoungGen: 133201K->3760K(150080K)] 261983K->142780K(359232K), 0.0840890 secs] [Times: user=0.09 sys=0.04, real=0.08 secs] 
2013-08-03T19:41:34.281+0100: 281.210: [GC [PSYoungGen: 130160K->3968K(130368K)] 269180K->143056K(339520K), 0.0320340 secs] [Times: user=0.04 sys=0.00, real=0.04 secs] 
2013-08-03T19:42:17.411+0100: 324.340: [GC [PSYoungGen: 130368K->2952K(150336K)] 269456K->142041K(359488K), 0.0640680 secs] [Times: user=0.04 sys=0.06, real=0.06 secs] 
2013-08-03T19:42:18.316+0100: 325.245: [GC [PSYoungGen: 129032K->1033K(127168K)] 268121K->140121K(336320K), 0.0120130 secs] [Times: user=0.01 sys=0.01, real=0.02 secs] 
2013-08-03T19:42:18.844+0100: 325.774: [GC [PSYoungGen: 127113K->1153K(150400K)] 266201K->140241K(359552K), 0.0080090 secs] [Times: user=0.01 sys=0.00, real=0.01 secs] 
2013-08-03T19:42:19.265+0100: 326.198: [GC [PSYoungGen: 127105K->1264K(127232K)] 266193K->140352K(336384K), 0.0120120 secs] [Times: user=0.01 sys=0.00, real=0.01 secs] 
Heap
 PSYoungGen      total 127232K, used 126867K [0xa8ba0000, 0xb3560000, 0xb3640000)
  eden space 125952K, 99% used [0xa8ba0000,0xb0648cb8,0xb06a0000)
  from space 1280K, 98% used [0xb06a0000,0xb07dc0a0,0xb07e0000)
  to   space 23936K, 0% used [0xb1e00000,0xb1e00000,0xb3560000)
 ParOldGen       total 209152K, used 139088K [0x93640000, 0xa0280000, 0xa8ba0000)
  object space 209152K, 66% used [0x93640000,0x9be14038,0xa0280000)
 PSPermGen       total 49664K, used 35238K [0x83640000, 0x866c0000, 0x93640000)
  object space 49664K, 70% used [0x83640000,0x858a98c8,0x866c0000)
