2013-08-05T12:53:09.866+0100: 7.728: [GC [PSYoungGen: 131072K->18199K(152896K)] 131072K->18267K(502464K), 0.2722890 secs] [Times: user=0.09 sys=0.17, real=0.27 secs] 
2013-08-05T12:53:13.102+0100: 10.964: [GC [PSYoungGen: 149271K->16414K(152896K)] 149339K->16482K(502464K), 0.1281360 secs] [Times: user=0.09 sys=0.10, real=0.13 secs] 
2013-08-05T12:53:15.240+0100: 13.102: [GC [PSYoungGen: 75863K->21821K(152896K)] 75931K->29271K(502464K), 0.1481570 secs] [Times: user=0.11 sys=0.11, real=0.15 secs] 
2013-08-05T12:53:15.388+0100: 13.250: [Full GC (System) [PSYoungGen: 21821K->0K(152896K)] [ParOldGen: 7449K->29036K(349568K)] 29271K->29036K(502464K) [PSPermGen: 14646K->14633K(29440K)], 0.3203400 secs] [Times: user=0.25 sys=0.25, real=0.32 secs] 
2013-08-05T12:53:18.211+0100: 16.073: [GC [PSYoungGen: 131072K->10527K(152896K)] 160108K->39564K(502464K), 0.0520550 secs] [Times: user=0.09 sys=0.01, real=0.05 secs] 
2013-08-05T12:53:20.622+0100: 18.484: [GC [PSYoungGen: 141599K->18877K(152896K)] 170636K->47914K(502464K), 0.0720760 secs] [Times: user=0.07 sys=0.02, real=0.07 secs] 
2013-08-05T12:53:23.036+0100: 20.898: [GC [PSYoungGen: 149949K->21810K(129472K)] 178986K->58815K(479040K), 0.1721830 secs] [Times: user=0.12 sys=0.20, real=0.18 secs] 
2013-08-05T12:53:24.261+0100: 22.123: [GC [PSYoungGen: 129458K->24723K(132416K)] 166463K->61728K(481984K), 0.0480510 secs] [Times: user=0.06 sys=0.02, real=0.05 secs] 
2013-08-05T12:53:25.555+0100: 23.417: [GC [PSYoungGen: 132371K->29369K(136640K)] 169376K->66374K(486208K), 0.1041100 secs] [Times: user=0.06 sys=0.02, real=0.10 secs] 
2013-08-05T12:53:29.871+0100: 27.733: [GC [PSYoungGen: 132153K->30002K(132800K)] 169158K->79036K(482368K), 0.2162300 secs] [Times: user=0.16 sys=0.09, real=0.22 secs] 
2013-08-05T12:53:31.689+0100: 29.551: [GC [PSYoungGen: 132786K->19775K(137984K)] 181820K->80939K(487552K), 0.0961020 secs] [Times: user=0.09 sys=0.02, real=0.09 secs] 
2013-08-05T12:53:33.107+0100: 30.969: [GC [PSYoungGen: 120063K->4905K(105216K)] 181227K->81417K(454784K), 0.0880940 secs] [Times: user=0.09 sys=0.05, real=0.09 secs] 
2013-08-05T12:53:34.608+0100: 32.470: [GC [PSYoungGen: 105193K->13711K(136960K)] 181705K->94880K(486528K), 0.0560590 secs] [Times: user=0.03 sys=0.05, real=0.06 secs] 
2013-08-05T12:53:35.866+0100: 33.728: [GC [PSYoungGen: 112335K->11113K(136384K)] 193504K->103612K(485952K), 0.0480510 secs] [Times: user=0.04 sys=0.04, real=0.05 secs] 
2013-08-05T12:53:37.355+0100: 35.217: [GC [PSYoungGen: 109737K->8512K(137216K)] 202236K->110919K(486784K), 0.1241320 secs] [Times: user=0.06 sys=0.06, real=0.12 secs] 
2013-08-05T12:53:40.086+0100: 37.948: [GC [PSYoungGen: 108160K->10117K(137152K)] 210567K->120195K(486720K), 0.1001060 secs] [Times: user=0.11 sys=0.04, real=0.10 secs] 
2013-08-05T12:53:42.969+0100: 40.831: [GC [PSYoungGen: 109765K->10431K(138560K)] 219843K->129780K(488128K), 0.0800850 secs] [Times: user=0.07 sys=0.05, real=0.08 secs] 
2013-08-05T12:57:06.946+0100: 244.808: [GC [PSYoungGen: 112063K->8515K(137792K)] 231412K->137588K(487360K), 0.0800850 secs] [Times: user=0.08 sys=0.04, real=0.08 secs] 
2013-08-05T12:57:12.636+0100: 250.498: [GC [PSYoungGen: 110147K->17607K(140416K)] 239220K->154874K(489984K), 0.0520550 secs] [Times: user=0.07 sys=0.01, real=0.06 secs] 
2013-08-05T12:57:23.231+0100: 261.093: [GC [PSYoungGen: 122439K->3985K(139136K)] 259706K->157001K(488704K), 0.0520550 secs] [Times: user=0.05 sys=0.02, real=0.05 secs] 
2013-08-05T12:57:33.498+0100: 271.360: [GC [PSYoungGen: 108817K->3552K(140288K)] 261833K->157533K(489856K), 0.0680720 secs] [Times: user=0.05 sys=0.04, real=0.08 secs] 
2013-08-05T12:57:44.734+0100: 282.596: [GC [PSYoungGen: 109344K->3888K(140224K)] 263325K->157937K(489792K), 0.0680720 secs] [Times: user=0.05 sys=0.03, real=0.07 secs] 
2013-08-05T12:57:54.292+0100: 292.154: [GC [PSYoungGen: 109680K->3776K(141312K)] 263729K->157881K(490880K), 0.0480510 secs] [Times: user=0.05 sys=0.02, real=0.05 secs] 
2013-08-05T12:58:05.836+0100: 303.698: [GC [PSYoungGen: 111040K->3664K(140672K)] 265145K->157841K(490240K), 0.0440460 secs] [Times: user=0.06 sys=0.00, real=0.04 secs] 
2013-08-05T12:58:16.347+0100: 314.209: [GC [PSYoungGen: 110928K->3776K(142976K)] 265105K->158021K(492544K), 0.0600640 secs] [Times: user=0.03 sys=0.04, real=0.06 secs] 
2013-08-05T12:58:27.007+0100: 324.869: [GC [PSYoungGen: 114112K->3808K(142080K)] 268357K->158165K(491648K), 0.0480510 secs] [Times: user=0.05 sys=0.02, real=0.05 secs] 
2013-08-05T12:58:37.438+0100: 335.300: [GC [PSYoungGen: 114144K->4207K(145216K)] 268501K->158664K(494784K), 0.0320340 secs] [Times: user=0.04 sys=0.01, real=0.03 secs] 
2013-08-05T12:58:47.148+0100: 345.010: [GC [PSYoungGen: 118767K->4160K(144064K)] 273224K->158693K(493632K), 0.0200210 secs] [Times: user=0.02 sys=0.00, real=0.02 secs] 
2013-08-05T12:59:35.952+0100: 393.814: [GC [PSYoungGen: 118720K->2432K(147328K)] 273253K->157033K(496896K), 0.0440470 secs] [Times: user=0.05 sys=0.01, real=0.04 secs] 
2013-08-05T12:59:37.546+0100: 395.408: [GC [PSYoungGen: 121472K->737K(146432K)] 276073K->155530K(496000K), 0.0280300 secs] [Times: user=0.05 sys=0.00, real=0.03 secs] 
2013-08-05T12:59:38.555+0100: 396.417: [GC [PSYoungGen: 119777K->320K(148800K)] 274570K->155742K(498368K), 0.0400420 secs] [Times: user=0.01 sys=0.02, real=0.04 secs] 
2013-08-05T12:59:39.051+0100: 396.913: [GC [PSYoungGen: 122432K->176K(148032K)] 277854K->155893K(497600K), 0.0640680 secs] [Times: user=0.01 sys=0.04, real=0.07 secs] 
2013-08-05T12:59:39.808+0100: 397.670: [GC [PSYoungGen: 122288K->208K(150592K)] 278005K->156061K(500160K), 0.0080080 secs] [Times: user=0.02 sys=0.00, real=0.01 secs] 
Heap
 PSYoungGen      total 150592K, used 38396K [0xa8ba0000, 0xb3640000, 0xb3640000)
  eden space 125504K, 30% used [0xa8ba0000,0xab0eb208,0xb0630000)
  from space 25088K, 0% used [0xb1dc0000,0xb1df4000,0xb3640000)
  to   space 24128K, 0% used [0xb0630000,0xb0630000,0xb1dc0000)
 ParOldGen       total 349568K, used 155853K [0x93640000, 0xa8ba0000, 0xa8ba0000)
  object space 349568K, 44% used [0x93640000,0x9ce734d0,0xa8ba0000)
 PSPermGen       total 35328K, used 35317K [0x83640000, 0x858c0000, 0x93640000)
  object space 35328K, 99% used [0x83640000,0x858bd748,0x858c0000)
