2013-08-04T04:56:18.598+0100: 1.694: [GC [PSYoungGen: 32768K->5429K(38208K)] 32768K->6441K(125632K), 0.0880940 secs] [Times: user=0.04 sys=0.04, real=0.09 secs] 
2013-08-04T04:56:19.355+0100: 2.451: [GC [PSYoungGen: 38197K->5426K(70976K)] 39209K->8156K(158400K), 0.0280300 secs] [Times: user=0.00 sys=0.05, real=0.02 secs] 
2013-08-04T04:56:21.277+0100: 4.373: [GC [PSYoungGen: 70962K->5428K(70976K)] 73692K->15801K(158400K), 0.0961020 secs] [Times: user=0.05 sys=0.09, real=0.09 secs] 
2013-08-04T04:56:21.970+0100: 5.065: [GC [PSYoungGen: 70964K->5434K(136512K)] 81337K->17885K(223936K), 0.0520550 secs] [Times: user=0.02 sys=0.06, real=0.05 secs] 
2013-08-04T04:56:25.286+0100: 8.381: [GC [PSYoungGen: 120333K->5426K(136512K)] 132784K->35847K(223936K), 0.2042160 secs] [Times: user=0.04 sys=0.22, real=0.21 secs] 
2013-08-04T04:56:25.490+0100: 8.585: [Full GC (System) [PSYoungGen: 5426K->0K(136512K)] [ParOldGen: 30421K->30279K(87424K)] 35847K->30279K(223936K) [PSPermGen: 14689K->14676K(29440K)], 0.4044300 secs] [Times: user=0.20 sys=0.27, real=0.40 secs] 
2013-08-04T04:56:28.061+0100: 11.156: [GC [PSYoungGen: 131072K->5429K(121408K)] 161351K->40819K(208832K), 0.0400420 secs] [Times: user=0.03 sys=0.04, real=0.04 secs] 
2013-08-04T04:56:29.774+0100: 12.870: [GC [PSYoungGen: 121397K->13730K(136512K)] 156787K->49120K(223936K), 0.0360380 secs] [Times: user=0.03 sys=0.00, real=0.03 secs] 
2013-08-04T04:56:31.672+0100: 14.768: [GC [PSYoungGen: 129698K->20471K(144640K)] 165088K->60459K(232064K), 0.1922040 secs] [Times: user=0.08 sys=0.20, real=0.19 secs] 
2013-08-04T04:56:33.054+0100: 16.149: [GC [PSYoungGen: 144631K->23748K(147968K)] 184619K->63736K(235392K), 0.0760800 secs] [Times: user=0.05 sys=0.05, real=0.08 secs] 
2013-08-04T04:56:33.999+0100: 17.094: [GC [PSYoungGen: 147908K->20697K(143232K)] 187896K->70737K(230656K), 0.0720760 secs] [Times: user=0.04 sys=0.09, real=0.07 secs] 
2013-08-04T04:56:36.522+0100: 19.617: [GC [PSYoungGen: 137177K->19975K(136512K)] 187217K->83179K(223936K), 0.1161230 secs] [Times: user=0.06 sys=0.14, real=0.11 secs] 
2013-08-04T04:56:37.591+0100: 20.686: [GC [PSYoungGen: 136455K->1072K(143040K)] 199659K->83483K(230464K), 0.1721830 secs] [Times: user=0.06 sys=0.16, real=0.18 secs] 
2013-08-04T04:56:37.767+0100: 20.862: [Full GC [PSYoungGen: 1072K->0K(143040K)] [ParOldGen: 82410K->78528K(144448K)] 83483K->78528K(287488K) [PSPermGen: 23360K->23351K(39680K)], 0.6687100 secs] [Times: user=0.68 sys=0.26, real=0.67 secs] 
2013-08-04T04:56:39.849+0100: 22.944: [GC [PSYoungGen: 113536K->7870K(144128K)] 192064K->86398K(288576K), 0.0440470 secs] [Times: user=0.01 sys=0.02, real=0.04 secs] 
2013-08-04T04:56:40.582+0100: 23.677: [GC [PSYoungGen: 121406K->14508K(141056K)] 199934K->100042K(285504K), 0.0560590 secs] [Times: user=0.02 sys=0.04, real=0.06 secs] 
2013-08-04T04:56:42.107+0100: 25.203: [GC [PSYoungGen: 128620K->10112K(142848K)] 214154K->107778K(287296K), 0.0880930 secs] [Times: user=0.04 sys=0.04, real=0.08 secs] 
2013-08-04T04:56:44.814+0100: 27.910: [GC [PSYoungGen: 124224K->11580K(142656K)] 221890K->118481K(287104K), 0.1001060 secs] [Times: user=0.06 sys=0.09, real=0.10 secs] 
2013-08-04T04:56:47.101+0100: 30.196: [GC [PSYoungGen: 129724K->12087K(144768K)] 236625K->129643K(289216K), 0.0840890 secs] [Times: user=0.04 sys=0.09, real=0.09 secs] 
2013-08-04T05:00:20.315+0100: 243.410: [GC [PSYoungGen: 130231K->13720K(145216K)] 247787K->142530K(289664K), 0.0560600 secs] [Times: user=0.06 sys=0.02, real=0.05 secs] 
2013-08-04T05:00:20.419+0100: 243.514: [Full GC [PSYoungGen: 13720K->0K(145216K)] [ParOldGen: 128810K->131033K(215424K)] 142530K->131033K(360640K) [PSPermGen: 34753K->34681K(49664K)], 1.1091770 secs] [Times: user=0.53 sys=0.61, real=1.11 secs] 
2013-08-04T05:00:23.943+0100: 247.038: [GC [PSYoungGen: 122624K->13149K(147136K)] 253657K->144183K(362560K), 0.0600640 secs] [Times: user=0.02 sys=0.03, real=0.06 secs] 
2013-08-04T05:00:30.334+0100: 253.433: [GC [PSYoungGen: 135773K->3673K(150208K)] 266807K->144786K(365632K), 0.0640680 secs] [Times: user=0.06 sys=0.03, real=0.06 secs] 
2013-08-04T05:00:42.779+0100: 265.874: [GC [PSYoungGen: 130521K->5408K(150784K)] 271634K->147978K(366208K), 0.1001060 secs] [Times: user=0.09 sys=0.07, real=0.10 secs] 
2013-08-04T05:00:52.429+0100: 275.528: [GC [PSYoungGen: 132256K->5136K(150400K)] 274826K->147706K(365824K), 0.0280290 secs] [Times: user=0.04 sys=0.02, real=0.03 secs] 
2013-08-04T05:01:02.700+0100: 285.795: [GC [PSYoungGen: 131984K->5632K(150592K)] 274554K->148202K(366016K), 0.1041100 secs] [Times: user=0.03 sys=0.03, real=0.10 secs] 
2013-08-04T05:02:12.642+0100: 355.738: [GC [PSYoungGen: 132454K->3351K(150848K)] 275024K->145921K(366272K), 0.0280300 secs] [Times: user=0.05 sys=0.00, real=0.03 secs] 
2013-08-04T05:02:28.631+0100: 371.727: [GC [PSYoungGen: 130903K->1152K(150784K)] 273473K->143722K(366208K), 0.0640680 secs] [Times: user=0.00 sys=0.06, real=0.07 secs] 
2013-08-04T05:02:29.220+0100: 372.315: [GC [PSYoungGen: 128704K->1376K(151168K)] 271274K->143947K(366592K), 0.0080090 secs] [Times: user=0.01 sys=0.00, real=0.01 secs] 
2013-08-04T05:02:29.816+0100: 372.912: [GC [PSYoungGen: 129568K->1416K(151296K)] 272139K->143986K(366720K), 0.0160170 secs] [Times: user=0.02 sys=0.00, real=0.01 secs] 
2013-08-04T05:02:30.225+0100: 373.320: [GC [PSYoungGen: 129608K->1536K(150720K)] 272178K->144107K(366144K), 0.0120130 secs] [Times: user=0.01 sys=0.00, real=0.01 secs] 
Heap
 PSYoungGen      total 150720K, used 29014K [0xa8b80000, 0xb34a0000, 0xb3620000)
  eden space 128896K, 21% used [0xa8b80000,0xaa655428,0xb0960000)
  from space 21824K, 7% used [0xb1f50000,0xb20d03e0,0xb34a0000)
  to   space 22144K, 0% used [0xb0960000,0xb0960000,0xb1f00000)
 ParOldGen       total 215424K, used 142570K [0x93620000, 0xa0880000, 0xa8b80000)
  object space 215424K, 66% used [0x93620000,0x9c15a870,0xa0880000)
 PSPermGen       total 49664K, used 35343K [0x83620000, 0x866a0000, 0x93620000)
  object space 49664K, 71% used [0x83620000,0x858a3cd8,0x866a0000)
