2013-08-04T02:36:37.282+0100: 2.214: [GC [PSYoungGen: 32768K->5434K(38208K)] 32768K->6431K(125632K), 0.0880930 secs] [Times: user=0.04 sys=0.05, real=0.08 secs] 
2013-08-04T02:36:38.664+0100: 3.596: [GC [PSYoungGen: 38202K->5433K(70976K)] 39199K->8151K(158400K), 0.0680720 secs] [Times: user=0.02 sys=0.05, real=0.06 secs] 
2013-08-04T02:36:40.758+0100: 5.690: [GC [PSYoungGen: 70969K->5438K(70976K)] 73687K->15472K(158400K), 0.1241320 secs] [Times: user=0.06 sys=0.11, real=0.17 secs] 
2013-08-04T02:36:41.603+0100: 6.535: [GC [PSYoungGen: 70974K->5437K(136512K)] 81008K->17551K(223936K), 0.0440460 secs] [Times: user=0.03 sys=0.05, real=0.05 secs] 
2013-08-04T02:36:45.483+0100: 10.415: [GC [PSYoungGen: 121580K->5436K(136512K)] 133693K->35367K(223936K), 0.2322460 secs] [Times: user=0.07 sys=0.27, real=0.23 secs] 
2013-08-04T02:36:45.715+0100: 10.647: [Full GC (System) [PSYoungGen: 5436K->0K(136512K)] [ParOldGen: 29930K->30304K(87424K)] 35367K->30304K(223936K) [PSPermGen: 14653K->14641K(29440K)], 0.2082210 secs] [Times: user=0.24 sys=0.08, real=0.21 secs] 
2013-08-04T02:36:47.709+0100: 12.641: [GC [PSYoungGen: 131072K->5434K(121664K)] 161376K->40839K(209088K), 0.0400420 secs] [Times: user=0.01 sys=0.07, real=0.04 secs] 
2013-08-04T02:36:49.243+0100: 14.175: [GC [PSYoungGen: 121658K->13802K(136512K)] 157063K->49207K(223936K), 0.0160170 secs] [Times: user=0.03 sys=0.00, real=0.01 secs] 
2013-08-04T02:36:50.820+0100: 15.753: [GC [PSYoungGen: 130026K->20274K(145216K)] 165431K->60004K(232640K), 0.1041110 secs] [Times: user=0.03 sys=0.13, real=0.11 secs] 
2013-08-04T02:36:51.854+0100: 16.786: [GC [PSYoungGen: 145202K->24198K(149184K)] 184932K->63928K(236608K), 0.0680720 secs] [Times: user=0.05 sys=0.06, real=0.07 secs] 
2013-08-04T02:36:52.783+0100: 17.715: [GC [PSYoungGen: 149126K->20989K(142016K)] 188856K->71151K(229440K), 0.1521610 secs] [Times: user=0.06 sys=0.09, real=0.15 secs] 
2013-08-04T02:36:55.225+0100: 20.157: [GC [PSYoungGen: 137469K->19856K(136384K)] 187631K->83069K(223808K), 0.1641740 secs] [Times: user=0.08 sys=0.10, real=0.17 secs] 
2013-08-04T02:36:56.190+0100: 21.122: [GC [PSYoungGen: 136336K->1048K(143040K)] 199549K->83340K(230464K), 0.1081150 secs] [Times: user=0.01 sys=0.13, real=0.10 secs] 
2013-08-04T02:36:56.298+0100: 21.231: [Full GC [PSYoungGen: 1048K->0K(143040K)] [ParOldGen: 82292K->78382K(143808K)] 83340K->78382K(286848K) [PSPermGen: 23360K->23351K(39680K)], 0.5766120 secs] [Times: user=0.30 sys=0.35, real=0.58 secs] 
2013-08-04T02:36:58.048+0100: 22.980: [GC [PSYoungGen: 113536K->8083K(144128K)] 191918K->86466K(287936K), 0.0600640 secs] [Times: user=0.05 sys=0.06, real=0.06 secs] 
2013-08-04T02:36:59.185+0100: 24.118: [GC [PSYoungGen: 121619K->14450K(141120K)] 200002K->99983K(284928K), 0.0760800 secs] [Times: user=0.05 sys=0.06, real=0.08 secs] 
2013-08-04T02:37:01.368+0100: 26.300: [GC [PSYoungGen: 128626K->10249K(142848K)] 214159K->107894K(286656K), 0.1201270 secs] [Times: user=0.04 sys=0.10, real=0.12 secs] 
2013-08-04T02:37:04.311+0100: 29.243: [GC [PSYoungGen: 124425K->11714K(142976K)] 222070K->118666K(286784K), 0.0880940 secs] [Times: user=0.06 sys=0.09, real=0.09 secs] 
2013-08-04T02:37:10.213+0100: 35.145: [GC [PSYoungGen: 130050K->11747K(144896K)] 237002K->129507K(288704K), 0.0840890 secs] [Times: user=0.08 sys=0.07, real=0.09 secs] 
2013-08-04T02:40:38.514+0100: 243.446: [GC [PSYoungGen: 130083K->14741K(146240K)] 247843K->132502K(290048K), 0.0680720 secs] [Times: user=0.07 sys=0.04, real=0.07 secs] 
2013-08-04T02:40:41.573+0100: 246.506: [GC [PSYoungGen: 137493K->24831K(147584K)] 255254K->151445K(291392K), 0.1121190 secs] [Times: user=0.10 sys=0.06, real=0.12 secs] 
2013-08-04T02:40:41.686+0100: 246.618: [Full GC [PSYoungGen: 24831K->0K(147584K)] [ParOldGen: 126613K->140130K(223872K)] 151445K->140130K(371456K) [PSPermGen: 34850K->34771K(49664K)], 0.9810410 secs] [Times: user=0.87 sys=0.45, real=0.98 secs] 
2013-08-04T02:40:47.900+0100: 252.832: [GC [PSYoungGen: 122752K->6151K(139392K)] 262882K->146281K(363264K), 0.0280300 secs] [Times: user=0.04 sys=0.01, real=0.04 secs] 
2013-08-04T02:40:59.625+0100: 264.557: [GC [PSYoungGen: 118407K->8120K(143488K)] 258537K->148250K(367360K), 0.0961020 secs] [Times: user=0.06 sys=0.07, real=0.09 secs] 
2013-08-04T02:41:08.366+0100: 273.298: [GC [PSYoungGen: 120376K->8872K(141056K)] 260506K->149002K(364928K), 0.0680720 secs] [Times: user=0.03 sys=0.00, real=0.07 secs] 
2013-08-04T02:41:25.112+0100: 290.044: [GC [PSYoungGen: 121768K->9112K(142592K)] 261898K->149242K(366464K), 0.0560600 secs] [Times: user=0.04 sys=0.02, real=0.05 secs] 
2013-08-04T02:42:20.002+0100: 344.934: [GC [PSYoungGen: 122008K->5729K(143680K)] 262138K->145860K(367552K), 0.0200210 secs] [Times: user=0.01 sys=0.02, real=0.02 secs] 
2013-08-04T02:42:20.823+0100: 345.755: [GC [PSYoungGen: 122017K->5730K(144640K)] 262148K->145861K(368512K), 0.0280300 secs] [Times: user=0.01 sys=0.02, real=0.03 secs] 
2013-08-04T02:42:21.423+0100: 346.356: [GC [PSYoungGen: 122018K->5817K(144512K)] 262149K->145947K(368384K), 0.0160170 secs] [Times: user=0.03 sys=0.00, real=0.02 secs] 
2013-08-04T02:42:22.032+0100: 346.964: [GC [PSYoungGen: 124345K->5897K(145664K)] 264475K->146027K(369536K), 0.0160170 secs] [Times: user=0.03 sys=0.00, real=0.02 secs] 
2013-08-04T02:42:22.573+0100: 347.505: [GC [PSYoungGen: 124425K->6192K(145408K)] 264555K->146322K(369280K), 0.0200210 secs] [Times: user=0.00 sys=0.02, real=0.02 secs] 
Heap
 PSYoungGen      total 145408K, used 16282K [0xa8b50000, 0xb3370000, 0xb35f0000)
  eden space 121216K, 8% used [0xa8b50000,0xa952aa20,0xb01b0000)
  from space 24192K, 25% used [0xb1bd0000,0xb21dc060,0xb3370000)
  to   space 25472K, 0% used [0xb01b0000,0xb01b0000,0xb1a90000)
 ParOldGen       total 223872K, used 140130K [0x935f0000, 0xa1090000, 0xa8b50000)
  object space 223872K, 62% used [0x935f0000,0x9bec8b70,0xa1090000)
 PSPermGen       total 49664K, used 35255K [0x835f0000, 0x86670000, 0x935f0000)
  object space 49664K, 70% used [0x835f0000,0x8585dc88,0x86670000)
