2013-06-22T22:02:07.935+0100: 4.110: [GC 4.110: [DefNew: 34944K->4352K(39296K), 0.0223090 secs] 34944K->6691K(126720K), 0.0223870 secs] [Times: user=0.02 sys=0.00, real=0.02 secs] 
2013-06-22T22:02:09.261+0100: 5.436: [GC 5.436: [DefNew: 39296K->4352K(39296K), 0.0294310 secs] 41635K->10368K(126720K), 0.0294870 secs] [Times: user=0.02 sys=0.00, real=0.03 secs] 
2013-06-22T22:02:10.892+0100: 7.067: [GC 7.067: [DefNew: 39296K->4352K(39296K), 0.0323760 secs] 45312K->14128K(126720K), 0.0324270 secs] [Times: user=0.02 sys=0.00, real=0.03 secs] 
2013-06-22T22:02:11.765+0100: 7.940: [GC 7.940: [DefNew: 39296K->1746K(39296K), 0.0158560 secs] 49072K->15767K(126720K), 0.0159210 secs] [Times: user=0.01 sys=0.00, real=0.02 secs] 
2013-06-22T22:02:12.279+0100: 8.454: [GC 8.454: [DefNew: 36690K->2161K(39296K), 0.0078060 secs] 50711K->16181K(126720K), 0.0078560 secs] [Times: user=0.01 sys=0.00, real=0.01 secs] 
2013-06-22T22:02:12.958+0100: 9.133: [GC 9.133: [DefNew: 37105K->2778K(39296K), 0.0111780 secs] 51125K->16799K(126720K), 0.0112380 secs] [Times: user=0.01 sys=0.00, real=0.01 secs] 
2013-06-22T22:02:13.834+0100: 10.010: [GC 10.010: [DefNew: 37722K->3519K(39296K), 0.0214390 secs] 51743K->18710K(126720K), 0.0214970 secs] [Times: user=0.02 sys=0.00, real=0.02 secs] 
2013-06-22T22:02:15.268+0100: 11.443: [GC 11.443: [DefNew: 38463K->4352K(39296K), 0.0478820 secs] 53654K->29691K(126720K), 0.0479490 secs] [Times: user=0.03 sys=0.01, real=0.05 secs] 
2013-06-22T22:02:16.421+0100: 12.596: [Full GC (System) 12.596: [Tenured: 25339K->33046K(87424K), 0.1201860 secs] 59838K->33046K(126720K), [Perm : 14653K->14653K(16384K)], 0.1213720 secs] [Times: user=0.10 sys=0.01, real=0.12 secs] 
2013-06-22T22:02:17.868+0100: 14.043: [GC 14.043: [DefNew: 35072K->4352K(39424K), 0.0379000 secs] 68118K->38498K(126848K), 0.0379610 secs] [Times: user=0.03 sys=0.00, real=0.03 secs] 
2013-06-22T22:02:18.508+0100: 14.683: [GC 14.683: [DefNew: 39424K->3186K(39424K), 0.0216390 secs] 73570K->41597K(126848K), 0.0216930 secs] [Times: user=0.02 sys=0.01, real=0.02 secs] 
2013-06-22T22:02:18.986+0100: 15.161: [GC 15.161: [DefNew: 38258K->1017K(39424K), 0.0169290 secs] 76669K->42565K(126848K), 0.0170100 secs] [Times: user=0.01 sys=0.01, real=0.02 secs] 
2013-06-22T22:02:19.532+0100: 15.707: [GC 15.707: [DefNew: 36089K->2370K(39424K), 0.0140120 secs] 77637K->43918K(126848K), 0.0140710 secs] [Times: user=0.02 sys=0.00, real=0.02 secs] 
2013-06-22T22:02:20.339+0100: 16.514: [GC 16.514: [DefNew: 37442K->4352K(39424K), 0.0148640 secs] 78990K->46889K(126848K), 0.0149300 secs] [Times: user=0.01 sys=0.00, real=0.01 secs] 
2013-06-22T22:02:20.808+0100: 16.984: [GC 16.984: [DefNew: 39424K->2499K(39424K), 0.0163370 secs] 81961K->48815K(126848K), 0.0163920 secs] [Times: user=0.01 sys=0.00, real=0.02 secs] 
2013-06-22T22:02:21.171+0100: 17.346: [GC 17.346: [DefNew: 37571K->1981K(39424K), 0.0108640 secs] 83887K->50567K(126848K), 0.0109200 secs] [Times: user=0.02 sys=0.00, real=0.02 secs] 
2013-06-22T22:02:22.191+0100: 18.366: [GC 18.366: [DefNew: 37053K->4276K(39424K), 0.0161840 secs] 85639K->52861K(126848K), 0.0162520 secs] [Times: user=0.02 sys=0.00, real=0.02 secs] 
2013-06-22T22:02:22.735+0100: 18.910: [GC 18.910: [DefNew: 39348K->4352K(39424K), 0.0287520 secs] 87933K->56912K(126848K), 0.0288120 secs] [Times: user=0.03 sys=0.00, real=0.03 secs] 
2013-06-22T22:02:22.913+0100: 19.088: [Full GC 19.088: [Tenured: 52560K->57086K(87424K), 0.1535770 secs] 73186K->57086K(126848K), [Perm : 20479K->20479K(20480K)], 0.1536850 secs] [Times: user=0.13 sys=0.00, real=0.16 secs] 
2013-06-22T22:02:23.435+0100: 19.610: [GC 19.610: [DefNew: 38144K->3004K(42880K), 0.0217690 secs] 95230K->60090K(138028K), 0.0218460 secs] [Times: user=0.02 sys=0.00, real=0.02 secs] 
2013-06-22T22:02:23.910+0100: 20.086: [GC 20.086: [DefNew: 41148K->1214K(42880K), 0.0152240 secs] 98234K->61232K(138028K), 0.0152800 secs] [Times: user=0.01 sys=0.01, real=0.02 secs] 
2013-06-22T22:02:24.314+0100: 20.489: [GC 20.490: [DefNew: 39358K->2417K(42880K), 0.0159620 secs] 99376K->62434K(138028K), 0.0160220 secs] [Times: user=0.01 sys=0.00, real=0.01 secs] 
2013-06-22T22:02:24.697+0100: 20.872: [GC 20.872: [DefNew: 40561K->2123K(42880K), 0.0146680 secs] 100578K->63232K(138028K), 0.0147200 secs] [Times: user=0.01 sys=0.00, real=0.01 secs] 
2013-06-22T22:02:25.136+0100: 21.311: [GC 21.311: [DefNew: 40267K->3450K(42880K), 0.0091600 secs] 101376K->64559K(138028K), 0.0092020 secs] [Times: user=0.01 sys=0.00, real=0.01 secs] 
2013-06-22T22:02:25.299+0100: 21.474: [GC 21.474: [DefNew: 41594K->3366K(42880K), 0.0104160 secs] 102703K->65559K(138028K), 0.0104800 secs] [Times: user=0.00 sys=0.00, real=0.01 secs] 
2013-06-22T22:02:25.626+0100: 21.801: [GC 21.801: [DefNew: 41510K->2244K(42880K), 0.0135780 secs] 103703K->66508K(138028K), 0.0136470 secs] [Times: user=0.02 sys=0.00, real=0.01 secs] 
2013-06-22T22:02:26.515+0100: 22.690: [GC 22.690: [DefNew: 40388K->4736K(42880K), 0.0663590 secs] 104652K->74047K(138028K), 0.0664130 secs] [Times: user=0.07 sys=0.00, real=0.06 secs] 
2013-06-22T22:02:28.506+0100: 24.682: [GC 24.682: [DefNew: 42880K->3749K(42880K), 0.0213750 secs] 112191K->77684K(138028K), 0.0213870 secs] [Times: user=0.02 sys=0.01, real=0.02 secs] 
2013-06-22T22:02:30.270+0100: 26.445: [GC 26.445: [DefNew: 41893K->4122K(42880K), 0.0217070 secs] 115828K->81669K(138028K), 0.0217730 secs] [Times: user=0.02 sys=0.00, real=0.02 secs] 
2013-06-22T22:02:30.753+0100: 26.929: [GC 26.929: [DefNew: 42266K->1414K(42880K), 0.0211060 secs] 119813K->82920K(138028K), 0.0211580 secs] [Times: user=0.01 sys=0.01, real=0.03 secs] 
2013-06-22T22:02:31.128+0100: 27.303: [GC 27.303: [DefNew: 39558K->1611K(42880K), 0.0059640 secs] 121064K->83117K(138028K), 0.0060170 secs] [Times: user=0.00 sys=0.00, real=0.01 secs] 
2013-06-22T22:02:31.320+0100: 27.495: [GC 27.495: [DefNew: 39755K->2021K(42880K), 0.0066800 secs] 121261K->83528K(138028K), 0.0067330 secs] [Times: user=0.00 sys=0.00, real=0.01 secs] 
2013-06-22T22:02:31.534+0100: 27.709: [GC 27.709: [DefNew: 40165K->2219K(42880K), 0.0075130 secs] 121672K->83725K(138028K), 0.0075770 secs] [Times: user=0.01 sys=0.00, real=0.01 secs] 
2013-06-22T22:02:32.016+0100: 28.191: [GC 28.191: [DefNew: 40363K->3737K(42880K), 0.0113750 secs] 121869K->85244K(138028K), 0.0114310 secs] [Times: user=0.02 sys=0.00, real=0.01 secs] 
2013-06-22T22:02:32.590+0100: 28.765: [GC 28.765: [DefNew: 41881K->4736K(42880K), 0.0224700 secs] 123388K->89042K(138028K), 0.0225270 secs] [Times: user=0.02 sys=0.00, real=0.02 secs] 
2013-06-22T22:02:32.924+0100: 29.099: [GC 29.100: [DefNew: 42880K->4736K(42880K), 0.0195620 secs] 127186K->94278K(138028K), 0.0196410 secs] [Times: user=0.01 sys=0.01, real=0.02 secs] 
2013-06-22T22:02:33.139+0100: 29.314: [GC 29.314: [DefNew: 42880K->4736K(42880K), 0.0122100 secs] 132422K->99706K(138028K), 0.0122610 secs] [Times: user=0.00 sys=0.01, real=0.01 secs] 
2013-06-22T22:02:33.422+0100: 29.597: [Full GC 29.597: [Tenured: 94970K->95147K(95148K), 0.2670020 secs] 136601K->95341K(138028K), [Perm : 24575K->24575K(24576K)], 0.2671900 secs] [Times: user=0.26 sys=0.00, real=0.26 secs] 
2013-06-22T22:02:34.859+0100: 31.034: [GC 31.034: [DefNew: 63488K->5851K(71424K), 0.1057320 secs] 158635K->100999K(230004K), 0.1058070 secs] [Times: user=0.10 sys=0.00, real=0.11 secs] 
2013-06-22T22:02:35.966+0100: 32.142: [GC 32.142: [DefNew: 69339K->5052K(71424K), 0.0311450 secs] 164487K->105810K(230004K), 0.0312070 secs] [Times: user=0.02 sys=0.00, real=0.03 secs] 
2013-06-22T22:02:37.072+0100: 33.247: [Full GC 33.247: [Tenured: 100758K->98047K(158580K), 0.3146840 secs] 166710K->98047K(230004K), [Perm : 28671K->28646K(28672K)], 0.3148250 secs] [Times: user=0.31 sys=0.00, real=0.32 secs] 
2013-06-22T22:02:38.858+0100: 35.033: [GC 35.033: [DefNew: 65536K->6456K(73664K), 0.0228480 secs] 163583K->104504K(237080K), 0.0229170 secs] [Times: user=0.02 sys=0.00, real=0.02 secs] 
2013-06-22T22:02:39.652+0100: 35.827: [Full GC 35.827: [Tenured: 98047K->106931K(163416K), 0.3362600 secs] 141253K->106931K(237080K), [Perm : 32767K->32767K(32768K)], 0.3364020 secs] [Times: user=0.28 sys=0.00, real=0.34 secs] 
2013-06-22T22:02:46.699+0100: 42.874: [GC 42.874: [DefNew: 71424K->5998K(80320K), 0.0296170 secs] 178355K->112929K(258540K), 0.0297030 secs] [Times: user=0.03 sys=0.00, real=0.03 secs] 
2013-06-22T22:03:08.628+0100: 64.803: [Full GC 64.803: [Tenured: 106931K->108307K(178220K), 0.3770850 secs] 126531K->108307K(258540K), [Perm : 34368K->34368K(34560K)], 0.3772150 secs] [Times: user=0.32 sys=0.01, real=0.38 secs] 
2013-06-22T22:04:26.063+0100: 142.238: [Full GC 142.238: [Tenured: 108307K->107578K(180516K), 0.4001510 secs] 144111K->107578K(261860K), [Perm : 34758K->34758K(34816K)], 0.4002430 secs] [Times: user=0.31 sys=0.00, real=0.40 secs] 
2013-06-22T22:05:37.005+0100: 213.180: [Full GC 213.180: [Tenured: 107578K->98489K(180516K), 0.4384380 secs] 133129K->98489K(261860K), [Perm : 34769K->34702K(34816K)], 0.4385210 secs] [Times: user=0.36 sys=0.01, real=0.44 secs] 
2013-06-22T22:06:42.468+0100: 278.643: [Full GC 278.643: [Tenured: 98489K->98503K(180516K), 0.4159500 secs] 120404K->98503K(261860K), [Perm : 34705K->34705K(34816K)], 0.4160550 secs] [Times: user=0.33 sys=0.00, real=0.41 secs] 
2013-06-22T22:07:56.085+0100: 352.260: [Full GC 352.260: [Tenured: 98503K->98534K(180516K), 0.3872320 secs] 126390K->98534K(261860K), [Perm : 34706K->34706K(34816K)], 0.3874070 secs] [Times: user=0.32 sys=0.00, real=0.38 secs] 
2013-06-22T22:09:00.194+0100: 416.369: [Full GC 416.369: [Tenured: 98534K->98563K(180516K), 0.5358230 secs] 121221K->98563K(261860K), [Perm : 34711K->34711K(34816K)], 0.5359330 secs] [Times: user=0.39 sys=0.00, real=0.53 secs] 
2013-06-22T22:10:48.066+0100: 524.242: [Full GC 524.242: [Tenured: 98563K->98135K(180516K), 0.4465640 secs] 134518K->98135K(261860K), [Perm : 34722K->34722K(34816K)], 0.4466690 secs] [Times: user=0.38 sys=0.00, real=0.44 secs] 
2013-06-22T22:14:24.888+0100: 741.063: [GC 741.064: [DefNew: 72320K->550K(81344K), 0.0081410 secs] 170455K->98686K(261860K), 0.3533560 secs] [Times: user=0.01 sys=0.00, real=0.36 secs] 
2013-06-22T22:15:09.051+0100: 785.226: [GC 785.226: [DefNew: 72862K->1171K(81344K), 0.0112990 secs] 170997K->99307K(261860K), 0.0113780 secs] [Times: user=0.02 sys=0.00, real=0.01 secs] 
2013-06-22T22:15:09.820+0100: 785.995: [GC 785.995: [DefNew: 73491K->1297K(81344K), 0.0087680 secs] 171627K->99433K(261860K), 0.0088360 secs] [Times: user=0.01 sys=0.00, real=0.01 secs] 
2013-06-22T22:15:10.365+0100: 786.540: [GC 786.540: [DefNew: 73617K->1405K(81344K), 0.0145360 secs] 171753K->99541K(261860K), 0.0146040 secs] [Times: user=0.01 sys=0.00, real=0.02 secs] 
2013-06-22T22:15:10.687+0100: 786.862: [GC 786.862: [DefNew: 73725K->1497K(81344K), 0.0157530 secs] 171861K->99632K(261860K), 0.0158540 secs] [Times: user=0.02 sys=0.00, real=0.01 secs] 
2013-06-22T22:15:11.181+0100: 787.356: [GC 787.356: [DefNew: 73817K->1556K(81344K), 0.0085240 secs] 171952K->99692K(261860K), 0.0085540 secs] [Times: user=0.01 sys=0.00, real=0.01 secs] 
2013-06-22T22:15:11.469+0100: 787.644: [GC 787.644: [DefNew: 73876K->1624K(81344K), 0.0095520 secs] 172012K->99760K(261860K), 0.0096340 secs] [Times: user=0.01 sys=0.00, real=0.01 secs] 
2013-06-22T22:15:11.660+0100: 787.835: [GC 787.835: [DefNew: 73944K->1722K(81344K), 0.0099990 secs] 172080K->99858K(261860K), 0.0100700 secs] [Times: user=0.01 sys=0.00, real=0.01 secs] 
Heap
 def new generation   total 81344K, used 30398K [0x83620000, 0x88e60000, 0x8e0c0000)
  eden space 72320K,  39% used [0x83620000, 0x85220d68, 0x87cc0000)
  from space 9024K,  19% used [0x87cc0000, 0x87e6ebc0, 0x88590000)
  to   space 9024K,   0% used [0x88590000, 0x88590000, 0x88e60000)
 tenured generation   total 180516K, used 98135K [0x8e0c0000, 0x99109000, 0xa3620000)
   the space 180516K,  54% used [0x8e0c0000, 0x94095f90, 0x94096000, 0x99109000)
 compacting perm gen  total 35072K, used 34919K [0xa3620000, 0xa5860000, 0xb3620000)
   the space 35072K,  99% used [0xa3620000, 0xa5839e28, 0xa583a000, 0xa5860000)
No shared spaces configured.
