2013-08-04T04:33:04.419+0100: 2.050: [GC [PSYoungGen: 32768K->5437K(38208K)] 32768K->6448K(125632K), 0.0360390 secs] [Times: user=0.03 sys=0.03, real=0.04 secs] 
2013-08-04T04:33:05.548+0100: 3.179: [GC [PSYoungGen: 38205K->5427K(70976K)] 39216K->8155K(158400K), 0.0440470 secs] [Times: user=0.00 sys=0.07, real=0.05 secs] 
2013-08-04T04:33:07.670+0100: 5.302: [GC [PSYoungGen: 70963K->5435K(70976K)] 73691K->15827K(158400K), 0.1241320 secs] [Times: user=0.00 sys=0.08, real=0.13 secs] 
2013-08-04T04:33:08.415+0100: 6.046: [GC [PSYoungGen: 70971K->5439K(136512K)] 81363K->17996K(223936K), 0.0880930 secs] [Times: user=0.01 sys=0.09, real=0.08 secs] 
2013-08-04T04:33:11.718+0100: 9.350: [GC [PSYoungGen: 119841K->5429K(136512K)] 132398K->35910K(223936K), 0.1681790 secs] [Times: user=0.04 sys=0.15, real=0.16 secs] 
2013-08-04T04:33:11.891+0100: 9.522: [Full GC (System) [PSYoungGen: 5429K->0K(136512K)] [ParOldGen: 30481K->30272K(87424K)] 35910K->30272K(223936K) [PSPermGen: 14687K->14674K(29440K)], 0.4644930 secs] [Times: user=0.16 sys=0.31, real=0.46 secs] 
2013-08-04T04:33:14.101+0100: 11.732: [GC [PSYoungGen: 131072K->5430K(121408K)] 161344K->40830K(208832K), 0.0160170 secs] [Times: user=0.01 sys=0.02, real=0.01 secs] 
2013-08-04T04:33:15.679+0100: 13.310: [GC [PSYoungGen: 121398K->13757K(136512K)] 156798K->49157K(223936K), 0.0240260 secs] [Times: user=0.03 sys=0.01, real=0.03 secs] 
2013-08-04T04:33:17.469+0100: 15.100: [GC [PSYoungGen: 129725K->20405K(144576K)] 165125K->60534K(232000K), 0.1641740 secs] [Times: user=0.07 sys=0.17, real=0.16 secs] 
2013-08-04T04:33:18.846+0100: 16.477: [GC [PSYoungGen: 144565K->23599K(147776K)] 184694K->63729K(235200K), 0.0480510 secs] [Times: user=0.05 sys=0.04, real=0.04 secs] 
2013-08-04T04:33:19.515+0100: 17.146: [GC [PSYoungGen: 147759K->19553K(144448K)] 187889K->69912K(231872K), 0.0961020 secs] [Times: user=0.05 sys=0.11, real=0.10 secs] 
2013-08-04T04:33:22.498+0100: 20.129: [GC [PSYoungGen: 137057K->19972K(137536K)] 187416K->83160K(224960K), 0.1281360 secs] [Times: user=0.06 sys=0.10, real=0.13 secs] 
2013-08-04T04:33:23.551+0100: 21.182: [GC [PSYoungGen: 137476K->1080K(143424K)] 200664K->83506K(230848K), 0.1401490 secs] [Times: user=0.09 sys=0.17, real=0.14 secs] 
2013-08-04T04:33:23.691+0100: 21.323: [Full GC [PSYoungGen: 1080K->0K(143424K)] [ParOldGen: 82425K->78570K(143168K)] 83506K->78570K(286592K) [PSPermGen: 23355K->23347K(39680K)], 0.5365690 secs] [Times: user=0.48 sys=0.18, real=0.53 secs] 
2013-08-04T04:33:25.221+0100: 22.852: [GC [PSYoungGen: 114304K->7686K(144512K)] 192874K->86257K(287680K), 0.0160170 secs] [Times: user=0.02 sys=0.00, real=0.01 secs] 
2013-08-04T04:33:25.841+0100: 23.473: [GC [PSYoungGen: 121990K->14635K(141568K)] 200561K->100078K(284736K), 0.0800850 secs] [Times: user=0.06 sys=0.05, real=0.08 secs] 
2013-08-04T04:33:27.395+0100: 25.027: [GC [PSYoungGen: 129451K->10356K(143296K)] 214894K->107997K(286464K), 0.0961020 secs] [Times: user=0.02 sys=0.07, real=0.09 secs] 
2013-08-04T04:33:30.078+0100: 27.709: [GC [PSYoungGen: 125172K->11704K(143168K)] 222813K->118793K(286336K), 0.0800850 secs] [Times: user=0.03 sys=0.08, real=0.08 secs] 
2013-08-04T04:33:32.497+0100: 30.128: [GC [PSYoungGen: 130424K->11827K(145088K)] 237513K->129708K(288256K), 0.0880940 secs] [Times: user=0.06 sys=0.08, real=0.09 secs] 
2013-08-04T04:37:07.361+0100: 244.992: [GC [PSYoungGen: 130547K->9463K(146304K)] 248428K->138410K(289472K), 0.0800850 secs] [Times: user=0.05 sys=0.06, real=0.08 secs] 
2013-08-04T04:37:07.441+0100: 245.072: [Full GC [PSYoungGen: 9463K->0K(146304K)] [ParOldGen: 128946K->126848K(206912K)] 138410K->126848K(353216K) [PSPermGen: 34845K->34771K(49664K)], 0.6206590 secs] [Times: user=0.62 sys=0.16, real=0.62 secs] 
2013-08-04T04:37:15.325+0100: 252.956: [GC [PSYoungGen: 123136K->15426K(147712K)] 249984K->142274K(354624K), 0.0560600 secs] [Times: user=0.03 sys=0.04, real=0.06 secs] 
2013-08-04T04:37:25.828+0100: 263.460: [GC [PSYoungGen: 138562K->4656K(149760K)] 265410K->144693K(356672K), 0.0680720 secs] [Times: user=0.05 sys=0.05, real=0.07 secs] 
2013-08-04T04:37:37.461+0100: 275.092: [GC [PSYoungGen: 129968K->4608K(150016K)] 270005K->144993K(356928K), 0.1121190 secs] [Times: user=0.11 sys=0.05, real=0.11 secs] 
2013-08-04T04:37:48.280+0100: 285.911: [GC [PSYoungGen: 129920K->4736K(149504K)] 270305K->145205K(356416K), 0.0680720 secs] [Times: user=0.01 sys=0.02, real=0.07 secs] 
2013-08-04T04:37:56.721+0100: 294.352: [GC [PSYoungGen: 130048K->5398K(149760K)] 270517K->145867K(356672K), 0.0280300 secs] [Times: user=0.03 sys=0.01, real=0.03 secs] 
2013-08-04T04:38:05.418+0100: 303.050: [GC [PSYoungGen: 130710K->4896K(149440K)] 271179K->145365K(356352K), 0.0520550 secs] [Times: user=0.03 sys=0.02, real=0.05 secs] 
2013-08-04T04:38:13.383+0100: 311.014: [GC [PSYoungGen: 131168K->5232K(149760K)] 271637K->145701K(356672K), 0.0800850 secs] [Times: user=0.03 sys=0.01, real=0.08 secs] 
2013-08-04T04:38:22.552+0100: 320.184: [GC [PSYoungGen: 131504K->5136K(150144K)] 271973K->145605K(357056K), 0.0280290 secs] [Times: user=0.01 sys=0.02, real=0.03 secs] 
2013-08-04T04:38:31.093+0100: 328.725: [GC [PSYoungGen: 133520K->5232K(150528K)] 273989K->145701K(357440K), 0.0440470 secs] [Times: user=0.01 sys=0.02, real=0.05 secs] 
2013-08-04T04:38:41.348+0100: 338.980: [GC [PSYoungGen: 133616K->5344K(151360K)] 274085K->145813K(358272K), 0.0760810 secs] [Times: user=0.03 sys=0.04, real=0.07 secs] 
2013-08-04T04:38:51.383+0100: 349.014: [GC [PSYoungGen: 136480K->5424K(151808K)] 276949K->145893K(358720K), 0.0440460 secs] [Times: user=0.04 sys=0.03, real=0.05 secs] 
2013-08-04T04:39:28.050+0100: 385.681: [GC [PSYoungGen: 136560K->4304K(153280K)] 277029K->144773K(360192K), 0.0400420 secs] [Times: user=0.04 sys=0.00, real=0.04 secs] 
2013-08-04T04:39:37.832+0100: 395.464: [GC [PSYoungGen: 138512K->1184K(153472K)] 278981K->141654K(360384K), 0.0120120 secs] [Times: user=0.02 sys=0.00, real=0.02 secs] 
2013-08-04T04:39:38.389+0100: 396.024: [GC [PSYoungGen: 135392K->1368K(154880K)] 275862K->141838K(361792K), 0.0080080 secs] [Times: user=0.02 sys=0.00, real=0.01 secs] 
2013-08-04T04:39:38.773+0100: 396.405: [GC [PSYoungGen: 137688K->1400K(155200K)] 278158K->141870K(362112K), 0.0120130 secs] [Times: user=0.01 sys=0.00, real=0.02 secs] 
Heap
 PSYoungGen      total 155200K, used 130213K [0xa8ba0000, 0xb35b0000, 0xb3640000)
  eden space 136320K, 94% used [0xa8ba0000,0xb096b260,0xb10c0000)
  from space 18880K, 7% used [0xb10c0000,0xb121e3c8,0xb2330000)
  to   space 18432K, 0% used [0xb23b0000,0xb23b0000,0xb35b0000)
 ParOldGen       total 206912K, used 140469K [0x93640000, 0xa0050000, 0xa8ba0000)
  object space 206912K, 67% used [0x93640000,0x9bf6d680,0xa0050000)
 PSPermGen       total 49664K, used 35250K [0x83640000, 0x866c0000, 0x93640000)
  object space 49664K, 70% used [0x83640000,0x858ac9b8,0x866c0000)
