2013-08-04T03:26:49.936+0100: 2.607: [GC [PSYoungGen: 32768K->5430K(38208K)] 32768K->6441K(125632K), 0.0400420 secs] [Times: user=0.02 sys=0.03, real=0.04 secs] 
2013-08-04T03:26:51.258+0100: 3.928: [GC [PSYoungGen: 38198K->5435K(70976K)] 39209K->8167K(158400K), 0.0720770 secs] [Times: user=0.02 sys=0.06, real=0.07 secs] 
2013-08-04T03:26:53.592+0100: 6.263: [GC [PSYoungGen: 70971K->5431K(70976K)] 73703K->15820K(158400K), 0.0720770 secs] [Times: user=0.03 sys=0.09, real=0.08 secs] 
2013-08-04T03:26:54.421+0100: 7.092: [GC [PSYoungGen: 70967K->5431K(136512K)] 81356K->17942K(223936K), 0.0680720 secs] [Times: user=0.04 sys=0.07, real=0.07 secs] 
2013-08-04T03:26:57.352+0100: 10.023: [GC [PSYoungGen: 119895K->5438K(136512K)] 132405K->35898K(223936K), 0.1601700 secs] [Times: user=0.03 sys=0.14, real=0.16 secs] 
2013-08-04T03:26:57.512+0100: 10.183: [Full GC (System) [PSYoungGen: 5438K->0K(136512K)] [ParOldGen: 30460K->30306K(87424K)] 35898K->30306K(223936K) [PSPermGen: 14653K->14640K(29440K)], 0.2883060 secs] [Times: user=0.22 sys=0.02, real=0.29 secs] 
2013-08-04T03:26:59.843+0100: 12.513: [GC [PSYoungGen: 131072K->5426K(121472K)] 161378K->41110K(208896K), 0.0640680 secs] [Times: user=0.07 sys=0.04, real=0.06 secs] 
2013-08-04T03:27:02.069+0100: 14.740: [GC [PSYoungGen: 121458K->13479K(136512K)] 157142K->49163K(223936K), 0.0240260 secs] [Times: user=0.04 sys=0.02, real=0.03 secs] 
2013-08-04T03:27:03.779+0100: 16.449: [GC [PSYoungGen: 129511K->20285K(145088K)] 165195K->60493K(232512K), 0.1922040 secs] [Times: user=0.11 sys=0.18, real=0.19 secs] 
2013-08-04T03:27:04.804+0100: 17.475: [GC [PSYoungGen: 145085K->24368K(149184K)] 185293K->64575K(236608K), 0.0560600 secs] [Times: user=0.04 sys=0.06, real=0.06 secs] 
2013-08-04T03:27:05.665+0100: 18.335: [GC [PSYoungGen: 149168K->21143K(141760K)] 189375K->71481K(229184K), 0.0961020 secs] [Times: user=0.04 sys=0.12, real=0.10 secs] 
2013-08-04T03:27:08.376+0100: 21.046: [GC [PSYoungGen: 137367K->19582K(135808K)] 187705K->83361K(223232K), 0.0920980 secs] [Times: user=0.05 sys=0.13, real=0.09 secs] 
2013-08-04T03:27:09.333+0100: 22.003: [GC [PSYoungGen: 135806K->1064K(143040K)] 199585K->83668K(230464K), 0.1681780 secs] [Times: user=0.04 sys=0.13, real=0.17 secs] 
2013-08-04T03:27:09.505+0100: 22.176: [Full GC [PSYoungGen: 1064K->0K(143040K)] [ParOldGen: 82603K->78784K(142848K)] 83668K->78784K(285888K) [PSPermGen: 23351K->23342K(39680K)], 0.5485820 secs] [Times: user=0.48 sys=0.16, real=0.55 secs] 
2013-08-04T03:27:11.135+0100: 23.805: [GC [PSYoungGen: 113536K->7803K(144128K)] 192320K->86588K(286976K), 0.0120130 secs] [Times: user=0.01 sys=0.00, real=0.01 secs] 
2013-08-04T03:27:11.804+0100: 24.474: [GC [PSYoungGen: 121339K->14531K(141056K)] 200124K->100285K(283904K), 0.0560600 secs] [Times: user=0.02 sys=0.06, real=0.05 secs] 
2013-08-04T03:27:13.273+0100: 25.944: [GC [PSYoungGen: 128643K->10294K(142848K)] 214397K->108173K(285696K), 0.1241320 secs] [Times: user=0.05 sys=0.08, real=0.12 secs] 
2013-08-04T03:27:15.588+0100: 28.258: [GC [PSYoungGen: 124406K->11749K(142848K)] 222285K->118996K(285696K), 0.0800850 secs] [Times: user=0.00 sys=0.12, real=0.08 secs] 
2013-08-04T03:27:18.138+0100: 30.813: [GC [PSYoungGen: 129957K->11793K(144832K)] 237204K->129917K(287680K), 0.1161230 secs] [Times: user=0.04 sys=0.06, real=0.12 secs] 
2013-08-04T03:30:50.904+0100: 243.579: [GC [PSYoungGen: 130001K->14930K(146240K)] 248125K->144101K(289088K), 0.1441530 secs] [Times: user=0.15 sys=0.06, real=0.15 secs] 
2013-08-04T03:30:51.052+0100: 243.723: [Full GC [PSYoungGen: 14930K->0K(146240K)] [ParOldGen: 129170K->132349K(211904K)] 144101K->132349K(358144K) [PSPermGen: 34712K->34640K(49664K)], 1.4135000 secs] [Times: user=0.88 sys=0.59, real=1.41 secs] 
2013-08-04T03:30:55.741+0100: 248.412: [GC [PSYoungGen: 122624K->10977K(147584K)] 254976K->143330K(359488K), 0.0320340 secs] [Times: user=0.05 sys=0.00, real=0.03 secs] 
2013-08-04T03:30:55.809+0100: 248.480: [GC [PSYoungGen: 12185K->80K(148480K)] 144538K->143413K(360384K), 0.0400420 secs] [Times: user=0.06 sys=0.02, real=0.04 secs] 
2013-08-04T03:31:08.823+0100: 261.494: [GC [PSYoungGen: 124368K->6976K(149504K)] 267701K->150365K(361408K), 0.0961020 secs] [Times: user=0.10 sys=0.01, real=0.10 secs] 
2013-08-04T03:31:26.053+0100: 278.724: [GC [PSYoungGen: 131264K->3808K(148736K)] 274653K->151901K(360640K), 0.0800850 secs] [Times: user=0.05 sys=0.04, real=0.08 secs] 
2013-08-04T03:32:33.781+0100: 346.456: [GC [PSYoungGen: 128605K->1768K(149376K)] 276698K->150565K(361280K), 0.0560590 secs] [Times: user=0.01 sys=0.05, real=0.05 secs] 
2013-08-04T03:32:34.971+0100: 347.641: [GC [PSYoungGen: 126568K->736K(150080K)] 275365K->149910K(361984K), 0.0120120 secs] [Times: user=0.02 sys=0.00, real=0.01 secs] 
2013-08-04T03:32:35.635+0100: 348.306: [GC [PSYoungGen: 126176K->304K(125760K)] 275350K->150112K(337664K), 0.0160170 secs] [Times: user=0.02 sys=0.00, real=0.01 secs] 
2013-08-04T03:32:36.152+0100: 348.822: [GC [PSYoungGen: 125744K->144K(150336K)] 275552K->150236K(362240K), 0.0160170 secs] [Times: user=0.00 sys=0.01, real=0.02 secs] 
2013-08-04T03:32:36.716+0100: 349.391: [GC [PSYoungGen: 125968K->288K(126144K)] 276060K->150496K(338048K), 0.0160170 secs] [Times: user=0.01 sys=0.01, real=0.02 secs] 
Heap
 PSYoungGen      total 126144K, used 18414K [0xa8b70000, 0xb34b0000, 0xb3610000)
  eden space 125824K, 14% used [0xa8b70000,0xa9d23b38,0xb0650000)
  from space 320K, 90% used [0xb0650000,0xb0698000,0xb06a0000)
  to   space 23616K, 0% used [0xb1da0000,0xb1da0000,0xb34b0000)
 ParOldGen       total 211904K, used 150208K [0x93610000, 0xa0500000, 0xa8b70000)
  object space 211904K, 70% used [0x93610000,0x9c8c0190,0xa0500000)
 PSPermGen       total 49664K, used 35216K [0x83610000, 0x86690000, 0x93610000)
  object space 49664K, 70% used [0x83610000,0x85874088,0x86690000)
