2013-08-04T02:05:54.214+0100: 2.266: [GC [PSYoungGen: 32768K->5426K(38208K)] 32768K->6428K(125632K), 0.0560600 secs] [Times: user=0.00 sys=0.06, real=0.06 secs] 
2013-08-04T02:05:55.283+0100: 3.336: [GC [PSYoungGen: 38194K->5426K(70976K)] 39196K->8158K(158400K), 0.0440470 secs] [Times: user=0.02 sys=0.04, real=0.04 secs] 
2013-08-04T02:05:57.894+0100: 5.946: [GC [PSYoungGen: 70962K->5425K(70976K)] 73694K->15826K(158400K), 0.1001060 secs] [Times: user=0.05 sys=0.13, real=0.10 secs] 
2013-08-04T02:05:58.494+0100: 6.547: [GC [PSYoungGen: 70961K->5424K(136512K)] 81362K->17985K(223936K), 0.0600630 secs] [Times: user=0.03 sys=0.08, real=0.06 secs] 
2013-08-04T02:06:01.774+0100: 9.826: [GC [PSYoungGen: 121129K->5430K(136512K)] 133690K->35901K(223936K), 0.2883060 secs] [Times: user=0.06 sys=0.17, real=0.29 secs] 
2013-08-04T02:06:02.062+0100: 10.115: [Full GC (System) [PSYoungGen: 5430K->0K(136512K)] [ParOldGen: 30470K->30334K(87424K)] 35901K->30334K(223936K) [PSPermGen: 14683K->14671K(29440K)], 0.2843020 secs] [Times: user=0.27 sys=0.08, real=0.28 secs] 
2013-08-04T02:06:04.389+0100: 12.441: [GC [PSYoungGen: 131072K->5438K(121408K)] 161406K->40804K(208832K), 0.0280290 secs] [Times: user=0.01 sys=0.03, real=0.03 secs] 
2013-08-04T02:06:06.563+0100: 14.616: [GC [PSYoungGen: 121406K->13760K(136512K)] 156772K->49125K(223936K), 0.0240260 secs] [Times: user=0.03 sys=0.02, real=0.02 secs] 
2013-08-04T02:06:08.765+0100: 16.818: [GC [PSYoungGen: 129728K->20472K(144640K)] 165093K->60539K(232064K), 0.1841950 secs] [Times: user=0.06 sys=0.21, real=0.18 secs] 
2013-08-04T02:06:10.139+0100: 18.191: [GC [PSYoungGen: 144632K->23899K(148096K)] 184699K->63966K(235520K), 0.0600630 secs] [Times: user=0.03 sys=0.04, real=0.06 secs] 
2013-08-04T02:06:10.976+0100: 19.028: [GC [PSYoungGen: 148059K->20019K(143488K)] 188126K->70154K(230912K), 0.1882000 secs] [Times: user=0.08 sys=0.09, real=0.19 secs] 
2013-08-04T02:06:13.719+0100: 21.771: [GC [PSYoungGen: 136883K->20005K(136896K)] 187018K->83398K(224320K), 0.1321400 secs] [Times: user=0.10 sys=0.11, real=0.14 secs] 
2013-08-04T02:06:14.756+0100: 22.808: [GC [PSYoungGen: 136869K->1072K(143168K)] 200262K->83713K(230592K), 0.0961020 secs] [Times: user=0.01 sys=0.09, real=0.10 secs] 
2013-08-04T02:06:14.852+0100: 22.904: [Full GC [PSYoungGen: 1072K->0K(143168K)] [ParOldGen: 82640K->78874K(143360K)] 83713K->78874K(286528K) [PSPermGen: 23358K->23349K(39680K)], 0.5766120 secs] [Times: user=0.36 sys=0.36, real=0.58 secs] 
2013-08-04T02:06:16.714+0100: 24.766: [GC [PSYoungGen: 113792K->7576K(144256K)] 192666K->86451K(287616K), 0.0200210 secs] [Times: user=0.04 sys=0.00, real=0.02 secs] 
2013-08-04T02:06:17.407+0100: 25.459: [GC [PSYoungGen: 121368K->14617K(141312K)] 200243K->100224K(284672K), 0.0440470 secs] [Times: user=0.03 sys=0.03, real=0.04 secs] 
2013-08-04T02:06:18.728+0100: 26.780: [GC [PSYoungGen: 128921K->10345K(143040K)] 214528K->108172K(286400K), 0.0640680 secs] [Times: user=0.05 sys=0.07, real=0.06 secs] 
2013-08-04T02:06:21.683+0100: 29.736: [GC [PSYoungGen: 124649K->11646K(142784K)] 222476K->118884K(286144K), 0.0920980 secs] [Times: user=0.06 sys=0.09, real=0.09 secs] 
2013-08-04T02:06:24.106+0100: 32.158: [GC [PSYoungGen: 129854K->12064K(144768K)] 237092K->130052K(288128K), 0.0640680 secs] [Times: user=0.06 sys=0.06, real=0.07 secs] 
2013-08-04T02:09:55.262+0100: 243.314: [GC [PSYoungGen: 130272K->6431K(147072K)] 248260K->135681K(290432K), 0.0640680 secs] [Times: user=0.05 sys=0.07, real=0.06 secs] 
2013-08-04T02:09:55.326+0100: 243.378: [Full GC [PSYoungGen: 6431K->0K(147072K)] [ParOldGen: 129250K->123819K(205696K)] 135681K->123819K(352768K) [PSPermGen: 34711K->34639K(49664K)], 0.6166540 secs] [Times: user=0.71 sys=0.30, real=0.62 secs] 
2013-08-04T02:09:58.946+0100: 246.998: [GC [PSYoungGen: 122752K->19959K(142720K)] 246571K->143778K(348416K), 0.0400420 secs] [Times: user=0.03 sys=0.03, real=0.04 secs] 
2013-08-04T02:10:21.422+0100: 269.478: [GC [PSYoungGen: 142711K->4236K(147648K)] 266530K->144853K(353344K), 0.0480510 secs] [Times: user=0.04 sys=0.04, real=0.05 secs] 
2013-08-04T02:10:36.009+0100: 284.061: [GC [PSYoungGen: 125068K->3792K(147776K)] 265685K->146417K(353472K), 0.1001060 secs] [Times: user=0.07 sys=0.03, real=0.11 secs] 
2013-08-04T02:11:37.362+0100: 345.415: [GC [PSYoungGen: 124624K->888K(147328K)] 267249K->143514K(353024K), 0.0120130 secs] [Times: user=0.02 sys=0.00, real=0.01 secs] 
2013-08-04T02:11:38.211+0100: 346.264: [GC [PSYoungGen: 121336K->1112K(147584K)] 263962K->143737K(353280K), 0.0200220 secs] [Times: user=0.03 sys=0.00, real=0.02 secs] 
2013-08-04T02:11:39.012+0100: 347.064: [GC [PSYoungGen: 121560K->1232K(146688K)] 264185K->143858K(352384K), 0.0120130 secs] [Times: user=0.02 sys=0.00, real=0.02 secs] 
2013-08-04T02:11:39.448+0100: 347.501: [GC [PSYoungGen: 121808K->1280K(147200K)] 264434K->143906K(352896K), 0.0280290 secs] [Times: user=0.01 sys=0.02, real=0.03 secs] 
Heap
 PSYoungGen      total 147200K, used 111664K [0xa8ba0000, 0xb35a0000, 0xb3640000)
  eden space 120576K, 91% used [0xa8ba0000,0xaf76bfc0,0xb0160000)
  from space 26624K, 4% used [0xb0160000,0xb02a03e8,0xb1b60000)
  to   space 26048K, 0% used [0xb1c30000,0xb1c30000,0xb35a0000)
 ParOldGen       total 205696K, used 142625K [0x93640000, 0x9ff20000, 0xa8ba0000)
  object space 205696K, 69% used [0x93640000,0x9c1886d8,0x9ff20000)
 PSPermGen       total 49664K, used 35274K [0x83640000, 0x866c0000, 0x93640000)
  object space 49664K, 71% used [0x83640000,0x858b28c8,0x866c0000)
