2013-08-04T06:55:17.188+0100: 2.118: [GC [PSYoungGen: 32768K->5427K(38208K)] 32768K->6438K(125632K), 0.0400420 secs] [Times: user=0.02 sys=0.03, real=0.04 secs] 
2013-08-04T06:55:18.278+0100: 3.207: [GC [PSYoungGen: 38195K->5425K(70976K)] 39206K->8180K(158400K), 0.0360380 secs] [Times: user=0.00 sys=0.05, real=0.04 secs] 
2013-08-04T06:55:20.360+0100: 5.290: [GC [PSYoungGen: 70961K->5425K(70976K)] 73716K->15835K(158400K), 0.1161230 secs] [Times: user=0.06 sys=0.08, real=0.12 secs] 
2013-08-04T06:55:21.205+0100: 6.135: [GC [PSYoungGen: 70961K->5427K(136512K)] 81371K->17938K(223936K), 0.0840900 secs] [Times: user=0.02 sys=0.08, real=0.08 secs] 
2013-08-04T06:55:24.961+0100: 9.890: [GC [PSYoungGen: 120352K->5432K(136512K)] 132863K->35938K(223936K), 0.3003190 secs] [Times: user=0.10 sys=0.18, real=0.30 secs] 
2013-08-04T06:55:25.261+0100: 10.191: [Full GC (System) [PSYoungGen: 5432K->0K(136512K)] [ParOldGen: 30506K->30331K(87424K)] 35938K->30331K(223936K) [PSPermGen: 14685K->14673K(29440K)], 0.2322460 secs] [Times: user=0.25 sys=0.09, real=0.23 secs] 
2013-08-04T06:55:27.531+0100: 12.461: [GC [PSYoungGen: 131072K->5438K(121472K)] 161403K->41162K(208896K), 0.0600640 secs] [Times: user=0.02 sys=0.09, real=0.06 secs] 
2013-08-04T06:55:29.125+0100: 14.055: [GC [PSYoungGen: 121470K->13449K(136512K)] 157194K->49174K(223936K), 0.0160170 secs] [Times: user=0.02 sys=0.00, real=0.01 secs] 
2013-08-04T06:55:30.406+0100: 15.336: [GC [PSYoungGen: 129481K->20285K(145600K)] 165206K->59927K(233024K), 0.1081150 secs] [Times: user=0.01 sys=0.13, real=0.11 secs] 
2013-08-04T06:55:31.472+0100: 16.401: [GC [PSYoungGen: 145597K->24179K(149504K)] 185239K->63821K(236928K), 0.1121190 secs] [Times: user=0.05 sys=0.09, real=0.11 secs] 
2013-08-04T06:55:32.537+0100: 17.467: [GC [PSYoungGen: 149491K->20945K(142080K)] 189133K->70855K(229504K), 0.0760810 secs] [Times: user=0.04 sys=0.11, real=0.07 secs] 
2013-08-04T06:55:35.444+0100: 20.374: [GC [PSYoungGen: 137809K->19914K(136832K)] 187719K->83010K(224256K), 0.0680730 secs] [Times: user=0.00 sys=0.08, real=0.07 secs] 
2013-08-04T06:55:36.048+0100: 20.978: [GC [PSYoungGen: 136778K->1064K(143168K)] 199874K->83316K(230592K), 0.0800850 secs] [Times: user=0.00 sys=0.12, real=0.08 secs] 
2013-08-04T06:55:36.129+0100: 21.058: [Full GC [PSYoungGen: 1064K->0K(143168K)] [ParOldGen: 82251K->78328K(145216K)] 83316K->78328K(288384K) [PSPermGen: 23343K->23335K(39680K)], 0.6086460 secs] [Times: user=0.28 sys=0.33, real=0.61 secs] 
2013-08-04T06:55:37.814+0100: 22.744: [GC [PSYoungGen: 113792K->7723K(144256K)] 192120K->86051K(289472K), 0.0600640 secs] [Times: user=0.02 sys=0.04, real=0.06 secs] 
2013-08-04T06:55:38.559+0100: 23.489: [GC [PSYoungGen: 121515K->14507K(141312K)] 199843K->99733K(286528K), 0.0320340 secs] [Times: user=0.04 sys=0.02, real=0.03 secs] 
2013-08-04T06:55:40.113+0100: 25.043: [GC [PSYoungGen: 128875K->10356K(143040K)] 214101K->107714K(288256K), 0.1401490 secs] [Times: user=0.05 sys=0.08, real=0.14 secs] 
2013-08-04T06:55:42.287+0100: 27.217: [GC [PSYoungGen: 124724K->11751K(142848K)] 222082K->118519K(288064K), 0.0961020 secs] [Times: user=0.06 sys=0.07, real=0.09 secs] 
2013-08-04T06:55:49.475+0100: 34.405: [GC [PSYoungGen: 130087K->11837K(144832K)] 236855K->129452K(290048K), 0.0840900 secs] [Times: user=0.07 sys=0.06, real=0.08 secs] 
2013-08-04T06:59:19.694+0100: 244.624: [GC [PSYoungGen: 130173K->18758K(147456K)] 247788K->136372K(292672K), 0.0680720 secs] [Times: user=0.06 sys=0.04, real=0.06 secs] 
2013-08-04T06:59:24.947+0100: 249.877: [GC [PSYoungGen: 140870K->26303K(148416K)] 258484K->151283K(293632K), 0.1121190 secs] [Times: user=0.08 sys=0.06, real=0.12 secs] 
2013-08-04T06:59:36.704+0100: 261.634: [GC [PSYoungGen: 148415K->19256K(136768K)] 273395K->155717K(281984K), 0.0920980 secs] [Times: user=0.10 sys=0.06, real=0.09 secs] 
2013-08-04T06:59:36.796+0100: 261.726: [Full GC [PSYoungGen: 19256K->0K(136768K)] [ParOldGen: 136460K->142726K(231680K)] 155717K->142726K(368448K) [PSPermGen: 35069K->34995K(49920K)], 0.5605950 secs] [Times: user=0.60 sys=0.24, real=0.56 secs] 
2013-08-04T06:59:48.665+0100: 273.594: [GC [PSYoungGen: 110464K->3712K(114176K)] 253190K->146438K(345856K), 0.0480510 secs] [Times: user=0.05 sys=0.02, real=0.05 secs] 
2013-08-04T06:59:58.223+0100: 283.153: [GC [PSYoungGen: 114176K->4432K(142144K)] 256902K->147158K(373824K), 0.0480510 secs] [Times: user=0.05 sys=0.03, real=0.04 secs] 
2013-08-04T07:00:08.758+0100: 293.688: [GC [PSYoungGen: 114000K->3680K(113280K)] 256726K->146406K(344960K), 0.0400430 secs] [Times: user=0.04 sys=0.03, real=0.04 secs] 
2013-08-04T07:00:18.224+0100: 303.154: [GC [PSYoungGen: 113248K->4216K(142464K)] 255974K->146942K(374144K), 0.0280300 secs] [Times: user=0.03 sys=0.00, real=0.03 secs] 
2013-08-04T07:00:29.580+0100: 314.510: [GC [PSYoungGen: 114296K->4120K(114240K)] 257022K->146846K(345920K), 0.0480510 secs] [Times: user=0.04 sys=0.03, real=0.05 secs] 
2013-08-04T07:00:39.827+0100: 324.757: [GC [PSYoungGen: 114200K->4168K(142464K)] 256926K->146894K(374144K), 0.0320340 secs] [Times: user=0.05 sys=0.00, real=0.03 secs] 
2013-08-04T07:00:48.212+0100: 333.142: [GC [PSYoungGen: 115464K->4296K(141632K)] 258190K->147022K(373312K), 0.0320340 secs] [Times: user=0.01 sys=0.02, real=0.03 secs] 
2013-08-04T07:00:58.383+0100: 343.312: [GC [PSYoungGen: 115592K->4584K(143296K)] 258318K->147310K(374976K), 0.0680720 secs] [Times: user=0.06 sys=0.03, real=0.06 secs] 
2013-08-04T07:01:09.795+0100: 354.728: [GC [PSYoungGen: 118888K->4200K(142592K)] 261614K->146926K(374272K), 0.0560600 secs] [Times: user=0.03 sys=0.03, real=0.06 secs] 
2013-08-04T07:02:15.637+0100: 420.566: [GC [PSYoungGen: 118504K->1825K(145408K)] 261230K->144551K(377088K), 0.0640680 secs] [Times: user=0.05 sys=0.01, real=0.07 secs] 
2013-08-04T07:02:16.622+0100: 421.551: [GC [PSYoungGen: 119969K->1344K(144704K)] 262695K->144071K(376384K), 0.0360390 secs] [Times: user=0.00 sys=0.02, real=0.03 secs] 
2013-08-04T07:02:17.370+0100: 422.300: [GC [PSYoungGen: 119488K->1480K(147328K)] 262215K->144206K(379008K), 0.0120130 secs] [Times: user=0.02 sys=0.00, real=0.01 secs] 
2013-08-04T07:02:17.807+0100: 422.737: [GC [PSYoungGen: 123208K->1545K(146752K)] 265934K->144271K(378432K), 0.0120130 secs] [Times: user=0.03 sys=0.00, real=0.01 secs] 
2013-08-04T07:02:18.231+0100: 423.161: [GC [PSYoungGen: 123273K->1721K(148736K)] 265999K->144447K(380416K), 0.0560590 secs] [Times: user=0.01 sys=0.06, real=0.05 secs] 
Heap
 PSYoungGen      total 148736K, used 26219K [0xa8ba0000, 0xb3370000, 0xb3640000)
  eden space 125056K, 19% used [0xa8ba0000,0xaa38ca58,0xb05c0000)
  from space 23680K, 7% used [0xb1c50000,0xb1dfe418,0xb3370000)
  to   space 23104K, 0% used [0xb05c0000,0xb05c0000,0xb1c50000)
 ParOldGen       total 231680K, used 142726K [0x93640000, 0xa1880000, 0xa8ba0000)
  object space 231680K, 61% used [0x93640000,0x9c1a1858,0xa1880000)
 PSPermGen       total 49920K, used 35269K [0x83640000, 0x86700000, 0x93640000)
  object space 49920K, 70% used [0x83640000,0x858b1438,0x86700000)
