2013-08-03T22:37:24.928+0100: 2.771: [GC [PSYoungGen: 32768K->5427K(38208K)] 32768K->6438K(125632K), 0.0400430 secs] [Times: user=0.02 sys=0.03, real=0.04 secs] 
2013-08-03T22:37:26.177+0100: 4.020: [GC [PSYoungGen: 38195K->5433K(70976K)] 39206K->8170K(158400K), 0.0680720 secs] [Times: user=0.01 sys=0.09, real=0.07 secs] 
2013-08-03T22:37:28.035+0100: 5.878: [GC [PSYoungGen: 70969K->5438K(70976K)] 73706K->15815K(158400K), 0.0720770 secs] [Times: user=0.00 sys=0.08, real=0.08 secs] 
2013-08-03T22:37:28.712+0100: 6.555: [GC [PSYoungGen: 70974K->5434K(136512K)] 81351K->17904K(223936K), 0.0520560 secs] [Times: user=0.01 sys=0.06, real=0.05 secs] 
2013-08-03T22:37:33.937+0100: 11.781: [GC [PSYoungGen: 120338K->5435K(136512K)] 132808K->35740K(223936K), 0.5445780 secs] [Times: user=0.02 sys=0.23, real=0.54 secs] 
2013-08-03T22:37:34.482+0100: 12.325: [Full GC (System) [PSYoungGen: 5435K->0K(136512K)] [ParOldGen: 30305K->30250K(87424K)] 35740K->30250K(223936K) [PSPermGen: 14677K->14664K(29440K)], 0.4164420 secs] [Times: user=0.27 sys=0.09, real=0.42 secs] 
2013-08-03T22:37:37.185+0100: 15.028: [GC [PSYoungGen: 131072K->5433K(121664K)] 161322K->41524K(209088K), 0.0480510 secs] [Times: user=0.02 sys=0.06, real=0.05 secs] 
2013-08-03T22:37:38.770+0100: 16.614: [GC [PSYoungGen: 121657K->13491K(136512K)] 157748K->49582K(223936K), 0.0280300 secs] [Times: user=0.04 sys=0.00, real=0.03 secs] 
2013-08-03T22:37:40.696+0100: 18.540: [GC [PSYoungGen: 129715K->20093K(145408K)] 165806K->60650K(232832K), 0.1801910 secs] [Times: user=0.06 sys=0.14, real=0.18 secs] 
2013-08-03T22:37:41.898+0100: 19.741: [GC [PSYoungGen: 145405K->24021K(149376K)] 185962K->64577K(236800K), 0.1641740 secs] [Times: user=0.09 sys=0.05, real=0.17 secs] 
2013-08-03T22:37:43.207+0100: 21.054: [GC [PSYoungGen: 149333K->21252K(142080K)] 189889K->71734K(229504K), 0.1361440 secs] [Times: user=0.08 sys=0.14, real=0.14 secs] 
2013-08-03T22:37:46.719+0100: 24.562: [GC [PSYoungGen: 137988K->19956K(136704K)] 188470K->83780K(224128K), 0.0961020 secs] [Times: user=0.05 sys=0.12, real=0.09 secs] 
2013-08-03T22:37:47.448+0100: 25.291: [GC [PSYoungGen: 136692K->1080K(143168K)] 200516K->84087K(230592K), 0.1561660 secs] [Times: user=0.06 sys=0.21, real=0.15 secs] 
2013-08-03T22:37:47.604+0100: 25.447: [Full GC [PSYoungGen: 1080K->0K(143168K)] [ParOldGen: 83006K->78136K(138688K)] 84087K->78136K(281856K) [PSPermGen: 23346K->23338K(39680K)], 0.4124380 secs] [Times: user=0.47 sys=0.15, real=0.42 secs] 
2013-08-03T22:37:49.582+0100: 27.425: [GC [PSYoungGen: 113792K->8168K(144256K)] 191928K->86305K(282944K), 0.0120130 secs] [Times: user=0.03 sys=0.00, real=0.01 secs] 
2013-08-03T22:37:50.647+0100: 28.490: [GC [PSYoungGen: 121960K->14358K(141056K)] 200097K->99783K(279744K), 0.0320340 secs] [Times: user=0.00 sys=0.05, real=0.04 secs] 
2013-08-03T22:37:52.481+0100: 30.324: [GC [PSYoungGen: 128726K->10415K(142912K)] 214151K->107949K(281600K), 0.0400430 secs] [Times: user=0.04 sys=0.04, real=0.04 secs] 
2013-08-03T22:37:55.216+0100: 33.059: [GC [PSYoungGen: 124783K->11784K(142976K)] 222317K->118806K(281664K), 0.1041110 secs] [Times: user=0.03 sys=0.12, real=0.10 secs] 
2013-08-03T22:38:28.139+0100: 65.982: [GC [PSYoungGen: 130376K->11349K(145024K)] 237398K->129226K(283712K), 0.1041100 secs] [Times: user=0.09 sys=0.06, real=0.10 secs] 
2013-08-03T22:41:26.624+0100: 244.467: [GC [PSYoungGen: 129941K->20961K(145856K)] 247818K->146916K(284544K), 0.0800850 secs] [Times: user=0.06 sys=0.05, real=0.08 secs] 
2013-08-03T22:41:26.704+0100: 244.548: [Full GC [PSYoungGen: 20961K->0K(145856K)] [ParOldGen: 125955K->135708K(209920K)] 146916K->135708K(355776K) [PSPermGen: 34800K->34724K(49664K)], 0.8929480 secs] [Times: user=0.48 sys=0.54, real=0.90 secs] 
2013-08-03T22:41:32.571+0100: 250.414: [GC [PSYoungGen: 120448K->7649K(147584K)] 256156K->143358K(357504K), 0.0320340 secs] [Times: user=0.04 sys=0.02, real=0.03 secs] 
2013-08-03T22:41:47.226+0100: 265.069: [GC [PSYoungGen: 128097K->4952K(147392K)] 263806K->146218K(357312K), 0.0680730 secs] [Times: user=0.05 sys=0.02, real=0.06 secs] 
2013-08-03T22:42:01.561+0100: 279.405: [GC [PSYoungGen: 125720K->3808K(147648K)] 266986K->147014K(357568K), 0.1721820 secs] [Times: user=0.17 sys=0.09, real=0.17 secs] 
2013-08-03T22:42:12.369+0100: 290.212: [GC [PSYoungGen: 124576K->4576K(147072K)] 267782K->148166K(356992K), 0.1001060 secs] [Times: user=0.09 sys=0.05, real=0.10 secs] 
2013-08-03T22:42:26.223+0100: 304.067: [GC [PSYoungGen: 125536K->4944K(147456K)] 269126K->148534K(357376K), 0.1281360 secs] [Times: user=0.02 sys=0.06, real=0.13 secs] 
2013-08-03T22:42:38.853+0100: 316.696: [GC [PSYoungGen: 125904K->5398K(147008K)] 269494K->148988K(356928K), 0.0360380 secs] [Times: user=0.04 sys=0.00, real=0.04 secs] 
2013-08-03T22:42:52.700+0100: 330.543: [GC [PSYoungGen: 127702K->5620K(147520K)] 271292K->149210K(357440K), 0.0961020 secs] [Times: user=0.07 sys=0.02, real=0.10 secs] 
2013-08-03T22:43:04.945+0100: 342.788: [GC [PSYoungGen: 127924K->5528K(148224K)] 271514K->149118K(358144K), 0.0640680 secs] [Times: user=0.07 sys=0.04, real=0.06 secs] 
2013-08-03T22:43:18.555+0100: 356.398: [GC [PSYoungGen: 130712K->5720K(148672K)] 274302K->149310K(358592K), 0.1241320 secs] [Times: user=0.06 sys=0.06, real=0.13 secs] 
2013-08-03T22:43:41.912+0100: 379.755: [GC [PSYoungGen: 130902K->5776K(149888K)] 274492K->149366K(359808K), 0.0280290 secs] [Times: user=0.03 sys=0.00, real=0.03 secs] 
2013-08-03T22:45:17.569+0100: 475.413: [GC [PSYoungGen: 134416K->1064K(150336K)] 278006K->144654K(360256K), 0.0160170 secs] [Times: user=0.02 sys=0.00, real=0.02 secs] 
2013-08-03T22:45:18.662+0100: 476.506: [GC [PSYoungGen: 129704K->1345K(152256K)] 273294K->144935K(362176K), 0.0160170 secs] [Times: user=0.02 sys=0.01, real=0.02 secs] 
2013-08-03T22:45:19.427+0100: 477.271: [GC [PSYoungGen: 132801K->1488K(152704K)] 276391K->145078K(362624K), 0.0240250 secs] [Times: user=0.03 sys=0.01, real=0.02 secs] 
2013-08-03T22:45:20.004+0100: 477.847: [GC [PSYoungGen: 132944K->1553K(152384K)] 276534K->145143K(362304K), 0.0120130 secs] [Times: user=0.01 sys=0.01, real=0.01 secs] 
Heap
 PSYoungGen      total 152384K, used 112880K [0xa8b80000, 0xb3480000, 0xb3620000)
  eden space 132736K, 83% used [0xa8b80000,0xaf837d38,0xb0d20000)
  from space 19648K, 7% used [0xb2150000,0xb22d4408,0xb3480000)
  to   space 20160K, 0% used [0xb0d20000,0xb0d20000,0xb20d0000)
 ParOldGen       total 209920K, used 143590K [0x93620000, 0xa0320000, 0xa8b80000)
  object space 209920K, 68% used [0x93620000,0x9c259880,0xa0320000)
 PSPermGen       total 49664K, used 35239K [0x83620000, 0x866a0000, 0x93620000)
  object space 49664K, 70% used [0x83620000,0x85889e78,0x866a0000)
