2013-08-04T04:10:44.477+0100: 1.794: [GC [PSYoungGen: 32768K->5435K(38208K)] 32768K->6432K(125632K), 0.0440470 secs] [Times: user=0.02 sys=0.03, real=0.04 secs] 
2013-08-04T04:10:45.538+0100: 2.855: [GC [PSYoungGen: 38203K->5435K(70976K)] 39200K->8132K(158400K), 0.0480510 secs] [Times: user=0.03 sys=0.06, real=0.05 secs] 
2013-08-04T04:10:47.768+0100: 5.085: [GC [PSYoungGen: 70971K->5439K(70976K)] 73668K->15553K(158400K), 0.0680730 secs] [Times: user=0.02 sys=0.09, real=0.07 secs] 
2013-08-04T04:10:48.393+0100: 5.710: [GC [PSYoungGen: 70975K->5424K(136512K)] 81089K->17592K(223936K), 0.0520560 secs] [Times: user=0.03 sys=0.05, real=0.05 secs] 
2013-08-04T04:10:51.572+0100: 8.889: [GC [PSYoungGen: 120321K->5425K(136512K)] 132489K->35573K(223936K), 0.2162290 secs] [Times: user=0.10 sys=0.25, real=0.21 secs] 
2013-08-04T04:10:51.788+0100: 9.106: [Full GC (System) [PSYoungGen: 5425K->0K(136512K)] [ParOldGen: 30148K->30235K(87424K)] 35573K->30235K(223936K) [PSPermGen: 14653K->14640K(29440K)], 0.2522680 secs] [Times: user=0.28 sys=0.10, real=0.26 secs] 
2013-08-04T04:10:53.919+0100: 11.236: [GC [PSYoungGen: 131072K->5427K(121536K)] 161307K->40756K(208960K), 0.0480510 secs] [Times: user=0.02 sys=0.06, real=0.05 secs] 
2013-08-04T04:10:55.837+0100: 13.154: [GC [PSYoungGen: 121523K->13768K(136512K)] 156852K->49097K(223936K), 0.0160170 secs] [Times: user=0.03 sys=0.00, real=0.01 secs] 
2013-08-04T04:10:57.635+0100: 14.952: [GC [PSYoungGen: 129864K->20407K(144704K)] 165193K->60407K(232128K), 0.1401490 secs] [Times: user=0.05 sys=0.17, real=0.14 secs] 
2013-08-04T04:10:58.728+0100: 16.045: [GC [PSYoungGen: 144695K->23743K(148032K)] 184695K->63743K(235456K), 0.1922040 secs] [Times: user=0.20 sys=0.10, real=0.19 secs] 
2013-08-04T04:10:59.841+0100: 17.158: [GC [PSYoungGen: 148031K->20217K(143552K)] 188031K->70360K(230976K), 0.1241320 secs] [Times: user=0.06 sys=0.13, real=0.12 secs] 
2013-08-04T04:11:02.311+0100: 19.629: [GC [PSYoungGen: 137081K->19952K(136832K)] 187224K->83154K(224256K), 0.1121190 secs] [Times: user=0.06 sys=0.10, real=0.11 secs] 
2013-08-04T04:11:03.208+0100: 20.526: [GC [PSYoungGen: 136816K->1080K(143296K)] 200018K->83503K(230720K), 0.1161240 secs] [Times: user=0.03 sys=0.14, real=0.12 secs] 
2013-08-04T04:11:03.325+0100: 20.642: [Full GC [PSYoungGen: 1080K->0K(143296K)] [ParOldGen: 82422K->78615K(141312K)] 83503K->78615K(284608K) [PSPermGen: 23353K->23344K(39680K)], 0.4564840 secs] [Times: user=0.42 sys=0.23, real=0.46 secs] 
2013-08-04T04:11:05.423+0100: 22.740: [GC [PSYoungGen: 113920K->7554K(144320K)] 192535K->86169K(285632K), 0.0360380 secs] [Times: user=0.03 sys=0.03, real=0.03 secs] 
2013-08-04T04:11:06.264+0100: 23.581: [GC [PSYoungGen: 121474K->14568K(141376K)] 200089K->99971K(282688K), 0.0360380 secs] [Times: user=0.03 sys=0.03, real=0.03 secs] 
2013-08-04T04:11:08.210+0100: 25.527: [GC [PSYoungGen: 129000K->10357K(143104K)] 214403K->107942K(284416K), 0.1561650 secs] [Times: user=0.09 sys=0.09, real=0.16 secs] 
2013-08-04T04:11:11.025+0100: 28.342: [GC [PSYoungGen: 124789K->11752K(142848K)] 222374K->118782K(284160K), 0.1241320 secs] [Times: user=0.08 sys=0.09, real=0.13 secs] 
2013-08-04T04:11:19.133+0100: 36.451: [GC [PSYoungGen: 130088K->11867K(144832K)] 237118K->129759K(286144K), 0.2242380 secs] [Times: user=0.09 sys=0.15, real=0.23 secs] 
2013-08-04T04:14:46.513+0100: 243.831: [GC [PSYoungGen: 130203K->10435K(145856K)] 248095K->136700K(287168K), 0.1201280 secs] [Times: user=0.06 sys=0.04, real=0.12 secs] 
2013-08-04T04:14:46.634+0100: 243.951: [Full GC [PSYoungGen: 10435K->0K(145856K)] [ParOldGen: 126265K->125455K(201792K)] 136700K->125455K(347648K) [PSPermGen: 34839K->34733K(49664K)], 0.7968450 secs] [Times: user=0.59 sys=0.34, real=0.79 secs] 
2013-08-04T04:14:55.359+0100: 252.676: [GC [PSYoungGen: 122880K->11851K(147456K)] 248335K->137310K(349248K), 0.0320340 secs] [Times: user=0.04 sys=0.01, real=0.03 secs] 
2013-08-04T04:15:06.991+0100: 264.309: [GC [PSYoungGen: 134731K->3216K(150144K)] 260190K->139746K(351936K), 0.1321400 secs] [Times: user=0.08 sys=0.08, real=0.13 secs] 
2013-08-04T04:15:20.698+0100: 278.015: [GC [PSYoungGen: 129872K->3232K(129920K)] 266402K->139834K(331712K), 0.0280300 secs] [Times: user=0.02 sys=0.02, real=0.02 secs] 
2013-08-04T04:15:59.483+0100: 316.800: [GC [PSYoungGen: 129887K->1752K(150016K)] 266490K->138355K(351808K), 0.0120130 secs] [Times: user=0.02 sys=0.00, real=0.01 secs] 
2013-08-04T04:16:00.256+0100: 317.573: [GC [PSYoungGen: 127576K->1089K(150272K)] 264179K->137691K(352064K), 0.0160170 secs] [Times: user=0.02 sys=0.00, real=0.02 secs] 
2013-08-04T04:16:00.852+0100: 318.170: [GC [PSYoungGen: 126913K->1152K(149888K)] 263515K->137754K(351680K), 0.0160170 secs] [Times: user=0.03 sys=0.00, real=0.02 secs] 
2013-08-04T04:16:01.385+0100: 318.702: [GC [PSYoungGen: 126976K->1280K(150080K)] 263578K->137882K(351872K), 0.0560590 secs] [Times: user=0.04 sys=0.05, real=0.06 secs] 
Heap
 PSYoungGen      total 150080K, used 90980K [0xa8b50000, 0xb3560000, 0xb35f0000)
  eden space 125824K, 71% used [0xa8b50000,0xae2e90f8,0xb0630000)
  from space 24256K, 5% used [0xb0630000,0xb0770060,0xb1de0000)
  to   space 23872K, 0% used [0xb1e10000,0xb1e10000,0xb3560000)
 ParOldGen       total 201792K, used 136602K [0x935f0000, 0x9fb00000, 0xa8b50000)
  object space 201792K, 67% used [0x935f0000,0x9bb568c8,0x9fb00000)
 PSPermGen       total 49664K, used 35251K [0x835f0000, 0x86670000, 0x935f0000)
  object space 49664K, 70% used [0x835f0000,0x8585cf60,0x86670000)
