2013-06-22T21:36:02.289+0100: 5.552: [GC 5.552: [DefNew: 34944K->4352K(39296K), 0.0226230 secs] 34944K->6691K(126720K), 0.0226640 secs] [Times: user=0.02 sys=0.01, real=0.02 secs] 
2013-06-22T21:36:03.625+0100: 6.888: [GC 6.888: [DefNew: 39296K->4352K(39296K), 0.0283630 secs] 41635K->10366K(126720K), 0.0284140 secs] [Times: user=0.01 sys=0.01, real=0.02 secs] 
2013-06-22T21:36:05.229+0100: 8.491: [GC 8.491: [DefNew: 39296K->4352K(39296K), 0.0286610 secs] 45310K->14187K(126720K), 0.0287150 secs] [Times: user=0.02 sys=0.01, real=0.03 secs] 
2013-06-22T21:36:06.002+0100: 9.264: [GC 9.264: [DefNew: 39296K->1702K(39296K), 0.0153550 secs] 49131K->15824K(126720K), 0.0154200 secs] [Times: user=0.01 sys=0.00, real=0.02 secs] 
2013-06-22T21:36:06.432+0100: 9.694: [GC 9.694: [DefNew: 36646K->2119K(39296K), 0.0054280 secs] 50768K->16241K(126720K), 0.0054920 secs] [Times: user=0.00 sys=0.00, real=0.01 secs] 
2013-06-22T21:36:07.084+0100: 10.346: [GC 10.346: [DefNew: 37063K->2739K(39296K), 0.0070610 secs] 51185K->16861K(126720K), 0.0070990 secs] [Times: user=0.01 sys=0.00, real=0.00 secs] 
2013-06-22T21:36:07.916+0100: 11.178: [GC 11.178: [DefNew: 37683K->3549K(39296K), 0.0194500 secs] 51805K->18822K(126720K), 0.0195130 secs] [Times: user=0.01 sys=0.01, real=0.02 secs] 
2013-06-22T21:36:09.673+0100: 12.936: [GC 12.936: [DefNew: 38493K->4352K(39296K), 0.0818370 secs] 53766K->29839K(126720K), 0.0818610 secs] [Times: user=0.04 sys=0.00, real=0.09 secs] 
2013-06-22T21:36:10.876+0100: 14.138: [Full GC (System) 14.138: [Tenured: 25487K->33127K(87424K), 0.1018390 secs] 59561K->33127K(126720K), [Perm : 14655K->14655K(16384K)], 0.1019190 secs] [Times: user=0.08 sys=0.01, real=0.10 secs] 
2013-06-22T21:36:12.229+0100: 15.491: [GC 15.491: [DefNew: 35072K->4352K(39424K), 0.0309030 secs] 68199K->38591K(126848K), 0.0309600 secs] [Times: user=0.04 sys=0.00, real=0.03 secs] 
2013-06-22T21:36:12.965+0100: 16.227: [GC 16.227: [DefNew: 39424K->3190K(39424K), 0.0209500 secs] 73663K->41694K(126848K), 0.0210050 secs] [Times: user=0.02 sys=0.00, real=0.02 secs] 
2013-06-22T21:36:13.431+0100: 16.693: [GC 16.693: [DefNew: 38262K->1002K(39424K), 0.0172540 secs] 76766K->42644K(126848K), 0.0172660 secs] [Times: user=0.01 sys=0.01, real=0.01 secs] 
2013-06-22T21:36:13.986+0100: 17.248: [GC 17.248: [DefNew: 36074K->2357K(39424K), 0.0101910 secs] 77716K->43998K(126848K), 0.0102470 secs] [Times: user=0.01 sys=0.01, real=0.01 secs] 
2013-06-22T21:36:14.655+0100: 17.917: [GC 17.917: [DefNew: 37429K->4352K(39424K), 0.0146920 secs] 79070K->46969K(126848K), 0.0147470 secs] [Times: user=0.02 sys=0.00, real=0.01 secs] 
2013-06-22T21:36:15.175+0100: 18.437: [GC 18.437: [DefNew: 39424K->2514K(39424K), 0.0182390 secs] 82041K->48911K(126848K), 0.0182950 secs] [Times: user=0.02 sys=0.00, real=0.02 secs] 
2013-06-22T21:36:15.544+0100: 18.806: [GC 18.806: [DefNew: 37586K->1965K(39424K), 0.0164920 secs] 83983K->50649K(126848K), 0.0165580 secs] [Times: user=0.01 sys=0.00, real=0.01 secs] 
2013-06-22T21:36:16.682+0100: 19.944: [GC 19.944: [DefNew: 37037K->4276K(39424K), 0.0346620 secs] 85721K->52960K(126848K), 0.0347190 secs] [Times: user=0.01 sys=0.01, real=0.03 secs] 
2013-06-22T21:36:17.264+0100: 20.527: [GC 20.527: [DefNew: 39348K->4352K(39424K), 0.0310540 secs] 88032K->57028K(126848K), 0.0311200 secs] [Times: user=0.02 sys=0.00, real=0.03 secs] 
2013-06-22T21:36:17.432+0100: 20.694: [Full GC 20.694: [Tenured: 52676K->56946K(87424K), 0.1724710 secs] 71828K->56946K(126848K), [Perm : 20479K->20479K(20480K)], 0.1725940 secs] [Times: user=0.15 sys=0.01, real=0.17 secs] 
2013-06-22T21:36:17.960+0100: 21.223: [GC 21.223: [DefNew: 38016K->3127K(42752K), 0.0212970 secs] 94962K->60073K(137664K), 0.0213680 secs] [Times: user=0.01 sys=0.01, real=0.02 secs] 
2013-06-22T21:36:18.442+0100: 21.704: [GC 21.704: [DefNew: 41143K->1243K(42752K), 0.0338940 secs] 98089K->61240K(137664K), 0.0339550 secs] [Times: user=0.02 sys=0.01, real=0.03 secs] 
2013-06-22T21:36:18.909+0100: 22.171: [GC 22.171: [DefNew: 39259K->2455K(42752K), 0.0131420 secs] 99256K->62452K(137664K), 0.0131870 secs] [Times: user=0.00 sys=0.00, real=0.02 secs] 
2013-06-22T21:36:19.226+0100: 22.488: [GC 22.488: [DefNew: 40471K->2084K(42752K), 0.0157430 secs] 100468K->63166K(137664K), 0.0157910 secs] [Times: user=0.01 sys=0.01, real=0.01 secs] 
2013-06-22T21:36:19.674+0100: 22.936: [GC 22.936: [DefNew: 40100K->3410K(42752K), 0.0087920 secs] 101182K->64492K(137664K), 0.0088510 secs] [Times: user=0.01 sys=0.00, real=0.01 secs] 
2013-06-22T21:36:19.843+0100: 23.105: [GC 23.105: [DefNew: 41426K->3366K(42752K), 0.0115180 secs] 102508K->65581K(137664K), 0.0115740 secs] [Times: user=0.01 sys=0.01, real=0.02 secs] 
2013-06-22T21:36:20.051+0100: 23.313: [GC 23.313: [DefNew: 41382K->2071K(42752K), 0.0123150 secs] 103597K->66317K(137664K), 0.0123720 secs] [Times: user=0.01 sys=0.00, real=0.01 secs] 
2013-06-22T21:36:20.810+0100: 24.072: [GC 24.072: [DefNew: 40087K->4736K(42752K), 0.0318420 secs] 104333K->73650K(137664K), 0.0319130 secs] [Times: user=0.02 sys=0.01, real=0.03 secs] 
2013-06-22T21:36:22.786+0100: 26.048: [GC 26.048: [DefNew: 42752K->3940K(42752K), 0.0244010 secs] 111666K->77458K(137664K), 0.0244570 secs] [Times: user=0.02 sys=0.00, real=0.03 secs] 
2013-06-22T21:36:24.592+0100: 27.854: [GC 27.854: [DefNew: 41956K->4082K(42752K), 0.0209000 secs] 115474K->81392K(137664K), 0.0209560 secs] [Times: user=0.01 sys=0.01, real=0.02 secs] 
2013-06-22T21:36:24.983+0100: 28.245: [GC 28.245: [DefNew: 42098K->1738K(42752K), 0.0174600 secs] 119408K->82953K(137664K), 0.0175210 secs] [Times: user=0.02 sys=0.00, real=0.01 secs] 
2013-06-22T21:36:25.310+0100: 28.572: [GC 28.572: [DefNew: 39754K->1830K(42752K), 0.0064890 secs] 120969K->83046K(137664K), 0.0065590 secs] [Times: user=0.00 sys=0.00, real=0.01 secs] 
2013-06-22T21:36:25.530+0100: 28.792: [GC 28.792: [DefNew: 39846K->2347K(42752K), 0.0070770 secs] 121062K->83562K(137664K), 0.0071380 secs] [Times: user=0.00 sys=0.01, real=0.01 secs] 
2013-06-22T21:36:25.765+0100: 29.027: [GC 29.027: [DefNew: 40363K->2505K(42752K), 0.0070520 secs] 121578K->83721K(137664K), 0.0071110 secs] [Times: user=0.00 sys=0.00, real=0.01 secs] 
2013-06-22T21:36:26.203+0100: 29.465: [GC 29.465: [DefNew: 40521K->2233K(42752K), 0.0140770 secs] 121737K->85089K(137664K), 0.0141740 secs] [Times: user=0.02 sys=0.00, real=0.02 secs] 
2013-06-22T21:36:26.900+0100: 30.162: [GC 30.162: [DefNew: 40249K->4736K(42752K), 0.0168330 secs] 123105K->88814K(137664K), 0.0168870 secs] [Times: user=0.01 sys=0.01, real=0.02 secs] 
2013-06-22T21:36:27.234+0100: 30.496: [GC 30.496: [DefNew: 42752K->4736K(42752K), 0.0208250 secs] 126830K->93910K(137664K), 0.0208410 secs] [Times: user=0.02 sys=0.00, real=0.02 secs] 
2013-06-22T21:36:27.460+0100: 30.723: [GC 30.723: [DefNew: 42752K->4735K(42752K), 0.0197220 secs] 131926K->99143K(137664K), 0.0197860 secs] [Times: user=0.02 sys=0.00, real=0.02 secs] 
2013-06-22T21:36:27.682+0100: 30.944: [GC 30.944: [DefNew: 42751K->4736K(42752K), 0.0139790 secs]30.958: [Tenured: 99154K->95831K(99264K), 0.2299930 secs] 137159K->95831K(142016K), [Perm : 24561K->24561K(24576K)], 0.2442540 secs] [Times: user=0.21 sys=0.00, real=0.24 secs] 
2013-06-22T21:36:29.071+0100: 32.333: [GC 32.333: [DefNew: 64064K->5857K(72000K), 0.0438660 secs] 159895K->101688K(231720K), 0.0439380 secs] [Times: user=0.04 sys=0.01, real=0.04 secs] 
2013-06-22T21:36:30.017+0100: 33.279: [GC 33.279: [DefNew: 69921K->5075K(72000K), 0.0264290 secs] 165752K->106524K(231720K), 0.0264920 secs] [Times: user=0.03 sys=0.01, real=0.03 secs] 
2013-06-22T21:36:31.094+0100: 34.356: [Full GC 34.356: [Tenured: 101449K->98406K(159720K), 0.2977190 secs] 166823K->98406K(231720K), [Perm : 28671K->28646K(28672K)], 0.2978340 secs] [Times: user=0.25 sys=0.01, real=0.30 secs] 
2013-06-22T21:36:33.008+0100: 36.270: [GC 36.270: [DefNew: 65664K->6464K(73856K), 0.0223590 secs] 164070K->104871K(237868K), 0.0223870 secs] [Times: user=0.01 sys=0.01, real=0.03 secs] 
2013-06-22T21:36:33.819+0100: 37.081: [Full GC 37.081: [Tenured: 98406K->106321K(164012K), 0.2884940 secs] 141875K->106321K(237868K), [Perm : 32767K->32767K(32768K)], 0.2886470 secs] [Times: user=0.25 sys=0.00, real=0.29 secs] 
2013-06-22T21:36:35.503+0100: 38.765: [GC 38.765: [DefNew: 71040K->5988K(79872K), 0.0264990 secs] 177361K->112309K(257076K), 0.0265700 secs] [Times: user=0.02 sys=0.00, real=0.02 secs] 
2013-06-22T21:37:33.066+0100: 96.328: [Full GC 96.328: [Tenured: 106321K->109784K(177204K), 0.3837370 secs] 138715K->109784K(257076K), [Perm : 34660K->34660K(34816K)], 0.3838700 secs] [Times: user=0.29 sys=0.01, real=0.39 secs] 
2013-06-22T21:39:07.442+0100: 190.705: [Full GC 190.705: [Tenured: 109784K->107614K(182976K), 0.5242590 secs] 147196K->107614K(265408K), [Perm : 34765K->34765K(34816K)], 0.5243700 secs] [Times: user=0.35 sys=0.00, real=0.53 secs] 
2013-06-22T21:40:21.696+0100: 264.958: [Full GC 264.959: [Tenured: 107614K->98387K(182976K), 0.4847200 secs] 135359K->98387K(265408K), [Perm : 34773K->34705K(34816K)], 0.4848050 secs] [Times: user=0.37 sys=0.02, real=0.49 secs] 
2013-06-22T21:41:31.851+0100: 335.113: [Full GC 335.113: [Tenured: 98387K->98433K(182976K), 0.3628300 secs] 125588K->98433K(265408K), [Perm : 34707K->34707K(34816K)], 0.3629060 secs] [Times: user=0.27 sys=0.00, real=0.36 secs] 
2013-06-22T21:42:38.763+0100: 402.025: [Full GC 402.025: [Tenured: 98433K->98466K(182976K), 0.3394440 secs] 123019K->98466K(265408K), [Perm : 34716K->34716K(34816K)], 0.3395320 secs] [Times: user=0.27 sys=0.00, real=0.34 secs] 
2013-06-22T21:44:12.227+0100: 495.489: [Full GC 495.489: [Tenured: 98466K->98479K(182976K), 0.3939870 secs] 130729K->98479K(265408K), [Perm : 34719K->34719K(34816K)], 0.3941200 secs] [Times: user=0.30 sys=0.00, real=0.39 secs] 
2013-06-22T21:45:50.762+0100: 594.024: [GC 594.024: [DefNew: 73280K->261K(82432K), 0.0061100 secs] 171759K->98741K(265408K), 0.0167540 secs] [Times: user=0.00 sys=0.01, real=0.02 secs] 
2013-06-22T21:46:10.453+0100: 613.715: [Full GC 613.715: [Tenured: 98479K->94752K(182976K), 0.5234940 secs] 166832K->94752K(265408K), [Perm : 34765K->34588K(34816K)], 0.5235900 secs] [Times: user=0.38 sys=0.00, real=0.53 secs] 
2013-06-22T21:50:01.501+0100: 844.763: [GC 844.763: [DefNew: 73280K->542K(82432K), 0.0162270 secs] 168032K->95295K(265408K), 0.0162900 secs] [Times: user=0.01 sys=0.00, real=0.02 secs] 
2013-06-22T21:53:13.281+0100: 1036.543: [GC 1036.543: [DefNew: 73822K->1185K(82432K), 0.0179110 secs] 168575K->95937K(265408K), 0.0180010 secs] [Times: user=0.01 sys=0.00, real=0.02 secs] 
2013-06-22T21:53:14.490+0100: 1037.752: [GC 1037.752: [DefNew: 74465K->1778K(82432K), 0.0128200 secs] 169217K->96531K(265408K), 0.0129180 secs] [Times: user=0.01 sys=0.01, real=0.01 secs] 
2013-06-22T21:53:14.830+0100: 1038.092: [GC 1038.092: [DefNew: 75058K->1928K(82432K), 0.0094200 secs] 169811K->96680K(265408K), 0.0094980 secs] [Times: user=0.01 sys=0.00, real=0.01 secs] 
2013-06-22T21:53:15.503+0100: 1038.766: [GC 1038.766: [DefNew: 75208K->2269K(82432K), 0.0137920 secs] 169960K->97022K(265408K), 0.0138840 secs] [Times: user=0.01 sys=0.00, real=0.01 secs] 
2013-06-22T21:53:15.769+0100: 1039.031: [GC 1039.031: [DefNew: 75549K->2531K(82432K), 0.0102640 secs] 170302K->97283K(265408K), 0.0103270 secs] [Times: user=0.01 sys=0.01, real=0.01 secs] 
2013-06-22T21:53:16.091+0100: 1039.354: [GC 1039.354: [DefNew: 75811K->2699K(82432K), 0.0110460 secs] 170563K->97451K(265408K), 0.0111250 secs] [Times: user=0.01 sys=0.00, real=0.01 secs] 
2013-06-22T21:53:16.584+0100: 1039.847: [GC 1039.847: [DefNew: 75979K->3141K(82432K), 0.0117050 secs] 170731K->97894K(265408K), 0.0117680 secs] [Times: user=0.01 sys=0.00, real=0.01 secs] 
Heap
 def new generation   total 82432K, used 75692K [0x835f0000, 0x88f60000, 0x8e090000)
  eden space 73280K,  99% used [0x835f0000, 0x87cc9b68, 0x87d80000)
  from space 9152K,  34% used [0x88670000, 0x88981778, 0x88f60000)
  to   space 9152K,   0% used [0x87d80000, 0x87d80000, 0x88670000)
 tenured generation   total 182976K, used 94752K [0x8e090000, 0x99340000, 0xa35f0000)
   the space 182976K,  51% used [0x8e090000, 0x93d18198, 0x93d18200, 0x99340000)
 compacting perm gen  total 34816K, used 34787K [0xa35f0000, 0xa57f0000, 0xb35f0000)
   the space 34816K,  99% used [0xa35f0000, 0xa57e8ca0, 0xa57e8e00, 0xa57f0000)
No shared spaces configured.
