2013-08-03T23:24:08.924+0100: 2.579: [GC [PSYoungGen: 32768K->5437K(38208K)] 32768K->6417K(125632K), 0.0760810 secs] [Times: user=0.02 sys=0.06, real=0.08 secs] 
2013-08-03T23:24:09.861+0100: 3.516: [GC [PSYoungGen: 38205K->5435K(70976K)] 39185K->8136K(158400K), 0.0760810 secs] [Times: user=0.03 sys=0.07, real=0.08 secs] 
2013-08-03T23:24:12.700+0100: 6.355: [GC [PSYoungGen: 70971K->5428K(70976K)] 73672K->15805K(158400K), 0.1281360 secs] [Times: user=0.02 sys=0.13, real=0.12 secs] 
2013-08-03T23:24:13.641+0100: 7.296: [GC [PSYoungGen: 70964K->5431K(136512K)] 81341K->17953K(223936K), 0.0800850 secs] [Times: user=0.03 sys=0.07, real=0.08 secs] 
2013-08-03T23:24:17.665+0100: 11.320: [GC [PSYoungGen: 119842K->5435K(136512K)] 132363K->35819K(223936K), 0.1761870 secs] [Times: user=0.03 sys=0.24, real=0.17 secs] 
2013-08-03T23:24:17.841+0100: 11.496: [Full GC (System) [PSYoungGen: 5435K->0K(136512K)] [ParOldGen: 30384K->30393K(87424K)] 35819K->30393K(223936K) [PSPermGen: 14683K->14671K(29440K)], 0.2282420 secs] [Times: user=0.25 sys=0.12, real=0.23 secs] 
2013-08-03T23:24:20.328+0100: 13.983: [GC [PSYoungGen: 131072K->5437K(121472K)] 161465K->41138K(208896K), 0.0320340 secs] [Times: user=0.02 sys=0.04, real=0.03 secs] 
2013-08-03T23:24:22.066+0100: 15.721: [GC [PSYoungGen: 121469K->13574K(136512K)] 157170K->49276K(223936K), 0.0160170 secs] [Times: user=0.02 sys=0.01, real=0.02 secs] 
2013-08-03T23:24:23.940+0100: 17.595: [GC [PSYoungGen: 129606K->20282K(145216K)] 165308K->60274K(232640K), 0.1281360 secs] [Times: user=0.05 sys=0.14, real=0.12 secs] 
2013-08-03T23:24:24.933+0100: 18.588: [GC [PSYoungGen: 145210K->23881K(148864K)] 185202K->63873K(236288K), 0.0760810 secs] [Times: user=0.06 sys=0.07, real=0.07 secs] 
2013-08-03T23:24:25.930+0100: 19.585: [GC [PSYoungGen: 148809K->19635K(143616K)] 188801K->69907K(231040K), 0.1521610 secs] [Times: user=0.08 sys=0.13, real=0.16 secs] 
2013-08-03T23:24:29.678+0100: 23.333: [GC [PSYoungGen: 137395K->20027K(137792K)] 187667K->83247K(225216K), 0.1041100 secs] [Times: user=0.03 sys=0.08, real=0.10 secs] 
2013-08-03T23:24:30.499+0100: 24.154: [GC [PSYoungGen: 137787K->1064K(143488K)] 201007K->83566K(230912K), 0.1081150 secs] [Times: user=0.01 sys=0.17, real=0.11 secs] 
2013-08-03T23:24:30.607+0100: 24.262: [Full GC [PSYoungGen: 1064K->0K(143488K)] [ParOldGen: 82502K->77847K(140928K)] 83566K->77847K(284416K) [PSPermGen: 23354K->23345K(39680K)], 0.4805100 secs] [Times: user=0.41 sys=0.23, real=0.48 secs] 
2013-08-03T23:24:32.441+0100: 26.096: [GC [PSYoungGen: 114432K->7741K(144576K)] 192279K->85589K(285504K), 0.0120130 secs] [Times: user=0.02 sys=0.01, real=0.01 secs] 
2013-08-03T23:24:33.230+0100: 26.885: [GC [PSYoungGen: 122173K->14578K(141760K)] 200021K->99382K(282688K), 0.0520560 secs] [Times: user=0.03 sys=0.01, real=0.05 secs] 
2013-08-03T23:24:34.963+0100: 28.618: [GC [PSYoungGen: 129586K->10298K(143424K)] 214390K->107359K(284352K), 0.1081140 secs] [Times: user=0.04 sys=0.11, real=0.11 secs] 
2013-08-03T23:24:37.458+0100: 31.113: [GC [PSYoungGen: 125306K->11846K(143168K)] 222367K->118287K(284096K), 0.1401490 secs] [Times: user=0.06 sys=0.13, real=0.14 secs] 
2013-08-03T23:24:48.205+0100: 41.860: [GC [PSYoungGen: 130694K->11654K(145088K)] 237135K->129002K(286016K), 0.0840900 secs] [Times: user=0.05 sys=0.07, real=0.08 secs] 
2013-08-03T23:28:10.320+0100: 243.975: [GC [PSYoungGen: 130502K->11164K(145856K)] 247850K->136737K(286784K), 0.0800850 secs] [Times: user=0.08 sys=0.06, real=0.08 secs] 
2013-08-03T23:28:10.400+0100: 244.055: [Full GC [PSYoungGen: 11164K->0K(145856K)] [ParOldGen: 125573K->125872K(202496K)] 136737K->125872K(348352K) [PSPermGen: 34839K->34755K(49664K)], 0.6927350 secs] [Times: user=0.66 sys=0.33, real=0.69 secs] 
2013-08-03T23:28:16.671+0100: 250.326: [GC [PSYoungGen: 123328K->16374K(147584K)] 249200K->142247K(350080K), 0.0360380 secs] [Times: user=0.06 sys=0.01, real=0.04 secs] 
2013-08-03T23:28:26.797+0100: 260.452: [GC [PSYoungGen: 139702K->4400K(149632K)] 265575K->144363K(352128K), 0.0520550 secs] [Times: user=0.06 sys=0.03, real=0.05 secs] 
2013-08-03T23:28:37.721+0100: 271.376: [GC [PSYoungGen: 129584K->4288K(129472K)] 269547K->144963K(331968K), 0.0920980 secs] [Times: user=0.11 sys=0.06, real=0.10 secs] 
2013-08-03T23:28:49.518+0100: 283.173: [GC [PSYoungGen: 129472K->4880K(150080K)] 270147K->146179K(352576K), 0.0800850 secs] [Times: user=0.05 sys=0.05, real=0.08 secs] 
2013-08-03T23:29:00.217+0100: 293.872: [GC [PSYoungGen: 130064K->4744K(129984K)] 271363K->146043K(332480K), 0.0160170 secs] [Times: user=0.03 sys=0.00, real=0.01 secs] 
2013-08-03T23:29:12.794+0100: 306.449: [GC [PSYoungGen: 129928K->5192K(150080K)] 271227K->146491K(352576K), 0.0720760 secs] [Times: user=0.02 sys=0.02, real=0.08 secs] 
2013-08-03T23:29:22.485+0100: 316.140: [GC [PSYoungGen: 130952K->5264K(149504K)] 272251K->146563K(352000K), 0.0280290 secs] [Times: user=0.05 sys=0.00, real=0.03 secs] 
2013-08-03T23:29:31.943+0100: 325.598: [GC [PSYoungGen: 131024K->5576K(150208K)] 272323K->146875K(352704K), 0.0760810 secs] [Times: user=0.07 sys=0.03, real=0.08 secs] 
2013-08-03T23:29:42.298+0100: 335.953: [GC [PSYoungGen: 133000K->5496K(149760K)] 274299K->146795K(352256K), 0.0640680 secs] [Times: user=0.06 sys=0.06, real=0.06 secs] 
2013-08-03T23:29:51.768+0100: 345.423: [GC [PSYoungGen: 132920K->5528K(151552K)] 274219K->146827K(354048K), 0.0280300 secs] [Times: user=0.04 sys=0.00, real=0.02 secs] 
2013-08-03T23:30:44.492+0100: 398.147: [GC [PSYoungGen: 135960K->4080K(151168K)] 277259K->145379K(353664K), 0.0320340 secs] [Times: user=0.05 sys=0.00, real=0.03 secs] 
2013-08-03T23:31:04.829+0100: 418.484: [GC [PSYoungGen: 134512K->1457K(153280K)] 275811K->142757K(355776K), 0.0200220 secs] [Times: user=0.03 sys=0.00, real=0.02 secs] 
2013-08-03T23:31:05.454+0100: 419.109: [GC [PSYoungGen: 134513K->1658K(153088K)] 275813K->142958K(355584K), 0.0120130 secs] [Times: user=0.02 sys=0.00, real=0.01 secs] 
2013-08-03T23:31:05.814+0100: 419.469: [GC [PSYoungGen: 134714K->1673K(154240K)] 276014K->142972K(356736K), 0.0160170 secs] [Times: user=0.01 sys=0.00, real=0.01 secs] 
2013-08-03T23:31:06.323+0100: 419.978: [GC [PSYoungGen: 136585K->1920K(154176K)] 277884K->143219K(356672K), 0.0080080 secs] [Times: user=0.01 sys=0.00, real=0.00 secs] 
Heap
 PSYoungGen      total 154176K, used 15082K [0xa8ba0000, 0xb3510000, 0xb3640000)
  eden space 134912K, 9% used [0xa8ba0000,0xa987a878,0xb0f60000)
  from space 19264K, 9% used [0xb0f60000,0xb1140040,0xb2230000)
  to   space 18688K, 0% used [0xb22d0000,0xb22d0000,0xb3510000)
 ParOldGen       total 202496K, used 141299K [0x93640000, 0x9fc00000, 0xa8ba0000)
  object space 202496K, 69% used [0x93640000,0x9c03cf48,0x9fc00000)
 PSPermGen       total 49664K, used 35273K [0x83640000, 0x866c0000, 0x93640000)
  object space 49664K, 71% used [0x83640000,0x858b24e8,0x866c0000)
