2013-08-05T12:36:35.307+0100: 5.674: [GC [PSYoungGen: 131072K->18202K(152896K)] 131072K->18270K(502464K), 0.1401490 secs] [Times: user=0.05 sys=0.15, real=0.14 secs] 
2013-08-05T12:36:37.837+0100: 8.205: [GC [PSYoungGen: 149274K->16631K(152896K)] 149342K->16699K(502464K), 0.1681790 secs] [Times: user=0.11 sys=0.18, real=0.17 secs] 
2013-08-05T12:36:39.727+0100: 10.095: [GC [PSYoungGen: 79670K->21822K(152896K)] 79738K->29342K(502464K), 0.1922040 secs] [Times: user=0.07 sys=0.12, real=0.19 secs] 
2013-08-05T12:36:43.107+0100: 13.474: [GC [PSYoungGen: 152894K->21810K(152896K)] 160414K->40345K(502464K), 0.3123320 secs] [Times: user=0.06 sys=0.15, real=0.31 secs] 
2013-08-05T12:36:45.742+0100: 16.109: [GC [PSYoungGen: 152882K->21814K(152896K)] 171417K->49613K(502464K), 0.2122250 secs] [Times: user=0.11 sys=0.15, real=0.22 secs] 
2013-08-05T12:36:48.060+0100: 18.428: [GC [PSYoungGen: 152886K->21808K(110784K)] 180685K->63625K(460352K), 0.0880940 secs] [Times: user=0.08 sys=0.06, real=0.09 secs] 
2013-08-05T12:36:48.749+0100: 19.116: [GC [PSYoungGen: 110768K->19154K(131840K)] 152585K->66344K(481408K), 0.1241320 secs] [Times: user=0.20 sys=0.02, real=0.12 secs] 
2013-08-05T12:36:50.138+0100: 20.510: [GC [PSYoungGen: 108114K->14925K(131776K)] 155304K->69031K(481344K), 0.1241320 secs] [Times: user=0.15 sys=0.06, real=0.13 secs] 
2013-08-05T12:36:53.350+0100: 23.717: [GC [PSYoungGen: 104269K->15232K(132032K)] 158375K->78607K(481600K), 0.2202330 secs] [Times: user=0.16 sys=0.04, real=0.22 secs] 
2013-08-05T12:36:57.138+0100: 27.505: [GC [PSYoungGen: 104576K->17182K(132992K)] 167951K->85275K(482560K), 0.0760810 secs] [Times: user=0.09 sys=0.01, real=0.08 secs] 
2013-08-05T12:36:58.191+0100: 28.558: [GC [PSYoungGen: 107678K->840K(91392K)] 175771K->85369K(440960K), 0.1001060 secs] [Times: user=0.11 sys=0.06, real=0.10 secs] 
2013-08-05T12:36:59.416+0100: 29.784: [GC [PSYoungGen: 91336K->3997K(129920K)] 175865K->89194K(479488K), 0.0160170 secs] [Times: user=0.02 sys=0.01, real=0.01 secs] 
2013-08-05T12:37:00.802+0100: 31.169: [GC [PSYoungGen: 90269K->12232K(130496K)] 175466K->101027K(480064K), 0.0440470 secs] [Times: user=0.03 sys=0.04, real=0.04 secs] 
2013-08-05T12:37:02.211+0100: 32.579: [GC [PSYoungGen: 98504K->9761K(132800K)] 187299K->108490K(482368K), 0.0360380 secs] [Times: user=0.06 sys=0.02, real=0.03 secs] 
2013-08-05T12:37:03.841+0100: 34.208: [GC [PSYoungGen: 99681K->7453K(131840K)] 198410K->114835K(481408K), 0.0360380 secs] [Times: user=0.06 sys=0.01, real=0.03 secs] 
2013-08-05T12:37:06.656+0100: 37.023: [GC [PSYoungGen: 97373K->9466K(134784K)] 204755K->123560K(484352K), 0.0640680 secs] [Times: user=0.08 sys=0.02, real=0.06 secs] 
2013-08-05T12:37:09.431+0100: 39.798: [GC [PSYoungGen: 103034K->10383K(133504K)] 217128K->133220K(483072K), 0.0961020 secs] [Times: user=0.09 sys=0.06, real=0.10 secs] 
2013-08-05T12:40:33.808+0100: 244.175: [GC [PSYoungGen: 103951K->4058K(136640K)] 226788K->136472K(486208K), 0.2602760 secs] [Times: user=0.14 sys=0.24, real=0.26 secs] 
2013-08-05T12:40:37.676+0100: 248.043: [GC [PSYoungGen: 102234K->24950K(123136K)] 234648K->160799K(472704K), 0.1361450 secs] [Times: user=0.09 sys=0.02, real=0.14 secs] 
2013-08-05T12:40:41.324+0100: 251.691: [GC [PSYoungGen: 123126K->4864K(135680K)] 258975K->162242K(485248K), 0.1641740 secs] [Times: user=0.01 sys=0.24, real=0.17 secs] 
2013-08-05T12:41:02.342+0100: 272.709: [GC [PSYoungGen: 100864K->3720K(135040K)] 258242K->164594K(484608K), 0.0600640 secs] [Times: user=0.03 sys=0.07, real=0.06 secs] 
2013-08-05T12:41:11.420+0100: 281.787: [GC [PSYoungGen: 99720K->3984K(137344K)] 260594K->166318K(486912K), 0.1481570 secs] [Times: user=0.09 sys=0.06, real=0.15 secs] 
2013-08-05T12:41:22.167+0100: 292.534: [GC [PSYoungGen: 102992K->3408K(136384K)] 265326K->166110K(485952K), 0.1001060 secs] [Times: user=0.09 sys=0.05, real=0.10 secs] 
2013-08-05T12:41:34.268+0100: 304.635: [GC [PSYoungGen: 102416K->3536K(139520K)] 265118K->166550K(489088K), 0.0680730 secs] [Times: user=0.06 sys=0.03, real=0.07 secs] 
2013-08-05T12:41:45.744+0100: 316.112: [GC [PSYoungGen: 106704K->3552K(138368K)] 269718K->166674K(487936K), 0.0360380 secs] [Times: user=0.04 sys=0.02, real=0.03 secs] 
2013-08-05T12:41:56.079+0100: 326.446: [GC [PSYoungGen: 106720K->4187K(142208K)] 269842K->167385K(491776K), 0.0880940 secs] [Times: user=0.10 sys=0.04, real=0.09 secs] 
2013-08-05T12:42:06.927+0100: 337.294: [GC [PSYoungGen: 112475K->3808K(140800K)] 275673K->167298K(490368K), 0.0680730 secs] [Times: user=0.05 sys=0.02, real=0.07 secs] 
2013-08-05T12:42:20.581+0100: 350.948: [GC [PSYoungGen: 112096K->4120K(145024K)] 275586K->168430K(494592K), 0.0840890 secs] [Times: user=0.05 sys=0.03, real=0.08 secs] 
2013-08-05T12:42:42.104+0100: 372.471: [GC [PSYoungGen: 118040K->4279K(143616K)] 282350K->168717K(493184K), 0.0360380 secs] [Times: user=0.05 sys=0.00, real=0.04 secs] 
2013-08-05T12:44:26.298+0100: 476.666: [GC [PSYoungGen: 118199K->1072K(147328K)] 282637K->165942K(496896K), 0.0640680 secs] [Times: user=0.08 sys=0.02, real=0.07 secs] 
2013-08-05T12:45:00.042+0100: 510.410: [GC [PSYoungGen: 120176K->728K(146496K)] 285046K->165838K(496064K), 0.0480510 secs] [Times: user=0.02 sys=0.03, real=0.05 secs] 
2013-08-05T12:45:01.644+0100: 512.011: [GC [PSYoungGen: 119832K->432K(149184K)] 284942K->166154K(498752K), 0.1121190 secs] [Times: user=0.07 sys=0.04, real=0.11 secs] 
2013-08-05T12:45:02.685+0100: 513.053: [GC [PSYoungGen: 123184K->160K(148288K)] 288906K->166277K(497856K), 0.0680720 secs] [Times: user=0.06 sys=0.01, real=0.07 secs] 
2013-08-05T12:45:03.890+0100: 514.258: [GC [PSYoungGen: 122912K->192K(151232K)] 289029K->166445K(500800K), 0.0240250 secs] [Times: user=0.02 sys=0.01, real=0.02 secs] 
Heap
 PSYoungGen      total 151232K, used 72980K [0xa8ba0000, 0xb3640000, 0xb3640000)
  eden space 126720K, 57% used [0xa8ba0000,0xad2b53a0,0xb0760000)
  from space 24512K, 0% used [0xb1e50000,0xb1e80000,0xb3640000)
  to   space 23488K, 0% used [0xb0760000,0xb0760000,0xb1e50000)
 ParOldGen       total 349568K, used 166253K [0x93640000, 0xa8ba0000, 0xa8ba0000)
  object space 349568K, 47% used [0x93640000,0x9d89b4f0,0xa8ba0000)
 PSPermGen       total 35584K, used 35554K [0x83640000, 0x85900000, 0x93640000)
  object space 35584K, 99% used [0x83640000,0x858f8938,0x85900000)
