2013-08-05T12:35:17.276+0100: 6.046: [GC [PSYoungGen: 131072K->18056K(152896K)] 131072K->18124K(502464K), 0.1561660 secs] [Times: user=0.06 sys=0.05, real=0.15 secs] 
2013-08-05T12:35:19.726+0100: 8.497: [GC [PSYoungGen: 149128K->16222K(152896K)] 149196K->16290K(502464K), 0.0640680 secs] [Times: user=0.07 sys=0.02, real=0.06 secs] 
2013-08-05T12:35:21.849+0100: 10.619: [GC [PSYoungGen: 79323K->21819K(152896K)] 79391K->29281K(502464K), 0.0720760 secs] [Times: user=0.06 sys=0.03, real=0.07 secs] 
2013-08-05T12:35:21.921+0100: 10.691: [Full GC (System) [PSYoungGen: 21819K->0K(152896K)] [ParOldGen: 7461K->29053K(349568K)] 29281K->29053K(502464K) [PSPermGen: 14649K->14637K(29440K)], 0.2602770 secs] [Times: user=0.20 sys=0.16, real=0.26 secs] 
2013-08-05T12:35:24.203+0100: 12.974: [GC [PSYoungGen: 131072K->10804K(152896K)] 160125K->39858K(502464K), 0.0160170 secs] [Times: user=0.03 sys=0.00, real=0.01 secs] 
2013-08-05T12:35:26.261+0100: 15.032: [GC [PSYoungGen: 141876K->18945K(152896K)] 170930K->47999K(502464K), 0.0400430 secs] [Times: user=0.04 sys=0.01, real=0.04 secs] 
2013-08-05T12:35:28.632+0100: 17.402: [GC [PSYoungGen: 150017K->21811K(128576K)] 179071K->59675K(478144K), 0.0920980 secs] [Times: user=0.03 sys=0.08, real=0.09 secs] 
2013-08-05T12:35:29.597+0100: 18.367: [GC [PSYoungGen: 128563K->24492K(131264K)] 166427K->62357K(480832K), 0.0360380 secs] [Times: user=0.04 sys=0.01, real=0.03 secs] 
2013-08-05T12:35:30.302+0100: 19.072: [GC [PSYoungGen: 131244K->29063K(136768K)] 169109K->66928K(486336K), 0.0320340 secs] [Times: user=0.06 sys=0.00, real=0.03 secs] 
2013-08-05T12:35:33.193+0100: 21.963: [GC [PSYoungGen: 131719K->29775K(132480K)] 169584K->79398K(482048K), 0.1241320 secs] [Times: user=0.06 sys=0.06, real=0.12 secs] 
2013-08-05T12:35:34.262+0100: 23.032: [GC [PSYoungGen: 132431K->19435K(137984K)] 182054K->81334K(487552K), 0.1721830 secs] [Times: user=0.08 sys=0.14, real=0.17 secs] 
2013-08-05T12:35:35.379+0100: 24.150: [GC [PSYoungGen: 119851K->4875K(105344K)] 181750K->81800K(454912K), 0.1241310 secs] [Times: user=0.09 sys=0.04, real=0.13 secs] 
2013-08-05T12:35:36.953+0100: 25.723: [GC [PSYoungGen: 105291K->13829K(136960K)] 182216K->95400K(486528K), 0.0800850 secs] [Times: user=0.07 sys=0.06, real=0.08 secs] 
2013-08-05T12:35:39.187+0100: 27.958: [GC [PSYoungGen: 112453K->11107K(136384K)] 194024K->104080K(485952K), 0.2202340 secs] [Times: user=0.05 sys=0.11, real=0.22 secs] 
2013-08-05T12:35:40.925+0100: 29.696: [GC [PSYoungGen: 109731K->8470K(137216K)] 202704K->111370K(486784K), 0.6927350 secs] [Times: user=0.11 sys=0.16, real=0.70 secs] 
2013-08-05T12:35:45.253+0100: 34.024: [GC [PSYoungGen: 108182K->10230K(137216K)] 211082K->120745K(486784K), 0.1201280 secs] [Times: user=0.03 sys=0.01, real=0.12 secs] 
2013-08-05T12:35:48.761+0100: 37.536: [GC [PSYoungGen: 109942K->10410K(138560K)] 220457K->130271K(488128K), 0.1761870 secs] [Times: user=0.13 sys=0.07, real=0.18 secs] 
2013-08-05T12:36:06.804+0100: 55.575: [GC [PSYoungGen: 112042K->1579K(137792K)] 231903K->128112K(487360K), 0.0640680 secs] [Times: user=0.07 sys=0.05, real=0.06 secs] 
2013-08-05T12:36:07.617+0100: 56.388: [GC [PSYoungGen: 103211K->352K(137216K)] 229744K->128248K(486784K), 0.0200220 secs] [Times: user=0.02 sys=0.02, real=0.02 secs] 
2013-08-05T12:36:08.118+0100: 56.888: [GC [PSYoungGen: 100832K->144K(137600K)] 228728K->128375K(487168K), 0.0160170 secs] [Times: user=0.03 sys=0.01, real=0.01 secs] 
2013-08-05T12:36:09.207+0100: 57.978: [GC [PSYoungGen: 100624K->144K(138048K)] 228855K->128499K(487616K), 0.0160170 secs] [Times: user=0.03 sys=0.00, real=0.01 secs] 
2013-08-05T12:36:10.560+0100: 59.331: [GC [PSYoungGen: 101136K->176K(137664K)] 229491K->128631K(487232K), 0.0160170 secs] [Times: user=0.00 sys=0.03, real=0.01 secs] 
Heap
 PSYoungGen      total 137664K, used 29186K [0xa8ba0000, 0xb3640000, 0xb3640000)
  eden space 100992K, 28% used [0xa8ba0000,0xaa7f48a0,0xaee40000)
  from space 36672K, 0% used [0xaee40000,0xaee6c000,0xb1210000)
  to   space 35968K, 0% used [0xb1320000,0xb1320000,0xb3640000)
 ParOldGen       total 349568K, used 128455K [0x93640000, 0xa8ba0000, 0xa8ba0000)
  object space 349568K, 36% used [0x93640000,0x9b3b1cb0,0xa8ba0000)
 PSPermGen       total 34688K, used 34607K [0x83640000, 0x85820000, 0x93640000)
  object space 34688K, 99% used [0x83640000,0x8580bf18,0x85820000)
