2013-08-03T21:21:48.905+0100: 1.746: [GC [PSYoungGen: 32768K->5435K(38208K)] 32768K->6417K(125632K), 0.0400420 secs] [Times: user=0.03 sys=0.02, real=0.04 secs] 
2013-08-03T21:21:49.638+0100: 2.479: [GC [PSYoungGen: 38203K->5435K(70976K)] 39185K->8121K(158400K), 0.0800850 secs] [Times: user=0.01 sys=0.06, real=0.08 secs] 
2013-08-03T21:21:52.449+0100: 5.290: [GC [PSYoungGen: 70971K->5429K(70976K)] 73657K->15371K(158400K), 0.0680720 secs] [Times: user=0.02 sys=0.06, real=0.07 secs] 
2013-08-03T21:21:53.145+0100: 5.986: [GC [PSYoungGen: 70965K->5425K(136512K)] 80907K->17339K(223936K), 0.0560590 secs] [Times: user=0.02 sys=0.06, real=0.05 secs] 
2013-08-03T21:21:56.169+0100: 9.010: [GC [PSYoungGen: 121569K->5426K(136512K)] 133483K->35072K(223936K), 0.1201280 secs] [Times: user=0.05 sys=0.11, real=0.12 secs] 
2013-08-03T21:21:56.289+0100: 9.130: [Full GC (System) [PSYoungGen: 5426K->0K(136512K)] [ParOldGen: 29645K->30244K(87424K)] 35072K->30244K(223936K) [PSPermGen: 14653K->14640K(29440K)], 0.2923100 secs] [Times: user=0.29 sys=0.11, real=0.29 secs] 
2013-08-03T21:21:58.403+0100: 11.244: [GC [PSYoungGen: 131072K->5430K(121856K)] 161316K->41205K(209280K), 0.0560590 secs] [Times: user=0.02 sys=0.04, real=0.06 secs] 
2013-08-03T21:22:00.433+0100: 13.274: [GC [PSYoungGen: 121846K->13766K(136512K)] 157621K->49541K(223936K), 0.0320340 secs] [Times: user=0.05 sys=0.00, real=0.03 secs] 
2013-08-03T21:22:02.319+0100: 15.160: [GC [PSYoungGen: 130182K->20086K(144896K)] 165957K->60904K(232320K), 0.1321410 secs] [Times: user=0.05 sys=0.14, real=0.13 secs] 
2013-08-03T21:22:03.256+0100: 16.097: [GC [PSYoungGen: 144886K->23382K(148224K)] 185704K->64200K(235648K), 0.0560590 secs] [Times: user=0.03 sys=0.07, real=0.05 secs] 
2013-08-03T21:22:04.289+0100: 17.130: [GC [PSYoungGen: 148182K->20449K(143872K)] 189000K->71139K(231296K), 0.1001070 secs] [Times: user=0.06 sys=0.10, real=0.10 secs] 
2013-08-03T21:22:06.900+0100: 19.741: [GC [PSYoungGen: 137825K->19964K(137344K)] 188515K->83690K(224768K), 0.1201280 secs] [Times: user=0.09 sys=0.10, real=0.12 secs] 
2013-08-03T21:22:07.745+0100: 20.586: [GC [PSYoungGen: 137340K->1064K(143360K)] 201066K->84001K(230784K), 0.1721830 secs] [Times: user=0.09 sys=0.07, real=0.17 secs] 
2013-08-03T21:22:07.917+0100: 20.758: [Full GC [PSYoungGen: 1064K->0K(143360K)] [ParOldGen: 82937K->78570K(139904K)] 84001K->78570K(283264K) [PSPermGen: 23356K->23348K(39680K)], 0.4084330 secs] [Times: user=0.46 sys=0.22, real=0.41 secs] 
2013-08-03T21:22:09.715+0100: 22.556: [GC [PSYoungGen: 114176K->7908K(144448K)] 192746K->86478K(284352K), 0.0600640 secs] [Times: user=0.02 sys=0.01, real=0.06 secs] 
2013-08-03T21:22:10.948+0100: 23.789: [GC [PSYoungGen: 122084K->14495K(141504K)] 200654K->100108K(281408K), 0.0320340 secs] [Times: user=0.02 sys=0.03, real=0.03 secs] 
2013-08-03T21:22:12.818+0100: 25.659: [GC [PSYoungGen: 129247K->10248K(143232K)] 214860K->108060K(283136K), 0.0920980 secs] [Times: user=0.05 sys=0.06, real=0.09 secs] 
2013-08-03T21:22:15.473+0100: 28.314: [GC [PSYoungGen: 125000K->11712K(143168K)] 222812K->118834K(283072K), 0.1521610 secs] [Times: user=0.07 sys=0.13, real=0.15 secs] 
2013-08-03T21:22:21.568+0100: 34.409: [GC [PSYoungGen: 130432K->11775K(145088K)] 237554K->129690K(284992K), 0.0920980 secs] [Times: user=0.06 sys=0.09, real=0.09 secs] 
2013-08-03T21:25:51.090+0100: 243.931: [GC [PSYoungGen: 130495K->13900K(145920K)] 248410K->142391K(285824K), 0.2562720 secs] [Times: user=0.06 sys=0.14, real=0.26 secs] 
2013-08-03T21:25:51.346+0100: 244.187: [Full GC [PSYoungGen: 13900K->0K(145920K)] [ParOldGen: 128491K->130911K(205952K)] 142391K->130911K(351872K) [PSPermGen: 34770K->34696K(49664K)], 0.9490080 secs] [Times: user=1.01 sys=0.37, real=0.95 secs] 
2013-08-03T21:25:54.586+0100: 247.427: [GC [PSYoungGen: 123136K->12429K(147520K)] 254047K->143340K(353472K), 0.0400420 secs] [Times: user=0.03 sys=0.03, real=0.05 secs] 
2013-08-03T21:26:01.941+0100: 254.782: [GC [PSYoungGen: 135565K->4912K(150336K)] 266476K->145303K(356288K), 0.0680720 secs] [Times: user=0.04 sys=0.04, real=0.07 secs] 
2013-08-03T21:26:13.494+0100: 266.335: [GC [PSYoungGen: 131888K->5244K(150656K)] 272279K->147879K(356608K), 0.1321410 secs] [Times: user=0.10 sys=0.06, real=0.14 secs] 
2013-08-03T21:26:26.912+0100: 279.753: [GC [PSYoungGen: 132220K->4960K(150912K)] 274855K->147875K(356864K), 0.0560590 secs] [Times: user=0.05 sys=0.04, real=0.05 secs] 
2013-08-03T21:27:29.783+0100: 342.624: [GC [PSYoungGen: 132320K->3024K(150976K)] 275235K->145939K(356928K), 0.0280300 secs] [Times: user=0.04 sys=0.00, real=0.02 secs] 
2013-08-03T21:27:31.697+0100: 344.538: [GC [PSYoungGen: 130384K->1160K(150720K)] 273299K->144076K(356672K), 0.0440460 secs] [Times: user=0.01 sys=0.02, real=0.05 secs] 
2013-08-03T21:27:32.361+0100: 345.202: [GC [PSYoungGen: 128264K->1369K(150912K)] 271180K->144285K(356864K), 0.0120130 secs] [Times: user=0.02 sys=0.00, real=0.01 secs] 
2013-08-03T21:27:32.854+0100: 345.695: [GC [PSYoungGen: 128473K->1328K(150080K)] 271389K->144243K(356032K), 0.0560590 secs] [Times: user=0.04 sys=0.02, real=0.06 secs] 
2013-08-03T21:27:33.330+0100: 346.171: [GC [PSYoungGen: 128560K->1296K(150528K)] 271475K->144491K(356480K), 0.0160170 secs] [Times: user=0.01 sys=0.01, real=0.02 secs] 
Heap
 PSYoungGen      total 150528K, used 16189K [0xa8c30000, 0xb3660000, 0xb36d0000)
  eden space 127232K, 11% used [0xa8c30000,0xa9abb4e0,0xb0870000)
  from space 23296K, 5% used [0xb0870000,0xb09b4060,0xb1f30000)
  to   space 22848K, 0% used [0xb2010000,0xb2010000,0xb3660000)
 ParOldGen       total 205952K, used 143195K [0x936d0000, 0x9fff0000, 0xa8c30000)
  object space 205952K, 69% used [0x936d0000,0x9c2a6ec8,0x9fff0000)
 PSPermGen       total 49664K, used 35585K [0x836d0000, 0x86750000, 0x936d0000)
  object space 49664K, 71% used [0x836d0000,0x85990438,0x86750000)
