2013-08-04T06:48:27.970+0100: 2.102: [GC [PSYoungGen: 32768K->5425K(38208K)] 32768K->6426K(125632K), 0.0840890 secs] [Times: user=0.05 sys=0.08, real=0.09 secs] 
2013-08-04T06:48:28.911+0100: 3.043: [GC [PSYoungGen: 38193K->5424K(70976K)] 39194K->8174K(158400K), 0.0400430 secs] [Times: user=0.00 sys=0.04, real=0.04 secs] 
2013-08-04T06:48:31.442+0100: 5.574: [GC [PSYoungGen: 70960K->5431K(70976K)] 73710K->15833K(158400K), 0.1201280 secs] [Times: user=0.03 sys=0.09, real=0.12 secs] 
2013-08-04T06:48:32.126+0100: 6.259: [GC [PSYoungGen: 70967K->5433K(136512K)] 81369K->17939K(223936K), 0.0600640 secs] [Times: user=0.03 sys=0.07, real=0.06 secs] 
2013-08-04T06:48:35.410+0100: 9.542: [GC [PSYoungGen: 119911K->5433K(136512K)] 132417K->35905K(223936K), 0.3083270 secs] [Times: user=0.07 sys=0.23, real=0.30 secs] 
2013-08-04T06:48:35.718+0100: 9.850: [Full GC (System) [PSYoungGen: 5433K->0K(136512K)] [ParOldGen: 30472K->30304K(87424K)] 35905K->30304K(223936K) [PSPermGen: 14652K->14639K(29440K)], 0.2282430 secs] [Times: user=0.27 sys=0.06, real=0.24 secs] 
2013-08-04T06:48:37.664+0100: 11.797: [GC [PSYoungGen: 131072K->5433K(121408K)] 161376K->41056K(208832K), 0.0440470 secs] [Times: user=0.01 sys=0.04, real=0.04 secs] 
2013-08-04T06:48:39.210+0100: 13.342: [GC [PSYoungGen: 121401K->13525K(136512K)] 157024K->49148K(223936K), 0.0320340 secs] [Times: user=0.02 sys=0.01, real=0.03 secs] 
2013-08-04T06:48:40.864+0100: 14.996: [GC [PSYoungGen: 129493K->20285K(144960K)] 165116K->60439K(232384K), 0.1521610 secs] [Times: user=0.08 sys=0.15, real=0.16 secs] 
2013-08-04T06:48:42.017+0100: 16.149: [GC [PSYoungGen: 144957K->23690K(148416K)] 185111K->63844K(235840K), 0.0440460 secs] [Times: user=0.04 sys=0.05, real=0.04 secs] 
2013-08-04T06:48:42.934+0100: 17.066: [GC [PSYoungGen: 148362K->20296K(143552K)] 188516K->70696K(230976K), 0.1561660 secs] [Times: user=0.07 sys=0.14, real=0.16 secs] 
2013-08-04T06:48:46.278+0100: 20.410: [GC [PSYoungGen: 137544K->19927K(137216K)] 187944K->83220K(224640K), 0.1481570 secs] [Times: user=0.05 sys=0.14, real=0.15 secs] 
2013-08-04T06:48:47.315+0100: 21.447: [GC [PSYoungGen: 137175K->1064K(143360K)] 200468K->83570K(230784K), 0.2242380 secs] [Times: user=0.04 sys=0.19, real=0.22 secs] 
2013-08-04T06:48:47.539+0100: 21.671: [Full GC [PSYoungGen: 1064K->0K(143360K)] [ParOldGen: 82506K->78716K(142464K)] 83570K->78716K(285824K) [PSPermGen: 23365K->23356K(39680K)], 0.6647060 secs] [Times: user=0.59 sys=0.13, real=0.67 secs] 
2013-08-04T06:48:49.693+0100: 23.825: [GC [PSYoungGen: 114176K->8168K(144448K)] 192892K->86884K(286912K), 0.0200210 secs] [Times: user=0.00 sys=0.03, real=0.02 secs] 
2013-08-04T06:48:50.326+0100: 24.458: [GC [PSYoungGen: 122344K->14540K(141504K)] 201060K->100483K(283968K), 0.0680730 secs] [Times: user=0.03 sys=0.04, real=0.07 secs] 
2013-08-04T06:48:52.016+0100: 26.148: [GC [PSYoungGen: 129292K->10416K(143232K)] 215235K->108520K(285696K), 0.0920980 secs] [Times: user=0.05 sys=0.05, real=0.09 secs] 
2013-08-04T06:48:54.662+0100: 28.795: [GC [PSYoungGen: 125168K->11791K(143040K)] 223272K->119397K(285504K), 0.0680720 secs] [Times: user=0.06 sys=0.05, real=0.07 secs] 
2013-08-04T06:49:20.950+0100: 55.082: [GC [PSYoungGen: 130511K->11397K(145024K)] 238117K->129814K(287488K), 0.1081150 secs] [Times: user=0.07 sys=0.10, real=0.11 secs] 
2013-08-04T06:52:29.739+0100: 243.871: [GC [PSYoungGen: 130117K->18737K(147520K)] 248534K->145230K(289984K), 0.0880940 secs] [Times: user=0.06 sys=0.06, real=0.09 secs] 
2013-08-04T06:52:29.827+0100: 243.959: [Full GC [PSYoungGen: 18737K->0K(147520K)] [ParOldGen: 126492K->133507K(213888K)] 145230K->133507K(361408K) [PSPermGen: 34890K->34719K(49664K)], 0.7487940 secs] [Times: user=0.88 sys=0.33, real=0.75 secs] 
2013-08-04T06:52:32.686+0100: 246.818: [GC [PSYoungGen: 122240K->8227K(148480K)] 255747K->141734K(362368K), 0.0320340 secs] [Times: user=0.00 sys=0.02, real=0.03 secs] 
2013-08-04T06:52:41.491+0100: 255.623: [GC [PSYoungGen: 130467K->4713K(148352K)] 263974K->144453K(362240K), 0.0600640 secs] [Times: user=0.06 sys=0.03, real=0.06 secs] 
2013-08-04T06:52:55.474+0100: 269.606: [GC [PSYoungGen: 127337K->7593K(130240K)] 267077K->147333K(344128K), 0.0400420 secs] [Times: user=0.05 sys=0.01, real=0.04 secs] 
2013-08-04T06:53:06.578+0100: 280.710: [GC [PSYoungGen: 130217K->7728K(148992K)] 269957K->147468K(362880K), 0.0680720 secs] [Times: user=0.07 sys=0.05, real=0.07 secs] 
2013-08-04T06:54:14.894+0100: 349.026: [GC [PSYoungGen: 131376K->5905K(148352K)] 271116K->145645K(362240K), 0.0240260 secs] [Times: user=0.02 sys=0.02, real=0.03 secs] 
2013-08-04T06:54:16.484+0100: 350.616: [GC [PSYoungGen: 129553K->3481K(149056K)] 269293K->143222K(362944K), 0.0160170 secs] [Times: user=0.02 sys=0.01, real=0.02 secs] 
2013-08-04T06:54:16.896+0100: 351.029: [GC [PSYoungGen: 128281K->3593K(148928K)] 268022K->143333K(362816K), 0.0160170 secs] [Times: user=0.02 sys=0.02, real=0.02 secs] 
2013-08-04T06:54:17.177+0100: 351.309: [GC [PSYoungGen: 128393K->3673K(149952K)] 268133K->143413K(363840K), 0.0120130 secs] [Times: user=0.01 sys=0.00, real=0.01 secs] 
2013-08-04T06:54:17.701+0100: 351.833: [GC [PSYoungGen: 130393K->3889K(150080K)] 270133K->143629K(363968K), 0.0160170 secs] [Times: user=0.03 sys=0.00, real=0.02 secs] 
Heap
 PSYoungGen      total 150080K, used 24159K [0xa8ba0000, 0xb3540000, 0xb3640000)
  eden space 126720K, 15% used [0xa8ba0000,0xa9f6bb98,0xb0760000)
  from space 23360K, 16% used [0xb0760000,0xb0b2c430,0xb1e30000)
  to   space 22784K, 0% used [0xb1f00000,0xb1f00000,0xb3540000)
 ParOldGen       total 213888K, used 139740K [0x93640000, 0xa0720000, 0xa8ba0000)
  object space 213888K, 65% used [0x93640000,0x9beb7098,0xa0720000)
 PSPermGen       total 49664K, used 35257K [0x83640000, 0x866c0000, 0x93640000)
  object space 49664K, 70% used [0x83640000,0x858ae460,0x866c0000)
