2013-08-04T02:57:19.553+0100: 2.062: [GC [PSYoungGen: 32768K->5424K(38208K)] 32768K->6422K(125632K), 0.0480510 secs] [Times: user=0.01 sys=0.06, real=0.04 secs] 
2013-08-04T02:57:20.666+0100: 3.175: [GC [PSYoungGen: 38192K->5433K(70976K)] 39190K->8142K(158400K), 0.0480510 secs] [Times: user=0.02 sys=0.07, real=0.05 secs] 
2013-08-04T02:57:23.205+0100: 5.714: [GC [PSYoungGen: 70969K->5434K(70976K)] 73678K->15622K(158400K), 0.0920980 secs] [Times: user=0.05 sys=0.11, real=0.10 secs] 
2013-08-04T02:57:24.017+0100: 6.527: [GC [PSYoungGen: 70970K->5427K(136512K)] 81158K->17704K(223936K), 0.0760810 secs] [Times: user=0.04 sys=0.04, real=0.07 secs] 
2013-08-04T02:57:28.226+0100: 10.735: [GC [PSYoungGen: 121571K->5435K(136512K)] 133848K->35612K(223936K), 0.3123310 secs] [Times: user=0.12 sys=0.34, real=0.31 secs] 
2013-08-04T02:57:28.538+0100: 11.048: [Full GC (System) [PSYoungGen: 5435K->0K(136512K)] [ParOldGen: 30177K->30296K(87424K)] 35612K->30296K(223936K) [PSPermGen: 14653K->14640K(29440K)], 0.3403620 secs] [Times: user=0.35 sys=0.12, real=0.34 secs] 
2013-08-04T02:57:31.405+0100: 13.915: [GC [PSYoungGen: 131072K->5434K(121600K)] 161368K->41151K(209024K), 0.0880940 secs] [Times: user=0.08 sys=0.03, real=0.09 secs] 
2013-08-04T02:57:32.971+0100: 15.480: [GC [PSYoungGen: 121594K->13493K(136512K)] 157311K->49211K(223936K), 0.1001060 secs] [Times: user=0.05 sys=0.01, real=0.10 secs] 
2013-08-04T02:57:35.029+0100: 17.539: [GC [PSYoungGen: 129653K->20149K(145600K)] 165371K->59910K(233024K), 0.2923100 secs] [Times: user=0.08 sys=0.18, real=0.29 secs] 
2013-08-04T02:57:36.739+0100: 19.248: [GC [PSYoungGen: 145589K->24078K(149568K)] 185350K->63839K(236992K), 0.1161240 secs] [Times: user=0.03 sys=0.08, real=0.11 secs] 
2013-08-04T02:57:37.864+0100: 20.374: [GC [PSYoungGen: 149518K->21247K(141888K)] 189279K->71172K(229312K), 0.1401480 secs] [Times: user=0.08 sys=0.11, real=0.14 secs] 
2013-08-04T02:57:40.435+0100: 22.944: [GC [PSYoungGen: 137983K->19946K(136704K)] 187908K->83106K(224128K), 0.1401490 secs] [Times: user=0.06 sys=0.09, real=0.14 secs] 
2013-08-04T02:57:41.432+0100: 23.941: [GC [PSYoungGen: 136682K->1072K(143168K)] 199842K->83406K(230592K), 0.1281360 secs] [Times: user=0.07 sys=0.15, real=0.13 secs] 
2013-08-04T02:57:41.560+0100: 24.070: [Full GC [PSYoungGen: 1072K->0K(143168K)] [ParOldGen: 82333K->78227K(139264K)] 83406K->78227K(282432K) [PSPermGen: 23354K->23345K(39680K)], 0.3964210 secs] [Times: user=0.48 sys=0.15, real=0.40 secs] 
2013-08-04T02:57:43.378+0100: 25.887: [GC [PSYoungGen: 113792K->8339K(144256K)] 192019K->86567K(283520K), 0.0120130 secs] [Times: user=0.02 sys=0.00, real=0.01 secs] 
2013-08-04T02:57:44.159+0100: 26.668: [GC [PSYoungGen: 122131K->14309K(141120K)] 200359K->99924K(280384K), 0.0320340 secs] [Times: user=0.03 sys=0.02, real=0.03 secs] 
2013-08-04T02:57:45.396+0100: 27.906: [GC [PSYoungGen: 128741K->10285K(142912K)] 214356K->107998K(282176K), 0.0440470 secs] [Times: user=0.00 sys=0.07, real=0.05 secs] 
2013-08-04T02:57:47.478+0100: 29.988: [GC [PSYoungGen: 124717K->11651K(143040K)] 222430K->118762K(282304K), 0.0640680 secs] [Times: user=0.00 sys=0.08, real=0.07 secs] 
2013-08-04T02:58:07.347+0100: 49.857: [GC [PSYoungGen: 130307K->11503K(145088K)] 237418K->129331K(284352K), 0.0760810 secs] [Times: user=0.06 sys=0.06, real=0.08 secs] 
2013-08-04T03:01:21.069+0100: 243.579: [GC [PSYoungGen: 130159K->18538K(147712K)] 247987K->144482K(286976K), 0.0880940 secs] [Times: user=0.07 sys=0.04, real=0.09 secs] 
2013-08-04T03:01:21.157+0100: 243.667: [Full GC [PSYoungGen: 18538K->0K(147712K)] [ParOldGen: 125944K->133312K(207936K)] 144482K->133312K(355648K) [PSPermGen: 34737K->34663K(49664K)], 0.9690280 secs] [Times: user=0.89 sys=0.32, real=0.97 secs] 
2013-08-04T03:01:24.837+0100: 247.347: [GC [PSYoungGen: 122368K->7751K(148544K)] 255680K->141064K(356480K), 0.0880940 secs] [Times: user=0.05 sys=0.04, real=0.08 secs] 
2013-08-04T03:01:49.671+0100: 272.181: [GC [PSYoungGen: 130119K->4396K(148544K)] 263432K->142499K(356480K), 0.1441530 secs] [Times: user=0.06 sys=0.04, real=0.14 secs] 
2013-08-04T03:22:06.746+0100: 1489.256: [GC [PSYoungGen: 127020K->3648K(126272K)] 265123K->143843K(334208K), 0.0520290 secs] [Times: user=0.07 sys=0.01, real=0.05 secs] 
2013-08-04T03:22:21.067+0100: 1503.577: [GC [PSYoungGen: 126272K->3760K(148864K)] 266467K->144523K(356800K), 0.0920980 secs] [Times: user=0.08 sys=0.03, real=0.09 secs] 
2013-08-04T03:22:30.985+0100: 1513.495: [GC [PSYoungGen: 126512K->4352K(127104K)] 267275K->145115K(335040K), 0.0360380 secs] [Times: user=0.02 sys=0.03, real=0.04 secs] 
2013-08-04T03:22:40.772+0100: 1523.281: [GC [PSYoungGen: 127104K->4400K(148800K)] 267867K->145163K(356736K), 0.0360380 secs] [Times: user=0.06 sys=0.01, real=0.04 secs] 
2013-08-04T03:22:52.685+0100: 1535.198: [GC [PSYoungGen: 127792K->4808K(148160K)] 268555K->145571K(356096K), 0.0280290 secs] [Times: user=0.05 sys=0.01, real=0.03 secs] 
2013-08-04T03:23:03.500+0100: 1546.010: [GC [PSYoungGen: 128200K->4976K(149120K)] 268963K->145739K(357056K), 0.0840890 secs] [Times: user=0.08 sys=0.02, real=0.09 secs] 
2013-08-04T03:23:12.702+0100: 1555.211: [GC [PSYoungGen: 130352K->5192K(148544K)] 271115K->145955K(356480K), 0.0400430 secs] [Times: user=0.05 sys=0.02, real=0.04 secs] 
2013-08-04T03:23:22.929+0100: 1565.438: [GC [PSYoungGen: 130568K->5424K(150592K)] 271331K->146187K(358528K), 0.0320340 secs] [Times: user=0.05 sys=0.00, real=0.03 secs] 
2013-08-04T03:24:10.723+0100: 1613.233: [GC [PSYoungGen: 134192K->4524K(150080K)] 274955K->145287K(358016K), 0.0280290 secs] [Times: user=0.05 sys=0.00, real=0.03 secs] 
2013-08-04T03:25:44.799+0100: 1707.309: [GC [PSYoungGen: 133292K->2344K(152576K)] 274055K->143107K(360512K), 0.0240260 secs] [Times: user=0.04 sys=0.01, real=0.02 secs] 
2013-08-04T03:25:48.599+0100: 1711.109: [GC [PSYoungGen: 134376K->1400K(152128K)] 275139K->142163K(360064K), 0.0120130 secs] [Times: user=0.01 sys=0.00, real=0.01 secs] 
2013-08-04T03:25:49.184+0100: 1711.693: [GC [PSYoungGen: 133432K->1584K(154112K)] 274195K->142347K(362048K), 0.0080080 secs] [Times: user=0.01 sys=0.00, real=0.01 secs] 
2013-08-04T03:25:49.512+0100: 1712.022: [GC [PSYoungGen: 136176K->1617K(153856K)] 276939K->142380K(361792K), 0.0080090 secs] [Times: user=0.01 sys=0.01, real=0.01 secs] 
Heap
 PSYoungGen      total 153856K, used 132240K [0xa8b50000, 0xb3490000, 0xb35f0000)
  eden space 134592K, 97% used [0xa8b50000,0xb0adff18,0xb0ec0000)
  from space 19264K, 8% used [0xb0ec0000,0xb1054408,0xb2190000)
  to   space 18688K, 0% used [0xb2250000,0xb2250000,0xb3490000)
 ParOldGen       total 207936K, used 140763K [0x935f0000, 0xa0100000, 0xa8b50000)
  object space 207936K, 67% used [0x935f0000,0x9bf66ec0,0xa0100000)
 PSPermGen       total 49664K, used 35479K [0x835f0000, 0x86670000, 0x935f0000)
  object space 49664K, 71% used [0x835f0000,0x85895c18,0x86670000)
