2013-08-05T13:16:45.749+0100: 7.200: [GC [PSYoungGen: 131072K->18291K(152896K)] 131072K->18295K(502464K), 0.1922040 secs] [Times: user=0.06 sys=0.15, real=0.20 secs] 
2013-08-05T13:16:48.532+0100: 9.983: [GC [PSYoungGen: 149363K->16479K(152896K)] 149367K->16483K(502464K), 0.2162290 secs] [Times: user=0.11 sys=0.11, real=0.21 secs] 
2013-08-05T13:16:50.686+0100: 12.137: [GC [PSYoungGen: 77193K->21818K(152896K)] 77197K->29301K(502464K), 0.0880940 secs] [Times: user=0.07 sys=0.08, real=0.09 secs] 
2013-08-05T13:16:50.774+0100: 12.225: [Full GC (System) [PSYoungGen: 21818K->0K(152896K)] [ParOldGen: 7483K->29071K(349568K)] 29301K->29071K(502464K) [PSPermGen: 14681K->14669K(29440K)], 0.3804030 secs] [Times: user=0.25 sys=0.27, real=0.38 secs] 
2013-08-05T13:16:53.805+0100: 15.256: [GC [PSYoungGen: 131072K->10782K(152896K)] 160143K->39853K(502464K), 0.0120130 secs] [Times: user=0.02 sys=0.01, real=0.02 secs] 
2013-08-05T13:16:56.320+0100: 17.771: [GC [PSYoungGen: 141854K->18841K(152896K)] 170925K->47912K(502464K), 0.0760810 secs] [Times: user=0.07 sys=0.02, real=0.07 secs] 
2013-08-05T13:16:58.923+0100: 20.374: [GC [PSYoungGen: 149913K->21808K(129600K)] 178984K->58899K(479168K), 0.1241320 secs] [Times: user=0.06 sys=0.08, real=0.12 secs] 
2013-08-05T13:16:59.760+0100: 21.211: [GC [PSYoungGen: 129584K->24588K(132416K)] 166675K->61679K(481984K), 0.0880930 secs] [Times: user=0.10 sys=0.02, real=0.09 secs] 
2013-08-05T13:17:01.173+0100: 22.624: [GC [PSYoungGen: 132364K->31190K(135232K)] 169455K->68281K(484800K), 0.0280300 secs] [Times: user=0.01 sys=0.02, real=0.03 secs] 
2013-08-05T13:17:04.629+0100: 26.080: [GC [PSYoungGen: 132694K->30576K(132096K)] 169785K->79475K(481664K), 0.2602760 secs] [Times: user=0.04 sys=0.14, real=0.26 secs] 
2013-08-05T13:17:05.786+0100: 27.237: [GC [PSYoungGen: 132080K->19661K(137216K)] 180979K->80831K(486784K), 0.1001060 secs] [Times: user=0.05 sys=0.10, real=0.10 secs] 
2013-08-05T13:17:07.660+0100: 29.111: [GC [PSYoungGen: 118477K->7470K(106304K)] 179647K->84447K(455872K), 0.1882000 secs] [Times: user=0.07 sys=0.18, real=0.19 secs] 
2013-08-05T13:17:09.126+0100: 30.576: [GC [PSYoungGen: 106286K->14554K(136640K)] 183263K->98535K(486208K), 0.0720770 secs] [Times: user=0.09 sys=0.02, real=0.07 secs] 
2013-08-05T13:17:10.647+0100: 32.098: [GC [PSYoungGen: 112538K->8405K(136064K)] 196519K->103920K(485632K), 0.0600640 secs] [Times: user=0.04 sys=0.04, real=0.06 secs] 
2013-08-05T13:17:12.381+0100: 33.832: [GC [PSYoungGen: 106389K->8617K(136384K)] 201904K->111942K(485952K), 0.0720760 secs] [Times: user=0.07 sys=0.03, real=0.07 secs] 
2013-08-05T13:17:15.016+0100: 36.467: [GC [PSYoungGen: 106526K->12103K(136320K)] 209852K->123137K(485888K), 0.0520550 secs] [Times: user=0.06 sys=0.04, real=0.05 secs] 
2013-08-05T13:17:39.730+0100: 61.181: [GC [PSYoungGen: 110087K->8045K(137664K)] 221121K->130201K(487232K), 0.2122250 secs] [Times: user=0.06 sys=0.04, real=0.21 secs] 
2013-08-05T13:20:45.483+0100: 246.934: [GC [PSYoungGen: 108333K->20958K(137344K)] 230489K->148788K(486912K), 0.1641750 secs] [Times: user=0.14 sys=0.08, real=0.16 secs] 
2013-08-05T13:20:48.222+0100: 249.673: [GC [PSYoungGen: 121246K->6696K(138304K)] 249076K->154917K(487872K), 0.1922040 secs] [Times: user=0.04 sys=0.14, real=0.19 secs] 
2013-08-05T13:20:54.197+0100: 255.647: [GC [PSYoungGen: 108392K->3776K(138112K)] 256613K->155723K(487680K), 0.0560600 secs] [Times: user=0.03 sys=0.01, real=0.06 secs] 
2013-08-05T13:21:05.697+0100: 267.148: [GC [PSYoungGen: 105472K->3456K(138432K)] 257419K->157935K(488000K), 0.1721830 secs] [Times: user=0.12 sys=0.10, real=0.18 secs] 
2013-08-05T13:21:16.989+0100: 278.440: [GC [PSYoungGen: 105408K->3488K(138240K)] 259887K->158063K(487808K), 0.0600640 secs] [Times: user=0.03 sys=0.06, real=0.06 secs] 
2013-08-05T13:21:32.457+0100: 293.908: [GC [PSYoungGen: 105440K->3632K(139712K)] 260015K->158379K(489280K), 0.0680720 secs] [Times: user=0.02 sys=0.04, real=0.07 secs] 
2013-08-05T13:22:50.408+0100: 371.859: [GC [PSYoungGen: 107567K->1648K(138944K)] 262315K->156799K(488512K), 0.1161230 secs] [Times: user=0.10 sys=0.04, real=0.12 secs] 
2013-08-05T13:23:12.924+0100: 394.375: [GC [PSYoungGen: 105584K->712K(140928K)] 260735K->156107K(490496K), 0.0400420 secs] [Times: user=0.02 sys=0.04, real=0.04 secs] 
2013-08-05T13:23:13.877+0100: 395.328: [GC [PSYoungGen: 107208K->416K(140288K)] 262603K->156406K(489856K), 0.0480510 secs] [Times: user=0.01 sys=0.02, real=0.04 secs] 
2013-08-05T13:23:14.666+0100: 396.116: [GC [PSYoungGen: 106912K->192K(142656K)] 262902K->156581K(492224K), 0.0120130 secs] [Times: user=0.02 sys=0.00, real=0.02 secs] 
2013-08-05T13:23:15.010+0100: 396.461: [GC [PSYoungGen: 109888K->144K(141760K)] 266277K->156689K(491328K), 0.0080080 secs] [Times: user=0.01 sys=0.00, real=0.01 secs] 
Heap
 PSYoungGen      total 141760K, used 98677K [0xa8ba0000, 0xb3640000, 0xb3640000)
  eden space 109696K, 89% used [0xa8ba0000,0xaebd9758,0xaf6c0000)
  from space 32064K, 0% used [0xaf6c0000,0xaf6e4000,0xb1610000)
  to   space 30976K, 0% used [0xb1800000,0xb1800000,0xb3640000)
 ParOldGen       total 349568K, used 156545K [0x93640000, 0xa8ba0000, 0xa8ba0000)
  object space 349568K, 44% used [0x93640000,0x9cf20498,0xa8ba0000)
 PSPermGen       total 35456K, used 35360K [0x83640000, 0x858e0000, 0x93640000)
  object space 35456K, 99% used [0x83640000,0x858c8348,0x858e0000)
