2013-08-03T19:22:08.224+0100: 2.391: [GC [PSYoungGen: 32768K->5436K(38208K)] 32768K->6403K(125632K), 0.0880930 secs] [Times: user=0.00 sys=0.08, real=0.09 secs] 
2013-08-03T19:22:09.116+0100: 3.283: [GC [PSYoungGen: 38204K->5434K(70976K)] 39171K->8123K(158400K), 0.0480510 secs] [Times: user=0.01 sys=0.04, real=0.05 secs] 
2013-08-03T19:22:11.583+0100: 5.754: [GC [PSYoungGen: 70970K->5438K(70976K)] 73659K->15795K(158400K), 0.2482630 secs] [Times: user=0.09 sys=0.16, real=0.25 secs] 
2013-08-03T19:22:12.368+0100: 6.535: [GC [PSYoungGen: 70974K->5439K(136512K)] 81331K->17928K(223936K), 0.0800850 secs] [Times: user=0.01 sys=0.09, real=0.08 secs] 
2013-08-03T19:22:15.299+0100: 9.466: [GC [PSYoungGen: 119392K->5435K(136512K)] 131881K->35680K(223936K), 0.2002130 secs] [Times: user=0.10 sys=0.23, real=0.20 secs] 
2013-08-03T19:22:15.499+0100: 9.666: [Full GC (System) [PSYoungGen: 5435K->0K(136512K)] [ParOldGen: 30244K->30263K(87424K)] 35680K->30263K(223936K) [PSPermGen: 14680K->14668K(29440K)], 0.2402550 secs] [Times: user=0.23 sys=0.13, real=0.24 secs] 
2013-08-03T19:22:17.469+0100: 11.636: [GC [PSYoungGen: 131072K->5435K(121600K)] 161335K->41107K(209024K), 0.0440470 secs] [Times: user=0.04 sys=0.03, real=0.04 secs] 
2013-08-03T19:22:19.207+0100: 13.374: [GC [PSYoungGen: 121595K->13699K(136512K)] 157267K->49372K(223936K), 0.0200220 secs] [Times: user=0.01 sys=0.01, real=0.02 secs] 
2013-08-03T19:22:20.917+0100: 15.084: [GC [PSYoungGen: 129859K->20273K(144192K)] 165532K->61447K(231616K), 0.2082210 secs] [Times: user=0.10 sys=0.20, real=0.21 secs] 
2013-08-03T19:22:21.798+0100: 15.965: [GC [PSYoungGen: 144177K->23641K(147584K)] 185351K->64815K(235008K), 0.1201280 secs] [Times: user=0.12 sys=0.09, real=0.12 secs] 
2013-08-03T19:22:22.795+0100: 16.962: [GC [PSYoungGen: 147545K->19902K(144128K)] 188719K->71197K(231552K), 0.1321410 secs] [Times: user=0.06 sys=0.11, real=0.13 secs] 
2013-08-03T19:22:25.862+0100: 20.029: [GC [PSYoungGen: 136894K->19549K(136576K)] 188189K->83849K(224000K), 0.1361440 secs] [Times: user=0.10 sys=0.06, real=0.14 secs] 
2013-08-03T19:22:26.715+0100: 20.882: [GC [PSYoungGen: 136541K->1064K(143424K)] 200841K->84168K(230848K), 0.1321400 secs] [Times: user=0.07 sys=0.15, real=0.14 secs] 
2013-08-03T19:22:26.847+0100: 21.014: [Full GC [PSYoungGen: 1064K->0K(143424K)] [ParOldGen: 83103K->78369K(140288K)] 84168K->78369K(283712K) [PSPermGen: 23353K->23344K(39680K)], 0.4845150 secs] [Times: user=0.56 sys=0.21, real=0.48 secs] 
2013-08-03T19:22:28.705+0100: 22.872: [GC [PSYoungGen: 114304K->8096K(144512K)] 192673K->86465K(284800K), 0.0120130 secs] [Times: user=0.02 sys=0.01, real=0.01 secs] 
2013-08-03T19:22:29.410+0100: 23.577: [GC [PSYoungGen: 122400K->14560K(141568K)] 200769K->100094K(281856K), 0.0640680 secs] [Times: user=0.05 sys=0.03, real=0.06 secs] 
2013-08-03T19:22:30.631+0100: 24.798: [GC [PSYoungGen: 129440K->10352K(143296K)] 214974K->108071K(283584K), 0.0720760 secs] [Times: user=0.05 sys=0.08, real=0.07 secs] 
2013-08-03T19:22:32.698+0100: 26.865: [GC [PSYoungGen: 125232K->11615K(143360K)] 222951K->118728K(283648K), 0.0560590 secs] [Times: user=0.03 sys=0.06, real=0.06 secs] 
2013-08-03T19:22:44.386+0100: 38.553: [GC [PSYoungGen: 130463K->11670K(145216K)] 237576K->129481K(285504K), 0.2202340 secs] [Times: user=0.04 sys=0.17, real=0.22 secs] 
2013-08-03T19:26:09.335+0100: 243.502: [GC [PSYoungGen: 130518K->18700K(147648K)] 248329K->144771K(287936K), 0.0600640 secs] [Times: user=0.06 sys=0.04, real=0.06 secs] 
2013-08-03T19:26:09.396+0100: 243.563: [Full GC [PSYoungGen: 18700K->0K(147648K)] [ParOldGen: 126070K->133353K(208832K)] 144771K->133353K(356480K) [PSPermGen: 34929K->34714K(49664K)], 0.6927350 secs] [Times: user=0.69 sys=0.30, real=0.69 secs] 
2013-08-03T19:26:12.895+0100: 247.062: [GC [PSYoungGen: 122368K->8400K(148544K)] 255721K->141754K(357376K), 0.0520560 secs] [Times: user=0.02 sys=0.03, real=0.05 secs] 
2013-08-03T19:26:33.309+0100: 267.476: [GC [PSYoungGen: 130768K->4704K(148416K)] 264122K->143953K(357248K), 0.0600640 secs] [Times: user=0.04 sys=0.04, real=0.07 secs] 
2013-08-03T19:26:45.930+0100: 280.097: [GC [PSYoungGen: 127456K->4886K(148672K)] 266705K->146131K(357504K), 0.0600640 secs] [Times: user=0.04 sys=0.04, real=0.06 secs] 
2013-08-03T19:27:43.339+0100: 337.506: [GC [PSYoungGen: 127638K->985K(148288K)] 268883K->142231K(357120K), 0.0160170 secs] [Times: user=0.01 sys=0.00, real=0.02 secs] 
2013-08-03T19:27:43.988+0100: 338.155: [GC [PSYoungGen: 123481K->1225K(148608K)] 264727K->142471K(357440K), 0.0160170 secs] [Times: user=0.00 sys=0.02, real=0.02 secs] 
2013-08-03T19:27:44.404+0100: 338.575: [GC [PSYoungGen: 123721K->1232K(148096K)] 264967K->142477K(356928K), 0.0160170 secs] [Times: user=0.01 sys=0.01, real=0.02 secs] 
2013-08-03T19:27:44.857+0100: 339.024: [GC [PSYoungGen: 123728K->1281K(148352K)] 264973K->142618K(357184K), 0.0080080 secs] [Times: user=0.02 sys=0.00, real=0.01 secs] 
Heap
 PSYoungGen      total 148352K, used 103313K [0xa8b80000, 0xb3580000, 0xb3620000)
  eden space 122496K, 83% used [0xa8b80000,0xaef243c0,0xb0320000)
  from space 25856K, 4% used [0xb0320000,0xb0460418,0xb1c60000)
  to   space 25408K, 0% used [0xb1cb0000,0xb1cb0000,0xb3580000)
 ParOldGen       total 208832K, used 141337K [0x93620000, 0xa0210000, 0xa8b80000)
  object space 208832K, 67% used [0x93620000,0x9c026778,0xa0210000)
 PSPermGen       total 49664K, used 35245K [0x83620000, 0x866a0000, 0x93620000)
  object space 49664K, 70% used [0x83620000,0x8588b440,0x866a0000)
