2013-08-03T20:58:31.982+0100: 1.958: [GC [PSYoungGen: 32768K->5430K(38208K)] 32768K->6414K(125632K), 0.0880930 secs] [Times: user=0.03 sys=0.06, real=0.09 secs] 
2013-08-03T20:58:33.252+0100: 3.227: [GC [PSYoungGen: 38198K->5433K(70976K)] 39182K->8139K(158400K), 0.0400430 secs] [Times: user=0.03 sys=0.04, real=0.04 secs] 
2013-08-03T20:58:35.286+0100: 5.262: [GC [PSYoungGen: 70969K->5431K(70976K)] 73675K->15354K(158400K), 0.0520550 secs] [Times: user=0.03 sys=0.04, real=0.05 secs] 
2013-08-03T20:58:36.011+0100: 5.986: [GC [PSYoungGen: 70967K->5431K(136512K)] 80890K->17461K(223936K), 0.0680730 secs] [Times: user=0.00 sys=0.05, real=0.06 secs] 
2013-08-03T20:58:40.039+0100: 10.015: [GC [PSYoungGen: 120337K->5436K(136512K)] 132367K->35376K(223936K), 0.2082210 secs] [Times: user=0.04 sys=0.14, real=0.21 secs] 
2013-08-03T20:58:40.247+0100: 10.223: [Full GC (System) [PSYoungGen: 5436K->0K(136512K)] [ParOldGen: 29940K->30237K(87424K)] 35376K->30237K(223936K) [PSPermGen: 14650K->14638K(29440K)], 0.2923100 secs] [Times: user=0.17 sys=0.08, real=0.29 secs] 
2013-08-03T20:58:42.990+0100: 12.966: [GC [PSYoungGen: 131072K->5430K(121792K)] 161309K->41162K(209216K), 0.1201280 secs] [Times: user=0.02 sys=0.10, real=0.12 secs] 
2013-08-03T20:58:44.912+0100: 14.888: [GC [PSYoungGen: 121782K->13469K(136512K)] 157514K->49201K(223936K), 0.0200210 secs] [Times: user=0.04 sys=0.01, real=0.02 secs] 
2013-08-03T20:58:46.866+0100: 16.842: [GC [PSYoungGen: 129821K->20031K(145728K)] 165553K->59921K(233152K), 0.2362510 secs] [Times: user=0.06 sys=0.23, real=0.24 secs] 
2013-08-03T20:58:48.139+0100: 18.115: [GC [PSYoungGen: 145727K->23990K(149696K)] 185617K->63880K(237120K), 0.1401480 secs] [Times: user=0.12 sys=0.04, real=0.15 secs] 
2013-08-03T20:58:49.321+0100: 19.296: [GC [PSYoungGen: 149686K->21115K(142144K)] 189576K->71193K(229568K), 0.1161240 secs] [Times: user=0.06 sys=0.10, real=0.12 secs] 
2013-08-03T20:58:52.076+0100: 22.051: [GC [PSYoungGen: 138235K->19872K(137024K)] 188313K->83015K(224448K), 0.1081150 secs] [Times: user=0.04 sys=0.11, real=0.11 secs] 
2013-08-03T20:58:53.125+0100: 23.101: [GC [PSYoungGen: 136992K->1080K(143296K)] 200135K->83329K(230720K), 0.1161230 secs] [Times: user=0.04 sys=0.15, real=0.12 secs] 
2013-08-03T20:58:53.245+0100: 23.221: [Full GC [PSYoungGen: 1080K->0K(143296K)] [ParOldGen: 82248K->78450K(142528K)] 83329K->78450K(285824K) [PSPermGen: 23350K->23342K(39680K)], 0.5605950 secs] [Times: user=0.40 sys=0.28, real=0.56 secs] 
2013-08-03T20:58:54.895+0100: 24.870: [GC [PSYoungGen: 114048K->8404K(144384K)] 192498K->86855K(286912K), 0.0200220 secs] [Times: user=0.02 sys=0.01, real=0.02 secs] 
2013-08-03T20:58:55.627+0100: 25.603: [GC [PSYoungGen: 122452K->14429K(141568K)] 200903K->100316K(284096K), 0.0480510 secs] [Times: user=0.04 sys=0.02, real=0.05 secs] 
2013-08-03T20:58:57.501+0100: 27.477: [GC [PSYoungGen: 129181K->10248K(143168K)] 215068K->108236K(285696K), 0.1521620 secs] [Times: user=0.04 sys=0.08, real=0.15 secs] 
2013-08-03T20:59:00.945+0100: 30.921: [GC [PSYoungGen: 125000K->11810K(143360K)] 222988K->119135K(285888K), 0.1001060 secs] [Times: user=0.06 sys=0.08, real=0.10 secs] 
2013-08-03T20:59:33.956+0100: 63.932: [GC [PSYoungGen: 130658K->11351K(145152K)] 237983K->129542K(287680K), 0.0480510 secs] [Times: user=0.04 sys=0.02, real=0.05 secs] 
2013-08-03T21:02:36.310+0100: 246.285: [GC [PSYoungGen: 130199K->9631K(146368K)] 248390K->135866K(288896K), 0.0760810 secs] [Times: user=0.05 sys=0.06, real=0.07 secs] 
2013-08-03T21:02:36.386+0100: 246.361: [Full GC [PSYoungGen: 9631K->0K(146368K)] [ParOldGen: 126234K->124493K(205376K)] 135866K->124493K(351744K) [PSPermGen: 34836K->34762K(49664K)], 0.9650240 secs] [Times: user=0.36 sys=0.61, real=0.97 secs] 
2013-08-03T21:02:47.878+0100: 257.854: [GC [PSYoungGen: 123136K->17417K(147776K)] 247629K->141911K(353152K), 0.0720770 secs] [Times: user=0.04 sys=0.04, real=0.07 secs] 
2013-08-03T21:02:56.391+0100: 266.367: [GC [PSYoungGen: 140553K->19740K(147072K)] 265047K->144233K(352448K), 0.1761870 secs] [Times: user=0.18 sys=0.09, real=0.17 secs] 
2013-08-03T21:03:05.937+0100: 275.913: [GC [PSYoungGen: 141596K->6128K(128000K)] 266089K->143948K(333376K), 0.0920980 secs] [Times: user=0.07 sys=0.02, real=0.10 secs] 
2013-08-03T21:03:19.387+0100: 289.363: [GC [PSYoungGen: 127984K->7072K(148608K)] 265804K->144892K(353984K), 0.1081150 secs] [Times: user=0.05 sys=0.03, real=0.11 secs] 
2013-08-03T21:03:30.703+0100: 300.679: [GC [PSYoungGen: 129184K->7160K(129280K)] 267004K->144980K(334656K), 0.0640680 secs] [Times: user=0.04 sys=0.03, real=0.07 secs] 
2013-08-03T21:03:41.371+0100: 311.346: [GC [PSYoungGen: 129272K->7104K(148352K)] 267092K->144924K(353728K), 0.0600640 secs] [Times: user=0.08 sys=0.03, real=0.06 secs] 
2013-08-03T21:03:51.618+0100: 321.593: [GC [PSYoungGen: 129792K->7216K(147776K)] 267612K->145036K(353152K), 0.0320340 secs] [Times: user=0.04 sys=0.01, real=0.03 secs] 
2013-08-03T21:04:02.853+0100: 332.829: [GC [PSYoungGen: 129904K->7136K(148928K)] 267724K->144956K(354304K), 0.0480510 secs] [Times: user=0.04 sys=0.02, real=0.05 secs] 
2013-08-03T21:04:14.009+0100: 343.985: [GC [PSYoungGen: 131808K->7552K(148416K)] 269628K->145372K(353792K), 0.1041100 secs] [Times: user=0.08 sys=0.03, real=0.10 secs] 
2013-08-03T21:04:24.260+0100: 354.236: [GC [PSYoungGen: 132224K->7392K(150208K)] 270044K->145212K(355584K), 0.0640680 secs] [Times: user=0.05 sys=0.00, real=0.06 secs] 
2013-08-03T21:05:02.969+0100: 392.945: [GC [PSYoungGen: 134880K->5328K(149696K)] 272700K->143148K(355072K), 0.0280290 secs] [Times: user=0.04 sys=0.00, real=0.03 secs] 
2013-08-03T21:05:11.438+0100: 401.418: [GC [PSYoungGen: 132816K->1386K(151360K)] 270636K->139206K(356736K), 0.0160170 secs] [Times: user=0.02 sys=0.01, real=0.02 secs] 
2013-08-03T21:05:12.023+0100: 401.999: [GC [PSYoungGen: 130986K->1553K(151552K)] 268806K->139374K(356928K), 0.0120130 secs] [Times: user=0.01 sys=0.01, real=0.02 secs] 
2013-08-03T21:05:12.535+0100: 402.511: [GC [PSYoungGen: 131153K->1569K(152192K)] 268974K->139389K(357568K), 0.0120130 secs] [Times: user=0.02 sys=0.01, real=0.01 secs] 
2013-08-03T21:05:13.148+0100: 403.124: [GC [PSYoungGen: 132513K->1809K(152512K)] 270333K->139633K(357888K), 0.0080090 secs] [Times: user=0.01 sys=0.00, real=0.01 secs] 
Heap
 PSYoungGen      total 152512K, used 16947K [0xa8ba0000, 0xb3590000, 0xb3640000)
  eden space 130944K, 11% used [0xa8ba0000,0xa9a68818,0xb0b80000)
  from space 21568K, 8% used [0xb0b80000,0xb0d44428,0xb2090000)
  to   space 21056K, 0% used [0xb2100000,0xb2100000,0xb3590000)
 ParOldGen       total 205376K, used 137824K [0x93640000, 0x9fed0000, 0xa8ba0000)
  object space 205376K, 67% used [0x93640000,0x9bcd8078,0x9fed0000)
 PSPermGen       total 49664K, used 35274K [0x83640000, 0x866c0000, 0x93640000)
  object space 49664K, 71% used [0x83640000,0x858b29e0,0x866c0000)
