2013-08-04T03:56:13.052+0100: 2.194: [GC [PSYoungGen: 32768K->5425K(38208K)] 32768K->6423K(125632K), 0.0520550 secs] [Times: user=0.00 sys=0.04, real=0.05 secs] 
2013-08-04T03:56:13.836+0100: 2.979: [GC [PSYoungGen: 38193K->5435K(70976K)] 39191K->8150K(158400K), 0.0280290 secs] [Times: user=0.00 sys=0.04, real=0.03 secs] 
2013-08-04T03:56:16.159+0100: 5.302: [GC [PSYoungGen: 70971K->5432K(70976K)] 73686K->15728K(158400K), 0.1081140 secs] [Times: user=0.05 sys=0.13, real=0.11 secs] 
2013-08-04T03:56:16.980+0100: 6.122: [GC [PSYoungGen: 70968K->5431K(136512K)] 81264K->17794K(223936K), 0.0840890 secs] [Times: user=0.03 sys=0.06, real=0.08 secs] 
2013-08-04T03:56:21.180+0100: 10.323: [GC [PSYoungGen: 120312K->5430K(136512K)] 132675K->35720K(223936K), 0.2242380 secs] [Times: user=0.07 sys=0.17, real=0.22 secs] 
2013-08-04T03:56:21.405+0100: 10.547: [Full GC (System) [PSYoungGen: 5430K->0K(136512K)] [ParOldGen: 30289K->30296K(87424K)] 35720K->30296K(223936K) [PSPermGen: 14652K->14639K(29440K)], 0.2802980 secs] [Times: user=0.26 sys=0.13, real=0.28 secs] 
2013-08-04T03:56:23.851+0100: 12.994: [GC [PSYoungGen: 131072K->5430K(121536K)] 161368K->41135K(208960K), 0.0840890 secs] [Times: user=0.03 sys=0.04, real=0.09 secs] 
2013-08-04T03:56:25.345+0100: 14.487: [GC [PSYoungGen: 121526K->13490K(136512K)] 157231K->49195K(223936K), 0.0200210 secs] [Times: user=0.04 sys=0.00, real=0.02 secs] 
2013-08-04T03:56:27.407+0100: 16.550: [GC [PSYoungGen: 129586K->20208K(145024K)] 165291K->60544K(232448K), 0.2042170 secs] [Times: user=0.06 sys=0.21, real=0.20 secs] 
2013-08-04T03:56:28.296+0100: 17.439: [GC [PSYoungGen: 145008K->24231K(149056K)] 185344K->64567K(236480K), 0.0600640 secs] [Times: user=0.06 sys=0.04, real=0.06 secs] 
2013-08-04T03:56:29.253+0100: 18.396: [GC [PSYoungGen: 149031K->20722K(142272K)] 189367K->71316K(229696K), 0.1041110 secs] [Times: user=0.06 sys=0.12, real=0.10 secs] 
2013-08-04T03:56:31.735+0100: 20.878: [GC [PSYoungGen: 137330K->19578K(136192K)] 187924K->83368K(223616K), 0.1041110 secs] [Times: user=0.05 sys=0.12, real=0.10 secs] 
2013-08-04T03:56:32.825+0100: 21.967: [GC [PSYoungGen: 136186K->1064K(143232K)] 199976K->83689K(230656K), 0.2122250 secs] [Times: user=0.09 sys=0.15, real=0.21 secs] 
2013-08-04T03:56:33.037+0100: 22.180: [Full GC [PSYoungGen: 1064K->0K(143232K)] [ParOldGen: 82624K->78359K(142656K)] 83689K->78359K(285888K) [PSPermGen: 23349K->23341K(39680K)], 0.6086460 secs] [Times: user=0.59 sys=0.22, real=0.61 secs] 
2013-08-04T03:56:34.935+0100: 24.078: [GC [PSYoungGen: 113920K->7836K(144320K)] 192279K->86195K(286976K), 0.0560590 secs] [Times: user=0.02 sys=0.00, real=0.05 secs] 
2013-08-04T03:56:36.216+0100: 25.359: [GC [PSYoungGen: 121756K->14648K(141504K)] 200115K->99988K(284160K), 0.0320340 secs] [Times: user=0.03 sys=0.02, real=0.03 secs] 
2013-08-04T03:56:37.774+0100: 26.917: [GC [PSYoungGen: 129144K->10254K(143168K)] 214484K->107791K(285824K), 0.0680720 secs] [Times: user=0.02 sys=0.09, real=0.07 secs] 
2013-08-04T03:56:40.216+0100: 29.359: [GC [PSYoungGen: 124750K->11785K(142912K)] 222287K->118671K(285568K), 0.0720760 secs] [Times: user=0.06 sys=0.06, real=0.08 secs] 
2013-08-04T03:56:47.044+0100: 36.186: [GC [PSYoungGen: 130121K->11771K(144832K)] 237007K->129505K(287488K), 0.1241320 secs] [Times: user=0.04 sys=0.06, real=0.13 secs] 
2013-08-04T04:00:14.404+0100: 243.546: [GC [PSYoungGen: 130107K->18703K(147520K)] 247841K->136437K(290176K), 0.0360380 secs] [Times: user=0.05 sys=0.01, real=0.03 secs] 
2013-08-04T04:00:16.670+0100: 245.813: [GC [PSYoungGen: 140815K->26294K(148416K)] 258549K->152401K(291072K), 0.1401480 secs] [Times: user=0.17 sys=0.06, real=0.14 secs] 
2013-08-04T04:00:16.810+0100: 245.953: [Full GC [PSYoungGen: 26294K->0K(148416K)] [ParOldGen: 126107K->141095K(221440K)] 152401K->141095K(369856K) [PSPermGen: 34884K->34809K(49664K)], 0.7127570 secs] [Times: user=0.81 sys=0.30, real=0.71 secs] 
2013-08-04T04:00:27.261+0100: 256.404: [GC [PSYoungGen: 122112K->6495K(135616K)] 263207K->147590K(357056K), 0.0520550 secs] [Times: user=0.04 sys=0.01, real=0.05 secs] 
2013-08-04T04:00:35.638+0100: 264.781: [GC [PSYoungGen: 115807K->3680K(113024K)] 256902K->149179K(334464K), 0.0560590 secs] [Times: user=0.06 sys=0.03, real=0.06 secs] 
2013-08-04T04:00:44.952+0100: 274.095: [GC [PSYoungGen: 112992K->4464K(142336K)] 258491K->149963K(363776K), 0.1841960 secs] [Times: user=0.12 sys=0.03, real=0.19 secs] 
2013-08-04T04:01:37.324+0100: 326.467: [GC [PSYoungGen: 114032K->3424K(113024K)] 259531K->148923K(334464K), 0.0240260 secs] [Times: user=0.03 sys=0.01, real=0.03 secs] 
2013-08-04T04:01:52.952+0100: 342.095: [GC [PSYoungGen: 112992K->1024K(141760K)] 258491K->146523K(363200K), 0.0160170 secs] [Times: user=0.03 sys=0.01, real=0.01 secs] 
2013-08-04T04:01:53.721+0100: 342.864: [GC [PSYoungGen: 110784K->1264K(141568K)] 256283K->146763K(363008K), 0.0120130 secs] [Times: user=0.02 sys=0.01, real=0.02 secs] 
2013-08-04T04:01:54.050+0100: 343.192: [GC [PSYoungGen: 111024K->1296K(142016K)] 256523K->146796K(363456K), 0.0080090 secs] [Times: user=0.02 sys=0.00, real=0.01 secs] 
2013-08-04T04:01:54.366+0100: 343.509: [GC [PSYoungGen: 112848K->1376K(142144K)] 258348K->146876K(363584K), 0.0240260 secs] [Times: user=0.02 sys=0.00, real=0.02 secs] 
Heap
 PSYoungGen      total 142144K, used 99327K [0xa8ba0000, 0xb34c0000, 0xb3640000)
  eden space 111552K, 87% used [0xa8ba0000,0xaeb478c0,0xaf890000)
  from space 30592K, 4% used [0xaf890000,0xaf9e83e8,0xb1670000)
  to   space 29760K, 0% used [0xb17b0000,0xb17b0000,0xb34c0000)
 ParOldGen       total 221440K, used 145499K [0x93640000, 0xa0e80000, 0xa8ba0000)
  object space 221440K, 65% used [0x93640000,0x9c456d50,0xa0e80000)
 PSPermGen       total 49664K, used 35413K [0x83640000, 0x866c0000, 0x93640000)
  object space 49664K, 71% used [0x83640000,0x858d5438,0x866c0000)
