2013-06-22T22:44:57.140+0100: 4.506: [GC 4.506: [DefNew: 34944K->4352K(39296K), 0.0226230 secs] 34944K->6691K(126720K), 0.0226790 secs] [Times: user=0.02 sys=0.00, real=0.02 secs] 
2013-06-22T22:44:58.478+0100: 5.844: [GC 5.844: [DefNew: 39296K->4352K(39296K), 0.0281610 secs] 41635K->10366K(126720K), 0.0282140 secs] [Times: user=0.03 sys=0.01, real=0.03 secs] 
2013-06-22T22:45:00.026+0100: 7.392: [GC 7.392: [DefNew: 39296K->4352K(39296K), 0.0281210 secs] 45310K->14194K(126720K), 0.0281740 secs] [Times: user=0.02 sys=0.01, real=0.03 secs] 
2013-06-22T22:45:00.828+0100: 8.195: [GC 8.195: [DefNew: 39296K->1701K(39296K), 0.0164630 secs] 49138K->15831K(126720K), 0.0165170 secs] [Times: user=0.01 sys=0.00, real=0.02 secs] 
2013-06-22T22:45:01.302+0100: 8.668: [GC 8.668: [DefNew: 36645K->2119K(39296K), 0.0263210 secs] 50775K->16249K(126720K), 0.0263950 secs] [Times: user=0.01 sys=0.00, real=0.03 secs] 
2013-06-22T22:45:02.162+0100: 9.528: [GC 9.528: [DefNew: 37063K->2732K(39296K), 0.0066380 secs] 51193K->16862K(126720K), 0.0066510 secs] [Times: user=0.01 sys=0.00, real=0.00 secs] 
2013-06-22T22:45:03.030+0100: 10.396: [GC 10.396: [DefNew: 37676K->3558K(39296K), 0.0135340 secs] 51806K->18840K(126720K), 0.0135880 secs] [Times: user=0.01 sys=0.00, real=0.02 secs] 
2013-06-22T22:45:05.182+0100: 12.548: [GC 12.551: [DefNew: 38502K->4352K(39296K), 0.0939380 secs] 53784K->29763K(126720K), 0.0941020 secs] [Times: user=0.06 sys=0.00, real=0.10 secs] 
2013-06-22T22:45:06.397+0100: 13.763: [Full GC (System) 13.763: [Tenured: 25411K->33136K(87424K), 0.1557960 secs] 59686K->33136K(126720K), [Perm : 14654K->14654K(16384K)], 0.1559570 secs] [Times: user=0.14 sys=0.01, real=0.15 secs] 
2013-06-22T22:45:07.938+0100: 15.304: [GC 15.305: [DefNew: 35072K->4352K(39424K), 0.0500170 secs] 68208K->38572K(126848K), 0.0500660 secs] [Times: user=0.04 sys=0.00, real=0.05 secs] 
2013-06-22T22:45:08.791+0100: 16.158: [GC 16.158: [DefNew: 39424K->3154K(39424K), 0.0318950 secs] 73644K->41642K(126848K), 0.0320310 secs] [Times: user=0.03 sys=0.01, real=0.04 secs] 
2013-06-22T22:45:09.151+0100: 16.517: [GC 16.517: [DefNew: 38226K->1318K(39424K), 0.0121780 secs] 76714K->42909K(126848K), 0.0122330 secs] [Times: user=0.01 sys=0.00, real=0.02 secs] 
2013-06-22T22:45:09.594+0100: 16.960: [GC 16.960: [DefNew: 36390K->2279K(39424K), 0.0105780 secs] 77981K->43871K(126848K), 0.0106360 secs] [Times: user=0.00 sys=0.00, real=0.02 secs] 
2013-06-22T22:45:10.265+0100: 17.631: [GC 17.631: [DefNew: 37351K->4258K(39424K), 0.0131340 secs] 78943K->46812K(126848K), 0.0132040 secs] [Times: user=0.01 sys=0.00, real=0.01 secs] 
2013-06-22T22:45:10.762+0100: 18.128: [GC 18.128: [DefNew: 39330K->2474K(39424K), 0.0162840 secs] 81884K->48707K(126848K), 0.0163350 secs] [Times: user=0.01 sys=0.01, real=0.02 secs] 
2013-06-22T22:45:11.247+0100: 18.613: [GC 18.613: [DefNew: 37546K->2009K(39424K), 0.0115100 secs] 83779K->50485K(126848K), 0.0115770 secs] [Times: user=0.01 sys=0.00, real=0.01 secs] 
2013-06-22T22:45:12.101+0100: 19.467: [GC 19.467: [DefNew: 37081K->4217K(39424K), 0.0128550 secs] 85557K->52694K(126848K), 0.0129150 secs] [Times: user=0.01 sys=0.00, real=0.01 secs] 
2013-06-22T22:45:12.586+0100: 19.953: [GC 19.953: [DefNew: 39289K->4351K(39424K), 0.0268490 secs] 87766K->56775K(126848K), 0.0269290 secs] [Times: user=0.02 sys=0.01, real=0.02 secs] 
2013-06-22T22:45:12.852+0100: 20.218: [Full GC 20.219: [Tenured: 52423K->57118K(87424K), 0.1618750 secs] 73707K->57118K(126848K), [Perm : 20480K->20480K(20480K)], 0.1619910 secs] [Times: user=0.15 sys=0.00, real=0.17 secs] 
2013-06-22T22:45:13.499+0100: 20.865: [GC 20.865: [DefNew: 38144K->3002K(42880K), 0.0216180 secs] 95262K->60121K(138080K), 0.0216330 secs] [Times: user=0.02 sys=0.00, real=0.02 secs] 
2013-06-22T22:45:13.954+0100: 21.320: [GC 21.320: [DefNew: 41146K->1222K(42880K), 0.0180760 secs] 98265K->61270K(138080K), 0.0181570 secs] [Times: user=0.01 sys=0.00, real=0.02 secs] 
2013-06-22T22:45:14.398+0100: 21.764: [GC 21.764: [DefNew: 39366K->2417K(42880K), 0.0255880 secs] 99414K->62465K(138080K), 0.0256510 secs] [Times: user=0.02 sys=0.00, real=0.03 secs] 
2013-06-22T22:45:14.781+0100: 22.147: [GC 22.147: [DefNew: 40561K->2135K(42880K), 0.0178810 secs] 100609K->63256K(138080K), 0.0179380 secs] [Times: user=0.02 sys=0.00, real=0.02 secs] 
2013-06-22T22:45:15.273+0100: 22.639: [GC 22.639: [DefNew: 40279K->3467K(42880K), 0.0127240 secs] 101400K->64588K(138080K), 0.0127780 secs] [Times: user=0.02 sys=0.00, real=0.02 secs] 
2013-06-22T22:45:15.444+0100: 22.811: [GC 22.811: [DefNew: 41611K->3326K(42880K), 0.0108600 secs] 102732K->65550K(138080K), 0.0109160 secs] [Times: user=0.01 sys=0.00, real=0.01 secs] 
2013-06-22T22:45:15.696+0100: 23.062: [GC 23.062: [DefNew: 41470K->2055K(42880K), 0.0125310 secs] 103694K->66348K(138080K), 0.0125980 secs] [Times: user=0.01 sys=0.00, real=0.01 secs] 
2013-06-22T22:45:16.496+0100: 23.863: [GC 23.863: [DefNew: 40199K->4736K(42880K), 0.0379050 secs] 104492K->74344K(138080K), 0.0379610 secs] [Times: user=0.03 sys=0.00, real=0.04 secs] 
2013-06-22T22:45:18.876+0100: 26.242: [GC 26.242: [DefNew: 42880K->3564K(42880K), 0.0214490 secs] 112488K->77787K(138080K), 0.0215040 secs] [Times: user=0.02 sys=0.00, real=0.02 secs] 
2013-06-22T22:45:21.682+0100: 29.048: [GC 29.048: [DefNew: 41708K->4096K(42880K), 0.0197340 secs] 115931K->81669K(138080K), 0.0197870 secs] [Times: user=0.02 sys=0.00, real=0.02 secs] 
2013-06-22T22:45:22.578+0100: 29.944: [GC 29.944: [DefNew: 42240K->1484K(42880K), 0.0274520 secs] 119813K->82999K(138080K), 0.0275110 secs] [Times: user=0.03 sys=0.00, real=0.03 secs] 
2013-06-22T22:45:22.936+0100: 30.302: [GC 30.303: [DefNew: 39628K->1662K(42880K), 0.0058750 secs] 121143K->83178K(138080K), 0.0059400 secs] [Times: user=0.01 sys=0.00, real=0.01 secs] 
2013-06-22T22:45:23.170+0100: 30.536: [GC 30.536: [DefNew: 39806K->2057K(42880K), 0.0066520 secs] 121322K->83572K(138080K), 0.0067130 secs] [Times: user=0.01 sys=0.00, real=0.01 secs] 
2013-06-22T22:45:23.391+0100: 30.757: [GC 30.757: [DefNew: 40201K->2269K(42880K), 0.0071000 secs] 121716K->83784K(138080K), 0.0072110 secs] [Times: user=0.00 sys=0.01, real=0.01 secs] 
2013-06-22T22:45:24.198+0100: 31.564: [GC 31.564: [DefNew: 40413K->3744K(42880K), 0.0122460 secs] 121928K->85259K(138080K), 0.0123040 secs] [Times: user=0.01 sys=0.00, real=0.01 secs] 
2013-06-22T22:45:25.108+0100: 32.474: [GC 32.474: [DefNew: 41888K->4736K(42880K), 0.0278550 secs] 123403K->89056K(138080K), 0.0279210 secs] [Times: user=0.02 sys=0.00, real=0.03 secs] 
2013-06-22T22:45:25.570+0100: 32.937: [GC 32.937: [DefNew: 42880K->4736K(42880K), 0.0226000 secs] 127200K->94273K(138080K), 0.0226470 secs] [Times: user=0.01 sys=0.01, real=0.02 secs] 
2013-06-22T22:45:25.842+0100: 33.208: [GC 33.208: [DefNew: 42880K->4736K(42880K), 0.0133070 secs] 132417K->99719K(138080K), 0.0133510 secs] [Times: user=0.00 sys=0.00, real=0.02 secs] 
2013-06-22T22:45:26.158+0100: 33.524: [Full GC 33.524: [Tenured: 94983K->95191K(95200K), 0.3077980 secs] 137863K->95490K(138080K), [Perm : 24575K->24575K(24576K)], 0.3080540 secs] [Times: user=0.28 sys=0.01, real=0.31 secs] 
2013-06-22T22:45:28.495+0100: 35.861: [GC 35.861: [DefNew: 63488K->5942K(71424K), 0.0876350 secs] 158679K->101133K(230076K), 0.0877090 secs] [Times: user=0.07 sys=0.00, real=0.09 secs] 
2013-06-22T22:45:29.746+0100: 37.112: [GC 37.112: [DefNew: 69430K->4954K(71424K), 0.0332060 secs] 164621K->105855K(230076K), 0.0332840 secs] [Times: user=0.03 sys=0.00, real=0.03 secs] 
2013-06-22T22:45:32.481+0100: 39.848: [Full GC 39.848: [Tenured: 100900K->98014K(158652K), 0.3359190 secs] 167806K->98014K(230076K), [Perm : 28669K->28644K(28672K)], 0.3360420 secs] [Times: user=0.32 sys=0.00, real=0.34 secs] 
2013-06-22T22:45:34.674+0100: 42.040: [GC 42.040: [DefNew: 65472K->6451K(73600K), 0.0380150 secs] 163486K->104465K(236960K), 0.0381230 secs] [Times: user=0.03 sys=0.01, real=0.04 secs] 
2013-06-22T22:45:35.733+0100: 43.099: [Full GC 43.099: [Tenured: 98014K->106684K(163360K), 0.3015670 secs] 141341K->106684K(236960K), [Perm : 32767K->32767K(32768K)], 0.3015890 secs] [Times: user=0.29 sys=0.01, real=0.30 secs] 
2013-06-22T22:45:38.594+0100: 45.961: [GC 45.961: [DefNew: 71232K->6094K(80128K), 0.0298250 secs] 177916K->112779K(257936K), 0.0299350 secs] [Times: user=0.03 sys=0.00, real=0.03 secs] 
2013-06-22T22:47:12.751+0100: 140.118: [Full GC 140.118: [Tenured: 106684K->108879K(177808K), 0.4049710 secs] 133391K->108879K(257936K), [Perm : 34350K->34350K(34560K)], 0.4051210 secs] [Times: user=0.34 sys=0.00, real=0.41 secs] 
2013-06-22T22:48:58.459+0100: 245.825: [Full GC 245.825: [Tenured: 108879K->107624K(181468K), 0.4840240 secs] 153761K->107624K(263260K), [Perm : 34749K->34749K(34816K)], 0.4841160 secs] [Times: user=0.36 sys=0.00, real=0.48 secs] 
2013-06-22T22:50:12.613+0100: 319.979: [Full GC 319.979: [Tenured: 107624K->98485K(181468K), 0.5010820 secs] 133521K->98485K(263260K), [Perm : 34756K->34689K(34816K)], 0.5011740 secs] [Times: user=0.39 sys=0.00, real=0.50 secs] 
2013-06-22T22:51:28.587+0100: 395.953: [Full GC 395.953: [Tenured: 98485K->98525K(181468K), 0.4275930 secs] 125845K->98525K(263260K), [Perm : 34693K->34693K(34816K)], 0.4276940 secs] [Times: user=0.34 sys=0.01, real=0.43 secs] 
2013-06-22T22:52:35.283+0100: 462.649: [Full GC 462.649: [Tenured: 98525K->98565K(181468K), 0.4650260 secs] 121207K->98565K(263260K), [Perm : 34695K->34695K(34816K)], 0.4651460 secs] [Times: user=0.35 sys=0.00, real=0.47 secs] 
2013-06-22T22:53:39.160+0100: 526.526: [Full GC 526.526: [Tenured: 98565K->98604K(181468K), 0.4486950 secs] 121112K->98604K(263260K), [Perm : 34696K->34696K(34816K)], 0.4487840 secs] [Times: user=0.35 sys=0.00, real=0.45 secs] 
2013-06-22T22:55:19.469+0100: 626.836: [Full GC 626.836: [Tenured: 98604K->95425K(181468K), 0.4598130 secs] 133383K->95425K(263260K), [Perm : 34712K->34535K(34816K)], 0.4599600 secs] [Times: user=0.37 sys=0.00, real=0.46 secs] 
2013-06-22T22:59:00.868+0100: 848.234: [GC 848.234: [DefNew: 72704K->532K(81792K), 0.0070270 secs] 168129K->95958K(263260K), 0.0325790 secs] [Times: user=0.01 sys=0.00, real=0.03 secs] 
2013-06-22T22:59:06.087+0100: 853.453: [GC 853.453: [DefNew: 73236K->1443K(81792K), 0.0133790 secs] 168662K->96869K(263260K), 0.0135060 secs] [Times: user=0.01 sys=0.00, real=0.01 secs] 
2013-06-22T22:59:06.554+0100: 853.921: [GC 853.921: [DefNew: 74147K->1608K(81792K), 0.0083200 secs] 169573K->97033K(263260K), 0.0084330 secs] [Times: user=0.00 sys=0.01, real=0.01 secs] 
2013-06-22T22:59:07.208+0100: 854.574: [GC 854.574: [DefNew: 74312K->1871K(81792K), 0.0110090 secs] 169737K->97297K(263260K), 0.0110850 secs] [Times: user=0.02 sys=0.00, real=0.01 secs] 
2013-06-22T22:59:07.410+0100: 854.777: [GC 854.777: [DefNew: 74575K->2083K(81792K), 0.0111160 secs] 170001K->97509K(263260K), 0.0112160 secs] [Times: user=0.02 sys=0.00, real=0.00 secs] 
2013-06-22T22:59:07.664+0100: 855.030: [GC 855.031: [DefNew: 74787K->2337K(81792K), 0.0189240 secs] 170213K->97763K(263260K), 0.0190150 secs] [Times: user=0.01 sys=0.01, real=0.02 secs] 
2013-06-22T22:59:08.139+0100: 855.506: [GC 855.506: [DefNew: 75041K->2702K(81792K), 0.0130770 secs] 170467K->98127K(263260K), 0.0131540 secs] [Times: user=0.02 sys=0.00, real=0.02 secs] 
2013-06-22T22:59:08.399+0100: 855.765: [GC 855.765: [DefNew: 75406K->3045K(81792K), 0.0122640 secs] 170831K->98470K(263260K), 0.0123050 secs] [Times: user=0.02 sys=0.00, real=0.02 secs] 
Heap
 def new generation   total 81792K, used 19686K [0x83640000, 0x88f00000, 0x8e0e0000)
  eden space 72704K,  22% used [0x83640000, 0x84680570, 0x87d40000)
  from space 9088K,  33% used [0x87d40000, 0x88039450, 0x88620000)
  to   space 9088K,   0% used [0x88620000, 0x88620000, 0x88f00000)
 tenured generation   total 181468K, used 95425K [0x8e0e0000, 0x99217000, 0xa3640000)
   the space 181468K,  52% used [0x8e0e0000, 0x93e106e0, 0x93e10800, 0x99217000)
 compacting perm gen  total 34816K, used 34763K [0xa3640000, 0xa5840000, 0xb3640000)
   the space 34816K,  99% used [0xa3640000, 0xa5832fb8, 0xa5833000, 0xa5840000)
No shared spaces configured.
