2013-08-04T00:01:42.900+0100: 2.318: [GC [PSYoungGen: 32768K->5427K(38208K)] 32768K->6424K(125632K), 0.0880930 secs] [Times: user=0.01 sys=0.05, real=0.09 secs] 
2013-08-04T00:01:44.370+0100: 3.788: [GC [PSYoungGen: 38195K->5425K(70976K)] 39192K->8147K(158400K), 0.0840890 secs] [Times: user=0.00 sys=0.09, real=0.08 secs] 
2013-08-04T00:01:46.652+0100: 6.070: [GC [PSYoungGen: 70961K->5433K(70976K)] 73683K->15437K(158400K), 0.0800850 secs] [Times: user=0.03 sys=0.11, real=0.08 secs] 
2013-08-04T00:01:47.625+0100: 7.043: [GC [PSYoungGen: 70969K->5435K(136512K)] 80973K->17632K(223936K), 0.0520550 secs] [Times: user=0.02 sys=0.05, real=0.05 secs] 
2013-08-04T00:01:50.937+0100: 10.355: [GC [PSYoungGen: 121624K->5433K(136512K)] 133821K->35467K(223936K), 0.1161230 secs] [Times: user=0.06 sys=0.12, real=0.11 secs] 
2013-08-04T00:01:51.053+0100: 10.471: [Full GC (System) [PSYoungGen: 5433K->0K(136512K)] [ParOldGen: 30033K->30280K(87424K)] 35467K->30280K(223936K) [PSPermGen: 14651K->14639K(29440K)], 0.3203400 secs] [Times: user=0.24 sys=0.18, real=0.32 secs] 
2013-08-04T00:01:54.112+0100: 13.530: [GC [PSYoungGen: 131072K->5438K(121856K)] 161352K->41448K(209280K), 0.0480510 secs] [Times: user=0.03 sys=0.06, real=0.05 secs] 
2013-08-04T00:01:56.042+0100: 15.460: [GC [PSYoungGen: 121854K->13526K(136512K)] 157864K->49536K(223936K), 0.0560600 secs] [Times: user=0.03 sys=0.03, real=0.05 secs] 
2013-08-04T00:01:57.672+0100: 17.090: [GC [PSYoungGen: 129942K->19955K(145664K)] 165952K->60454K(233088K), 0.1922040 secs] [Times: user=0.08 sys=0.19, real=0.19 secs] 
2013-08-04T00:01:58.885+0100: 18.303: [GC [PSYoungGen: 145651K->23936K(149696K)] 186150K->64436K(237120K), 0.0880930 secs] [Times: user=0.08 sys=0.08, real=0.09 secs] 
2013-08-04T00:02:00.086+0100: 19.505: [GC [PSYoungGen: 149632K->21219K(142144K)] 190132K->71633K(229568K), 0.1361440 secs] [Times: user=0.07 sys=0.14, real=0.13 secs] 
2013-08-04T00:02:03.594+0100: 23.012: [GC [PSYoungGen: 138339K->19960K(137088K)] 188753K->83651K(224512K), 0.1601700 secs] [Times: user=0.07 sys=0.08, real=0.16 secs] 
2013-08-04T00:02:04.659+0100: 24.078: [GC [PSYoungGen: 137080K->1080K(143296K)] 200771K->83944K(230720K), 0.1081150 secs] [Times: user=0.05 sys=0.10, real=0.10 secs] 
2013-08-04T00:02:04.767+0100: 24.186: [Full GC [PSYoungGen: 1080K->0K(143296K)] [ParOldGen: 82863K->78529K(147264K)] 83944K->78529K(290560K) [PSPermGen: 23353K->23344K(39680K)], 1.0851520 secs] [Times: user=0.00 sys=0.86, real=1.09 secs] 
2013-08-04T00:02:06.966+0100: 26.384: [GC [PSYoungGen: 114048K->8255K(144384K)] 192577K->86785K(291648K), 0.0560600 secs] [Times: user=0.03 sys=0.03, real=0.06 secs] 
2013-08-04T00:02:07.835+0100: 27.253: [GC [PSYoungGen: 122303K->21923K(142016K)] 200833K->100453K(289280K), 0.0440460 secs] [Times: user=0.01 sys=0.05, real=0.04 secs] 
2013-08-04T00:02:09.925+0100: 29.343: [GC [PSYoungGen: 134179K->27377K(139648K)] 212709K->105907K(286912K), 0.0520550 secs] [Times: user=0.05 sys=0.02, real=0.05 secs] 
2013-08-04T00:02:12.203+0100: 31.622: [GC [PSYoungGen: 139633K->27776K(135104K)] 218163K->106306K(282368K), 0.0360390 secs] [Times: user=0.06 sys=0.00, real=0.04 secs] 
2013-08-04T00:02:14.297+0100: 33.716: [GC [PSYoungGen: 128512K->36424K(137216K)] 207042K->114953K(284480K), 0.0520550 secs] [Times: user=0.06 sys=0.03, real=0.05 secs] 
2013-08-04T00:05:44.180+0100: 243.599: [GC [PSYoungGen: 137160K->37163K(118912K)] 215689K->115693K(266176K), 0.1121190 secs] [Times: user=0.09 sys=0.07, real=0.11 secs] 
2013-08-04T00:05:46.679+0100: 246.097: [GC [PSYoungGen: 118571K->46652K(128064K)] 197101K->128026K(275328K), 0.0961020 secs] [Times: user=0.10 sys=0.01, real=0.10 secs] 
2013-08-04T00:05:56.729+0100: 256.148: [GC [PSYoungGen: 128060K->42987K(104896K)] 209434K->131117K(252160K), 0.1361450 secs] [Times: user=0.15 sys=0.06, real=0.13 secs] 
2013-08-04T00:06:05.363+0100: 264.781: [GC [PSYoungGen: 101227K->28190K(116480K)] 189357K->130730K(263744K), 0.2362510 secs] [Times: user=0.05 sys=0.21, real=0.24 secs] 
2013-08-04T00:06:13.804+0100: 273.222: [GC [PSYoungGen: 86430K->28755K(110848K)] 188970K->131295K(258112K), 0.0600640 secs] [Times: user=0.10 sys=0.01, real=0.06 secs] 
2013-08-04T00:06:21.023+0100: 280.442: [GC [PSYoungGen: 88787K->28307K(114560K)] 191327K->130847K(261824K), 0.0760810 secs] [Times: user=0.08 sys=0.06, real=0.08 secs] 
2013-08-04T00:06:51.848+0100: 311.266: [GC [PSYoungGen: 88339K->27821K(111360K)] 190879K->130361K(258624K), 0.0440460 secs] [Times: user=0.07 sys=0.01, real=0.04 secs] 
2013-08-04T00:07:02.984+0100: 322.402: [GC [PSYoungGen: 91757K->23554K(114368K)] 194297K->126094K(261632K), 0.0600640 secs] [Times: user=0.04 sys=0.00, real=0.06 secs] 
2013-08-04T00:07:03.436+0100: 322.855: [GC [PSYoungGen: 87490K->23384K(114624K)] 190030K->125924K(261888K), 0.0240260 secs] [Times: user=0.04 sys=0.00, real=0.02 secs] 
2013-08-04T00:07:03.965+0100: 323.383: [GC [PSYoungGen: 91928K->23471K(115328K)] 194468K->126011K(262592K), 0.0680720 secs] [Times: user=0.07 sys=0.02, real=0.07 secs] 
2013-08-04T00:07:04.309+0100: 323.728: [GC [PSYoungGen: 92015K->23511K(121856K)] 194555K->126051K(269120K), 0.0400420 secs] [Times: user=0.04 sys=0.00, real=0.04 secs] 
2013-08-04T00:07:04.722+0100: 324.140: [GC [PSYoungGen: 101719K->23577K(121728K)] 204259K->126117K(268992K), 0.0240260 secs] [Times: user=0.05 sys=0.01, real=0.03 secs] 
2013-08-04T00:07:04.994+0100: 324.412: [GC [PSYoungGen: 101785K->23564K(129792K)] 204325K->126104K(277056K), 0.0240260 secs] [Times: user=0.03 sys=0.01, real=0.03 secs] 
2013-08-04T00:07:05.306+0100: 324.725: [GC [PSYoungGen: 112524K->19547K(129600K)] 215064K->126318K(276864K), 0.0360380 secs] [Times: user=0.03 sys=0.03, real=0.04 secs] 
Heap
 PSYoungGen      total 129600K, used 33055K [0xa8c30000, 0xb3560000, 0xb36d0000)
  eden space 88960K, 15% used [0xa8c30000,0xa9960e90,0xae310000)
  from space 40640K, 48% used [0xae310000,0xaf626fc8,0xb0ac0000)
  to   space 40000K, 0% used [0xb0e50000,0xb0e50000,0xb3560000)
 ParOldGen       total 147264K, used 106770K [0x936d0000, 0x9c6a0000, 0xa8c30000)
  object space 147264K, 72% used [0x936d0000,0x99f149a8,0x9c6a0000)
 PSPermGen       total 39680K, used 35320K [0x836d0000, 0x85d90000, 0x936d0000)
  object space 39680K, 89% used [0x836d0000,0x8594e248,0x85d90000)
