2013-06-22T23:27:01.373+0100: 5.249: [GC 5.249: [DefNew: 34944K->4352K(39296K), 0.0288610 secs] 34944K->6691K(126720K), 0.0289220 secs] [Times: user=0.01 sys=0.00, real=0.03 secs] 
2013-06-22T23:27:02.693+0100: 6.569: [GC 6.569: [DefNew: 39296K->4352K(39296K), 0.0258510 secs] 41635K->10367K(126720K), 0.0259450 secs] [Times: user=0.00 sys=0.01, real=0.03 secs] 
2013-06-22T23:27:04.274+0100: 8.150: [GC 8.150: [DefNew: 39296K->4352K(39296K), 0.0403620 secs] 45311K->14128K(126720K), 0.0403780 secs] [Times: user=0.03 sys=0.01, real=0.04 secs] 
2013-06-22T23:27:05.216+0100: 9.093: [GC 9.093: [DefNew: 39296K->1745K(39296K), 0.0184970 secs] 49072K->15766K(126720K), 0.0185560 secs] [Times: user=0.02 sys=0.01, real=0.02 secs] 
2013-06-22T23:27:05.799+0100: 9.675: [GC 9.675: [DefNew: 36689K->2159K(39296K), 0.0075100 secs] 50710K->16180K(126720K), 0.0075650 secs] [Times: user=0.01 sys=0.00, real=0.01 secs] 
2013-06-22T23:27:06.374+0100: 10.250: [GC 10.252: [DefNew: 37103K->2770K(39296K), 0.0180010 secs] 51124K->16791K(126720K), 0.0181970 secs] [Times: user=0.02 sys=0.01, real=0.01 secs] 
2013-06-22T23:27:07.187+0100: 11.063: [GC 11.063: [DefNew: 37714K->3503K(39296K), 0.0143020 secs] 51735K->18693K(126720K), 0.0143670 secs] [Times: user=0.01 sys=0.00, real=0.01 secs] 
2013-06-22T23:27:08.654+0100: 12.530: [GC 12.531: [DefNew: 38447K->4352K(39296K), 0.0449750 secs] 53637K->29664K(126720K), 0.0450740 secs] [Times: user=0.02 sys=0.01, real=0.05 secs] 
2013-06-22T23:27:09.768+0100: 13.644: [Full GC (System) 13.644: [Tenured: 25312K->33045K(87424K), 0.0978680 secs] 59875K->33045K(126720K), [Perm : 14653K->14653K(16384K)], 0.0979480 secs] [Times: user=0.09 sys=0.01, real=0.09 secs] 
2013-06-22T23:27:11.148+0100: 15.025: [GC 15.025: [DefNew: 35072K->4352K(39424K), 0.0405690 secs] 68117K->38481K(126848K), 0.0406280 secs] [Times: user=0.04 sys=0.00, real=0.04 secs] 
2013-06-22T23:27:11.822+0100: 15.698: [GC 15.698: [DefNew: 39424K->3158K(39424K), 0.0190170 secs] 73553K->41554K(126848K), 0.0190710 secs] [Times: user=0.01 sys=0.01, real=0.02 secs] 
2013-06-22T23:27:12.309+0100: 16.186: [GC 16.186: [DefNew: 38230K->1317K(39424K), 0.0119910 secs] 76626K->42819K(126848K), 0.0120450 secs] [Times: user=0.01 sys=0.00, real=0.01 secs] 
2013-06-22T23:27:12.722+0100: 16.599: [GC 16.599: [DefNew: 36389K->2273K(39424K), 0.0117400 secs] 77891K->43775K(126848K), 0.0117940 secs] [Times: user=0.01 sys=0.00, real=0.02 secs] 
2013-06-22T23:27:13.299+0100: 17.176: [GC 17.176: [DefNew: 37345K->4258K(39424K), 0.0138130 secs] 78847K->46721K(126848K), 0.0138710 secs] [Times: user=0.00 sys=0.00, real=0.01 secs] 
2013-06-22T23:27:13.716+0100: 17.592: [GC 17.592: [DefNew: 39330K->2473K(39424K), 0.0152980 secs] 81793K->48616K(126848K), 0.0153550 secs] [Times: user=0.01 sys=0.00, real=0.01 secs] 
2013-06-22T23:27:14.077+0100: 17.953: [GC 17.953: [DefNew: 37545K->2007K(39424K), 0.0107410 secs] 83688K->50394K(126848K), 0.0108010 secs] [Times: user=0.01 sys=0.00, real=0.01 secs] 
2013-06-22T23:27:14.966+0100: 18.842: [GC 18.842: [DefNew: 37079K->4248K(39424K), 0.0190430 secs] 85466K->52635K(126848K), 0.0191020 secs] [Times: user=0.02 sys=0.00, real=0.01 secs] 
2013-06-22T23:27:15.495+0100: 19.371: [GC 19.371: [DefNew: 39320K->4351K(39424K), 0.0259900 secs] 87707K->56714K(126848K), 0.0260450 secs] [Times: user=0.03 sys=0.00, real=0.02 secs] 
2013-06-22T23:27:15.763+0100: 19.639: [Full GC 19.639: [Tenured: 52362K->57096K(87424K), 0.1593900 secs] 72932K->57096K(126848K), [Perm : 20479K->20479K(20480K)], 0.1595890 secs] [Times: user=0.16 sys=0.00, real=0.16 secs] 
2013-06-22T23:27:16.425+0100: 20.301: [GC 20.301: [DefNew: 38144K->3004K(42880K), 0.0250440 secs] 95240K->60100K(138044K), 0.0251110 secs] [Times: user=0.02 sys=0.00, real=0.03 secs] 
2013-06-22T23:27:16.932+0100: 20.808: [GC 20.808: [DefNew: 41148K->1242K(42880K), 0.0232470 secs] 98244K->61269K(138044K), 0.0233160 secs] [Times: user=0.02 sys=0.00, real=0.03 secs] 
2013-06-22T23:27:17.364+0100: 21.241: [GC 21.241: [DefNew: 39386K->2417K(42880K), 0.0201000 secs] 99413K->62444K(138044K), 0.0201620 secs] [Times: user=0.02 sys=0.00, real=0.02 secs] 
2013-06-22T23:27:17.766+0100: 21.642: [GC 21.642: [DefNew: 40561K->2127K(42880K), 0.0141300 secs] 100588K->63242K(138044K), 0.0141870 secs] [Times: user=0.01 sys=0.00, real=0.01 secs] 
2013-06-22T23:27:18.238+0100: 22.114: [GC 22.114: [DefNew: 40271K->3454K(42880K), 0.0097300 secs] 101386K->64569K(138044K), 0.0097900 secs] [Times: user=0.00 sys=0.00, real=0.01 secs] 
2013-06-22T23:27:18.414+0100: 22.291: [GC 22.291: [DefNew: 41598K->3361K(42880K), 0.0108900 secs] 102713K->65563K(138044K), 0.0109720 secs] [Times: user=0.00 sys=0.01, real=0.00 secs] 
2013-06-22T23:27:18.680+0100: 22.556: [GC 22.556: [DefNew: 41505K->2243K(42880K), 0.0122350 secs] 103707K->66517K(138044K), 0.0122910 secs] [Times: user=0.01 sys=0.00, real=0.01 secs] 
2013-06-22T23:27:19.442+0100: 23.319: [GC 23.319: [DefNew: 40387K->4736K(42880K), 0.0493860 secs] 104661K->74108K(138044K), 0.0494490 secs] [Times: user=0.04 sys=0.00, real=0.05 secs] 
2013-06-22T23:27:21.223+0100: 25.099: [GC 25.099: [DefNew: 42880K->3711K(42880K), 0.0233160 secs] 112252K->77708K(138044K), 0.0233710 secs] [Times: user=0.01 sys=0.00, real=0.02 secs] 
2013-06-22T23:27:22.846+0100: 26.722: [GC 26.722: [DefNew: 41855K->4115K(42880K), 0.0193530 secs] 115852K->81683K(138044K), 0.0194090 secs] [Times: user=0.01 sys=0.01, real=0.01 secs] 
2013-06-22T23:27:23.306+0100: 27.182: [GC 27.182: [DefNew: 42259K->1400K(42880K), 0.0308230 secs] 119827K->82930K(138044K), 0.0308820 secs] [Times: user=0.02 sys=0.00, real=0.03 secs] 
2013-06-22T23:27:23.602+0100: 27.478: [GC 27.478: [DefNew: 39544K->1585K(42880K), 0.0053860 secs] 121074K->83115K(138044K), 0.0054590 secs] [Times: user=0.01 sys=0.00, real=0.01 secs] 
2013-06-22T23:27:23.841+0100: 27.718: [GC 27.718: [DefNew: 39729K->1991K(42880K), 0.0067730 secs] 121259K->83522K(138044K), 0.0068320 secs] [Times: user=0.00 sys=0.00, real=0.01 secs] 
2013-06-22T23:27:24.070+0100: 27.946: [GC 27.946: [DefNew: 40135K->2210K(42880K), 0.0077330 secs] 121666K->83740K(138044K), 0.0077940 secs] [Times: user=0.01 sys=0.00, real=0.01 secs] 
2013-06-22T23:27:24.667+0100: 28.543: [GC 28.543: [DefNew: 40354K->3723K(42880K), 0.0107740 secs] 121884K->85254K(138044K), 0.0108280 secs] [Times: user=0.01 sys=0.00, real=0.01 secs] 
2013-06-22T23:27:25.317+0100: 29.193: [GC 29.193: [DefNew: 41867K->4736K(42880K), 0.0227130 secs] 123398K->89053K(138044K), 0.0227700 secs] [Times: user=0.02 sys=0.01, real=0.02 secs] 
2013-06-22T23:27:25.712+0100: 29.588: [GC 29.588: [DefNew: 42880K->4736K(42880K), 0.0196510 secs] 127197K->94268K(138044K), 0.0197230 secs] [Times: user=0.01 sys=0.01, real=0.02 secs] 
2013-06-22T23:27:25.911+0100: 29.788: [GC 29.788: [DefNew: 42880K->4736K(42880K), 0.0186310 secs] 132412K->99764K(138044K), 0.0187050 secs] [Times: user=0.01 sys=0.00, real=0.02 secs] 
2013-06-22T23:27:26.166+0100: 30.042: [Full GC 30.042: [Tenured: 95028K->95154K(95164K), 0.2934710 secs] 137406K->95995K(138044K), [Perm : 24575K->24575K(24576K)], 0.2937100 secs] [Times: user=0.26 sys=0.00, real=0.30 secs] 
2013-06-22T23:27:27.882+0100: 31.758: [GC 31.758: [DefNew: 63488K->6854K(71424K), 0.1362840 secs] 158642K->102009K(230016K), 0.1363700 secs] [Times: user=0.08 sys=0.00, real=0.14 secs] 
2013-06-22T23:27:28.993+0100: 32.869: [GC 32.869: [DefNew: 70342K->4953K(71424K), 0.0305360 secs] 165497K->106677K(230016K), 0.0305960 secs] [Times: user=0.01 sys=0.00, real=0.03 secs] 
2013-06-22T23:27:30.155+0100: 34.031: [Full GC 34.031: [Tenured: 101724K->97983K(158592K), 0.3469900 secs] 161879K->97983K(230016K), [Perm : 28671K->28646K(28672K)], 0.3471100 secs] [Times: user=0.32 sys=0.00, real=0.34 secs] 
2013-06-22T23:27:32.123+0100: 36.000: [GC 36.000: [DefNew: 65472K->6562K(73600K), 0.0360350 secs] 163455K->104545K(236908K), 0.0361380 secs] [Times: user=0.03 sys=0.00, real=0.04 secs] 
2013-06-22T23:27:33.003+0100: 36.880: [Full GC 36.880: [Tenured: 97983K->106866K(163308K), 0.2994780 secs] 141294K->106866K(236908K), [Perm : 32767K->32767K(32768K)], 0.2996200 secs] [Times: user=0.25 sys=0.01, real=0.30 secs] 
2013-06-22T23:27:40.291+0100: 44.168: [GC 44.168: [DefNew: 71360K->6113K(80256K), 0.0712940 secs] 178226K->112980K(258368K), 0.0714840 secs] [Times: user=0.04 sys=0.00, real=0.08 secs] 
2013-06-22T23:27:54.781+0100: 58.657: [Full GC 58.657: [Tenured: 106866K->108232K(178112K), 0.3926560 secs] 123148K->108232K(258368K), [Perm : 34361K->34361K(34560K)], 0.3927830 secs] [Times: user=0.30 sys=0.00, real=0.39 secs] 
2013-06-22T23:29:14.071+0100: 137.947: [Full GC 137.947: [Tenured: 108232K->107531K(180388K), 0.5558870 secs] 146497K->107531K(261668K), [Perm : 34760K->34760K(34816K)], 0.5560030 secs] [Times: user=0.35 sys=0.00, real=0.56 secs] 
2013-06-22T23:30:23.421+0100: 207.297: [Full GC 207.297: [Tenured: 107531K->98451K(180388K), 0.9665760 secs] 132607K->98451K(261668K), [Perm : 34769K->34702K(34816K)], 0.9666790 secs] [Times: user=0.48 sys=0.03, real=0.97 secs] 
2013-06-22T23:31:30.336+0100: 274.213: [Full GC 274.213: [Tenured: 98451K->98465K(180388K), 0.4834110 secs] 120481K->98465K(261668K), [Perm : 34706K->34706K(34816K)], 0.4835240 secs] [Times: user=0.32 sys=0.00, real=0.49 secs] 
2013-06-22T23:32:37.473+0100: 341.349: [Full GC 341.350: [Tenured: 98465K->98532K(180388K), 0.3838750 secs] 124260K->98532K(261668K), [Perm : 34712K->34712K(34816K)], 0.3840380 secs] [Times: user=0.32 sys=0.00, real=0.39 secs] 
2013-06-22T23:33:42.003+0100: 405.879: [Full GC 405.879: [Tenured: 98532K->98562K(180388K), 0.4954280 secs] 122484K->98562K(261668K), [Perm : 34716K->34716K(34816K)], 0.4955180 secs] [Times: user=0.36 sys=0.00, real=0.50 secs] 
2013-06-22T23:34:58.901+0100: 482.778: [GC 482.805: [DefNew: 72256K->229K(81280K), 0.0126280 secs] 170818K->98791K(261668K), 0.0141840 secs] [Times: user=0.01 sys=0.00, real=0.04 secs] 
2013-06-22T23:35:15.599+0100: 499.475: [GC 499.475: [DefNew: 72485K->294K(81280K), 0.0128280 secs] 171047K->98856K(261668K), 0.0129290 secs] [Times: user=0.01 sys=0.00, real=0.01 secs] 
2013-06-22T23:35:31.462+0100: 515.338: [GC 515.338: [DefNew: 72550K->332K(81280K), 0.0120730 secs] 171112K->98894K(261668K), 0.0121520 secs] [Times: user=0.00 sys=0.00, real=0.02 secs] 
2013-06-22T23:35:42.301+0100: 526.177: [Full GC 526.177: [Tenured: 98562K->94519K(180388K), 0.5050240 secs] 128177K->94519K(261668K), [Perm : 34783K->34607K(34816K)], 0.5051190 secs] [Times: user=0.36 sys=0.00, real=0.51 secs] 
2013-06-22T23:38:57.384+0100: 721.260: [GC 721.260: [DefNew: 72256K->667K(81280K), 0.0416860 secs] 166775K->95187K(261668K), 0.0417800 secs] [Times: user=0.03 sys=0.01, real=0.04 secs] 
2013-06-22T23:38:58.431+0100: 722.307: [GC 722.307: [DefNew: 72923K->1346K(81280K), 0.0093040 secs] 167443K->95865K(261668K), 0.0093240 secs] [Times: user=0.01 sys=0.00, real=0.01 secs] 
2013-06-22T23:38:58.766+0100: 722.642: [GC 722.642: [DefNew: 73602K->1487K(81280K), 0.0075740 secs] 168121K->96007K(261668K), 0.0076600 secs] [Times: user=0.01 sys=0.00, real=0.01 secs] 
2013-06-22T23:38:59.311+0100: 723.187: [GC 723.187: [DefNew: 73743K->1843K(81280K), 0.0162810 secs] 168263K->96363K(261668K), 0.0163530 secs] [Times: user=0.02 sys=0.01, real=0.01 secs] 
2013-06-22T23:38:59.753+0100: 723.629: [GC 723.629: [DefNew: 74099K->2062K(81280K), 0.0089790 secs] 168619K->96581K(261668K), 0.0090480 secs] [Times: user=0.01 sys=0.00, real=0.00 secs] 
2013-06-22T23:39:00.047+0100: 723.923: [GC 723.923: [DefNew: 74318K->2248K(81280K), 0.0182810 secs] 168837K->96768K(261668K), 0.0183660 secs] [Times: user=0.01 sys=0.00, real=0.02 secs] 
2013-06-22T23:39:00.556+0100: 724.433: [GC 724.433: [DefNew: 74504K->2674K(81280K), 0.0117140 secs] 169024K->97194K(261668K), 0.0117820 secs] [Times: user=0.01 sys=0.00, real=0.01 secs] 
2013-06-22T23:39:00.729+0100: 724.605: [GC 724.605: [DefNew: 74930K->3043K(81280K), 0.0147020 secs] 169450K->97563K(261668K), 0.0147730 secs] [Times: user=0.01 sys=0.00, real=0.02 secs] 
Heap
 def new generation   total 81280K, used 7181K [0x83640000, 0x88e70000, 0x8e0e0000)
  eden space 72256K,   5% used [0x83640000, 0x83a4a640, 0x87cd0000)
  from space 9024K,  33% used [0x885a0000, 0x88898e98, 0x88e70000)
  to   space 9024K,   0% used [0x87cd0000, 0x87cd0000, 0x885a0000)
 tenured generation   total 180388K, used 94519K [0x8e0e0000, 0x99109000, 0xa3640000)
   the space 180388K,  52% used [0x8e0e0000, 0x93d2df10, 0x93d2e000, 0x99109000)
 compacting perm gen  total 34816K, used 34808K [0xa3640000, 0xa5840000, 0xb3640000)
   the space 34816K,  99% used [0xa3640000, 0xa583e3d8, 0xa583e400, 0xa5840000)
No shared spaces configured.
