2013-08-04T01:33:49.279+0100: 2.455: [GC [PSYoungGen: 32768K->5427K(38208K)] 32768K->6424K(125632K), 0.0480510 secs] [Times: user=0.03 sys=0.03, real=0.05 secs] 
2013-08-04T01:33:50.496+0100: 3.672: [GC [PSYoungGen: 38195K->5433K(70976K)] 39192K->8148K(158400K), 0.0800850 secs] [Times: user=0.00 sys=0.10, real=0.08 secs] 
2013-08-04T01:33:53.183+0100: 6.359: [GC [PSYoungGen: 70969K->5428K(70976K)] 73684K->15779K(158400K), 0.2442600 secs] [Times: user=0.06 sys=0.12, real=0.24 secs] 
2013-08-04T01:33:54.344+0100: 7.520: [GC [PSYoungGen: 70964K->5427K(136512K)] 81315K->17893K(223936K), 0.0920980 secs] [Times: user=0.03 sys=0.07, real=0.09 secs] 
2013-08-04T01:33:58.361+0100: 11.536: [GC [PSYoungGen: 120316K->5434K(136512K)] 132781K->35706K(223936K), 0.2562720 secs] [Times: user=0.07 sys=0.27, real=0.26 secs] 
2013-08-04T01:33:58.617+0100: 11.793: [Full GC (System) [PSYoungGen: 5434K->0K(136512K)] [ParOldGen: 30272K->30244K(87424K)] 35706K->30244K(223936K) [PSPermGen: 14650K->14638K(29440K)], 0.3924160 secs] [Times: user=0.27 sys=0.15, real=0.39 secs] 
2013-08-04T01:34:01.256+0100: 14.431: [GC [PSYoungGen: 131072K->5425K(121600K)] 161316K->41196K(209024K), 0.0320340 secs] [Times: user=0.03 sys=0.03, real=0.03 secs] 
2013-08-04T01:34:03.838+0100: 17.014: [GC [PSYoungGen: 121585K->13774K(136512K)] 157356K->49545K(223936K), 0.0200210 secs] [Times: user=0.02 sys=0.01, real=0.02 secs] 
2013-08-04T01:34:06.233+0100: 19.409: [GC [PSYoungGen: 129934K->20272K(144832K)] 165705K->60769K(232256K), 0.1882000 secs] [Times: user=0.10 sys=0.17, real=0.19 secs] 
2013-08-04T01:34:07.458+0100: 20.634: [GC [PSYoungGen: 144816K->23682K(148288K)] 185313K->64179K(235712K), 0.1001060 secs] [Times: user=0.06 sys=0.07, real=0.10 secs] 
2013-08-04T01:34:09.348+0100: 22.524: [GC [PSYoungGen: 148226K->20627K(143296K)] 188723K->71096K(230720K), 0.1321400 secs] [Times: user=0.08 sys=0.15, real=0.13 secs] 
2013-08-04T01:34:13.837+0100: 27.013: [GC [PSYoungGen: 137491K->19998K(136896K)] 187960K->83628K(224320K), 0.2162290 secs] [Times: user=0.10 sys=0.13, real=0.22 secs] 
2013-08-04T01:34:15.290+0100: 28.466: [GC [PSYoungGen: 136862K->1080K(143232K)] 200492K->84041K(230656K), 0.2963140 secs] [Times: user=0.00 sys=0.33, real=0.30 secs] 
2013-08-04T01:34:15.587+0100: 28.763: [Full GC [PSYoungGen: 1080K->0K(143232K)] [ParOldGen: 82961K->78470K(142976K)] 84041K->78470K(286208K) [PSPermGen: 23349K->23341K(39680K)], 0.9089650 secs] [Times: user=0.26 sys=0.60, real=0.91 secs] 
2013-08-04T01:34:18.194+0100: 31.369: [GC [PSYoungGen: 113920K->7825K(144320K)] 192390K->86296K(287296K), 0.0080080 secs] [Times: user=0.02 sys=0.00, real=0.01 secs] 
2013-08-04T01:34:19.215+0100: 32.390: [GC [PSYoungGen: 121745K->14551K(141248K)] 200216K->99988K(284224K), 0.0400420 secs] [Times: user=0.00 sys=0.05, real=0.04 secs] 
2013-08-04T01:34:21.229+0100: 34.405: [GC [PSYoungGen: 128983K->10300K(143040K)] 214420K->107915K(286016K), 0.0680730 secs] [Times: user=0.03 sys=0.08, real=0.06 secs] 
2013-08-04T01:34:24.809+0100: 37.984: [GC [PSYoungGen: 124732K->11859K(142784K)] 222347K->118831K(285760K), 0.2442590 secs] [Times: user=0.08 sys=0.10, real=0.25 secs] 
2013-08-04T01:34:34.195+0100: 47.370: [GC [PSYoungGen: 130259K->11682K(144896K)] 237231K->129570K(287872K), 0.1561660 secs] [Times: user=0.09 sys=0.12, real=0.16 secs] 
2013-08-04T01:37:51.396+0100: 244.572: [GC [PSYoungGen: 130082K->16442K(147328K)] 247970K->134331K(290304K), 0.0400420 secs] [Times: user=0.08 sys=0.00, real=0.05 secs] 
2013-08-04T01:37:56.730+0100: 249.905: [GC [PSYoungGen: 139258K->25459K(148288K)] 257147K->152786K(291264K), 0.5766120 secs] [Times: user=0.45 sys=0.10, real=0.58 secs] 
2013-08-04T01:37:57.314+0100: 250.490: [Full GC [PSYoungGen: 25459K->0K(148288K)] [ParOldGen: 127327K->141189K(219968K)] 152786K->141189K(368256K) [PSPermGen: 34991K->34823K(49664K)], 1.3093900 secs] [Times: user=1.02 sys=0.61, real=1.31 secs] 
2013-08-04T01:38:10.672+0100: 263.848: [GC [PSYoungGen: 122816K->5884K(136768K)] 264005K->147073K(356736K), 0.0640680 secs] [Times: user=0.04 sys=0.02, real=0.06 secs] 
2013-08-04T01:38:24.895+0100: 278.071: [GC [PSYoungGen: 116220K->3760K(114112K)] 257409K->149201K(334080K), 0.0680730 secs] [Times: user=0.03 sys=0.02, real=0.07 secs] 
2013-08-04T01:38:40.976+0100: 294.152: [GC [PSYoungGen: 114096K->3840K(142720K)] 259537K->149837K(362688K), 0.0640680 secs] [Times: user=0.08 sys=0.01, real=0.07 secs] 
2013-08-04T01:40:08.073+0100: 381.249: [GC [PSYoungGen: 114304K->1408K(111872K)] 260301K->147405K(331840K), 0.0200210 secs] [Times: user=0.03 sys=0.00, real=0.03 secs] 
2013-08-04T01:40:32.671+0100: 405.847: [GC [PSYoungGen: 111872K->1129K(142720K)] 257869K->147126K(362688K), 0.0040040 secs] [Times: user=0.02 sys=0.00, real=0.00 secs] 
2013-08-04T01:40:33.340+0100: 406.519: [GC [PSYoungGen: 111913K->1370K(112192K)] 257910K->147367K(332160K), 0.0200210 secs] [Times: user=0.03 sys=0.00, real=0.02 secs] 
2013-08-04T01:40:33.740+0100: 406.916: [GC [PSYoungGen: 112154K->1385K(142976K)] 258151K->147382K(362944K), 0.0080080 secs] [Times: user=0.02 sys=0.00, real=0.01 secs] 
2013-08-04T01:40:34.257+0100: 407.432: [GC [PSYoungGen: 113321K->1464K(142208K)] 259318K->147461K(362176K), 0.0160170 secs] [Times: user=0.02 sys=0.00, real=0.02 secs] 
Heap
 PSYoungGen      total 142208K, used 104981K [0xa8c20000, 0xb3420000, 0xb36c0000)
  eden space 111936K, 92% used [0xa8c20000,0xaf137580,0xaf970000)
  from space 30272K, 4% used [0xaf970000,0xafade070,0xb1700000)
  to   space 29312K, 0% used [0xb1780000,0xb1780000,0xb3420000)
 ParOldGen       total 219968K, used 145997K [0x936c0000, 0xa0d90000, 0xa8c20000)
  object space 219968K, 66% used [0x936c0000,0x9c5535d0,0xa0d90000)
 PSPermGen       total 49664K, used 35275K [0x836c0000, 0x86740000, 0x936c0000)
  object space 49664K, 71% used [0x836c0000,0x85932ce8,0x86740000)
