2013-08-03T19:28:44.744+0100: 2.218: [GC [PSYoungGen: 32768K->5433K(38208K)] 32768K->6431K(125632K), 0.0640680 secs] [Times: user=0.01 sys=0.03, real=0.06 secs] 
2013-08-03T19:28:46.182+0100: 3.656: [GC [PSYoungGen: 38201K->5433K(70976K)] 39199K->8165K(158400K), 0.0320340 secs] [Times: user=0.02 sys=0.04, real=0.03 secs] 
2013-08-03T19:28:49.642+0100: 7.116: [GC [PSYoungGen: 70969K->5434K(70976K)] 73701K->15815K(158400K), 0.1001060 secs] [Times: user=0.05 sys=0.08, real=0.10 secs] 
2013-08-03T19:28:50.679+0100: 8.153: [GC [PSYoungGen: 70970K->5430K(136512K)] 81351K->17916K(223936K), 0.1001070 secs] [Times: user=0.02 sys=0.04, real=0.10 secs] 
2013-08-03T19:28:55.624+0100: 13.098: [GC [PSYoungGen: 120334K->5425K(136512K)] 132820K->35782K(223936K), 0.1321400 secs] [Times: user=0.03 sys=0.11, real=0.14 secs] 
2013-08-03T19:28:55.760+0100: 13.234: [Full GC (System) [PSYoungGen: 5425K->0K(136512K)] [ParOldGen: 30356K->30305K(87424K)] 35782K->30305K(223936K) [PSPermGen: 14650K->14637K(29440K)], 0.3083270 secs] [Times: user=0.14 sys=0.12, real=0.31 secs] 
2013-08-03T19:28:58.599+0100: 16.073: [GC [PSYoungGen: 131072K->5434K(121600K)] 161377K->41535K(209024K), 0.0600640 secs] [Times: user=0.03 sys=0.07, real=0.06 secs] 
2013-08-03T19:29:00.177+0100: 17.651: [GC [PSYoungGen: 121594K->13505K(136512K)] 157695K->49607K(223936K), 0.0360390 secs] [Times: user=0.03 sys=0.02, real=0.04 secs] 
2013-08-03T19:29:01.811+0100: 19.284: [GC [PSYoungGen: 129665K->20093K(144896K)] 165767K->61264K(232320K), 0.1241320 secs] [Times: user=0.05 sys=0.15, real=0.13 secs] 
2013-08-03T19:29:02.611+0100: 20.085: [GC [PSYoungGen: 144893K->24029K(148864K)] 186064K->65200K(236288K), 0.1361440 secs] [Times: user=0.09 sys=0.03, real=0.14 secs] 
2013-08-03T19:29:03.713+0100: 21.186: [GC [PSYoungGen: 148829K->20528K(142848K)] 190000K->71645K(230272K), 0.1041110 secs] [Times: user=0.03 sys=0.14, real=0.10 secs] 
2013-08-03T19:29:06.860+0100: 24.334: [GC [PSYoungGen: 137520K->19612K(136640K)] 188637K->84088K(224064K), 0.1281360 secs] [Times: user=0.07 sys=0.10, real=0.13 secs] 
2013-08-03T19:29:07.845+0100: 25.319: [GC [PSYoungGen: 136604K->1064K(143360K)] 201080K->84411K(230784K), 0.1201280 secs] [Times: user=0.03 sys=0.15, real=0.12 secs] 
2013-08-03T19:29:07.965+0100: 25.439: [Full GC [PSYoungGen: 1064K->0K(143360K)] [ParOldGen: 83347K->78491K(140096K)] 84411K->78491K(283456K) [PSPermGen: 23355K->23347K(39680K)], 0.4004250 secs] [Times: user=0.45 sys=0.17, real=0.40 secs] 
2013-08-03T19:29:10.348+0100: 27.822: [GC [PSYoungGen: 114176K->7958K(144448K)] 192667K->86449K(284544K), 0.0520560 secs] [Times: user=0.03 sys=0.03, real=0.06 secs] 
2013-08-03T19:29:11.373+0100: 28.847: [GC [PSYoungGen: 122134K->14472K(141504K)] 200625K->100048K(281600K), 0.0480510 secs] [Times: user=0.04 sys=0.04, real=0.05 secs] 
2013-08-03T19:29:12.814+0100: 30.288: [GC [PSYoungGen: 129224K->10245K(143232K)] 214800K->108013K(283328K), 0.0880940 secs] [Times: user=0.06 sys=0.06, real=0.09 secs] 
2013-08-03T19:29:14.836+0100: 32.310: [GC [PSYoungGen: 124997K->11817K(143168K)] 222765K->118887K(283264K), 0.0800850 secs] [Times: user=0.04 sys=0.09, real=0.08 secs] 
2013-08-03T19:29:26.341+0100: 43.815: [GC [PSYoungGen: 130537K->11643K(145088K)] 237607K->129605K(285184K), 0.1001060 secs] [Times: user=0.09 sys=0.07, real=0.10 secs] 
2013-08-03T19:32:51.074+0100: 248.548: [GC [PSYoungGen: 130363K->10693K(145856K)] 248325K->136887K(285952K), 0.0600640 secs] [Times: user=0.05 sys=0.02, real=0.06 secs] 
2013-08-03T19:32:51.134+0100: 248.608: [Full GC [PSYoungGen: 10693K->0K(145856K)] [ParOldGen: 126194K->125451K(199872K)] 136887K->125451K(345728K) [PSPermGen: 34860K->34787K(49664K)], 0.6727140 secs] [Times: user=0.61 sys=0.35, real=0.67 secs] 
2013-08-03T19:33:00.784+0100: 258.258: [GC [PSYoungGen: 123072K->10011K(147520K)] 248523K->135462K(347392K), 0.0240250 secs] [Times: user=0.03 sys=0.00, real=0.03 secs] 
2013-08-03T19:33:16.449+0100: 273.923: [GC [PSYoungGen: 133083K->4112K(150208K)] 258534K->136863K(350080K), 0.0600630 secs] [Times: user=0.04 sys=0.03, real=0.06 secs] 
2013-08-03T19:33:33.691+0100: 291.165: [GC [PSYoungGen: 130640K->4064K(150592K)] 263391K->137359K(350464K), 0.0480510 secs] [Times: user=0.06 sys=0.02, real=0.06 secs] 
2013-08-03T19:33:51.442+0100: 308.916: [GC [PSYoungGen: 130592K->4486K(150208K)] 263887K->137781K(350080K), 0.0320340 secs] [Times: user=0.04 sys=0.01, real=0.03 secs] 
2013-08-03T19:34:09.926+0100: 327.399: [GC [PSYoungGen: 131014K->4384K(150400K)] 264309K->137679K(350272K), 0.0320340 secs] [Times: user=0.04 sys=0.00, real=0.03 secs] 
2013-08-03T19:34:28.537+0100: 346.011: [GC [PSYoungGen: 130912K->4368K(150144K)] 264207K->137663K(350016K), 0.0520550 secs] [Times: user=0.06 sys=0.00, real=0.05 secs] 
2013-08-03T19:34:46.961+0100: 364.435: [GC [PSYoungGen: 131728K->4776K(150400K)] 265023K->138071K(350272K), 0.0440470 secs] [Times: user=0.05 sys=0.00, real=0.04 secs] 
2013-08-03T19:35:04.932+0100: 382.406: [GC [PSYoungGen: 132136K->4744K(150656K)] 265431K->138039K(350528K), 0.0480510 secs] [Times: user=0.07 sys=0.01, real=0.06 secs] 
2013-08-03T19:35:53.235+0100: 430.713: [GC [PSYoungGen: 134024K->3664K(150976K)] 267319K->136960K(350848K), 0.0280300 secs] [Times: user=0.04 sys=0.00, real=0.03 secs] 
2013-08-03T19:35:54.400+0100: 431.874: [GC [PSYoungGen: 132944K->1402K(152832K)] 266240K->134697K(352704K), 0.0000000 secs] [Times: user=0.00 sys=0.00, real=0.00 secs] 
2013-08-03T19:35:55.057+0100: 432.531: [GC [PSYoungGen: 133242K->1481K(152768K)] 266537K->134776K(352640K), 0.0120130 secs] [Times: user=0.02 sys=0.00, real=0.01 secs] 
2013-08-03T19:35:55.486+0100: 432.960: [GC [PSYoungGen: 133321K->1545K(153280K)] 266616K->134844K(353152K), 0.0120120 secs] [Times: user=0.01 sys=0.00, real=0.01 secs] 
Heap
 PSYoungGen      total 153280K, used 119018K [0xa8b50000, 0xb3480000, 0xb35f0000)
  eden space 133312K, 88% used [0xa8b50000,0xafe08420,0xb0d80000)
  from space 19968K, 7% used [0xb2100000,0xb2282428,0xb3480000)
  to   space 19968K, 0% used [0xb0d80000,0xb0d80000,0xb2100000)
 ParOldGen       total 199872K, used 133299K [0x935f0000, 0x9f920000, 0xa8b50000)
  object space 199872K, 66% used [0x935f0000,0x9b81ccd0,0x9f920000)
 PSPermGen       total 49664K, used 35241K [0x835f0000, 0x86670000, 0x935f0000)
  object space 49664K, 70% used [0x835f0000,0x8585a7e8,0x86670000)
