2013-08-04T01:41:33.476+0100: 2.178: [GC [PSYoungGen: 32768K->5434K(38208K)] 32768K->6445K(125632K), 0.0400430 secs] [Times: user=0.01 sys=0.04, real=0.04 secs] 
2013-08-04T01:41:34.553+0100: 3.255: [GC [PSYoungGen: 38202K->5433K(70976K)] 39213K->8171K(158400K), 0.0400430 secs] [Times: user=0.01 sys=0.05, real=0.04 secs] 
2013-08-04T01:41:37.019+0100: 5.722: [GC [PSYoungGen: 70969K->5433K(70976K)] 73707K->15689K(158400K), 0.0880940 secs] [Times: user=0.00 sys=0.12, real=0.09 secs] 
2013-08-04T01:41:37.636+0100: 6.339: [GC [PSYoungGen: 70969K->5439K(136512K)] 81225K->17447K(223936K), 0.0680720 secs] [Times: user=0.04 sys=0.07, real=0.06 secs] 
2013-08-04T01:41:41.512+0100: 10.215: [GC [PSYoungGen: 120316K->5424K(136512K)] 132324K->35345K(223936K), 0.3683910 secs] [Times: user=0.03 sys=0.22, real=0.37 secs] 
2013-08-04T01:41:41.880+0100: 10.583: [Full GC (System) [PSYoungGen: 5424K->0K(136512K)] [ParOldGen: 29920K->30324K(87424K)] 35345K->30324K(223936K) [PSPermGen: 14686K->14674K(29440K)], 0.3003190 secs] [Times: user=0.26 sys=0.07, real=0.30 secs] 
2013-08-04T01:41:44.115+0100: 12.818: [GC [PSYoungGen: 131072K->5426K(121600K)] 161396K->41637K(209024K), 0.1681790 secs] [Times: user=0.02 sys=0.06, real=0.17 secs] 
2013-08-04T01:41:46.081+0100: 14.784: [GC [PSYoungGen: 121586K->13479K(136512K)] 157797K->49690K(223936K), 0.0400430 secs] [Times: user=0.04 sys=0.01, real=0.04 secs] 
2013-08-04T01:41:47.935+0100: 16.638: [GC [PSYoungGen: 129639K->20149K(145216K)] 165850K->61043K(232640K), 0.1281360 secs] [Times: user=0.07 sys=0.14, real=0.12 secs] 
2013-08-04T01:41:48.980+0100: 17.683: [GC [PSYoungGen: 145205K->23417K(148480K)] 186099K->64311K(235904K), 0.0880940 secs] [Times: user=0.07 sys=0.06, real=0.09 secs] 
2013-08-04T01:41:50.021+0100: 18.724: [GC [PSYoungGen: 148473K->20872K(143488K)] 189367K->71488K(230912K), 0.1201280 secs] [Times: user=0.10 sys=0.10, real=0.12 secs] 
2013-08-04T01:41:53.221+0100: 21.923: [GC [PSYoungGen: 138120K->19955K(137216K)] 188736K->83741K(224640K), 0.1201270 secs] [Times: user=0.08 sys=0.12, real=0.12 secs] 
2013-08-04T01:41:55.038+0100: 23.741: [GC [PSYoungGen: 137203K->1096K(143296K)] 200989K->84079K(230720K), 0.1641750 secs] [Times: user=0.05 sys=0.20, real=0.17 secs] 
2013-08-04T01:41:55.203+0100: 23.905: [Full GC [PSYoungGen: 1096K->0K(143296K)] [ParOldGen: 82982K->78658K(142336K)] 84079K->78658K(285632K) [PSPermGen: 23352K->23343K(39680K)], 0.4845140 secs] [Times: user=0.51 sys=0.17, real=0.48 secs] 
2013-08-04T01:41:57.005+0100: 25.707: [GC [PSYoungGen: 114048K->8237K(144384K)] 192706K->86896K(286720K), 0.0720770 secs] [Times: user=0.05 sys=0.02, real=0.07 secs] 
2013-08-04T01:41:58.222+0100: 26.925: [GC [PSYoungGen: 122285K->14593K(141504K)] 200944K->100559K(283840K), 0.0640680 secs] [Times: user=0.03 sys=0.03, real=0.07 secs] 
2013-08-04T01:41:59.803+0100: 28.506: [GC [PSYoungGen: 129281K->10094K(143168K)] 215247K->108437K(285504K), 0.1241320 secs] [Times: user=0.02 sys=0.08, real=0.13 secs] 
2013-08-04T01:42:02.422+0100: 31.125: [GC [PSYoungGen: 124782K->11851K(143040K)] 223125K->119405K(285376K), 0.1041110 secs] [Times: user=0.04 sys=0.07, real=0.10 secs] 
2013-08-04T01:42:33.267+0100: 61.970: [GC [PSYoungGen: 130507K->11351K(145024K)] 238061K->129742K(287360K), 0.2162300 secs] [Times: user=0.09 sys=0.16, real=0.22 secs] 
2013-08-04T01:45:37.126+0100: 245.829: [GC [PSYoungGen: 130007K->11942K(145344K)] 248398K->138396K(287680K), 0.0720770 secs] [Times: user=0.07 sys=0.03, real=0.07 secs] 
2013-08-04T01:45:37.198+0100: 245.901: [Full GC [PSYoungGen: 11942K->0K(145344K)] [ParOldGen: 126454K->126809K(204736K)] 138396K->126809K(350080K) [PSPermGen: 34845K->34752K(49664K)], 0.7287730 secs] [Times: user=0.72 sys=0.26, real=0.73 secs] 
2013-08-04T01:45:42.600+0100: 251.307: [GC [PSYoungGen: 123008K->16319K(147328K)] 249817K->143129K(352064K), 0.0440470 secs] [Times: user=0.06 sys=0.01, real=0.04 secs] 
2013-08-04T01:45:55.966+0100: 264.669: [GC [PSYoungGen: 139327K->3952K(149376K)] 266137K->145231K(354112K), 0.0920980 secs] [Times: user=0.10 sys=0.02, real=0.09 secs] 
2013-08-04T01:46:10.277+0100: 278.980: [GC [PSYoungGen: 128880K->4176K(129152K)] 270159K->145735K(333888K), 0.0600640 secs] [Times: user=0.08 sys=0.02, real=0.06 secs] 
2013-08-04T01:46:24.741+0100: 293.443: [GC [PSYoungGen: 129104K->4752K(149952K)] 270663K->146311K(354688K), 0.0840890 secs] [Times: user=0.04 sys=0.03, real=0.09 secs] 
2013-08-04T01:46:38.167+0100: 306.870: [GC [PSYoungGen: 129680K->5040K(129984K)] 271239K->146599K(334720K), 0.1201280 secs] [Times: user=0.06 sys=0.05, real=0.12 secs] 
2013-08-04T01:46:52.238+0100: 320.941: [GC [PSYoungGen: 129968K->5328K(149888K)] 271527K->146887K(354624K), 0.1001060 secs] [Times: user=0.07 sys=0.02, real=0.10 secs] 
2013-08-04T01:47:02.301+0100: 331.003: [GC [PSYoungGen: 130832K->5535K(149312K)] 272391K->147094K(354048K), 0.0440470 secs] [Times: user=0.04 sys=0.01, real=0.04 secs] 
2013-08-04T01:47:13.428+0100: 342.131: [GC [PSYoungGen: 131039K->5752K(150144K)] 272598K->147311K(354880K), 0.0600630 secs] [Times: user=0.03 sys=0.01, real=0.06 secs] 
2013-08-04T01:47:24.909+0100: 353.611: [GC [PSYoungGen: 133048K->5984K(149632K)] 274607K->147543K(354368K), 0.0720770 secs] [Times: user=0.03 sys=0.01, real=0.08 secs] 
2013-08-04T01:48:50.171+0100: 438.874: [GC [PSYoungGen: 133280K->3526K(151488K)] 274839K->145085K(356224K), 0.0360380 secs] [Times: user=0.05 sys=0.01, real=0.04 secs] 
2013-08-04T01:49:13.071+0100: 461.774: [GC [PSYoungGen: 133510K->1273K(151040K)] 275069K->142832K(355776K), 0.0240260 secs] [Times: user=0.00 sys=0.02, real=0.02 secs] 
2013-08-04T01:49:14.036+0100: 462.739: [GC [PSYoungGen: 131257K->1473K(153344K)] 272816K->143032K(358080K), 0.0080080 secs] [Times: user=0.01 sys=0.00, real=0.01 secs] 
2013-08-04T01:49:14.445+0100: 463.148: [GC [PSYoungGen: 133953K->1553K(153088K)] 275512K->143112K(357824K), 0.0040040 secs] [Times: user=0.01 sys=0.00, real=0.01 secs] 
2013-08-04T01:49:14.885+0100: 463.588: [GC [PSYoungGen: 134033K->1760K(153472K)] 275592K->143319K(358208K), 0.0240250 secs] [Times: user=0.02 sys=0.00, real=0.02 secs] 
Heap
 PSYoungGen      total 153472K, used 23442K [0xa8ba0000, 0xb3490000, 0xb3640000)
  eden space 133888K, 16% used [0xa8ba0000,0xaa0cc8d0,0xb0e60000)
  from space 19584K, 8% used [0xb2170000,0xb2328040,0xb3490000)
  to   space 19520K, 0% used [0xb0e60000,0xb0e60000,0xb2170000)
 ParOldGen       total 204736K, used 141559K [0x93640000, 0x9fe30000, 0xa8ba0000)
  object space 204736K, 69% used [0x93640000,0x9c07df88,0x9fe30000)
 PSPermGen       total 49664K, used 35256K [0x83640000, 0x866c0000, 0x93640000)
  object space 49664K, 70% used [0x83640000,0x858ae028,0x866c0000)
