2013-08-03T15:09:02.927+0100: 1.906: [GC [PSYoungGen: 32768K->5439K(38208K)] 32768K->6414K(125632K), 0.2082210 secs] [Times: user=0.02 sys=0.09, real=0.21 secs] 
2013-08-03T15:09:04.124+0100: 3.103: [GC [PSYoungGen: 38207K->5433K(70976K)] 39182K->8139K(158400K), 0.0360380 secs] [Times: user=0.04 sys=0.03, real=0.04 secs] 
2013-08-03T15:09:06.238+0100: 5.218: [GC [PSYoungGen: 70969K->5428K(70976K)] 73675K->15492K(158400K), 0.0760800 secs] [Times: user=0.03 sys=0.10, real=0.07 secs] 
2013-08-03T15:09:06.883+0100: 5.862: [GC [PSYoungGen: 70964K->5427K(136512K)] 81028K->17667K(223936K), 0.0400420 secs] [Times: user=0.01 sys=0.05, real=0.04 secs] 
2013-08-03T15:09:10.118+0100: 9.098: [GC [PSYoungGen: 119380K->5425K(136512K)] 131620K->35452K(223936K), 0.2082210 secs] [Times: user=0.02 sys=0.15, real=0.21 secs] 
2013-08-03T15:09:10.327+0100: 9.306: [Full GC (System) [PSYoungGen: 5425K->0K(136512K)] [ParOldGen: 30027K->30270K(87424K)] 35452K->30270K(223936K) [PSPermGen: 14682K->14670K(29440K)], 0.2883060 secs] [Times: user=0.26 sys=0.13, real=0.29 secs] 
2013-08-03T15:09:12.829+0100: 11.809: [GC [PSYoungGen: 131072K->5437K(121792K)] 161342K->41095K(209216K), 0.1001060 secs] [Times: user=0.05 sys=0.08, real=0.10 secs] 
2013-08-03T15:09:14.907+0100: 13.887: [GC [PSYoungGen: 121789K->13494K(136512K)] 157447K->49153K(223936K), 0.0280300 secs] [Times: user=0.06 sys=0.00, real=0.02 secs] 
2013-08-03T15:09:16.874+0100: 15.853: [GC [PSYoungGen: 129846K->20025K(145088K)] 165505K->60534K(232512K), 0.2442590 secs] [Times: user=0.12 sys=0.15, real=0.25 secs] 
2013-08-03T15:09:18.543+0100: 17.523: [GC [PSYoungGen: 145081K->23999K(149056K)] 185590K->64508K(236480K), 0.1121190 secs] [Times: user=0.06 sys=0.07, real=0.11 secs] 
2013-08-03T15:09:19.276+0100: 18.255: [GC [PSYoungGen: 149055K->20861K(142528K)] 189564K->71478K(229952K), 0.1081140 secs] [Times: user=0.08 sys=0.11, real=0.11 secs] 
2013-08-03T15:09:22.391+0100: 21.371: [GC [PSYoungGen: 137725K->19580K(136448K)] 188342K->83355K(223872K), 0.1121190 secs] [Times: user=0.06 sys=0.11, real=0.12 secs] 
2013-08-03T15:09:23.148+0100: 22.127: [GC [PSYoungGen: 136444K->1072K(143296K)] 200219K->83672K(230720K), 0.1201280 secs] [Times: user=0.04 sys=0.16, real=0.12 secs] 
2013-08-03T15:09:23.268+0100: 22.248: [Full GC [PSYoungGen: 1072K->0K(143296K)] [ParOldGen: 82599K->78561K(140096K)] 83672K->78561K(283392K) [PSPermGen: 23351K->23343K(39680K)], 0.4805100 secs] [Times: user=0.41 sys=0.24, real=0.48 secs] 
2013-08-03T15:09:25.070+0100: 24.050: [GC [PSYoungGen: 114048K->8185K(144384K)] 192609K->86747K(284480K), 0.0120130 secs] [Times: user=0.01 sys=0.01, real=0.01 secs] 
2013-08-03T15:09:25.847+0100: 24.826: [GC [PSYoungGen: 122233K->14469K(141376K)] 200795K->100328K(281472K), 0.0800850 secs] [Times: user=0.03 sys=0.04, real=0.08 secs] 
2013-08-03T15:09:27.433+0100: 26.412: [GC [PSYoungGen: 129157K->10346K(143104K)] 215016K->108359K(283200K), 0.1201270 secs] [Times: user=0.02 sys=0.08, real=0.12 secs] 
2013-08-03T15:09:30.376+0100: 29.355: [GC [PSYoungGen: 125034K->11878K(143040K)] 223047K->119316K(283136K), 0.1041100 secs] [Times: user=0.04 sys=0.13, real=0.10 secs] 
2013-08-03T15:10:02.370+0100: 61.349: [GC [PSYoungGen: 130662K->11351K(145088K)] 238100K->129682K(285184K), 0.1081150 secs] [Times: user=0.09 sys=0.01, real=0.11 secs] 
2013-08-03T15:13:11.274+0100: 250.254: [GC [PSYoungGen: 130135K->1518K(148032K)] 248466K->127246K(288128K), 0.0480510 secs] [Times: user=0.03 sys=0.03, real=0.05 secs] 
2013-08-03T15:13:11.322+0100: 250.302: [Full GC [PSYoungGen: 1518K->0K(148032K)] [ParOldGen: 125727K->106414K(180160K)] 127246K->106414K(328192K) [PSPermGen: 34747K->34635K(49664K)], 0.4084340 secs] [Times: user=0.46 sys=0.14, real=0.40 secs] 
2013-08-03T15:13:12.520+0100: 251.499: [GC [PSYoungGen: 122752K->480K(123264K)] 229166K->106895K(303424K), 0.0600640 secs] [Times: user=0.02 sys=0.00, real=0.06 secs] 
2013-08-03T15:13:13.128+0100: 252.108: [GC [PSYoungGen: 123232K->304K(147840K)] 229647K->107158K(328000K), 0.0080080 secs] [Times: user=0.01 sys=0.01, real=0.01 secs] 
2013-08-03T15:13:13.501+0100: 252.480: [GC [PSYoungGen: 121648K->112K(148032K)] 228502K->107196K(328192K), 0.0080090 secs] [Times: user=0.01 sys=0.00, real=0.01 secs] 
Heap
 PSYoungGen      total 148032K, used 107880K [0xa8ba0000, 0xb3640000, 0xb3640000)
  eden space 121344K, 88% used [0xa8ba0000,0xaf4de178,0xb0220000)
  from space 26688K, 0% used [0xb0220000,0xb023c000,0xb1c30000)
  to   space 26624K, 0% used [0xb1c40000,0xb1c40000,0xb3640000)
 ParOldGen       total 180160K, used 107084K [0x93640000, 0x9e630000, 0xa8ba0000)
  object space 180160K, 59% used [0x93640000,0x99ed3288,0x9e630000)
 PSPermGen       total 49664K, used 34700K [0x83640000, 0x866c0000, 0x93640000)
  object space 49664K, 69% used [0x83640000,0x858233a0,0x866c0000)
