2013-08-04T02:20:50.637+0100: 2.246: [GC [PSYoungGen: 32768K->5433K(38208K)] 32768K->6431K(125632K), 0.0840900 secs] [Times: user=0.03 sys=0.07, real=0.08 secs] 
2013-08-04T02:20:51.775+0100: 3.384: [GC [PSYoungGen: 38201K->5424K(70976K)] 39199K->8147K(158400K), 0.0640680 secs] [Times: user=0.01 sys=0.05, real=0.07 secs] 
2013-08-04T02:20:53.941+0100: 5.550: [GC [PSYoungGen: 70960K->5429K(70976K)] 73683K->15617K(158400K), 0.0800850 secs] [Times: user=0.06 sys=0.08, real=0.08 secs] 
2013-08-04T02:20:54.738+0100: 6.347: [GC [PSYoungGen: 70965K->5424K(136512K)] 81153K->17587K(223936K), 0.0600640 secs] [Times: user=0.03 sys=0.08, real=0.06 secs] 
2013-08-04T02:20:57.893+0100: 9.502: [GC [PSYoungGen: 121120K->5432K(136512K)] 133283K->35441K(223936K), 0.1601700 secs] [Times: user=0.07 sys=0.14, real=0.16 secs] 
2013-08-04T02:20:58.053+0100: 9.662: [Full GC (System) [PSYoungGen: 5432K->0K(136512K)] [ParOldGen: 30008K->30233K(87424K)] 35441K->30233K(223936K) [PSPermGen: 14653K->14641K(29440K)], 0.2482640 secs] [Times: user=0.28 sys=0.12, real=0.24 secs] 
2013-08-04T02:21:00.103+0100: 11.712: [GC [PSYoungGen: 131072K->5432K(121664K)] 161305K->41193K(209088K), 0.0440470 secs] [Times: user=0.04 sys=0.05, real=0.05 secs] 
2013-08-04T02:21:01.997+0100: 13.606: [GC [PSYoungGen: 121656K->13749K(136512K)] 157417K->49510K(223936K), 0.0240250 secs] [Times: user=0.02 sys=0.01, real=0.02 secs] 
2013-08-04T02:21:04.624+0100: 16.233: [GC [PSYoungGen: 129973K->20212K(145408K)] 165734K->60176K(232832K), 0.1281360 secs] [Times: user=0.05 sys=0.15, real=0.13 secs] 
2013-08-04T02:21:05.753+0100: 17.362: [GC [PSYoungGen: 145396K->24117K(149312K)] 185360K->64081K(236736K), 0.1641740 secs] [Times: user=0.14 sys=0.09, real=0.16 secs] 
2013-08-04T02:21:07.315+0100: 18.924: [GC [PSYoungGen: 149301K->20547K(142400K)] 189265K->70516K(229824K), 0.1321400 secs] [Times: user=0.05 sys=0.13, real=0.13 secs] 
2013-08-04T02:21:10.442+0100: 22.051: [GC [PSYoungGen: 137539K->19989K(137024K)] 187508K->83347K(224448K), 0.1241320 secs] [Times: user=0.06 sys=0.12, real=0.13 secs] 
2013-08-04T02:21:11.552+0100: 23.161: [GC [PSYoungGen: 136981K->1080K(143232K)] 200339K->83673K(230656K), 0.1481570 secs] [Times: user=0.03 sys=0.16, real=0.15 secs] 
2013-08-04T02:21:11.700+0100: 23.309: [Full GC [PSYoungGen: 1080K->0K(143232K)] [ParOldGen: 82592K->78294K(144000K)] 83673K->78294K(287232K) [PSPermGen: 23355K->23346K(39680K)], 0.7287740 secs] [Times: user=0.55 sys=0.24, real=0.73 secs] 
2013-08-04T02:21:14.463+0100: 26.072: [GC [PSYoungGen: 113920K->7716K(144320K)] 192214K->86010K(288320K), 0.0520550 secs] [Times: user=0.00 sys=0.02, real=0.05 secs] 
2013-08-04T02:21:15.492+0100: 27.101: [GC [PSYoungGen: 121636K->14801K(141504K)] 199930K->99998K(285504K), 0.0600640 secs] [Times: user=0.00 sys=0.05, real=0.06 secs] 
2013-08-04T02:21:17.434+0100: 29.043: [GC [PSYoungGen: 129297K->10347K(143168K)] 214494K->107983K(287168K), 0.1161240 secs] [Times: user=0.03 sys=0.10, real=0.11 secs] 
2013-08-04T02:21:20.161+0100: 31.770: [GC [PSYoungGen: 124843K->11912K(142912K)] 222479K->118982K(286912K), 0.1041100 secs] [Times: user=0.11 sys=0.08, real=0.11 secs] 
2013-08-04T02:21:39.762+0100: 51.371: [GC [PSYoungGen: 130248K->11394K(144832K)] 237318K->129410K(288832K), 0.1321410 secs] [Times: user=0.11 sys=0.10, real=0.13 secs] 
2013-08-04T02:24:53.515+0100: 245.124: [GC [PSYoungGen: 129730K->25402K(142464K)] 247746K->143418K(286464K), 0.0840890 secs] [Times: user=0.07 sys=0.05, real=0.09 secs] 
2013-08-04T02:24:54.993+0100: 246.602: [GC [PSYoungGen: 142394K->28861K(145856K)] 260410K->147254K(289856K), 0.0560600 secs] [Times: user=0.03 sys=0.02, real=0.05 secs] 
2013-08-04T02:25:09.128+0100: 260.737: [GC [PSYoungGen: 145853K->8384K(138688K)] 264246K->150237K(282688K), 0.0961020 secs] [Times: user=0.08 sys=0.10, real=0.10 secs] 
2013-08-04T02:25:09.224+0100: 260.833: [Full GC [PSYoungGen: 8384K->0K(138688K)] [ParOldGen: 141853K->138339K(230528K)] 150237K->138339K(369216K) [PSPermGen: 35145K->34986K(49920K)], 0.9169730 secs] [Times: user=0.68 sys=0.32, real=0.91 secs] 
2013-08-04T02:25:25.469+0100: 277.078: [GC [PSYoungGen: 109824K->3040K(112896K)] 248163K->141379K(343424K), 0.0720770 secs] [Times: user=0.06 sys=0.02, real=0.08 secs] 
2013-08-04T02:26:10.449+0100: 322.058: [GC [PSYoungGen: 112864K->2360K(141952K)] 251203K->140699K(372480K), 0.0240260 secs] [Times: user=0.04 sys=0.00, real=0.02 secs] 
2013-08-04T02:26:11.742+0100: 323.351: [GC [PSYoungGen: 111544K->904K(141952K)] 249883K->139243K(372480K), 0.0120130 secs] [Times: user=0.02 sys=0.00, real=0.01 secs] 
2013-08-04T02:26:12.283+0100: 323.892: [GC [PSYoungGen: 110088K->1080K(141184K)] 248427K->139419K(371712K), 0.0080080 secs] [Times: user=0.01 sys=0.01, real=0.01 secs] 
2013-08-04T02:26:12.567+0100: 324.176: [GC [PSYoungGen: 110264K->1144K(141568K)] 248603K->139483K(372096K), 0.0200210 secs] [Times: user=0.02 sys=0.01, real=0.02 secs] 
2013-08-04T02:26:13.184+0100: 324.793: [GC [PSYoungGen: 110328K->1272K(140864K)] 248667K->139612K(371392K), 0.0080090 secs] [Times: user=0.01 sys=0.00, real=0.01 secs] 
Heap
 PSYoungGen      total 140864K, used 81175K [0xa8c30000, 0xb34a0000, 0xb36d0000)
  eden space 110528K, 72% used [0xa8c30000,0xada379b8,0xaf820000)
  from space 30336K, 4% used [0xb1700000,0xb183e3f8,0xb34a0000)
  to   space 30976K, 0% used [0xaf820000,0xaf820000,0xb1660000)
 ParOldGen       total 230528K, used 138339K [0x936d0000, 0xa17f0000, 0xa8c30000)
  object space 230528K, 60% used [0x936d0000,0x9bde8c68,0xa17f0000)
 PSPermGen       total 49920K, used 35221K [0x836d0000, 0x86790000, 0x936d0000)
  object space 49920K, 70% used [0x836d0000,0x859354c0,0x86790000)
