2013-08-03T23:07:01.633+0100: 2.431: [GC [PSYoungGen: 32768K->5434K(38208K)] 32768K->6416K(125632K), 0.0800850 secs] [Times: user=0.05 sys=0.03, real=0.08 secs] 
2013-08-03T23:07:03.087+0100: 3.884: [GC [PSYoungGen: 38202K->5427K(70976K)] 39184K->8135K(158400K), 0.0400430 secs] [Times: user=0.02 sys=0.04, real=0.04 secs] 
2013-08-03T23:07:07.171+0100: 7.968: [GC [PSYoungGen: 70963K->5428K(70976K)] 73671K->15777K(158400K), 0.2042170 secs] [Times: user=0.05 sys=0.20, real=0.21 secs] 
2013-08-03T23:07:08.248+0100: 9.046: [GC [PSYoungGen: 70964K->5431K(136512K)] 81313K->17847K(223936K), 0.0920980 secs] [Times: user=0.00 sys=0.10, real=0.09 secs] 
2013-08-03T23:07:12.189+0100: 12.990: [GC [PSYoungGen: 120341K->5428K(136512K)] 132757K->35822K(223936K), 0.2362500 secs] [Times: user=0.10 sys=0.25, real=0.24 secs] 
2013-08-03T23:07:12.429+0100: 13.226: [Full GC (System) [PSYoungGen: 5428K->0K(136512K)] [ParOldGen: 30393K->30239K(87424K)] 35822K->30239K(223936K) [PSPermGen: 14681K->14668K(29440K)], 0.4564850 secs] [Times: user=0.25 sys=0.10, real=0.45 secs] 
2013-08-03T23:07:15.432+0100: 16.229: [GC [PSYoungGen: 131072K->5431K(121408K)] 161311K->40755K(208832K), 0.0720760 secs] [Times: user=0.04 sys=0.07, real=0.07 secs] 
2013-08-03T23:07:17.458+0100: 18.255: [GC [PSYoungGen: 121399K->13801K(136512K)] 156723K->49125K(223936K), 0.0240260 secs] [Times: user=0.04 sys=0.00, real=0.02 secs] 
2013-08-03T23:07:20.373+0100: 21.170: [GC [PSYoungGen: 129769K->20535K(145216K)] 165093K->59807K(232640K), 0.1601700 secs] [Times: user=0.09 sys=0.16, real=0.16 secs] 
2013-08-03T23:07:21.951+0100: 22.748: [GC [PSYoungGen: 145207K->24456K(149184K)] 184479K->63728K(236608K), 0.1601700 secs] [Times: user=0.12 sys=0.06, real=0.16 secs] 
2013-08-03T23:07:23.268+0100: 24.066: [GC [PSYoungGen: 149128K->20793K(141760K)] 188400K->70601K(229184K), 0.1721830 secs] [Times: user=0.12 sys=0.16, real=0.18 secs] 
2013-08-03T23:07:27.225+0100: 28.022: [GC [PSYoungGen: 137017K->19950K(136192K)] 186825K->82919K(223616K), 0.1441530 secs] [Times: user=0.12 sys=0.13, real=0.14 secs] 
2013-08-03T23:07:28.342+0100: 29.139: [GC [PSYoungGen: 136174K->1080K(142912K)] 199143K->83227K(230336K), 0.2282420 secs] [Times: user=0.10 sys=0.26, real=0.23 secs] 
2013-08-03T23:07:28.570+0100: 29.367: [Full GC [PSYoungGen: 1080K->0K(142912K)] [ParOldGen: 82147K->78005K(140800K)] 83227K->78005K(283712K) [PSPermGen: 23350K->23341K(39680K)], 0.6607010 secs] [Times: user=0.55 sys=0.24, real=0.66 secs] 
2013-08-03T23:07:30.360+0100: 31.157: [GC [PSYoungGen: 113280K->7768K(144000K)] 191285K->85774K(284800K), 0.0600640 secs] [Times: user=0.02 sys=0.03, real=0.06 secs] 
2013-08-03T23:07:31.974+0100: 32.771: [GC [PSYoungGen: 121048K->14676K(141056K)] 199054K->99414K(281856K), 0.0920970 secs] [Times: user=0.07 sys=0.03, real=0.09 secs] 
2013-08-03T23:07:34.528+0100: 35.325: [GC [PSYoungGen: 128532K->10267K(142784K)] 213270K->107317K(283584K), 0.0680720 secs] [Times: user=0.04 sys=0.08, real=0.07 secs] 
2013-08-03T23:07:38.392+0100: 39.190: [GC [PSYoungGen: 124123K->11586K(142592K)] 221173K->118006K(283392K), 0.1441530 secs] [Times: user=0.11 sys=0.12, real=0.15 secs] 
2013-08-03T23:07:41.856+0100: 42.653: [GC [PSYoungGen: 129410K->12080K(144576K)] 235830K->129200K(285376K), 0.1121190 secs] [Times: user=0.08 sys=0.10, real=0.12 secs] 
2013-08-03T23:11:03.038+0100: 243.835: [GC [PSYoungGen: 129904K->14037K(145344K)] 247024K->142428K(286144K), 0.0600640 secs] [Times: user=0.06 sys=0.04, real=0.06 secs] 
2013-08-03T23:11:03.098+0100: 243.895: [Full GC [PSYoungGen: 14037K->0K(145344K)] [ParOldGen: 128390K->131383K(208896K)] 142428K->131383K(354240K) [PSPermGen: 34711K->34637K(49664K)], 0.8288800 secs] [Times: user=0.92 sys=0.39, real=0.83 secs] 
2013-08-03T23:11:07.787+0100: 248.584: [GC [PSYoungGen: 122368K->12670K(147072K)] 253751K->144054K(355968K), 0.0760800 secs] [Times: user=0.03 sys=0.07, real=0.07 secs] 
2013-08-03T23:11:15.871+0100: 256.668: [GC [PSYoungGen: 135038K->5231K(150016K)] 266422K->145755K(358912K), 0.1441530 secs] [Times: user=0.07 sys=0.06, real=0.15 secs] 
2013-08-03T23:11:30.351+0100: 271.148: [GC [PSYoungGen: 131631K->4896K(150336K)] 272155K->147940K(359232K), 0.0640680 secs] [Times: user=0.05 sys=0.04, real=0.06 secs] 
2013-08-03T23:11:42.828+0100: 283.625: [GC [PSYoungGen: 131296K->4438K(150720K)] 274340K->148730K(359616K), 0.1882000 secs] [Times: user=0.10 sys=0.08, real=0.20 secs] 
2013-08-03T23:11:59.694+0100: 300.491: [GC [PSYoungGen: 131222K->4112K(130944K)] 275514K->149100K(339840K), 0.0800850 secs] [Times: user=0.05 sys=0.01, real=0.08 secs] 
2013-08-03T23:12:13.653+0100: 314.450: [GC [PSYoungGen: 130896K->4752K(151104K)] 275884K->149740K(360000K), 0.0680720 secs] [Times: user=0.06 sys=0.01, real=0.07 secs] 
2013-08-03T23:12:26.234+0100: 327.031: [GC [PSYoungGen: 132048K->4592K(131904K)] 277036K->149580K(340800K), 0.0520560 secs] [Times: user=0.07 sys=0.02, real=0.05 secs] 
2013-08-03T23:12:40.393+0100: 341.190: [GC [PSYoungGen: 131888K->5200K(151104K)] 276876K->150188K(360000K), 0.1041110 secs] [Times: user=0.05 sys=0.02, real=0.11 secs] 
2013-08-03T23:12:53.359+0100: 354.156: [GC [PSYoungGen: 133456K->5256K(150400K)] 278444K->150244K(359296K), 0.0560590 secs] [Times: user=0.04 sys=0.03, real=0.06 secs] 
2013-08-03T23:13:06.373+0100: 367.170: [GC [PSYoungGen: 133512K->5736K(151744K)] 278500K->150724K(360640K), 0.0600640 secs] [Times: user=0.03 sys=0.04, real=0.06 secs] 
2013-08-03T23:13:58.220+0100: 419.017: [GC [PSYoungGen: 136296K->4472K(151104K)] 281284K->149460K(360000K), 0.0560600 secs] [Times: user=0.05 sys=0.02, real=0.06 secs] 
2013-08-03T23:15:41.461+0100: 522.258: [GC [PSYoungGen: 135032K->3036K(153280K)] 280020K->148024K(362176K), 0.0280300 secs] [Times: user=0.04 sys=0.00, real=0.03 secs] 
2013-08-03T23:15:46.370+0100: 527.168: [GC [PSYoungGen: 136412K->1417K(152896K)] 281400K->146406K(361792K), 0.0360380 secs] [Times: user=0.02 sys=0.01, real=0.04 secs] 
2013-08-03T23:15:47.243+0100: 528.040: [GC [PSYoungGen: 134793K->1552K(154816K)] 279782K->146541K(363712K), 0.0120130 secs] [Times: user=0.03 sys=0.00, real=0.01 secs] 
2013-08-03T23:15:47.632+0100: 528.429: [GC [PSYoungGen: 137232K->1617K(154560K)] 282221K->146605K(363456K), 0.0120130 secs] [Times: user=0.02 sys=0.00, real=0.02 secs] 
Heap
 PSYoungGen      total 154560K, used 126590K [0xa8c30000, 0xb35b0000, 0xb36d0000)
  eden space 135680K, 92% used [0xa8c30000,0xb063b500,0xb10b0000)
  from space 18880K, 8% used [0xb10b0000,0xb1244410,0xb2320000)
  to   space 18432K, 0% used [0xb23b0000,0xb23b0000,0xb35b0000)
 ParOldGen       total 208896K, used 144988K [0x936d0000, 0xa02d0000, 0xa8c30000)
  object space 208896K, 69% used [0x936d0000,0x9c4673b8,0xa02d0000)
 PSPermGen       total 49664K, used 35313K [0x836d0000, 0x86750000, 0x936d0000)
  object space 49664K, 71% used [0x836d0000,0x8594c468,0x86750000)
