2013-08-04T03:48:06.303+0100: 1.942: [GC [PSYoungGen: 32768K->5427K(38208K)] 32768K->6425K(125632K), 0.0440470 secs] [Times: user=0.04 sys=0.02, real=0.05 secs] 
2013-08-04T03:48:07.588+0100: 3.227: [GC [PSYoungGen: 38195K->5427K(70976K)] 39193K->8142K(158400K), 0.0880930 secs] [Times: user=0.00 sys=0.06, real=0.40 secs] 
2013-08-04T03:48:10.283+0100: 5.922: [GC [PSYoungGen: 70963K->5427K(70976K)] 73678K->15589K(158400K), 0.0680720 secs] [Times: user=0.03 sys=0.11, real=0.07 secs] 
2013-08-04T03:48:10.860+0100: 6.499: [GC [PSYoungGen: 70963K->5431K(136512K)] 81125K->17694K(223936K), 0.0880930 secs] [Times: user=0.03 sys=0.08, real=0.08 secs] 
2013-08-04T03:48:13.907+0100: 9.546: [GC [PSYoungGen: 121589K->5426K(136512K)] 133853K->35587K(223936K), 0.2602760 secs] [Times: user=0.08 sys=0.16, real=0.26 secs] 
2013-08-04T03:48:14.167+0100: 9.806: [Full GC (System) [PSYoungGen: 5426K->0K(136512K)] [ParOldGen: 30161K->30257K(87424K)] 35587K->30257K(223936K) [PSPermGen: 14678K->14665K(29440K)], 0.3123320 secs] [Times: user=0.19 sys=0.15, real=0.31 secs] 
2013-08-04T03:48:16.402+0100: 12.041: [GC [PSYoungGen: 131072K->5424K(121664K)] 161329K->41087K(209088K), 0.0600630 secs] [Times: user=0.03 sys=0.05, real=0.06 secs] 
2013-08-04T03:48:18.264+0100: 13.903: [GC [PSYoungGen: 121648K->13447K(136512K)] 157311K->49110K(223936K), 0.0160170 secs] [Times: user=0.03 sys=0.00, real=0.02 secs] 
2013-08-04T03:48:19.669+0100: 15.308: [GC [PSYoungGen: 129671K->20094K(145664K)] 165334K->59824K(233088K), 0.1161230 secs] [Times: user=0.04 sys=0.14, real=0.11 secs] 
2013-08-04T03:48:20.830+0100: 16.469: [GC [PSYoungGen: 145662K->24039K(149632K)] 185392K->63768K(237056K), 0.0640680 secs] [Times: user=0.07 sys=0.04, real=0.06 secs] 
2013-08-04T03:48:21.503+0100: 17.142: [GC [PSYoungGen: 149607K->21317K(141952K)] 189336K->71060K(229376K), 0.0840890 secs] [Times: user=0.03 sys=0.11, real=0.08 secs] 
2013-08-04T03:48:24.226+0100: 19.865: [GC [PSYoungGen: 138181K->19920K(136832K)] 187924K->82923K(224256K), 0.0920980 secs] [Times: user=0.07 sys=0.08, real=0.09 secs] 
2013-08-04T03:48:24.939+0100: 20.578: [GC [PSYoungGen: 136784K->1088K(143168K)] 199787K->83254K(230592K), 0.1001060 secs] [Times: user=0.02 sys=0.14, real=0.10 secs] 
2013-08-04T03:48:25.043+0100: 20.682: [Full GC [PSYoungGen: 1088K->0K(143168K)] [ParOldGen: 82166K->78414K(143040K)] 83254K->78414K(286208K) [PSPermGen: 23352K->23343K(39680K)], 0.5045360 secs] [Times: user=0.55 sys=0.19, real=0.51 secs] 
2013-08-04T03:48:26.665+0100: 22.304: [GC [PSYoungGen: 113792K->8337K(144256K)] 192206K->86752K(287296K), 0.0120120 secs] [Times: user=0.03 sys=0.01, real=0.02 secs] 
2013-08-04T03:48:27.341+0100: 22.980: [GC [PSYoungGen: 122129K->14380K(141120K)] 200544K->100186K(284160K), 0.0480510 secs] [Times: user=0.04 sys=0.03, real=0.05 secs] 
2013-08-04T03:48:28.859+0100: 24.498: [GC [PSYoungGen: 128812K->10330K(142912K)] 214618K->108256K(285952K), 0.1401490 secs] [Times: user=0.05 sys=0.11, real=0.14 secs] 
2013-08-04T03:48:32.347+0100: 27.986: [GC [PSYoungGen: 124762K->11677K(143040K)] 222688K->118986K(286080K), 0.0880940 secs] [Times: user=0.05 sys=0.08, real=0.09 secs] 
2013-08-04T03:48:42.281+0100: 37.920: [GC [PSYoungGen: 130333K->11500K(145088K)] 237642K->129532K(288128K), 0.1561660 secs] [Times: user=0.08 sys=0.14, real=0.15 secs] 
2013-08-04T03:52:08.792+0100: 244.431: [GC [PSYoungGen: 130156K->18958K(147328K)] 248188K->145094K(290368K), 0.0840890 secs] [Times: user=0.07 sys=0.08, real=0.08 secs] 
2013-08-04T03:52:08.876+0100: 244.516: [Full GC [PSYoungGen: 18958K->0K(147328K)] [ParOldGen: 126135K->133472K(214464K)] 145094K->133472K(361792K) [PSPermGen: 34888K->34736K(49664K)], 0.9129690 secs] [Times: user=0.98 sys=0.34, real=0.92 secs] 
2013-08-04T03:52:12.176+0100: 247.815: [GC [PSYoungGen: 121984K->10708K(148352K)] 255456K->144181K(362816K), 0.0320340 secs] [Times: user=0.05 sys=0.01, real=0.03 secs] 
2013-08-04T03:52:32.554+0100: 268.193: [GC [PSYoungGen: 132692K->3872K(148160K)] 266165K->146867K(362624K), 0.0520550 secs] [Times: user=0.00 sys=0.01, real=0.05 secs] 
2013-08-04T03:52:42.048+0100: 277.687: [GC [PSYoungGen: 126496K->5792K(148544K)] 269491K->150531K(363008K), 0.1081150 secs] [Times: user=0.10 sys=0.10, real=0.11 secs] 
2013-08-04T03:52:50.913+0100: 286.552: [GC [PSYoungGen: 128416K->5688K(147904K)] 273155K->150427K(362368K), 0.0400430 secs] [Times: user=0.06 sys=0.01, real=0.04 secs] 
2013-08-04T03:53:03.114+0100: 298.753: [GC [PSYoungGen: 128824K->6144K(148416K)] 273563K->150883K(362880K), 0.0640680 secs] [Times: user=0.04 sys=0.03, real=0.06 secs] 
2013-08-04T03:53:12.316+0100: 307.955: [GC [PSYoungGen: 129280K->5972K(148224K)] 274019K->150711K(362688K), 0.0240250 secs] [Times: user=0.04 sys=0.00, real=0.02 secs] 
2013-08-04T03:53:22.771+0100: 318.410: [GC [PSYoungGen: 130708K->5872K(148800K)] 275447K->150611K(363264K), 0.0320340 secs] [Times: user=0.03 sys=0.02, real=0.03 secs] 
2013-08-04T03:53:32.946+0100: 328.585: [GC [PSYoungGen: 130608K->6248K(149184K)] 275347K->150987K(363648K), 0.0640680 secs] [Times: user=0.06 sys=0.03, real=0.06 secs] 
2013-08-04T03:53:43.277+0100: 338.920: [GC [PSYoungGen: 133480K->6320K(149888K)] 278219K->151059K(364352K), 0.1081150 secs] [Times: user=0.06 sys=0.06, real=0.11 secs] 
2013-08-04T03:53:55.137+0100: 350.776: [GC [PSYoungGen: 133552K->5936K(150656K)] 278291K->150675K(365120K), 0.0320340 secs] [Times: user=0.04 sys=0.01, real=0.03 secs] 
2013-08-04T03:55:11.262+0100: 426.905: [GC [PSYoungGen: 136176K->1360K(151296K)] 280915K->146099K(365760K), 0.0120130 secs] [Times: user=0.02 sys=0.01, real=0.02 secs] 
2013-08-04T03:55:12.271+0100: 427.910: [GC [PSYoungGen: 131600K->1320K(153344K)] 276339K->146059K(367808K), 0.0120130 secs] [Times: user=0.01 sys=0.00, real=0.01 secs] 
2013-08-04T03:55:12.756+0100: 428.395: [GC [PSYoungGen: 133864K->1448K(153472K)] 278603K->146187K(367936K), 0.0200210 secs] [Times: user=0.01 sys=0.02, real=0.02 secs] 
2013-08-04T03:55:13.324+0100: 428.963: [GC [PSYoungGen: 133992K->1560K(153152K)] 278731K->146299K(367616K), 0.0200210 secs] [Times: user=0.02 sys=0.00, real=0.02 secs] 
Heap
 PSYoungGen      total 153152K, used 92036K [0xa8ba0000, 0xb3500000, 0xb3640000)
  eden space 133248K, 67% used [0xa8ba0000,0xae3faf78,0xb0dc0000)
  from space 19904K, 7% used [0xb2190000,0xb23163e8,0xb3500000)
  to   space 20096K, 0% used [0xb0dc0000,0xb0dc0000,0xb2160000)
 ParOldGen       total 214464K, used 144739K [0x93640000, 0xa07b0000, 0xa8ba0000)
  object space 214464K, 67% used [0x93640000,0x9c398c08,0xa07b0000)
 PSPermGen       total 49664K, used 35244K [0x83640000, 0x866c0000, 0x93640000)
  object space 49664K, 70% used [0x83640000,0x858ab0d8,0x866c0000)
