2013-08-05T13:55:35.486+0100: 6.191: [GC [PSYoungGen: 131072K->18256K(152896K)] 131072K->18260K(502464K), 0.2202340 secs] [Times: user=0.00 sys=0.16, real=0.22 secs] 
2013-08-05T13:55:38.349+0100: 9.054: [GC [PSYoungGen: 149328K->16414K(152896K)] 149332K->16486K(502464K), 0.2002120 secs] [Times: user=0.11 sys=0.16, real=0.20 secs] 
2013-08-05T13:55:40.423+0100: 11.128: [GC [PSYoungGen: 75870K->21821K(152896K)] 75942K->29301K(502464K), 0.1161230 secs] [Times: user=0.06 sys=0.10, real=0.11 secs] 
2013-08-05T13:55:40.539+0100: 11.244: [Full GC (System) [PSYoungGen: 21821K->0K(152896K)] [ParOldGen: 7480K->29066K(349568K)] 29301K->29066K(502464K) [PSPermGen: 14684K->14671K(29440K)], 0.3003190 secs] [Times: user=0.23 sys=0.28, real=0.30 secs] 
2013-08-05T13:55:43.194+0100: 13.899: [GC [PSYoungGen: 131072K->10682K(152896K)] 160138K->39749K(502464K), 0.0280300 secs] [Times: user=0.02 sys=0.00, real=0.03 secs] 
2013-08-05T13:55:45.789+0100: 16.494: [GC [PSYoungGen: 141754K->18946K(152896K)] 170821K->48012K(502464K), 0.0360380 secs] [Times: user=0.05 sys=0.00, real=0.03 secs] 
2013-08-05T13:55:48.015+0100: 18.720: [GC [PSYoungGen: 150018K->21814K(128832K)] 179084K->59357K(478400K), 0.1121190 secs] [Times: user=0.07 sys=0.12, real=0.11 secs] 
2013-08-05T13:55:48.780+0100: 19.485: [GC [PSYoungGen: 128822K->24583K(131648K)] 166365K->62126K(481216K), 0.0520550 secs] [Times: user=0.07 sys=0.01, real=0.05 secs] 
2013-08-05T13:55:50.061+0100: 20.766: [GC [PSYoungGen: 131591K->29010K(136896K)] 169134K->66554K(486464K), 0.0480510 secs] [Times: user=0.03 sys=0.02, real=0.04 secs] 
2013-08-05T13:55:53.092+0100: 23.797: [GC [PSYoungGen: 131922K->29455K(132416K)] 169466K->79236K(481984K), 0.1241320 secs] [Times: user=0.08 sys=0.15, real=0.13 secs] 
2013-08-05T13:55:54.858+0100: 25.563: [GC [PSYoungGen: 132367K->19453K(138240K)] 182148K->81145K(487808K), 0.1601700 secs] [Times: user=0.12 sys=0.14, real=0.16 secs] 
2013-08-05T13:55:56.380+0100: 27.085: [GC [PSYoungGen: 120317K->4851K(105728K)] 182009K->81602K(455296K), 0.1361450 secs] [Times: user=0.05 sys=0.16, real=0.13 secs] 
2013-08-05T13:55:58.198+0100: 28.903: [GC [PSYoungGen: 105715K->13926K(137152K)] 182466K->95297K(486720K), 0.0600640 secs] [Times: user=0.03 sys=0.03, real=0.06 secs] 
2013-08-05T13:55:59.924+0100: 30.629: [GC [PSYoungGen: 112934K->11005K(136576K)] 194305K->103885K(486144K), 0.1361440 secs] [Times: user=0.05 sys=0.15, real=0.13 secs] 
2013-08-05T13:56:01.625+0100: 32.330: [GC [PSYoungGen: 110013K->8455K(137344K)] 202893K->111240K(486912K), 0.1081150 secs] [Times: user=0.04 sys=0.09, real=0.11 secs] 
2013-08-05T13:56:03.952+0100: 34.657: [GC [PSYoungGen: 108423K->10260K(137344K)] 211208K->120632K(486912K), 0.0640680 secs] [Times: user=0.04 sys=0.05, real=0.07 secs] 
2013-08-05T13:56:05.998+0100: 36.703: [GC [PSYoungGen: 110228K->10340K(138688K)] 220600K->130101K(488256K), 0.0680720 secs] [Times: user=0.06 sys=0.06, real=0.06 secs] 
2013-08-05T13:59:36.141+0100: 246.846: [GC [PSYoungGen: 112292K->9037K(137984K)] 232053K->138479K(487552K), 0.1361440 secs] [Times: user=0.02 sys=0.11, real=0.14 secs] 
2013-08-05T13:59:46.052+0100: 256.757: [GC [PSYoungGen: 110989K->11694K(140608K)] 240431K->149845K(490176K), 0.0840890 secs] [Times: user=0.11 sys=0.03, real=0.08 secs] 
2013-08-05T13:59:59.878+0100: 270.583: [GC [PSYoungGen: 116974K->3008K(139392K)] 255125K->151281K(488960K), 0.1121190 secs] [Times: user=0.11 sys=0.05, real=0.11 secs] 
2013-08-05T14:00:14.750+0100: 285.455: [GC [PSYoungGen: 108288K->3152K(140480K)] 256561K->151777K(490048K), 0.0880940 secs] [Times: user=0.03 sys=0.02, real=0.09 secs] 
2013-08-05T14:00:29.894+0100: 300.603: [GC [PSYoungGen: 109264K->3136K(140352K)] 257889K->151817K(489920K), 0.0400430 secs] [Times: user=0.06 sys=0.01, real=0.04 secs] 
2013-08-05T14:00:46.732+0100: 317.437: [GC [PSYoungGen: 109248K->3232K(141568K)] 257929K->151969K(491136K), 0.0480510 secs] [Times: user=0.01 sys=0.01, real=0.05 secs] 
2013-08-05T14:01:02.429+0100: 333.134: [GC [PSYoungGen: 111008K->3072K(140928K)] 259745K->152013K(490496K), 0.0560600 secs] [Times: user=0.05 sys=0.01, real=0.06 secs] 
2013-08-05T14:01:19.271+0100: 349.975: [GC [PSYoungGen: 110848K->3152K(143360K)] 259789K->152141K(492928K), 0.0320340 secs] [Times: user=0.04 sys=0.00, real=0.03 secs] 
2013-08-05T14:01:36.305+0100: 367.010: [GC [PSYoungGen: 114192K->3168K(142400K)] 263181K->152237K(491968K), 0.0280300 secs] [Times: user=0.04 sys=0.00, real=0.03 secs] 
2013-08-05T14:01:53.098+0100: 383.803: [GC [PSYoungGen: 114208K->3504K(145600K)] 263277K->152617K(495168K), 0.0560590 secs] [Times: user=0.02 sys=0.02, real=0.06 secs] 
2013-08-05T14:02:41.894+0100: 432.599: [GC [PSYoungGen: 118768K->2017K(144384K)] 267881K->151254K(493952K), 0.0200210 secs] [Times: user=0.00 sys=0.02, real=0.02 secs] 
2013-08-05T14:02:42.927+0100: 433.632: [GC [PSYoungGen: 117281K->456K(147328K)] 266518K->150238K(496896K), 0.0160170 secs] [Times: user=0.02 sys=0.01, real=0.01 secs] 
2013-08-05T14:02:43.396+0100: 434.101: [GC [PSYoungGen: 119624K->320K(146560K)] 269406K->150513K(496128K), 0.0080080 secs] [Times: user=0.01 sys=0.01, real=0.01 secs] 
2013-08-05T14:02:43.844+0100: 434.549: [GC [PSYoungGen: 119488K->128K(149120K)] 269681K->150601K(498688K), 0.0200210 secs] [Times: user=0.01 sys=0.00, real=0.02 secs] 
2013-08-05T14:02:44.361+0100: 435.066: [GC [PSYoungGen: 122752K->336K(148224K)] 273225K->150913K(497792K), 0.0120130 secs] [Times: user=0.01 sys=0.00, real=0.01 secs] 
Heap
 PSYoungGen      total 148224K, used 12520K [0xa8b80000, 0xb3620000, 0xb3620000)
  eden space 122624K, 9% used [0xa8b80000,0xa9766220,0xb0340000)
  from space 25600K, 1% used [0xb0340000,0xb0394000,0xb1c40000)
  to   space 24512K, 0% used [0xb1e30000,0xb1e30000,0xb3620000)
 ParOldGen       total 349568K, used 150577K [0x93620000, 0xa8b80000, 0xa8b80000)
  object space 349568K, 43% used [0x93620000,0x9c92c750,0xa8b80000)
 PSPermGen       total 35328K, used 35320K [0x83620000, 0x858a0000, 0x93620000)
  object space 35328K, 99% used [0x83620000,0x8589e048,0x858a0000)
