2013-08-04T05:03:29.564+0100: 1.858: [GC [PSYoungGen: 32768K->5434K(38208K)] 32768K->6445K(125632K), 0.0400420 secs] [Times: user=0.03 sys=0.02, real=0.04 secs] 
2013-08-04T05:03:30.413+0100: 2.707: [GC [PSYoungGen: 38202K->5427K(70976K)] 39213K->8166K(158400K), 0.0680720 secs] [Times: user=0.03 sys=0.05, real=0.07 secs] 
2013-08-04T05:03:32.599+0100: 4.893: [GC [PSYoungGen: 70963K->5438K(70976K)] 73702K->15523K(158400K), 0.0600640 secs] [Times: user=0.03 sys=0.09, real=0.06 secs] 
2013-08-04T05:03:33.404+0100: 5.698: [GC [PSYoungGen: 70974K->5429K(136512K)] 81059K->17437K(223936K), 0.0520550 secs] [Times: user=0.04 sys=0.06, real=0.05 secs] 
2013-08-04T05:03:37.432+0100: 9.726: [GC [PSYoungGen: 119830K->5436K(136512K)] 131838K->35316K(223936K), 0.2362510 secs] [Times: user=0.07 sys=0.19, real=0.23 secs] 
2013-08-04T05:03:37.668+0100: 9.963: [Full GC (System) [PSYoungGen: 5436K->0K(136512K)] [ParOldGen: 29880K->30245K(87424K)] 35316K->30245K(223936K) [PSPermGen: 14653K->14640K(29440K)], 0.2482630 secs] [Times: user=0.27 sys=0.09, real=0.25 secs] 
2013-08-04T05:03:40.183+0100: 12.477: [GC [PSYoungGen: 131072K->5426K(121664K)] 161317K->41098K(209088K), 0.0680720 secs] [Times: user=0.03 sys=0.05, real=0.07 secs] 
2013-08-04T05:03:41.945+0100: 14.239: [GC [PSYoungGen: 121650K->13879K(136512K)] 157322K->49552K(223936K), 0.0320340 secs] [Times: user=0.03 sys=0.01, real=0.04 secs] 
2013-08-04T05:03:44.364+0100: 16.658: [GC [PSYoungGen: 130103K->20283K(145088K)] 165776K->60261K(232512K), 0.1641740 secs] [Times: user=0.05 sys=0.16, real=0.16 secs] 
2013-08-04T05:03:46.029+0100: 18.323: [GC [PSYoungGen: 145083K->24163K(148992K)] 185061K->64141K(236416K), 0.1081150 secs] [Times: user=0.09 sys=0.06, real=0.11 secs] 
2013-08-04T05:03:46.738+0100: 19.032: [GC [PSYoungGen: 148963K->20445K(142592K)] 188941K->70716K(230016K), 0.1521620 secs] [Times: user=0.08 sys=0.09, real=0.15 secs] 
2013-08-04T05:03:50.254+0100: 22.548: [GC [PSYoungGen: 137309K->19988K(136896K)] 187580K->83398K(224320K), 0.2002120 secs] [Times: user=0.08 sys=0.17, real=0.20 secs] 
2013-08-04T05:03:51.579+0100: 23.873: [GC [PSYoungGen: 136852K->1072K(143168K)] 200262K->83710K(230592K), 0.1361450 secs] [Times: user=0.05 sys=0.10, real=0.14 secs] 
2013-08-04T05:03:51.715+0100: 24.009: [Full GC [PSYoungGen: 1072K->0K(143168K)] [ParOldGen: 82638K->78283K(141312K)] 83710K->78283K(284480K) [PSPermGen: 23355K->23346K(39680K)], 0.5645990 secs] [Times: user=0.52 sys=0.28, real=0.56 secs] 
2013-08-04T05:03:53.373+0100: 25.667: [GC [PSYoungGen: 113792K->7758K(144256K)] 192075K->86041K(285568K), 0.0080090 secs] [Times: user=0.02 sys=0.00, real=0.01 secs] 
2013-08-04T05:03:53.962+0100: 26.256: [GC [PSYoungGen: 121550K->14606K(141312K)] 199833K->99787K(282624K), 0.0360380 secs] [Times: user=0.03 sys=0.01, real=0.04 secs] 
2013-08-04T05:03:55.652+0100: 27.946: [GC [PSYoungGen: 128974K->10310K(143040K)] 214155K->107729K(284352K), 0.0920970 secs] [Times: user=0.03 sys=0.11, real=0.09 secs] 
2013-08-04T05:03:58.354+0100: 30.649: [GC [PSYoungGen: 124678K->11470K(142976K)] 222097K->118280K(284288K), 0.1201280 secs] [Times: user=0.03 sys=0.11, real=0.12 secs] 
2013-08-04T05:04:00.661+0100: 32.955: [GC [PSYoungGen: 129806K->12066K(144896K)] 236616K->129475K(286208K), 0.1281360 secs] [Times: user=0.08 sys=0.09, real=0.13 secs] 
2013-08-04T05:07:31.637+0100: 243.931: [GC [PSYoungGen: 130402K->12278K(145088K)] 247811K->140945K(286400K), 0.1361450 secs] [Times: user=0.11 sys=0.09, real=0.13 secs] 
2013-08-04T05:07:31.773+0100: 244.067: [Full GC [PSYoungGen: 12278K->0K(145088K)] [ParOldGen: 128666K->129629K(206656K)] 140945K->129629K(351744K) [PSPermGen: 34866K->34732K(49664K)], 1.0330960 secs] [Times: user=0.09 sys=1.05, real=1.03 secs] 
2013-08-04T05:07:34.880+0100: 247.174: [GC [PSYoungGen: 122752K->16136K(147008K)] 252381K->145766K(353664K), 0.0320340 secs] [Times: user=0.05 sys=0.00, real=0.03 secs] 
2013-08-04T05:07:43.349+0100: 255.643: [GC [PSYoungGen: 138888K->4855K(149760K)] 268518K->148558K(356416K), 0.0720760 secs] [Times: user=0.06 sys=0.06, real=0.07 secs] 
2013-08-04T05:07:54.741+0100: 267.039: [GC [PSYoungGen: 130295K->4800K(130240K)] 273998K->149031K(336896K), 0.0600640 secs] [Times: user=0.02 sys=0.00, real=0.06 secs] 
2013-08-04T05:08:05.248+0100: 277.543: [GC [PSYoungGen: 130240K->4880K(150144K)] 274471K->149187K(356800K), 0.0320340 secs] [Times: user=0.04 sys=0.01, real=0.04 secs] 
2013-08-04T05:08:15.563+0100: 287.858: [GC [PSYoungGen: 130320K->5088K(130560K)] 274627K->149395K(337216K), 0.0440470 secs] [Times: user=0.03 sys=0.01, real=0.05 secs] 
2013-08-04T05:08:26.972+0100: 299.266: [GC [PSYoungGen: 130528K->5072K(150080K)] 274835K->149379K(356736K), 0.0680720 secs] [Times: user=0.05 sys=0.05, real=0.06 secs] 
2013-08-04T05:08:37.126+0100: 309.420: [GC [PSYoungGen: 130960K->5224K(149632K)] 275267K->149531K(356288K), 0.0640680 secs] [Times: user=0.05 sys=0.03, real=0.06 secs] 
2013-08-04T05:08:46.100+0100: 318.394: [GC [PSYoungGen: 131112K->5408K(150272K)] 275419K->149715K(356928K), 0.0760810 secs] [Times: user=0.06 sys=0.04, real=0.07 secs] 
2013-08-04T05:08:54.457+0100: 326.751: [GC [PSYoungGen: 132896K->5264K(149888K)] 277203K->149571K(356544K), 0.0040040 secs] [Times: user=0.00 sys=0.00, real=0.01 secs] 
2013-08-04T05:09:02.477+0100: 334.771: [GC [PSYoungGen: 132752K->5472K(151552K)] 277059K->149779K(358208K), 0.1201270 secs] [Times: user=0.01 sys=0.08, real=0.12 secs] 
2013-08-04T05:09:10.478+0100: 342.772: [GC [PSYoungGen: 135776K->5600K(151232K)] 280083K->149907K(357888K), 0.0560600 secs] [Times: user=0.01 sys=0.03, real=0.05 secs] 
2013-08-04T05:09:18.322+0100: 350.616: [GC [PSYoungGen: 135904K->5552K(152960K)] 280211K->149859K(359616K), 0.0440470 secs] [Times: user=0.03 sys=0.03, real=0.04 secs] 
2013-08-04T05:10:24.404+0100: 416.698: [GC [PSYoungGen: 138928K->2920K(152704K)] 283235K->147227K(359360K), 0.0440470 secs] [Times: user=0.03 sys=0.04, real=0.05 secs] 
2013-08-04T05:10:25.453+0100: 417.751: [GC [PSYoungGen: 136296K->1240K(154944K)] 280603K->145548K(361600K), 0.0320340 secs] [Times: user=0.01 sys=0.04, real=0.04 secs] 
2013-08-04T05:10:26.046+0100: 418.340: [GC [PSYoungGen: 137176K->1400K(154816K)] 281484K->145708K(361472K), 0.0160170 secs] [Times: user=0.02 sys=0.00, real=0.02 secs] 
2013-08-04T05:10:26.374+0100: 418.668: [GC [PSYoungGen: 137336K->1868K(155264K)] 281644K->146176K(361920K), 0.0160170 secs] [Times: user=0.00 sys=0.03, real=0.02 secs] 
Heap
 PSYoungGen      total 155264K, used 111204K [0xa8c30000, 0xb3580000, 0xb36d0000)
  eden space 137280K, 79% used [0xa8c30000,0xaf6f5e90,0xb1240000)
  from space 17984K, 10% used [0xb23f0000,0xb25c33f0,0xb3580000)
  to   space 18048K, 0% used [0xb1240000,0xb1240000,0xb23e0000)
 ParOldGen       total 206656K, used 144307K [0x936d0000, 0xa00a0000, 0xa8c30000)
  object space 206656K, 69% used [0x936d0000,0x9c3bce18,0xa00a0000)
 PSPermGen       total 49664K, used 35249K [0x836d0000, 0x86750000, 0x936d0000)
  object space 49664K, 70% used [0x836d0000,0x8593c540,0x86750000)
