2013-06-21T16:24:15.480+0100: 1.489: [GC 1.489: [DefNew: 34944K->4352K(39296K), 0.0236870 secs] 34944K->6691K(126720K), 0.0237610 secs] [Times: user=0.02 sys=0.01, real=0.03 secs] 
2013-06-21T16:24:16.544+0100: 2.553: [GC 2.553: [DefNew: 39296K->4352K(39296K), 0.0279620 secs] 41635K->10368K(126720K), 0.0280170 secs] [Times: user=0.03 sys=0.00, real=0.02 secs] 
2013-06-21T16:24:17.856+0100: 3.865: [GC 3.865: [DefNew: 39296K->4352K(39296K), 0.0622100 secs] 45312K->14130K(126720K), 0.0622650 secs] [Times: user=0.05 sys=0.01, real=0.06 secs] 
2013-06-21T16:24:18.605+0100: 4.614: [GC 4.614: [DefNew: 39296K->1742K(39296K), 0.0149950 secs] 49074K->15766K(126720K), 0.0150590 secs] [Times: user=0.00 sys=0.01, real=0.01 secs] 
2013-06-21T16:24:19.142+0100: 5.151: [GC 5.151: [DefNew: 36686K->2157K(39296K), 0.0060640 secs] 50710K->16181K(126720K), 0.0061350 secs] [Times: user=0.00 sys=0.00, real=0.01 secs] 
2013-06-21T16:24:19.750+0100: 5.759: [GC 5.759: [DefNew: 37101K->2777K(39296K), 0.0113890 secs] 51125K->16801K(126720K), 0.0114390 secs] [Times: user=0.00 sys=0.00, real=0.00 secs] 
2013-06-21T16:24:20.639+0100: 6.648: [GC 6.648: [DefNew: 37721K->3510K(39296K), 0.0158270 secs] 51745K->18699K(126720K), 0.0159050 secs] [Times: user=0.02 sys=0.01, real=0.02 secs] 
2013-06-21T16:24:21.886+0100: 7.895: [GC 7.895: [DefNew: 38454K->4352K(39296K), 0.0577260 secs] 53643K->29776K(126720K), 0.0577830 secs] [Times: user=0.05 sys=0.01, real=0.06 secs] 
2013-06-21T16:24:23.242+0100: 9.251: [GC 9.251: [DefNew: 39296K->3925K(39296K), 0.0317370 secs] 64720K->33612K(126720K), 0.0318050 secs] [Times: user=0.03 sys=0.00, real=0.03 secs] 
2013-06-21T16:24:24.485+0100: 10.494: [GC 10.494: [DefNew: 38869K->4352K(39296K), 0.0273310 secs] 68556K->38546K(126720K), 0.0274050 secs] [Times: user=0.03 sys=0.00, real=0.03 secs] 
2013-06-21T16:24:24.976+0100: 10.985: [GC 10.985: [DefNew: 39296K->3187K(39296K), 0.0284910 secs] 73490K->41720K(126720K), 0.0285040 secs] [Times: user=0.02 sys=0.00, real=0.03 secs] 
2013-06-21T16:24:25.363+0100: 11.372: [GC 11.373: [DefNew: 38131K->998K(39296K), 0.0186390 secs] 76664K->42654K(126720K), 0.0186740 secs] [Times: user=0.02 sys=0.00, real=0.02 secs] 
2013-06-21T16:24:25.900+0100: 11.908: [GC 11.909: [DefNew: 35942K->2186K(39296K), 0.0060640 secs] 77598K->43842K(126720K), 0.0061170 secs] [Times: user=0.01 sys=0.00, real=0.01 secs] 
2013-06-21T16:24:26.367+0100: 12.376: [GC 12.376: [DefNew: 37130K->4311K(39296K), 0.0121700 secs] 78786K->46658K(126720K), 0.0122250 secs] [Times: user=0.01 sys=0.00, real=0.01 secs] 
2013-06-21T16:24:26.758+0100: 12.767: [GC 12.767: [DefNew: 39255K->2921K(39296K), 0.0169310 secs] 81602K->48996K(126720K), 0.0169830 secs] [Times: user=0.02 sys=0.00, real=0.02 secs] 
2013-06-21T16:24:27.106+0100: 13.115: [GC 13.115: [DefNew: 37865K->1444K(39296K), 0.0178640 secs] 83940K->50167K(126720K), 0.0179050 secs] [Times: user=0.01 sys=0.00, real=0.02 secs] 
2013-06-21T16:24:28.206+0100: 14.215: [GC 14.215: [DefNew: 36388K->4187K(39296K), 0.0140950 secs] 85111K->52909K(126720K), 0.0141500 secs] [Times: user=0.01 sys=0.00, real=0.01 secs] 
2013-06-21T16:24:28.839+0100: 14.848: [GC 14.848: [DefNew: 39131K->4352K(39296K), 0.0268190 secs] 87853K->56939K(126720K), 0.0274150 secs] [Times: user=0.02 sys=0.01, real=0.03 secs] 
2013-06-21T16:24:29.057+0100: 15.066: [Full GC 15.066: [Tenured: 52587K->58673K(87424K), 0.2147690 secs] 74465K->58673K(126720K), [Perm : 20479K->20479K(20480K)], 0.2149150 secs] [Times: user=0.14 sys=0.01, real=0.22 secs] 
2013-06-21T16:24:29.630+0100: 15.639: [GC 15.639: [DefNew: 39232K->2082K(44096K), 0.0205930 secs] 97905K->60756K(141888K), 0.0206540 secs] [Times: user=0.02 sys=0.00, real=0.03 secs] 
2013-06-21T16:24:30.238+0100: 16.247: [GC 16.247: [DefNew: 41314K->3956K(44096K), 0.0144490 secs] 99988K->62630K(141888K), 0.0145080 secs] [Times: user=0.02 sys=0.00, real=0.02 secs] 
2013-06-21T16:24:30.610+0100: 16.619: [GC 16.619: [DefNew: 43188K->2684K(44096K), 0.0220110 secs] 101862K->63227K(141888K), 0.0220810 secs] [Times: user=0.02 sys=0.00, real=0.03 secs] 
2013-06-21T16:24:31.019+0100: 17.028: [GC 17.028: [DefNew: 41916K->1720K(44096K), 0.0383010 secs] 102459K->63892K(141888K), 0.0383700 secs] [Times: user=0.03 sys=0.00, real=0.04 secs] 
2013-06-21T16:24:31.439+0100: 17.448: [GC 17.448: [DefNew: 40952K->3009K(44096K), 0.0081640 secs] 103124K->65181K(141888K), 0.0082310 secs] [Times: user=0.00 sys=0.01, real=0.01 secs] 
2013-06-21T16:24:31.652+0100: 17.661: [GC 17.661: [DefNew: 42241K->3480K(44096K), 0.0106020 secs] 104413K->66326K(141888K), 0.0106760 secs] [Times: user=0.01 sys=0.00, real=0.01 secs] 
2013-06-21T16:24:31.938+0100: 17.947: [GC 17.947: [DefNew: 42712K->4864K(44096K), 0.0372450 secs] 105558K->70827K(141888K), 0.0372600 secs] [Times: user=0.03 sys=0.00, real=0.04 secs] 
2013-06-21T16:24:32.819+0100: 18.828: [GC 18.828: [DefNew: 44096K->4864K(44096K), 0.0499900 secs] 110059K->75746K(141888K), 0.0500610 secs] [Times: user=0.04 sys=0.00, real=0.05 secs] 
2013-06-21T16:24:35.002+0100: 21.011: [GC 21.011: [DefNew: 44096K->4864K(44096K), 0.0368730 secs] 114978K->81026K(141888K), 0.0369070 secs] [Times: user=0.03 sys=0.00, real=0.03 secs] 
2013-06-21T16:24:35.723+0100: 21.732: [GC 21.732: [DefNew: 44096K->3372K(44096K), 0.0253970 secs] 120258K->84238K(141888K), 0.0254500 secs] [Times: user=0.01 sys=0.01, real=0.02 secs] 
2013-06-21T16:24:36.224+0100: 22.233: [GC 22.233: [DefNew: 42604K->302K(44096K), 0.0220470 secs] 123470K->84396K(141888K), 0.0221080 secs] [Times: user=0.02 sys=0.01, real=0.02 secs] 
2013-06-21T16:24:36.566+0100: 22.575: [GC 22.575: [DefNew: 39534K->720K(44096K), 0.0047880 secs] 123628K->84814K(141888K), 0.0048540 secs] [Times: user=0.00 sys=0.01, real=0.01 secs] 
2013-06-21T16:24:36.772+0100: 22.781: [GC 22.781: [DefNew: 39952K->916K(44096K), 0.0049990 secs] 124046K->85010K(141888K), 0.0050540 secs] [Times: user=0.00 sys=0.00, real=0.00 secs] 
2013-06-21T16:24:37.128+0100: 23.137: [GC 23.137: [DefNew: 40148K->1486K(44096K), 0.0058400 secs] 124242K->85580K(141888K), 0.0058960 secs] [Times: user=0.01 sys=0.00, real=0.01 secs] 
2013-06-21T16:24:37.653+0100: 23.662: [GC 23.662: [DefNew: 40718K->4700K(44096K), 0.0220030 secs] 124812K->88794K(141888K), 0.0220570 secs] [Times: user=0.02 sys=0.00, real=0.02 secs] 
2013-06-21T16:24:38.214+0100: 24.223: [GC 24.223: [DefNew: 43932K->4863K(44096K), 0.1099780 secs] 128026K->93507K(141888K), 0.1100430 secs] [Times: user=0.03 sys=0.01, real=0.11 secs] 
2013-06-21T16:24:38.488+0100: 24.497: [GC 24.497: [DefNew: 44095K->4864K(44096K), 0.0152050 secs] 132739K->98900K(141888K), 0.0152590 secs] [Times: user=0.01 sys=0.01, real=0.02 secs] 
2013-06-21T16:24:38.663+0100: 24.672: [GC 24.672: [DefNew: 44096K->4863K(44096K), 0.0120270 secs]24.684: [Tenured: 99586K->94223K(99712K), 0.2394940 secs] 138132K->94223K(143808K), [Perm : 24545K->24545K(24576K)], 0.2518220 secs] [Times: user=0.22 sys=0.01, real=0.25 secs] 
2013-06-21T16:24:39.769+0100: 25.778: [GC 25.778: [DefNew: 62976K->5719K(70784K), 0.0487100 secs] 157199K->99943K(227824K), 0.0487290 secs] [Times: user=0.03 sys=0.00, real=0.05 secs] 
2013-06-21T16:24:40.675+0100: 26.684: [GC 26.684: [DefNew: 68695K->5150K(70784K), 0.0360070 secs] 162919K->104803K(227824K), 0.0361120 secs] [Times: user=0.03 sys=0.01, real=0.04 secs] 
2013-06-21T16:24:41.763+0100: 27.772: [GC 27.772: [DefNew: 68126K->5870K(70784K), 0.0288660 secs] 167779K->110053K(227824K), 0.0289550 secs] [Times: user=0.02 sys=0.01, real=0.03 secs] 
2013-06-21T16:24:41.931+0100: 27.940: [Full GC 27.940: [Tenured: 104182K->105901K(157040K), 0.2663980 secs] 117621K->105901K(227824K), [Perm : 28671K->28671K(28672K)], 0.2665620 secs] [Times: user=0.22 sys=0.00, real=0.26 secs] 
2013-06-21T16:24:43.807+0100: 29.816: [GC 29.816: [DefNew: 70656K->7301K(79488K), 0.0268900 secs] 176557K->113202K(255992K), 0.0269650 secs] [Times: user=0.03 sys=0.00, real=0.03 secs] 
2013-06-21T16:24:44.337+0100: 30.346: [Full GC 30.346: [Tenured: 105901K->97134K(176504K), 0.3785590 secs] 142341K->97134K(255992K), [Perm : 32767K->32740K(32768K)], 0.3786510 secs] [Times: user=0.29 sys=0.02, real=0.38 secs] 
2013-06-21T16:24:46.027+0100: 32.036: [GC 32.036: [DefNew: 70720K->6231K(79552K), 0.0233210 secs] 167854K->103366K(256056K), 0.0234200 secs] [Times: user=0.01 sys=0.01, real=0.03 secs] 
2013-06-21T16:26:52.617+0100: 158.626: [Full GC 158.626: [Tenured: 97134K->103137K(176504K), 0.4009560 secs] 142458K->103137K(256056K), [Perm : 34376K->34376K(34560K)], 0.4010490 secs] [Times: user=0.29 sys=0.00, real=0.40 secs] 
2013-06-21T16:28:26.762+0100: 252.771: [Full GC 252.772: [Tenured: 103137K->104461K(176504K), 0.3917240 secs] 143469K->104461K(256056K), [Perm : 34755K->34755K(34816K)], 0.3917620 secs] [Times: user=0.30 sys=0.00, real=0.40 secs] 
2013-06-21T16:30:14.180+0100: 360.189: [Full GC 360.189: [Tenured: 104461K->104503K(176504K), 0.4942930 secs] 141754K->104503K(256056K), [Perm : 34762K->34762K(34816K)], 0.4944090 secs] [Times: user=0.33 sys=0.00, real=0.49 secs] 
2013-06-21T16:32:17.325+0100: 483.334: [Full GC 483.334: [Tenured: 104503K->98549K(176504K), 0.5291330 secs] 144348K->98549K(256056K), [Perm : 34767K->34702K(34816K)], 0.5292230 secs] [Times: user=0.37 sys=0.01, real=0.53 secs] 
2013-06-21T16:34:12.418+0100: 598.427: [Full GC 598.427: [Tenured: 98549K->98591K(176504K), 0.4078630 secs] 135933K->98591K(256056K), [Perm : 34708K->34708K(34816K)], 0.4079480 secs] [Times: user=0.30 sys=0.00, real=0.40 secs] 
2013-06-21T16:36:19.077+0100: 725.086: [Full GC 725.086: [Tenured: 98591K->98614K(176504K), 0.3703380 secs] 140077K->98614K(256056K), [Perm : 34710K->34710K(34816K)], 0.3704230 secs] [Times: user=0.30 sys=0.00, real=0.38 secs] 
2013-06-21T16:39:57.105+0100: 943.114: [GC 943.114: [DefNew: 70720K->470K(79552K), 0.0060880 secs] 169334K->99084K(256056K), 0.0061660 secs] [Times: user=0.01 sys=0.00, real=0.00 secs] 
2013-06-21T16:42:21.200+0100: 1087.209: [GC 1087.209: [DefNew: 71190K->1310K(79552K), 0.0138750 secs] 169804K->99925K(256056K), 0.0139560 secs] [Times: user=0.01 sys=0.01, real=0.02 secs] 
2013-06-21T16:42:21.928+0100: 1087.937: [GC 1087.937: [DefNew: 72030K->1747K(79552K), 0.0113960 secs] 170645K->100362K(256056K), 0.0114370 secs] [Times: user=0.01 sys=0.00, real=0.01 secs] 
2013-06-21T16:42:22.234+0100: 1088.243: [GC 1088.243: [DefNew: 72467K->1853K(79552K), 0.0148680 secs] 171082K->100467K(256056K), 0.0149520 secs] [Times: user=0.01 sys=0.00, real=0.02 secs] 
2013-06-21T16:42:22.758+0100: 1088.767: [GC 1088.767: [DefNew: 72573K->2232K(79552K), 0.0106800 secs] 171187K->100846K(256056K), 0.0107460 secs] [Times: user=0.01 sys=0.00, real=0.01 secs] 
2013-06-21T16:42:23.126+0100: 1089.135: [GC 1089.135: [DefNew: 72952K->2538K(79552K), 0.0108100 secs] 171566K->101153K(256056K), 0.0108270 secs] [Times: user=0.02 sys=0.00, real=0.01 secs] 
2013-06-21T16:42:23.365+0100: 1089.374: [GC 1089.374: [DefNew: 73258K->2644K(79552K), 0.0147710 secs] 171873K->101259K(256056K), 0.0148450 secs] [Times: user=0.02 sys=0.00, real=0.01 secs] 
2013-06-21T16:42:23.940+0100: 1089.949: [GC 1089.949: [DefNew: 73364K->3090K(79552K), 0.0118720 secs] 171979K->101705K(256056K), 0.0119290 secs] [Times: user=0.00 sys=0.00, real=0.01 secs] 
Heap
 def new generation   total 79552K, used 68604K [0x83640000, 0x88c90000, 0x8e0e0000)
  eden space 70720K,  92% used [0x83640000, 0x8763a898, 0x87b50000)
  from space 8832K,  34% used [0x883f0000, 0x886f4b50, 0x88c90000)
  to   space 8832K,   0% used [0x87b50000, 0x87b50000, 0x883f0000)
 tenured generation   total 176504K, used 98614K [0x8e0e0000, 0x98d3e000, 0xa3640000)
   the space 176504K,  55% used [0x8e0e0000, 0x9412db30, 0x9412dc00, 0x98d3e000)
 compacting perm gen  total 35072K, used 34911K [0xa3640000, 0xa5880000, 0xb3640000)
   the space 35072K,  99% used [0xa3640000, 0xa5857e08, 0xa5858000, 0xa5880000)
No shared spaces configured.
