2013-08-05T13:00:42.895+0100: 6.871: [GC [PSYoungGen: 131072K->18264K(152896K)] 131072K->18268K(502464K), 0.1841960 secs] [Times: user=0.09 sys=0.14, real=0.19 secs] 
2013-08-05T13:00:46.202+0100: 10.179: [GC [PSYoungGen: 149336K->16490K(152896K)] 149340K->16494K(502464K), 0.2482640 secs] [Times: user=0.11 sys=0.16, real=0.25 secs] 
2013-08-05T13:00:48.157+0100: 12.133: [GC [PSYoungGen: 77207K->21813K(152896K)] 77211K->29274K(502464K), 0.1361440 secs] [Times: user=0.09 sys=0.06, real=0.14 secs] 
2013-08-05T13:00:48.293+0100: 12.269: [Full GC (System) [PSYoungGen: 21813K->0K(152896K)] [ParOldGen: 7461K->29037K(349568K)] 29274K->29037K(502464K) [PSPermGen: 14650K->14638K(29440K)], 0.3764000 secs] [Times: user=0.23 sys=0.26, real=0.37 secs] 
2013-08-05T13:00:51.124+0100: 15.100: [GC [PSYoungGen: 131072K->10812K(152896K)] 160109K->39849K(502464K), 0.0200210 secs] [Times: user=0.04 sys=0.00, real=0.02 secs] 
2013-08-05T13:00:53.390+0100: 17.366: [GC [PSYoungGen: 141884K->18983K(152896K)] 170921K->48021K(502464K), 0.0800850 secs] [Times: user=0.11 sys=0.05, real=0.08 secs] 
2013-08-05T13:00:55.737+0100: 19.713: [GC [PSYoungGen: 150055K->21819K(129088K)] 179093K->59162K(478656K), 0.1401490 secs] [Times: user=0.02 sys=0.12, real=0.14 secs] 
2013-08-05T13:00:57.166+0100: 21.142: [GC [PSYoungGen: 129083K->24552K(131840K)] 166426K->61895K(481408K), 0.0240260 secs] [Times: user=0.04 sys=0.01, real=0.02 secs] 
2013-08-05T13:00:58.011+0100: 21.987: [GC [PSYoungGen: 131816K->29005K(137024K)] 169159K->66348K(486592K), 0.0320340 secs] [Times: user=0.04 sys=0.02, real=0.04 secs] 
2013-08-05T13:01:02.980+0100: 26.957: [GC [PSYoungGen: 132173K->30012K(133184K)] 169516K->79215K(482752K), 0.1481580 secs] [Times: user=0.08 sys=0.11, real=0.15 secs] 
2013-08-05T13:01:04.045+0100: 28.022: [GC [PSYoungGen: 133180K->19758K(138176K)] 182383K->81064K(487744K), 0.1401490 secs] [Times: user=0.06 sys=0.12, real=0.15 secs] 
2013-08-05T13:01:04.938+0100: 28.915: [GC [PSYoungGen: 120430K->4955K(105664K)] 181736K->81657K(455232K), 0.1441530 secs] [Times: user=0.00 sys=0.14, real=0.15 secs] 
2013-08-05T13:01:06.264+0100: 30.240: [GC [PSYoungGen: 105627K->14110K(137088K)] 182329K->95533K(486656K), 0.0520560 secs] [Times: user=0.03 sys=0.03, real=0.05 secs] 
2013-08-05T13:01:07.765+0100: 31.742: [GC [PSYoungGen: 112990K->10923K(136512K)] 194413K->103971K(486080K), 0.0680720 secs] [Times: user=0.09 sys=0.03, real=0.07 secs] 
2013-08-05T13:01:09.727+0100: 33.704: [GC [PSYoungGen: 109803K->8412K(137280K)] 202851K->111274K(486848K), 0.0480510 secs] [Times: user=0.05 sys=0.03, real=0.05 secs] 
2013-08-05T13:01:11.978+0100: 35.954: [GC [PSYoungGen: 108252K->10115K(137280K)] 211114K->120535K(486848K), 0.0680720 secs] [Times: user=0.07 sys=0.02, real=0.06 secs] 
2013-08-05T13:01:15.466+0100: 39.442: [GC [PSYoungGen: 109955K->10347K(138560K)] 220375K->130052K(488128K), 0.0640680 secs] [Times: user=0.06 sys=0.03, real=0.06 secs] 
2013-08-05T13:04:40.275+0100: 244.251: [GC [PSYoungGen: 111979K->14056K(137792K)] 231684K->143417K(487360K), 0.0961020 secs] [Times: user=0.06 sys=0.07, real=0.09 secs] 
2013-08-05T13:04:42.882+0100: 246.858: [GC [PSYoungGen: 115688K->12989K(141312K)] 245049K->156273K(490880K), 0.0760800 secs] [Times: user=0.03 sys=0.06, real=0.08 secs] 
2013-08-05T13:04:48.544+0100: 252.520: [GC [PSYoungGen: 119677K->3552K(140096K)] 262961K->156924K(489664K), 0.1081150 secs] [Times: user=0.06 sys=0.07, real=0.10 secs] 
2013-08-05T13:04:58.911+0100: 262.887: [GC [PSYoungGen: 110240K->3520K(140800K)] 263612K->158792K(490368K), 0.0680730 secs] [Times: user=0.05 sys=0.03, real=0.07 secs] 
2013-08-05T13:05:15.713+0100: 279.689: [GC [PSYoungGen: 110528K->3440K(140864K)] 265800K->158852K(490432K), 0.1001070 secs] [Times: user=0.08 sys=0.06, real=0.10 secs] 
2013-08-05T13:05:57.257+0100: 321.233: [GC [PSYoungGen: 110448K->1433K(141312K)] 265860K->156893K(490880K), 0.0200210 secs] [Times: user=0.02 sys=0.00, real=0.02 secs] 
2013-08-05T13:05:57.921+0100: 321.898: [GC [PSYoungGen: 109209K->440K(141184K)] 264669K->156460K(490752K), 0.0160170 secs] [Times: user=0.02 sys=0.01, real=0.02 secs] 
2013-08-05T13:05:58.598+0100: 322.574: [GC [PSYoungGen: 108216K->288K(142208K)] 264236K->156711K(491776K), 0.0200210 secs] [Times: user=0.03 sys=0.00, real=0.02 secs] 
2013-08-05T13:05:59.047+0100: 323.023: [GC [PSYoungGen: 109408K->144K(141632K)] 265831K->156817K(491200K), 0.0120130 secs] [Times: user=0.01 sys=0.01, real=0.01 secs] 
2013-08-05T13:05:59.455+0100: 323.431: [GC [PSYoungGen: 109264K->208K(143808K)] 265937K->156997K(493376K), 0.0120130 secs] [Times: user=0.01 sys=0.00, real=0.01 secs] 
Heap
 PSYoungGen      total 143808K, used 47218K [0xa8ba0000, 0xb3640000, 0xb3640000)
  eden space 112000K, 41% used [0xa8ba0000,0xab988a50,0xaf900000)
  from space 31808K, 0% used [0xb1730000,0xb1764000,0xb3640000)
  to   space 30912K, 0% used [0xaf900000,0xaf900000,0xb1730000)
 ParOldGen       total 349568K, used 156789K [0x93640000, 0xa8ba0000, 0xa8ba0000)
  object space 349568K, 44% used [0x93640000,0x9cf5d548,0xa8ba0000)
 PSPermGen       total 35456K, used 35426K [0x83640000, 0x858e0000, 0x93640000)
  object space 35456K, 99% used [0x83640000,0x858d8b98,0x858e0000)
