2013-06-22T22:16:33.542+0100: 4.061: [GC 4.061: [DefNew: 34944K->4352K(39296K), 0.0251020 secs] 34944K->6691K(126720K), 0.0251710 secs] [Times: user=0.03 sys=0.00, real=0.03 secs] 
2013-06-22T22:16:34.867+0100: 5.386: [GC 5.386: [DefNew: 39296K->4352K(39296K), 0.0271160 secs] 41635K->10366K(126720K), 0.0271710 secs] [Times: user=0.02 sys=0.00, real=0.03 secs] 
2013-06-22T22:16:36.409+0100: 6.928: [GC 6.928: [DefNew: 39296K->4352K(39296K), 0.0513090 secs] 45310K->14203K(126720K), 0.0513840 secs] [Times: user=0.05 sys=0.00, real=0.05 secs] 
2013-06-22T22:16:37.238+0100: 7.758: [GC 7.758: [DefNew: 39296K->1700K(39296K), 0.0167720 secs] 49147K->15839K(126720K), 0.0168300 secs] [Times: user=0.01 sys=0.00, real=0.02 secs] 
2013-06-22T22:16:37.689+0100: 8.209: [GC 8.209: [DefNew: 36644K->2119K(39296K), 0.0061250 secs] 50783K->16258K(126720K), 0.0061770 secs] [Times: user=0.00 sys=0.00, real=0.01 secs] 
2013-06-22T22:16:38.321+0100: 8.841: [GC 8.841: [DefNew: 37063K->2738K(39296K), 0.0091630 secs] 51202K->16877K(126720K), 0.0093070 secs] [Times: user=0.01 sys=0.00, real=0.02 secs] 
2013-06-22T22:16:39.246+0100: 9.765: [GC 9.765: [DefNew: 37682K->3563K(39296K), 0.0127880 secs] 51821K->18853K(126720K), 0.0128420 secs] [Times: user=0.01 sys=0.00, real=0.01 secs] 
2013-06-22T22:16:40.781+0100: 11.300: [GC 11.300: [DefNew: 38507K->4352K(39296K), 0.0505900 secs] 53797K->29856K(126720K), 0.0506480 secs] [Times: user=0.04 sys=0.00, real=0.06 secs] 
2013-06-22T22:16:42.033+0100: 12.552: [Full GC (System) 12.552: [Tenured: 25504K->33142K(87424K), 0.1055300 secs] 59605K->33142K(126720K), [Perm : 14654K->14654K(16384K)], 0.1056220 secs] [Times: user=0.10 sys=0.00, real=0.10 secs] 
2013-06-22T22:16:43.396+0100: 13.915: [GC 13.915: [DefNew: 35072K->4352K(39424K), 0.0418360 secs] 68214K->38563K(126848K), 0.0419090 secs] [Times: user=0.04 sys=0.00, real=0.04 secs] 
2013-06-22T22:16:44.218+0100: 14.737: [GC 14.738: [DefNew: 39424K->3162K(39424K), 0.0371390 secs] 73635K->41641K(126848K), 0.0371940 secs] [Times: user=0.03 sys=0.00, real=0.03 secs] 
2013-06-22T22:16:44.612+0100: 15.131: [GC 15.131: [DefNew: 38234K->1323K(39424K), 0.0229840 secs] 76713K->42915K(126848K), 0.0230530 secs] [Times: user=0.02 sys=0.00, real=0.02 secs] 
2013-06-22T22:16:45.358+0100: 15.877: [GC 15.877: [DefNew: 36395K->2261K(39424K), 0.0106720 secs] 77987K->43853K(126848K), 0.0106870 secs] [Times: user=0.01 sys=0.00, real=0.01 secs] 
2013-06-22T22:16:46.185+0100: 16.704: [GC 16.704: [DefNew: 37333K->4260K(39424K), 0.0238430 secs] 78925K->46817K(126848K), 0.0239580 secs] [Times: user=0.01 sys=0.00, real=0.02 secs] 
2013-06-22T22:16:46.734+0100: 17.254: [GC 17.254: [DefNew: 39332K->2474K(39424K), 0.0165460 secs] 81889K->48712K(126848K), 0.0165880 secs] [Times: user=0.01 sys=0.00, real=0.02 secs] 
2013-06-22T22:16:47.455+0100: 17.974: [GC 17.974: [DefNew: 37546K->2004K(39424K), 0.0362250 secs] 83784K->50488K(126848K), 0.0363060 secs] [Times: user=0.04 sys=0.00, real=0.04 secs] 
2013-06-22T22:16:48.606+0100: 19.126: [GC 19.126: [DefNew: 37076K->4221K(39424K), 0.0556580 secs] 85560K->52705K(126848K), 0.0557300 secs] [Times: user=0.03 sys=0.00, real=0.06 secs] 
2013-06-22T22:16:49.292+0100: 19.811: [GC 19.811: [DefNew: 39293K->4352K(39424K), 0.0237360 secs] 87777K->56802K(126848K), 0.0237970 secs] [Times: user=0.02 sys=0.00, real=0.02 secs] 
2013-06-22T22:16:49.519+0100: 20.038: [Full GC 20.038: [Tenured: 52450K->56957K(87424K), 0.1693780 secs] 72311K->56957K(126848K), [Perm : 20479K->20479K(20480K)], 0.1695170 secs] [Times: user=0.15 sys=0.01, real=0.16 secs] 
2013-06-22T22:16:50.005+0100: 20.524: [GC 20.524: [DefNew: 38016K->3125K(42752K), 0.0264110 secs] 94973K->60083K(137684K), 0.0264830 secs] [Times: user=0.02 sys=0.00, real=0.03 secs] 
2013-06-22T22:16:50.432+0100: 20.951: [GC 20.951: [DefNew: 41141K->1250K(42752K), 0.0126480 secs] 98099K->61258K(137684K), 0.0127250 secs] [Times: user=0.02 sys=0.00, real=0.01 secs] 
2013-06-22T22:16:50.872+0100: 21.391: [GC 21.391: [DefNew: 39266K->2460K(42752K), 0.0141560 secs] 99274K->62468K(137684K), 0.0142250 secs] [Times: user=0.01 sys=0.00, real=0.01 secs] 
2013-06-22T22:16:51.207+0100: 21.727: [GC 21.727: [DefNew: 40476K->2111K(42752K), 0.0142210 secs] 100484K->63205K(137684K), 0.0142970 secs] [Times: user=0.02 sys=0.00, real=0.02 secs] 
2013-06-22T22:16:51.658+0100: 22.177: [GC 22.177: [DefNew: 40127K->3471K(42752K), 0.0094850 secs] 101221K->64564K(137684K), 0.0095370 secs] [Times: user=0.01 sys=0.00, real=0.01 secs] 
2013-06-22T22:16:51.825+0100: 22.345: [GC 22.345: [DefNew: 41487K->3357K(42752K), 0.0113610 secs] 102580K->65587K(137684K), 0.0114240 secs] [Times: user=0.02 sys=0.00, real=0.01 secs] 
2013-06-22T22:16:52.033+0100: 22.553: [GC 22.553: [DefNew: 41373K->2015K(42752K), 0.0126640 secs] 103603K->66316K(137684K), 0.0126760 secs] [Times: user=0.01 sys=0.00, real=0.01 secs] 
2013-06-22T22:16:52.782+0100: 23.301: [GC 23.301: [DefNew: 40031K->4736K(42752K), 0.0333850 secs] 104332K->73912K(137684K), 0.0334480 secs] [Times: user=0.02 sys=0.01, real=0.03 secs] 
2013-06-22T22:16:55.090+0100: 25.610: [GC 25.610: [DefNew: 42752K->3748K(42752K), 0.0210870 secs] 111928K->77529K(137684K), 0.0211000 secs] [Times: user=0.02 sys=0.00, real=0.02 secs] 
2013-06-22T22:16:56.948+0100: 27.468: [GC 27.468: [DefNew: 41764K->4086K(42752K), 0.0212740 secs] 115545K->81477K(137684K), 0.0213280 secs] [Times: user=0.02 sys=0.00, real=0.02 secs] 
2013-06-22T22:16:57.470+0100: 27.989: [GC 27.989: [DefNew: 42102K->1673K(42752K), 0.0302050 secs] 119493K->82990K(137684K), 0.0302890 secs] [Times: user=0.02 sys=0.00, real=0.04 secs] 
2013-06-22T22:16:57.901+0100: 28.421: [GC 28.421: [DefNew: 39689K->1770K(42752K), 0.0055000 secs] 121006K->83087K(137684K), 0.0055570 secs] [Times: user=0.01 sys=0.00, real=0.00 secs] 
2013-06-22T22:16:58.197+0100: 28.716: [GC 28.716: [DefNew: 39786K->2263K(42752K), 0.0076490 secs] 121103K->83581K(137684K), 0.0077040 secs] [Times: user=0.01 sys=0.00, real=0.01 secs] 
2013-06-22T22:16:58.405+0100: 28.924: [GC 28.924: [DefNew: 40279K->2422K(42752K), 0.0123420 secs] 121597K->83739K(137684K), 0.0124190 secs] [Times: user=0.01 sys=0.00, real=0.01 secs] 
2013-06-22T22:16:58.915+0100: 29.434: [GC 29.434: [DefNew: 40438K->2246K(42752K), 0.0210790 secs] 121755K->85121K(137684K), 0.0211330 secs] [Times: user=0.02 sys=0.00, real=0.02 secs] 
2013-06-22T22:16:59.537+0100: 30.056: [GC 30.056: [DefNew: 40262K->4736K(42752K), 0.0184560 secs] 123137K->88907K(137684K), 0.0185240 secs] [Times: user=0.02 sys=0.00, real=0.02 secs] 
2013-06-22T22:16:59.878+0100: 30.397: [GC 30.397: [DefNew: 42752K->4736K(42752K), 0.0209750 secs] 126923K->94116K(137684K), 0.0210320 secs] [Times: user=0.02 sys=0.00, real=0.03 secs] 
2013-06-22T22:17:00.082+0100: 30.601: [GC 30.601: [DefNew: 42752K->4736K(42752K), 0.0131610 secs] 132132K->99354K(137684K), 0.0132190 secs] [Times: user=0.01 sys=0.00, real=0.01 secs] 
2013-06-22T22:17:00.282+0100: 30.801: [GC 30.801: [DefNew: 42752K->4736K(42752K), 0.0118230 secs]30.813: [Tenured: 99386K->95897K(99412K), 0.2955540 secs] 137370K->95897K(142164K), [Perm : 24562K->24562K(24576K)], 0.3076400 secs] [Times: user=0.26 sys=0.02, real=0.30 secs] 
2013-06-22T22:17:01.793+0100: 32.312: [GC 32.312: [DefNew: 64064K->5764K(72000K), 0.0447370 secs] 159961K->101662K(231832K), 0.0447990 secs] [Times: user=0.03 sys=0.00, real=0.04 secs] 
2013-06-22T22:17:02.830+0100: 33.349: [GC 33.349: [DefNew: 69828K->5070K(72000K), 0.0341790 secs] 165726K->106493K(231832K), 0.0342430 secs] [Times: user=0.03 sys=0.00, real=0.04 secs] 
2013-06-22T22:17:03.997+0100: 34.516: [Full GC 34.516: [Tenured: 101422K->97908K(159832K), 0.3197720 secs] 166720K->97908K(231832K), [Perm : 28671K->28646K(28672K)], 0.3198880 secs] [Times: user=0.30 sys=0.00, real=0.32 secs] 
2013-06-22T22:17:05.754+0100: 36.273: [GC 36.273: [DefNew: 65408K->6476K(73536K), 0.0298080 secs] 163316K->104385K(236720K), 0.0298830 secs] [Times: user=0.02 sys=0.01, real=0.03 secs] 
2013-06-22T22:17:06.589+0100: 37.109: [Full GC 37.109: [Tenured: 97908K->107082K(163184K), 0.2908070 secs] 140914K->107082K(236720K), [Perm : 32767K->32767K(32768K)], 0.2909630 secs] [Times: user=0.27 sys=0.01, real=0.30 secs] 
2013-06-22T22:17:14.444+0100: 44.963: [GC 44.963: [DefNew: 71552K->5986K(80448K), 0.0281270 secs] 178634K->113069K(258920K), 0.0282020 secs] [Times: user=0.03 sys=0.00, real=0.03 secs] 
2013-06-22T22:17:34.145+0100: 64.664: [Full GC 64.664: [Tenured: 107082K->107885K(178472K), 0.4264990 secs] 126142K->107885K(258920K), [Perm : 34363K->34363K(34560K)], 0.4266220 secs] [Times: user=0.35 sys=0.00, real=0.43 secs] 
2013-06-22T22:19:01.482+0100: 152.001: [Full GC 152.001: [Tenured: 107885K->107543K(179812K), 0.4364430 secs] 145861K->107543K(260900K), [Perm : 34754K->34754K(34816K)], 0.4365470 secs] [Times: user=0.33 sys=0.00, real=0.44 secs] 
2013-06-22T22:20:13.711+0100: 224.230: [Full GC 224.230: [Tenured: 107543K->98482K(179812K), 0.4862310 secs] 130882K->98482K(260900K), [Perm : 34762K->34694K(34816K)], 0.4865980 secs] [Times: user=0.37 sys=0.00, real=0.48 secs] 
2013-06-22T22:21:20.240+0100: 290.759: [Full GC 290.759: [Tenured: 98482K->98512K(179812K), 0.4727970 secs] 120366K->98512K(260900K), [Perm : 34696K->34696K(34816K)], 0.4728920 secs] [Times: user=0.36 sys=0.00, real=0.47 secs] 
2013-06-22T22:22:26.762+0100: 357.281: [Full GC 357.281: [Tenured: 98512K->98527K(179812K), 0.4661890 secs] 123112K->98527K(260900K), [Perm : 34699K->34699K(34816K)], 0.4662890 secs] [Times: user=0.36 sys=0.00, real=0.46 secs] 
2013-06-22T22:23:38.382+0100: 428.901: [Full GC 428.901: [Tenured: 98527K->98539K(179812K), 0.4742190 secs] 122341K->98539K(260900K), [Perm : 34704K->34704K(34816K)], 0.4743110 secs] [Times: user=0.35 sys=0.00, real=0.48 secs] 
2013-06-22T22:25:23.945+0100: 534.464: [Full GC 534.464: [Tenured: 98539K->97480K(179812K), 0.5472430 secs] 134992K->97480K(260900K), [Perm : 34716K->34707K(34816K)], 0.5473340 secs] [Times: user=0.41 sys=0.00, real=0.55 secs] 
2013-06-22T22:28:26.240+0100: 716.759: [GC 716.759: [DefNew: 72128K->672K(81088K), 0.0106450 secs] 169608K->98152K(260900K), 0.0271070 secs] [Times: user=0.02 sys=0.00, real=0.03 secs] 
2013-06-22T22:28:27.314+0100: 717.833: [GC 717.833: [DefNew: 72800K->1014K(81088K), 0.0088200 secs] 170280K->98494K(260900K), 0.0088700 secs] [Times: user=0.01 sys=0.00, real=0.01 secs] 
2013-06-22T22:28:27.708+0100: 718.227: [GC 718.228: [DefNew: 73142K->1120K(81088K), 0.0083780 secs] 170622K->98600K(260900K), 0.0084550 secs] [Times: user=0.00 sys=0.01, real=0.01 secs] 
2013-06-22T22:28:28.332+0100: 718.851: [GC 718.851: [DefNew: 73248K->1283K(81088K), 0.0273280 secs] 170728K->98763K(260900K), 0.0273920 secs] [Times: user=0.01 sys=0.00, real=0.03 secs] 
2013-06-22T22:28:28.567+0100: 719.086: [GC 719.087: [DefNew: 73411K->1320K(81088K), 0.0082960 secs] 170891K->98800K(260900K), 0.0083810 secs] [Times: user=0.00 sys=0.00, real=0.01 secs] 
2013-06-22T22:28:28.747+0100: 719.266: [GC 719.266: [DefNew: 73448K->1390K(81088K), 0.0082990 secs] 170928K->98871K(260900K), 0.0083660 secs] [Times: user=0.01 sys=0.00, real=0.01 secs] 
2013-06-22T22:28:29.143+0100: 719.662: [GC 719.663: [DefNew: 73518K->1713K(81088K), 0.0109370 secs] 170999K->99193K(260900K), 0.0110190 secs] [Times: user=0.01 sys=0.00, real=0.02 secs] 
2013-06-22T22:28:29.302+0100: 719.821: [GC 719.821: [DefNew: 73841K->2098K(81088K), 0.0118750 secs] 171321K->99579K(260900K), 0.0119400 secs] [Times: user=0.01 sys=0.00, real=0.02 secs] 
Heap
 def new generation   total 81088K, used 4840K [0x836c0000, 0x88eb0000, 0x8e160000)
  eden space 72128K,   3% used [0x836c0000, 0x8396d898, 0x87d30000)
  from space 8960K,  23% used [0x87d30000, 0x87f3cac0, 0x885f0000)
  to   space 8960K,   0% used [0x885f0000, 0x885f0000, 0x88eb0000)
 tenured generation   total 179812K, used 97480K [0x8e160000, 0x990f9000, 0xa36c0000)
   the space 179812K,  54% used [0x8e160000, 0x94092170, 0x94092200, 0x990f9000)
 compacting perm gen  total 35072K, used 34902K [0xa36c0000, 0xa5900000, 0xb36c0000)
   the space 35072K,  99% used [0xa36c0000, 0xa58d5810, 0xa58d5a00, 0xa5900000)
No shared spaces configured.
