2013-08-03T14:58:35.825+0100: 1.722: [GC [PSYoungGen: 32768K->5438K(38208K)] 32768K->6449K(125632K), 0.0800850 secs] [Times: user=0.02 sys=0.07, real=0.08 secs] 
2013-08-03T14:58:36.710+0100: 2.603: [GC [PSYoungGen: 38206K->5427K(70976K)] 39217K->8155K(158400K), 0.0560590 secs] [Times: user=0.01 sys=0.03, real=0.05 secs] 
2013-08-03T14:58:39.221+0100: 5.113: [GC [PSYoungGen: 70963K->5430K(70976K)] 73691K->15653K(158400K), 0.1121190 secs] [Times: user=0.00 sys=0.12, real=0.11 secs] 
2013-08-03T14:58:40.330+0100: 6.223: [GC [PSYoungGen: 70966K->5435K(136512K)] 81189K->17712K(223936K), 0.0840890 secs] [Times: user=0.07 sys=0.04, real=0.09 secs] 
2013-08-03T14:58:44.074+0100: 9.967: [GC [PSYoungGen: 120361K->5425K(136512K)] 132639K->35686K(223936K), 0.2082210 secs] [Times: user=0.03 sys=0.18, real=0.21 secs] 
2013-08-03T14:58:44.282+0100: 10.175: [Full GC (System) [PSYoungGen: 5425K->0K(136512K)] [ParOldGen: 30261K->30238K(87424K)] 35686K->30238K(223936K) [PSPermGen: 14652K->14640K(29440K)], 0.2722890 secs] [Times: user=0.24 sys=0.08, real=0.27 secs] 
2013-08-03T14:58:46.557+0100: 12.449: [GC [PSYoungGen: 131072K->5435K(121536K)] 161310K->41059K(208960K), 0.1121190 secs] [Times: user=0.04 sys=0.09, real=0.12 secs] 
2013-08-03T14:58:48.611+0100: 14.503: [GC [PSYoungGen: 121531K->13517K(136512K)] 157155K->49141K(223936K), 0.0320340 secs] [Times: user=0.04 sys=0.01, real=0.03 secs] 
2013-08-03T14:58:50.076+0100: 15.969: [GC [PSYoungGen: 129613K->20217K(145024K)] 165237K->60458K(232448K), 0.2002130 secs] [Times: user=0.08 sys=0.16, real=0.20 secs] 
2013-08-03T14:58:50.985+0100: 16.878: [GC [PSYoungGen: 145017K->23553K(148416K)] 185258K->63794K(235840K), 0.0560600 secs] [Times: user=0.03 sys=0.04, real=0.05 secs] 
2013-08-03T14:58:51.866+0100: 17.759: [GC [PSYoungGen: 148353K->20111K(143808K)] 188594K->70531K(231232K), 0.1041110 secs] [Times: user=0.06 sys=0.12, real=0.10 secs] 
2013-08-03T14:58:54.921+0100: 20.814: [GC [PSYoungGen: 137615K->19933K(137472K)] 188035K->83194K(224896K), 0.1161230 secs] [Times: user=0.04 sys=0.13, real=0.12 secs] 
2013-08-03T14:58:55.606+0100: 21.499: [GC [PSYoungGen: 137437K->1080K(143488K)] 200698K->83551K(230912K), 0.0920970 secs] [Times: user=0.02 sys=0.15, real=0.10 secs] 
2013-08-03T14:58:55.702+0100: 21.595: [Full GC [PSYoungGen: 1080K->0K(143488K)] [ParOldGen: 82471K->78586K(140480K)] 83551K->78586K(283968K) [PSPermGen: 23354K->23346K(39680K)], 0.3884120 secs] [Times: user=0.49 sys=0.16, real=0.39 secs] 
2013-08-03T14:58:57.412+0100: 23.305: [GC [PSYoungGen: 114432K->8061K(144576K)] 193018K->86648K(285056K), 0.0200220 secs] [Times: user=0.02 sys=0.03, real=0.02 secs] 
2013-08-03T14:58:58.201+0100: 24.094: [GC [PSYoungGen: 122493K->14556K(141632K)] 201080K->100334K(282112K), 0.0400420 secs] [Times: user=0.04 sys=0.02, real=0.04 secs] 
2013-08-03T14:59:00.019+0100: 25.912: [GC [PSYoungGen: 129564K->10299K(143360K)] 215342K->108262K(283840K), 0.0720770 secs] [Times: user=0.03 sys=0.08, real=0.07 secs] 
2013-08-03T14:59:02.009+0100: 27.902: [GC [PSYoungGen: 125307K->11776K(143104K)] 223270K->119135K(283584K), 0.1001070 secs] [Times: user=0.05 sys=0.08, real=0.10 secs] 
2013-08-03T14:59:13.934+0100: 39.826: [GC [PSYoungGen: 130688K->11509K(145152K)] 238047K->129720K(285632K), 0.1041100 secs] [Times: user=0.08 sys=0.07, real=0.11 secs] 
2013-08-03T15:02:43.896+0100: 249.789: [GC [PSYoungGen: 130421K->1428K(148096K)] 248632K->127101K(288576K), 0.0400420 secs] [Times: user=0.04 sys=0.04, real=0.04 secs] 
2013-08-03T15:02:43.936+0100: 249.829: [Full GC [PSYoungGen: 1428K->0K(148096K)] [ParOldGen: 125673K->106258K(181184K)] 127101K->106258K(329280K) [PSPermGen: 34721K->34609K(49408K)], 0.4725020 secs] [Times: user=0.46 sys=0.21, real=0.47 secs] 
2013-08-03T15:02:45.114+0100: 251.006: [GC [PSYoungGen: 122880K->488K(123392K)] 229138K->106746K(304576K), 0.0080080 secs] [Times: user=0.01 sys=0.00, real=0.01 secs] 
2013-08-03T15:02:45.586+0100: 251.479: [GC [PSYoungGen: 123368K->240K(147904K)] 229626K->106926K(329088K), 0.0600640 secs] [Times: user=0.04 sys=0.03, real=0.06 secs] 
2013-08-03T15:02:46.031+0100: 251.923: [GC [PSYoungGen: 121712K->128K(148096K)] 228398K->107028K(329280K), 0.0040040 secs] [Times: user=0.00 sys=0.01, real=0.00 secs] 
Heap
 PSYoungGen      total 148096K, used 108966K [0xa8c30000, 0xb36d0000, 0xb36d0000)
  eden space 121472K, 89% used [0xa8c30000,0xaf679af8,0xb02d0000)
  from space 26624K, 0% used [0xb02d0000,0xb02f0000,0xb1cd0000)
  to   space 26560K, 0% used [0xb1ce0000,0xb1ce0000,0xb36d0000)
 ParOldGen       total 181184K, used 106900K [0x936d0000, 0x9e7c0000, 0xa8c30000)
  object space 181184K, 59% used [0x936d0000,0x99f35348,0x9e7c0000)
 PSPermGen       total 49408K, used 34675K [0x836d0000, 0x86710000, 0x936d0000)
  object space 49408K, 70% used [0x836d0000,0x858acce8,0x86710000)
