2013-08-03T21:28:32.305+0100: 2.174: [GC [PSYoungGen: 32768K->5439K(38208K)] 32768K->6406K(125632K), 0.0400420 secs] [Times: user=0.02 sys=0.03, real=0.04 secs] 
2013-08-03T21:28:33.154+0100: 3.023: [GC [PSYoungGen: 38207K->5427K(70976K)] 39174K->8125K(158400K), 0.0480510 secs] [Times: user=0.00 sys=0.05, real=0.05 secs] 
2013-08-03T21:28:35.905+0100: 5.774: [GC [PSYoungGen: 70963K->5437K(70976K)] 73661K->15357K(158400K), 0.0920980 secs] [Times: user=0.01 sys=0.11, real=0.09 secs] 
2013-08-03T21:28:36.770+0100: 6.639: [GC [PSYoungGen: 70973K->5430K(136512K)] 80893K->17200K(223936K), 0.0360390 secs] [Times: user=0.04 sys=0.04, real=0.03 secs] 
2013-08-03T21:28:39.829+0100: 9.698: [GC [PSYoungGen: 119881K->5427K(136512K)] 131651K->35176K(223936K), 0.2082210 secs] [Times: user=0.04 sys=0.22, real=0.23 secs] 
2013-08-03T21:28:40.057+0100: 9.927: [Full GC (System) [PSYoungGen: 5427K->0K(136512K)] [ParOldGen: 29748K->30243K(87424K)] 35176K->30243K(223936K) [PSPermGen: 14652K->14640K(29440K)], 0.2642800 secs] [Times: user=0.23 sys=0.07, real=0.27 secs] 
2013-08-03T21:28:42.672+0100: 12.541: [GC [PSYoungGen: 131072K->5429K(121664K)] 161315K->41103K(209088K), 0.0360380 secs] [Times: user=0.03 sys=0.04, real=0.04 secs] 
2013-08-03T21:28:44.338+0100: 14.207: [GC [PSYoungGen: 121653K->13745K(136512K)] 157327K->49419K(223936K), 0.0200210 secs] [Times: user=0.04 sys=0.00, real=0.02 secs] 
2013-08-03T21:48:48.917+0100: 1218.786: [GC [PSYoungGen: 129969K->20275K(145472K)] 165643K->59993K(232896K), 0.1760990 secs] [Times: user=0.06 sys=0.16, real=0.17 secs] 
2013-08-03T21:48:50.506+0100: 1220.375: [GC [PSYoungGen: 145459K->23739K(148928K)] 185177K->63457K(236352K), 0.1080610 secs] [Times: user=0.06 sys=0.07, real=0.10 secs] 
2013-08-03T21:48:51.619+0100: 1221.488: [GC [PSYoungGen: 148923K->16952K(145728K)] 188641K->67453K(233152K), 0.1080610 secs] [Times: user=0.09 sys=0.11, real=0.11 secs] 
2013-08-03T21:48:54.116+0100: 1223.985: [GC [PSYoungGen: 136888K->20028K(139968K)] 187389K->79768K(227392K), 0.1320750 secs] [Times: user=0.05 sys=0.13, real=0.14 secs] 
2013-08-03T21:48:55.253+0100: 1225.122: [GC [PSYoungGen: 139964K->1032K(144384K)] 199704K->80025K(231808K), 0.0760430 secs] [Times: user=0.04 sys=0.08, real=0.08 secs] 
2013-08-03T21:48:55.329+0100: 1225.198: [Full GC [PSYoungGen: 1032K->0K(144384K)] [ParOldGen: 78992K->74165K(126144K)] 80025K->74165K(270528K) [PSPermGen: 23351K->23342K(39680K)], 0.3722090 secs] [Times: user=0.38 sys=0.20, real=0.37 secs] 
2013-08-03T21:48:56.666+0100: 1226.535: [GC [PSYoungGen: 116224K->9394K(145472K)] 190389K->83560K(271616K), 0.0160090 secs] [Times: user=0.01 sys=0.01, real=0.02 secs] 
2013-08-03T21:48:57.574+0100: 1227.443: [GC [PSYoungGen: 125618K->14585K(143168K)] 199784K->96932K(269312K), 0.0720410 secs] [Times: user=0.02 sys=0.08, real=0.07 secs] 
2013-08-03T21:48:59.508+0100: 1229.377: [GC [PSYoungGen: 131641K->10115K(144448K)] 213988K->104866K(270592K), 0.0961020 secs] [Times: user=0.04 sys=0.10, real=0.10 secs] 
2013-08-03T21:49:01.894+0100: 1231.764: [GC [PSYoungGen: 127171K->12520K(144448K)] 221922K->116459K(270592K), 0.0600640 secs] [Times: user=0.04 sys=0.05, real=0.06 secs] 
2013-08-03T21:49:59.363+0100: 1289.233: [GC [PSYoungGen: 133288K->9970K(146112K)] 237227K->125464K(272256K), 0.0560600 secs] [Times: user=0.05 sys=0.05, real=0.05 secs] 
2013-08-03T21:49:59.420+0100: 1289.289: [Full GC [PSYoungGen: 9970K->0K(146112K)] [ParOldGen: 115493K->118423K(175232K)] 125464K->118423K(321344K) [PSPermGen: 34410K->34338K(49408K)], 0.7127560 secs] [Times: user=0.53 sys=0.26, real=0.72 secs] 
2013-08-03T21:52:37.207+0100: 1447.076: [GC [PSYoungGen: 120768K->23681K(144448K)] 239191K->142105K(319680K), 0.0640680 secs] [Times: user=0.07 sys=0.04, real=0.07 secs] 
2013-08-03T21:52:43.057+0100: 1452.926: [GC [PSYoungGen: 143489K->4264K(124096K)] 261913K->143559K(299328K), 0.1201280 secs] [Times: user=0.08 sys=0.09, real=0.12 secs] 
2013-08-03T21:52:54.834+0100: 1464.703: [GC [PSYoungGen: 124072K->4496K(147072K)] 263367K->147332K(322304K), 0.1041110 secs] [Times: user=0.10 sys=0.07, real=0.11 secs] 
2013-08-03T21:53:06.006+0100: 1475.875: [GC [PSYoungGen: 123856K->4576K(123968K)] 266692K->147512K(299200K), 0.0961020 secs] [Times: user=0.06 sys=0.01, real=0.10 secs] 
2013-08-03T21:53:17.642+0100: 1487.511: [GC [PSYoungGen: 123936K->5228K(147328K)] 266872K->148248K(322560K), 0.0720770 secs] [Times: user=0.04 sys=0.03, real=0.07 secs] 
2013-08-03T21:53:27.841+0100: 1497.710: [GC [PSYoungGen: 125164K->4736K(124736K)] 268184K->148704K(299968K), 0.0560600 secs] [Times: user=0.06 sys=0.02, real=0.05 secs] 
2013-08-03T21:53:38.752+0100: 1508.622: [GC [PSYoungGen: 124672K->4880K(147392K)] 268640K->148948K(322624K), 0.0360390 secs] [Times: user=0.04 sys=0.00, real=0.03 secs] 
2013-08-03T21:53:48.703+0100: 1518.572: [GC [PSYoungGen: 126096K->4624K(146688K)] 270164K->148760K(321920K), 0.1041100 secs] [Times: user=0.08 sys=0.03, real=0.10 secs] 
2013-08-03T21:53:57.340+0100: 1527.209: [GC [PSYoungGen: 125840K->5056K(148416K)] 269976K->149328K(323648K), 0.0800850 secs] [Times: user=0.00 sys=0.04, real=0.08 secs] 
2013-08-03T21:54:06.181+0100: 1536.051: [GC [PSYoungGen: 128960K->5072K(147776K)] 273232K->149441K(323008K), 0.0520550 secs] [Times: user=0.03 sys=0.01, real=0.05 secs] 
2013-08-03T21:54:14.759+0100: 1544.628: [GC [PSYoungGen: 128976K->4960K(149952K)] 273345K->149384K(325184K), 0.0280300 secs] [Times: user=0.01 sys=0.02, real=0.03 secs] 
2013-08-03T21:54:25.866+0100: 1555.736: [GC [PSYoungGen: 132192K->4976K(149312K)] 276616K->149444K(324544K), 0.0360380 secs] [Times: user=0.04 sys=0.00, real=0.04 secs] 
2013-08-03T21:56:15.903+0100: 1665.772: [GC [PSYoungGen: 132208K->896K(151296K)] 276676K->145456K(326528K), 0.0240250 secs] [Times: user=0.02 sys=0.00, real=0.03 secs] 
2013-08-03T21:56:24.180+0100: 1674.049: [GC [PSYoungGen: 131008K->1129K(126272K)] 275568K->145690K(301504K), 0.0160170 secs] [Times: user=0.03 sys=0.00, real=0.02 secs] 
2013-08-03T21:56:24.753+0100: 1674.622: [GC [PSYoungGen: 126249K->1321K(146176K)] 270810K->145882K(321408K), 0.0120130 secs] [Times: user=0.00 sys=0.02, real=0.01 secs] 
2013-08-03T21:56:25.193+0100: 1675.062: [GC [PSYoungGen: 126953K->448K(145664K)] 271514K->145894K(320896K), 0.0120130 secs] [Times: user=0.01 sys=0.01, real=0.01 secs] 
2013-08-03T21:56:25.754+0100: 1675.623: [GC [PSYoungGen: 126080K->176K(154176K)] 271526K->146044K(329408K), 0.0080080 secs] [Times: user=0.01 sys=0.00, real=0.01 secs] 
Heap
 PSYoungGen      total 154176K, used 29698K [0xa8c30000, 0xb3550000, 0xb36d0000)
  eden space 134656K, 21% used [0xa8c30000,0xaa904bb8,0xb0fb0000)
  from space 19520K, 0% used [0xb2240000,0xb226c000,0xb3550000)
  to   space 19008K, 0% used [0xb0fb0000,0xb0fb0000,0xb2240000)
 ParOldGen       total 175232K, used 145868K [0x936d0000, 0x9e1f0000, 0xa8c30000)
  object space 175232K, 83% used [0x936d0000,0x9c543120,0x9e1f0000)
 PSPermGen       total 49408K, used 35516K [0x836d0000, 0x86710000, 0x936d0000)
  object space 49408K, 71% used [0x836d0000,0x8597f370,0x86710000)
