2013-08-04T05:47:11.968+0100: 2.150: [GC [PSYoungGen: 32768K->5427K(38208K)] 32768K->6425K(125632K), 0.0440470 secs] [Times: user=0.00 sys=0.05, real=0.05 secs] 
2013-08-04T05:47:13.162+0100: 3.344: [GC [PSYoungGen: 38195K->5435K(70976K)] 39193K->8151K(158400K), 0.0400420 secs] [Times: user=0.02 sys=0.06, real=0.04 secs] 
2013-08-04T05:47:15.480+0100: 5.662: [GC [PSYoungGen: 70971K->5427K(70976K)] 73687K->15541K(158400K), 0.1161230 secs] [Times: user=0.04 sys=0.09, real=0.12 secs] 
2013-08-04T05:47:16.589+0100: 6.771: [GC [PSYoungGen: 70963K->5435K(136512K)] 81077K->17614K(223936K), 0.0800850 secs] [Times: user=0.00 sys=0.07, real=0.08 secs] 
2013-08-04T05:47:20.694+0100: 10.876: [GC [PSYoungGen: 121580K->5434K(136512K)] 133758K->35465K(223936K), 0.1321400 secs] [Times: user=0.06 sys=0.18, real=0.13 secs] 
2013-08-04T05:47:20.826+0100: 11.008: [Full GC (System) [PSYoungGen: 5434K->0K(136512K)] [ParOldGen: 30031K->30242K(87424K)] 35465K->30242K(223936K) [PSPermGen: 14651K->14638K(29440K)], 0.2642810 secs] [Times: user=0.19 sys=0.12, real=0.27 secs] 
2013-08-04T05:47:22.924+0100: 13.106: [GC [PSYoungGen: 131072K->5430K(121792K)] 161314K->41450K(209216K), 0.0880940 secs] [Times: user=0.06 sys=0.06, real=0.09 secs] 
2013-08-04T05:47:24.618+0100: 14.800: [GC [PSYoungGen: 121782K->13501K(136512K)] 157802K->49521K(223936K), 0.0400430 secs] [Times: user=0.04 sys=0.01, real=0.04 secs] 
2013-08-04T05:47:26.660+0100: 16.842: [GC [PSYoungGen: 129853K->20021K(145728K)] 165873K->60275K(233152K), 0.1761870 secs] [Times: user=0.05 sys=0.18, real=0.18 secs] 
2013-08-04T05:47:28.086+0100: 18.267: [GC [PSYoungGen: 145717K->23951K(149696K)] 185971K->64206K(237120K), 0.0800850 secs] [Times: user=0.08 sys=0.06, real=0.08 secs] 
2013-08-04T05:47:29.023+0100: 19.204: [GC [PSYoungGen: 149647K->21060K(142272K)] 189902K->71310K(229696K), 0.0880940 secs] [Times: user=0.04 sys=0.13, real=0.09 secs] 
2013-08-04T05:47:32.366+0100: 22.548: [GC [PSYoungGen: 138308K->19926K(137216K)] 188558K->83383K(224640K), 0.1241320 secs] [Times: user=0.05 sys=0.12, real=0.13 secs] 
2013-08-04T05:47:33.323+0100: 23.505: [GC [PSYoungGen: 137174K->1096K(143360K)] 200631K->83693K(230784K), 0.2082210 secs] [Times: user=0.03 sys=0.10, real=0.21 secs] 
2013-08-04T05:47:33.531+0100: 23.713: [Full GC [PSYoungGen: 1096K->0K(143360K)] [ParOldGen: 82596K->78247K(141760K)] 83693K->78247K(285120K) [PSPermGen: 23355K->23347K(39680K)], 0.5966330 secs] [Times: user=0.43 sys=0.22, real=0.59 secs] 
2013-08-04T05:47:35.397+0100: 25.579: [GC [PSYoungGen: 114176K->8234K(144448K)] 192423K->86482K(286208K), 0.0200210 secs] [Times: user=0.01 sys=0.00, real=0.02 secs] 
2013-08-04T05:47:36.050+0100: 26.232: [GC [PSYoungGen: 122410K->14547K(141376K)] 200658K->100106K(283136K), 0.0400420 secs] [Times: user=0.02 sys=0.05, real=0.04 secs] 
2013-08-04T05:47:37.624+0100: 27.806: [GC [PSYoungGen: 129299K->10299K(143168K)] 214858K->108015K(284928K), 0.1041110 secs] [Times: user=0.05 sys=0.09, real=0.11 secs] 
2013-08-04T05:47:40.222+0100: 30.404: [GC [PSYoungGen: 125051K->11652K(143104K)] 222767K->118748K(284864K), 0.0880940 secs] [Times: user=0.05 sys=0.10, real=0.09 secs] 
2013-08-04T05:47:51.006+0100: 41.188: [GC [PSYoungGen: 130436K->11491K(145152K)] 237532K->129316K(286912K), 0.0961020 secs] [Times: user=0.08 sys=0.07, real=0.10 secs] 
2013-08-04T05:51:13.088+0100: 243.270: [GC [PSYoungGen: 130275K->7414K(146688K)] 248100K->133371K(288448K), 0.0880940 secs] [Times: user=0.07 sys=0.02, real=0.09 secs] 
2013-08-04T05:51:13.176+0100: 243.358: [Full GC [PSYoungGen: 7414K->0K(146688K)] [ParOldGen: 125957K->122247K(201920K)] 133371K->122247K(348608K) [PSPermGen: 34660K->34587K(49408K)], 0.6406800 secs] [Times: user=0.59 sys=0.20, real=0.64 secs] 
2013-08-04T05:51:15.831+0100: 246.013: [GC [PSYoungGen: 123008K->18360K(148032K)] 245255K->140608K(349952K), 0.0720760 secs] [Times: user=0.04 sys=0.02, real=0.08 secs] 
2013-08-04T05:51:26.667+0100: 256.849: [GC [PSYoungGen: 141368K->4224K(148352K)] 263616K->141583K(350272K), 0.1481570 secs] [Times: user=0.04 sys=0.06, real=0.15 secs] 
2013-08-04T05:51:35.949+0100: 266.130: [GC [PSYoungGen: 126592K->4656K(148544K)] 263951K->144043K(350464K), 0.0560590 secs] [Times: user=0.09 sys=0.01, real=0.06 secs] 
2013-08-04T05:51:47.609+0100: 277.791: [GC [PSYoungGen: 127024K->4528K(147840K)] 266411K->144031K(349760K), 0.0680720 secs] [Times: user=0.05 sys=0.03, real=0.07 secs] 
2013-08-04T05:53:12.367+0100: 362.549: [GC [PSYoungGen: 127024K->1128K(148224K)] 266527K->140632K(350144K), 0.0160170 secs] [Times: user=0.02 sys=0.00, real=0.02 secs] 
2013-08-04T05:53:13.048+0100: 363.230: [GC [PSYoungGen: 123624K->1145K(148864K)] 263128K->140648K(350784K), 0.0120130 secs] [Times: user=0.01 sys=0.00, real=0.02 secs] 
2013-08-04T05:53:13.540+0100: 363.722: [GC [PSYoungGen: 124281K->1313K(124480K)] 263784K->140816K(326400K), 0.0160170 secs] [Times: user=0.03 sys=0.00, real=0.02 secs] 
2013-08-04T05:53:13.853+0100: 364.034: [GC [PSYoungGen: 124449K->1320K(149184K)] 263952K->140823K(351104K), 0.0120130 secs] [Times: user=0.02 sys=0.00, real=0.01 secs] 
2013-08-04T05:53:14.193+0100: 364.375: [GC [PSYoungGen: 125160K->1569K(148608K)] 264663K->141112K(350528K), 0.0120130 secs] [Times: user=0.03 sys=0.00, real=0.01 secs] 
Heap
 PSYoungGen      total 148608K, used 11639K [0xa8c30000, 0xb34c0000, 0xb36d0000)
  eden space 123840K, 8% used [0xa8c30000,0xa9605990,0xb0520000)
  from space 24768K, 6% used [0xb0520000,0xb06a8410,0xb1d50000)
  to   space 24000K, 0% used [0xb1d50000,0xb1d50000,0xb34c0000)
 ParOldGen       total 201920K, used 139543K [0x936d0000, 0x9fc00000, 0xa8c30000)
  object space 201920K, 69% used [0x936d0000,0x9bf15dd0,0x9fc00000)
 PSPermGen       total 49408K, used 35294K [0x836d0000, 0x86710000, 0x936d0000)
  object space 49408K, 71% used [0x836d0000,0x85947ba0,0x86710000)
