2013-08-03T22:46:19.359+0100: 2.194: [GC [PSYoungGen: 32768K->5435K(38208K)] 32768K->6432K(125632K), 0.0360380 secs] [Times: user=0.02 sys=0.03, real=0.03 secs] 
2013-08-03T22:46:20.636+0100: 3.472: [GC [PSYoungGen: 38203K->5435K(70976K)] 39200K->8150K(158400K), 0.0600640 secs] [Times: user=0.00 sys=0.06, real=0.06 secs] 
2013-08-03T22:46:22.630+0100: 5.466: [GC [PSYoungGen: 70971K->5435K(70976K)] 73686K->15791K(158400K), 0.1201270 secs] [Times: user=0.04 sys=0.09, real=0.12 secs] 
2013-08-03T22:46:23.375+0100: 6.211: [GC [PSYoungGen: 70971K->5434K(136512K)] 81327K->17835K(223936K), 0.0920980 secs] [Times: user=0.05 sys=0.07, real=0.09 secs] 
2013-08-03T22:46:27.199+0100: 10.035: [GC [PSYoungGen: 120332K->5425K(136512K)] 132733K->35795K(223936K), 0.2122250 secs] [Times: user=0.05 sys=0.26, real=0.21 secs] 
2013-08-03T22:46:27.411+0100: 10.247: [Full GC (System) [PSYoungGen: 5425K->0K(136512K)] [ParOldGen: 30369K->30207K(87424K)] 35795K->30207K(223936K) [PSPermGen: 14654K->14641K(29440K)], 0.2482640 secs] [Times: user=0.22 sys=0.08, real=0.25 secs] 
2013-08-03T22:46:29.646+0100: 12.481: [GC [PSYoungGen: 131072K->5439K(121472K)] 161279K->41001K(208896K), 0.0840890 secs] [Times: user=0.03 sys=0.06, real=0.09 secs] 
2013-08-03T22:46:31.464+0100: 14.299: [GC [PSYoungGen: 121471K->13864K(136512K)] 157033K->49426K(223936K), 0.0520560 secs] [Times: user=0.04 sys=0.01, real=0.05 secs] 
2013-08-03T22:46:33.502+0100: 16.337: [GC [PSYoungGen: 129896K->20475K(144896K)] 165458K->60451K(232320K), 0.1241310 secs] [Times: user=0.04 sys=0.15, real=0.12 secs] 
2013-08-03T22:46:34.747+0100: 17.583: [GC [PSYoungGen: 144891K->24052K(148480K)] 184867K->64029K(235904K), 0.0920980 secs] [Times: user=0.11 sys=0.05, real=0.09 secs] 
2013-08-03T22:46:35.804+0100: 18.640: [GC [PSYoungGen: 148468K->19718K(143360K)] 188445K->69950K(230784K), 0.0800850 secs] [Times: user=0.01 sys=0.10, real=0.08 secs] 
2013-08-03T22:46:38.467+0100: 21.303: [GC [PSYoungGen: 136838K->20003K(137152K)] 187070K->83408K(224576K), 0.1081140 secs] [Times: user=0.00 sys=0.09, real=0.10 secs] 
2013-08-03T22:46:39.172+0100: 22.007: [GC [PSYoungGen: 137123K->1064K(143296K)] 200528K->83728K(230720K), 0.1081140 secs] [Times: user=0.02 sys=0.13, real=0.11 secs] 
2013-08-03T22:46:39.284+0100: 22.119: [Full GC [PSYoungGen: 1064K->0K(143296K)] [ParOldGen: 82663K->78030K(140416K)] 83728K->78030K(283712K) [PSPermGen: 23356K->23348K(39680K)], 0.3964200 secs] [Times: user=0.34 sys=0.17, real=0.40 secs] 
2013-08-03T22:46:40.902+0100: 23.737: [GC [PSYoungGen: 114048K->7573K(144384K)] 192078K->85603K(284800K), 0.0200210 secs] [Times: user=0.04 sys=0.00, real=0.02 secs] 
2013-08-03T22:46:41.514+0100: 24.350: [GC [PSYoungGen: 121621K->14661K(141440K)] 199651K->99501K(281856K), 0.0280300 secs] [Times: user=0.02 sys=0.03, real=0.03 secs] 
2013-08-03T22:46:42.772+0100: 25.607: [GC [PSYoungGen: 129221K->10444K(143168K)] 214061K->107463K(283584K), 0.1201280 secs] [Times: user=0.03 sys=0.12, real=0.12 secs] 
2013-08-03T22:46:45.411+0100: 28.246: [GC [PSYoungGen: 125004K->11883K(142912K)] 222023K->118434K(283328K), 0.1001060 secs] [Times: user=0.05 sys=0.07, real=0.10 secs] 
2013-08-03T22:46:56.502+0100: 39.338: [GC [PSYoungGen: 130347K->11633K(144896K)] 236898K->129132K(285312K), 0.1121190 secs] [Times: user=0.09 sys=0.08, real=0.12 secs] 
2013-08-03T22:50:20.351+0100: 243.186: [GC [PSYoungGen: 130097K->6574K(147136K)] 247596K->132315K(287552K), 0.1841950 secs] [Times: user=0.07 sys=0.20, real=0.18 secs] 
2013-08-03T22:50:20.535+0100: 243.370: [Full GC [PSYoungGen: 6574K->0K(147136K)] [ParOldGen: 125740K->121262K(196224K)] 132315K->121262K(343360K) [PSPermGen: 34664K->34592K(49408K)], 0.7968460 secs] [Times: user=0.79 sys=0.36, real=0.80 secs] 
2013-08-03T22:50:23.710+0100: 246.546: [GC [PSYoungGen: 122944K->19686K(142656K)] 244206K->140949K(338880K), 0.0720770 secs] [Times: user=0.08 sys=0.01, real=0.08 secs] 
2013-08-03T22:50:38.710+0100: 261.546: [GC [PSYoungGen: 142630K->4279K(147712K)] 263893K->141646K(343936K), 0.0880930 secs] [Times: user=0.11 sys=0.04, real=0.09 secs] 
2013-08-03T22:50:50.206+0100: 273.042: [GC [PSYoungGen: 125367K->4992K(126080K)] 262734K->144954K(322304K), 0.1321400 secs] [Times: user=0.07 sys=0.03, real=0.14 secs] 
2013-08-03T22:50:59.216+0100: 282.051: [GC [PSYoungGen: 126080K->4748K(148224K)] 266042K->145154K(344448K), 0.0360380 secs] [Times: user=0.06 sys=0.02, real=0.04 secs] 
2013-08-03T22:52:01.482+0100: 344.317: [GC [PSYoungGen: 126412K->1697K(147840K)] 266818K->142479K(344064K), 0.0120120 secs] [Times: user=0.02 sys=0.00, real=0.01 secs] 
2013-08-03T22:52:02.775+0100: 345.615: [GC [PSYoungGen: 123361K->1480K(148352K)] 264143K->142262K(344576K), 0.0600630 secs] [Times: user=0.01 sys=0.03, real=0.06 secs] 
2013-08-03T22:52:03.684+0100: 346.520: [GC [PSYoungGen: 123656K->320K(148160K)] 264438K->142054K(344384K), 0.0160170 secs] [Times: user=0.02 sys=0.02, real=0.01 secs] 
2013-08-03T22:52:04.045+0100: 346.880: [GC [PSYoungGen: 122496K->128K(148352K)] 264230K->142140K(344576K), 0.0080080 secs] [Times: user=0.01 sys=0.00, real=0.01 secs] 
2013-08-03T22:52:04.625+0100: 347.461: [GC [PSYoungGen: 123072K->288K(148352K)] 265084K->142392K(344576K), 0.0080080 secs] [Times: user=0.02 sys=0.00, real=0.01 secs] 
Heap
 PSYoungGen      total 148352K, used 18238K [0xa8ba0000, 0xb3500000, 0xb3640000)
  eden space 122944K, 14% used [0xa8ba0000,0xa9d27be8,0xb03b0000)
  from space 25408K, 1% used [0xb03b0000,0xb03f8000,0xb1c80000)
  to   space 24768K, 0% used [0xb1cd0000,0xb1cd0000,0xb3500000)
 ParOldGen       total 196224K, used 142104K [0x93640000, 0x9f5e0000, 0xa8ba0000)
  object space 196224K, 72% used [0x93640000,0x9c106298,0x9f5e0000)
 PSPermGen       total 49408K, used 35456K [0x83640000, 0x86680000, 0x93640000)
  object space 49408K, 71% used [0x83640000,0x858e0378,0x86680000)
