2013-08-05T12:46:05.576+0100: 7.368: [GC [PSYoungGen: 131072K->18201K(152896K)] 131072K->18269K(502464K), 0.1801910 secs] [Times: user=0.04 sys=0.11, real=0.18 secs] 
2013-08-05T12:46:08.827+0100: 10.619: [GC [PSYoungGen: 149273K->16433K(152896K)] 149341K->16501K(502464K), 0.1922040 secs] [Times: user=0.09 sys=0.20, real=0.19 secs] 
2013-08-05T12:46:11.418+0100: 13.210: [GC [PSYoungGen: 77166K->21822K(152896K)] 77234K->29252K(502464K), 0.1281360 secs] [Times: user=0.08 sys=0.10, real=0.12 secs] 
2013-08-05T12:46:11.546+0100: 13.338: [Full GC (System) [PSYoungGen: 21822K->0K(152896K)] [ParOldGen: 7430K->29039K(349568K)] 29252K->29039K(502464K) [PSPermGen: 14648K->14635K(29440K)], 0.3763990 secs] [Times: user=0.15 sys=0.16, real=0.38 secs] 
2013-08-05T12:46:14.133+0100: 15.925: [GC [PSYoungGen: 131072K->10810K(152896K)] 160111K->39849K(502464K), 0.0200220 secs] [Times: user=0.03 sys=0.01, real=0.02 secs] 
2013-08-05T12:46:16.543+0100: 18.335: [GC [PSYoungGen: 141882K->18838K(152896K)] 170921K->47877K(502464K), 0.0880930 secs] [Times: user=0.14 sys=0.03, real=0.08 secs] 
2013-08-05T12:46:19.346+0100: 21.138: [GC [PSYoungGen: 149910K->21823K(129088K)] 178949K->59374K(478656K), 0.1121190 secs] [Times: user=0.05 sys=0.13, real=0.11 secs] 
2013-08-05T12:46:20.488+0100: 22.280: [GC [PSYoungGen: 129087K->24683K(131968K)] 166638K->62234K(481536K), 0.0440470 secs] [Times: user=0.05 sys=0.01, real=0.04 secs] 
2013-08-05T12:46:21.413+0100: 23.205: [GC [PSYoungGen: 131947K->29290K(136704K)] 169498K->66841K(486272K), 0.0360380 secs] [Times: user=0.06 sys=0.00, real=0.04 secs] 
2013-08-05T12:46:24.924+0100: 26.716: [GC [PSYoungGen: 132074K->29870K(132672K)] 169625K->79394K(482240K), 0.2722890 secs] [Times: user=0.07 sys=0.13, real=0.27 secs] 
2013-08-05T12:46:26.094+0100: 27.886: [GC [PSYoungGen: 132654K->19786K(138048K)] 182178K->81460K(487616K), 0.0680720 secs] [Times: user=0.07 sys=0.07, real=0.07 secs] 
2013-08-05T12:46:27.199+0100: 28.991: [GC [PSYoungGen: 120266K->4987K(105472K)] 181940K->81906K(455040K), 0.0840890 secs] [Times: user=0.10 sys=0.05, real=0.09 secs] 
2013-08-05T12:46:28.484+0100: 30.276: [GC [PSYoungGen: 105467K->13790K(136960K)] 182386K->95488K(486528K), 0.0240260 secs] [Times: user=0.04 sys=0.01, real=0.02 secs] 
2013-08-05T12:46:29.830+0100: 31.622: [GC [PSYoungGen: 112478K->11127K(136448K)] 194176K->104225K(486016K), 0.0680730 secs] [Times: user=0.04 sys=0.04, real=0.07 secs] 
2013-08-05T12:46:31.820+0100: 33.612: [GC [PSYoungGen: 109815K->8416K(137088K)] 202913K->111455K(486656K), 0.0480510 secs] [Times: user=0.07 sys=0.01, real=0.05 secs] 
2013-08-05T12:46:34.527+0100: 36.319: [GC [PSYoungGen: 108000K->10129K(137152K)] 211039K->120760K(486720K), 0.0400420 secs] [Times: user=0.06 sys=0.01, real=0.04 secs] 
2013-08-05T12:46:36.561+0100: 38.353: [GC [PSYoungGen: 109713K->10413K(138496K)] 220344K->130324K(488064K), 0.0520550 secs] [Times: user=0.09 sys=0.01, real=0.06 secs] 
2013-08-05T12:50:02.059+0100: 243.851: [GC [PSYoungGen: 111917K->6784K(137728K)] 231828K->136416K(487296K), 0.1881990 secs] [Times: user=0.13 sys=0.02, real=0.18 secs] 
2013-08-05T12:50:06.532+0100: 248.324: [GC [PSYoungGen: 108288K->19970K(139200K)] 237920K->156281K(488768K), 0.0680720 secs] [Times: user=0.04 sys=0.03, real=0.07 secs] 
2013-08-05T12:50:11.509+0100: 253.301: [GC [PSYoungGen: 123266K->3088K(138816K)] 259577K->155682K(488384K), 0.0600630 secs] [Times: user=0.07 sys=0.03, real=0.06 secs] 
2013-08-05T12:50:23.193+0100: 264.985: [GC [PSYoungGen: 106384K->3932K(139200K)] 258978K->158682K(488768K), 0.0880940 secs] [Times: user=0.12 sys=0.04, real=0.09 secs] 
2013-08-05T12:50:32.627+0100: 274.419: [GC [PSYoungGen: 107356K->4071K(138944K)] 262106K->159141K(488512K), 0.0400430 secs] [Times: user=0.06 sys=0.00, real=0.04 secs] 
2013-08-05T12:50:45.601+0100: 287.393: [GC [PSYoungGen: 107495K->3552K(140352K)] 262565K->158898K(489920K), 0.0760810 secs] [Times: user=0.05 sys=0.03, real=0.07 secs] 
2013-08-05T12:52:02.583+0100: 364.383: [GC [PSYoungGen: 108895K->1184K(139712K)] 264242K->156651K(489280K), 0.0440470 secs] [Times: user=0.06 sys=0.02, real=0.04 secs] 
2013-08-05T12:52:03.840+0100: 365.632: [GC [PSYoungGen: 106528K->552K(141376K)] 261995K->156569K(490944K), 0.0200210 secs] [Times: user=0.02 sys=0.00, real=0.02 secs] 
2013-08-05T12:52:04.565+0100: 366.357: [GC [PSYoungGen: 108008K->352K(140800K)] 264025K->156844K(490368K), 0.0240260 secs] [Times: user=0.02 sys=0.00, real=0.02 secs] 
2013-08-05T12:52:04.973+0100: 366.765: [GC [PSYoungGen: 107808K->160K(143040K)] 264300K->156966K(492608K), 0.0240250 secs] [Times: user=0.04 sys=0.01, real=0.02 secs] 
2013-08-05T12:52:05.510+0100: 367.302: [GC [PSYoungGen: 110624K->224K(142144K)] 267430K->157170K(491712K), 0.0080090 secs] [Times: user=0.01 sys=0.01, real=0.01 secs] 
Heap
 PSYoungGen      total 142144K, used 77297K [0xa8c10000, 0xb36b0000, 0xb36b0000)
  eden space 110464K, 69% used [0xa8c10000,0xad754440,0xaf7f0000)
  from space 31680K, 0% used [0xaf7f0000,0xaf828000,0xb16e0000)
  to   space 30592K, 0% used [0xb18d0000,0xb18d0000,0xb36b0000)
 ParOldGen       total 349568K, used 156946K [0x936b0000, 0xa8c10000, 0xa8c10000)
  object space 349568K, 44% used [0x936b0000,0x9cff4a10,0xa8c10000)
 PSPermGen       total 35456K, used 35336K [0x836b0000, 0x85950000, 0x936b0000)
  object space 35456K, 99% used [0x836b0000,0x85932198,0x85950000)
