2013-08-04T06:32:46.423+0100: 2.318: [GC [PSYoungGen: 32768K->5430K(38208K)] 32768K->6442K(125632K), 0.0360390 secs] [Times: user=0.02 sys=0.03, real=0.03 secs] 
2013-08-04T06:32:47.360+0100: 3.255: [GC [PSYoungGen: 38198K->5433K(70976K)] 39210K->8162K(158400K), 0.0480510 secs] [Times: user=0.02 sys=0.05, real=0.05 secs] 
2013-08-04T06:32:49.870+0100: 5.766: [GC [PSYoungGen: 70969K->5435K(70976K)] 73698K->15803K(158400K), 0.1962080 secs] [Times: user=0.06 sys=0.09, real=0.20 secs] 
2013-08-04T06:32:50.815+0100: 6.711: [GC [PSYoungGen: 70971K->5432K(136512K)] 81339K->17901K(223936K), 0.0880930 secs] [Times: user=0.08 sys=0.08, real=0.08 secs] 
2013-08-04T06:32:54.972+0100: 10.868: [GC [PSYoungGen: 120311K->5433K(136512K)] 132781K->35740K(223936K), 0.1882000 secs] [Times: user=0.04 sys=0.21, real=0.19 secs] 
2013-08-04T06:32:55.160+0100: 11.056: [Full GC (System) [PSYoungGen: 5433K->0K(136512K)] [ParOldGen: 30307K->30244K(87424K)] 35740K->30244K(223936K) [PSPermGen: 14654K->14641K(29440K)], 0.2682850 secs] [Times: user=0.27 sys=0.11, real=0.26 secs] 
2013-08-04T06:32:57.342+0100: 13.238: [GC [PSYoungGen: 131072K->5428K(121600K)] 161316K->41127K(209024K), 0.0400430 secs] [Times: user=0.00 sys=0.06, real=0.04 secs] 
2013-08-04T06:32:58.792+0100: 14.688: [GC [PSYoungGen: 121588K->13780K(136512K)] 157287K->49479K(223936K), 0.0280290 secs] [Times: user=0.02 sys=0.00, real=0.03 secs] 
2013-08-04T06:33:00.526+0100: 16.421: [GC [PSYoungGen: 129940K->20342K(145280K)] 165639K->60187K(232704K), 0.1681780 secs] [Times: user=0.05 sys=0.18, real=0.16 secs] 
2013-08-04T06:33:01.515+0100: 17.410: [GC [PSYoungGen: 145270K->24301K(149248K)] 185115K->64145K(236672K), 0.0680720 secs] [Times: user=0.07 sys=0.05, real=0.07 secs] 
2013-08-04T06:33:02.496+0100: 18.392: [GC [PSYoungGen: 149229K->21007K(141952K)] 189073K->71128K(229376K), 0.0840890 secs] [Times: user=0.06 sys=0.09, real=0.09 secs] 
2013-08-04T06:33:05.047+0100: 20.942: [GC [PSYoungGen: 137487K->19956K(136448K)] 187608K->83354K(223872K), 0.0760810 secs] [Times: user=0.01 sys=0.07, real=0.08 secs] 
2013-08-04T06:33:05.755+0100: 21.651: [GC [PSYoungGen: 136436K->1080K(143040K)] 199834K->83649K(230464K), 0.1361450 secs] [Times: user=0.05 sys=0.14, real=0.14 secs] 
2013-08-04T06:33:05.891+0100: 21.787: [Full GC [PSYoungGen: 1080K->0K(143040K)] [ParOldGen: 82568K->78135K(141184K)] 83649K->78135K(284224K) [PSPermGen: 23355K->23347K(39680K)], 0.4324590 secs] [Times: user=0.26 sys=0.27, real=0.43 secs] 
2013-08-04T06:33:07.361+0100: 23.257: [GC [PSYoungGen: 113536K->7814K(144128K)] 191671K->85950K(285312K), 0.0080080 secs] [Times: user=0.01 sys=0.01, real=0.01 secs] 
2013-08-04T06:33:08.118+0100: 24.013: [GC [PSYoungGen: 121350K->14525K(141056K)] 199486K->99605K(282240K), 0.0280300 secs] [Times: user=0.03 sys=0.01, real=0.03 secs] 
2013-08-04T06:33:09.311+0100: 25.207: [GC [PSYoungGen: 128637K->10319K(142848K)] 213717K->107497K(284032K), 0.0560600 secs] [Times: user=0.04 sys=0.06, real=0.06 secs] 
2013-08-04T06:33:11.437+0100: 27.333: [GC [PSYoungGen: 124431K->11614K(142656K)] 221609K->118180K(283840K), 0.0760810 secs] [Times: user=0.03 sys=0.07, real=0.07 secs] 
2013-08-04T06:33:13.680+0100: 29.575: [GC [PSYoungGen: 129758K->12001K(144768K)] 236324K->129318K(285952K), 0.0680720 secs] [Times: user=0.00 sys=0.07, real=0.06 secs] 
2013-08-04T06:36:47.679+0100: 243.575: [GC [PSYoungGen: 130145K->13798K(145216K)] 247462K->142310K(286400K), 0.0840890 secs] [Times: user=0.06 sys=0.05, real=0.09 secs] 
2013-08-04T06:36:47.763+0100: 243.659: [Full GC [PSYoungGen: 13798K->0K(145216K)] [ParOldGen: 128512K->131158K(210048K)] 142310K->131158K(355264K) [PSPermGen: 34901K->34825K(49664K)], 0.9009560 secs] [Times: user=0.76 sys=0.42, real=0.90 secs] 
2013-08-04T06:36:50.201+0100: 246.097: [GC [PSYoungGen: 122624K->12260K(147136K)] 253782K->143419K(357184K), 0.0520560 secs] [Times: user=0.03 sys=0.00, real=0.05 secs] 
2013-08-04T06:37:03.420+0100: 259.319: [GC [PSYoungGen: 134884K->3936K(150144K)] 266043K->144670K(360192K), 0.0520550 secs] [Times: user=0.08 sys=0.03, real=0.06 secs] 
2013-08-04T06:37:15.068+0100: 270.964: [GC [PSYoungGen: 130592K->4624K(131328K)] 271326K->147566K(341376K), 0.1321400 secs] [Times: user=0.06 sys=0.07, real=0.14 secs] 
2013-08-04T06:37:27.785+0100: 283.681: [GC [PSYoungGen: 131280K->4160K(150656K)] 274222K->148302K(360704K), 0.0280300 secs] [Times: user=0.02 sys=0.01, real=0.03 secs] 
2013-08-04T06:38:01.789+0100: 317.685: [GC [PSYoungGen: 130688K->953K(127488K)] 274830K->145095K(337536K), 0.0160170 secs] [Times: user=0.03 sys=0.00, real=0.01 secs] 
2013-08-04T06:38:02.302+0100: 318.198: [GC [PSYoungGen: 127481K->1209K(150400K)] 271623K->145351K(360448K), 0.0160170 secs] [Times: user=0.02 sys=0.00, real=0.02 secs] 
2013-08-04T06:38:02.803+0100: 318.698: [GC [PSYoungGen: 127225K->1241K(127296K)] 271367K->145383K(337344K), 0.0080090 secs] [Times: user=0.01 sys=0.01, real=0.01 secs] 
2013-08-04T06:38:03.351+0100: 319.247: [GC [PSYoungGen: 127257K->1337K(150528K)] 271399K->145479K(360576K), 0.0560600 secs] [Times: user=0.02 sys=0.05, real=0.05 secs] 
Heap
 PSYoungGen      total 150528K, used 59190K [0xa8c20000, 0xb36c0000, 0xb36c0000)
  eden space 126464K, 45% used [0xa8c20000,0xac49f490,0xb07a0000)
  from space 24064K, 5% used [0xb1eb0000,0xb1ffe410,0xb3630000)
  to   space 23616K, 0% used [0xb07a0000,0xb07a0000,0xb1eb0000)
 ParOldGen       total 210048K, used 144142K [0x936c0000, 0xa03e0000, 0xa8c20000)
  object space 210048K, 68% used [0x936c0000,0x9c383918,0xa03e0000)
 PSPermGen       total 49664K, used 35457K [0x836c0000, 0x86740000, 0x936c0000)
  object space 49664K, 71% used [0x836c0000,0x85960460,0x86740000)
