2013-08-04T06:39:02.590+0100: 1.778: [GC [PSYoungGen: 32768K->5435K(38208K)] 32768K->6434K(125632K), 0.0520550 secs] [Times: user=0.03 sys=0.03, real=0.05 secs] 
2013-08-04T06:39:03.831+0100: 3.019: [GC [PSYoungGen: 38203K->5424K(70976K)] 39202K->8140K(158400K), 0.0800850 secs] [Times: user=0.06 sys=0.06, real=0.08 secs] 
2013-08-04T06:39:06.891+0100: 6.078: [GC [PSYoungGen: 70960K->5427K(70976K)] 73676K->15667K(158400K), 0.1121190 secs] [Times: user=0.06 sys=0.14, real=0.12 secs] 
2013-08-04T06:39:07.675+0100: 6.863: [GC [PSYoungGen: 70963K->5429K(136512K)] 81203K->17733K(223936K), 0.1121190 secs] [Times: user=0.06 sys=0.07, real=0.11 secs] 
2013-08-04T06:39:11.728+0100: 10.916: [GC [PSYoungGen: 119848K->5430K(136512K)] 132153K->35603K(223936K), 0.2002130 secs] [Times: user=0.04 sys=0.25, real=0.20 secs] 
2013-08-04T06:39:11.928+0100: 11.116: [Full GC (System) [PSYoungGen: 5430K->0K(136512K)] [ParOldGen: 30173K->30236K(87424K)] 35603K->30236K(223936K) [PSPermGen: 14652K->14639K(29440K)], 0.2642800 secs] [Times: user=0.23 sys=0.08, real=0.26 secs] 
2013-08-04T06:39:14.731+0100: 13.919: [GC [PSYoungGen: 131072K->5427K(121472K)] 161308K->40552K(208896K), 0.0760810 secs] [Times: user=0.03 sys=0.07, real=0.07 secs] 
2013-08-04T06:39:16.228+0100: 15.416: [GC [PSYoungGen: 121459K->13979K(136512K)] 156584K->49105K(223936K), 0.0560600 secs] [Times: user=0.05 sys=0.04, real=0.06 secs] 
2013-08-04T06:39:18.167+0100: 17.354: [GC [PSYoungGen: 130011K->20532K(144960K)] 165137K->59738K(232384K), 0.1681790 secs] [Times: user=0.01 sys=0.24, real=0.17 secs] 
2013-08-04T06:39:19.392+0100: 18.580: [GC [PSYoungGen: 144948K->24502K(148928K)] 184154K->63708K(236352K), 0.0840890 secs] [Times: user=0.08 sys=0.06, real=0.09 secs] 
2013-08-04T06:39:20.177+0100: 19.365: [GC [PSYoungGen: 148918K->20613K(141888K)] 188124K->70391K(229312K), 0.0760810 secs] [Times: user=0.04 sys=0.06, real=0.07 secs] 
2013-08-04T06:39:22.948+0100: 22.135: [GC [PSYoungGen: 136709K->19942K(136064K)] 186487K->82887K(223488K), 0.0800850 secs] [Times: user=0.01 sys=0.11, real=0.08 secs] 
2013-08-04T06:39:23.668+0100: 22.856: [GC [PSYoungGen: 136038K->1064K(142976K)] 198983K->83232K(230400K), 0.1601700 secs] [Times: user=0.02 sys=0.20, real=0.16 secs] 
2013-08-04T06:39:23.829+0100: 23.016: [Full GC [PSYoungGen: 1064K->0K(142976K)] [ParOldGen: 82168K->78303K(143424K)] 83232K->78303K(286400K) [PSPermGen: 23355K->23347K(39680K)], 0.7407860 secs] [Times: user=0.50 sys=0.22, real=0.74 secs] 
2013-08-04T06:39:25.610+0100: 24.798: [GC [PSYoungGen: 113280K->7621K(144000K)] 191583K->85925K(287424K), 0.0080090 secs] [Times: user=0.02 sys=0.00, real=0.00 secs] 
2013-08-04T06:39:26.487+0100: 25.675: [GC [PSYoungGen: 120901K->14524K(141120K)] 199205K->99638K(284544K), 0.0480510 secs] [Times: user=0.02 sys=0.02, real=0.05 secs] 
2013-08-04T06:39:27.901+0100: 27.089: [GC [PSYoungGen: 128380K->10376K(142784K)] 213494K->107644K(286208K), 0.0600640 secs] [Times: user=0.05 sys=0.07, real=0.06 secs] 
2013-08-04T06:39:31.204+0100: 30.392: [GC [PSYoungGen: 124232K->11670K(142720K)] 221500K->118400K(286144K), 0.1081150 secs] [Times: user=0.07 sys=0.10, real=0.11 secs] 
2013-08-04T06:39:33.799+0100: 32.987: [GC [PSYoungGen: 129558K->12027K(144576K)] 236288K->129470K(288000K), 0.0600640 secs] [Times: user=0.03 sys=0.07, real=0.06 secs] 
2013-08-04T06:43:03.734+0100: 242.922: [GC [PSYoungGen: 129915K->17586K(148032K)] 247358K->135028K(291456K), 0.0480510 secs] [Times: user=0.04 sys=0.04, real=0.05 secs] 
2013-08-04T06:43:07.282+0100: 246.470: [GC [PSYoungGen: 140082K->25979K(148480K)] 257524K->152474K(291904K), 0.1201270 secs] [Times: user=0.06 sys=0.08, real=0.12 secs] 
2013-08-04T06:43:07.402+0100: 246.590: [Full GC [PSYoungGen: 25979K->0K(148480K)] [ParOldGen: 126494K->141139K(224896K)] 152474K->141139K(373376K) [PSPermGen: 34904K->34832K(49664K)], 0.8529060 secs] [Times: user=0.98 sys=0.33, real=0.85 secs] 
2013-08-04T06:43:18.029+0100: 257.217: [GC [PSYoungGen: 122496K->5456K(135424K)] 263635K->146595K(360320K), 0.0800850 secs] [Times: user=0.04 sys=0.01, real=0.08 secs] 
2013-08-04T06:43:26.923+0100: 266.110: [GC [PSYoungGen: 114640K->7456K(141952K)] 255779K->148595K(366848K), 0.0920980 secs] [Times: user=0.04 sys=0.01, real=0.09 secs] 
2013-08-04T06:43:34.238+0100: 273.426: [GC [PSYoungGen: 116640K->8584K(139520K)] 257779K->149723K(364416K), 0.0520550 secs] [Times: user=0.00 sys=0.03, real=0.05 secs] 
2013-08-04T06:43:42.972+0100: 282.159: [GC [PSYoungGen: 118408K->8240K(141056K)] 259547K->149379K(365952K), 0.0320340 secs] [Times: user=0.03 sys=0.01, real=0.03 secs] 
2013-08-04T06:43:53.295+0100: 292.482: [GC [PSYoungGen: 118064K->9031K(140736K)] 259203K->150170K(365632K), 0.0640680 secs] [Times: user=0.06 sys=0.02, real=0.07 secs] 
2013-08-04T06:44:03.577+0100: 302.765: [GC [PSYoungGen: 122247K->9432K(142400K)] 263386K->150571K(367296K), 0.0800850 secs] [Times: user=0.02 sys=0.02, real=0.08 secs] 
2013-08-04T06:44:14.481+0100: 313.669: [GC [PSYoungGen: 122648K->8984K(142976K)] 263787K->150123K(367872K), 0.0320340 secs] [Times: user=0.04 sys=0.01, real=0.03 secs] 
2013-08-04T06:44:25.853+0100: 325.041: [GC [PSYoungGen: 126488K->9528K(144512K)] 267627K->150667K(369408K), 0.0360390 secs] [Times: user=0.03 sys=0.03, real=0.03 secs] 
2013-08-04T06:44:37.554+0100: 336.741: [GC [PSYoungGen: 127032K->9496K(145280K)] 268171K->150635K(370176K), 0.0840890 secs] [Times: user=0.07 sys=0.03, real=0.09 secs] 
2013-08-04T06:44:51.224+0100: 350.412: [GC [PSYoungGen: 131352K->9392K(146688K)] 272491K->150531K(371584K), 0.0920980 secs] [Times: user=0.05 sys=0.00, real=0.10 secs] 
2013-08-04T06:45:08.779+0100: 367.967: [GC [PSYoungGen: 131248K->9344K(147584K)] 272387K->150483K(372480K), 0.0400430 secs] [Times: user=0.05 sys=0.00, real=0.04 secs] 
2013-08-04T06:46:13.916+0100: 433.104: [GC [PSYoungGen: 135424K->7816K(148928K)] 276563K->148955K(373824K), 0.0280300 secs] [Times: user=0.04 sys=0.01, real=0.03 secs] 
2013-08-04T06:47:26.473+0100: 505.661: [GC [PSYoungGen: 133896K->3832K(151360K)] 275035K->144972K(376256K), 0.0160170 secs] [Times: user=0.02 sys=0.00, real=0.01 secs] 
2013-08-04T06:47:27.346+0100: 506.534: [GC [PSYoungGen: 133496K->3985K(151936K)] 274636K->145124K(376832K), 0.0240250 secs] [Times: user=0.01 sys=0.02, real=0.02 secs] 
2013-08-04T06:47:27.790+0100: 506.978: [GC [PSYoungGen: 133649K->4128K(151552K)] 274788K->145268K(376448K), 0.0120130 secs] [Times: user=0.02 sys=0.00, real=0.02 secs] 
2013-08-04T06:47:28.139+0100: 507.326: [GC [PSYoungGen: 134560K->1712K(152128K)] 275700K->145375K(377024K), 0.0240260 secs] [Times: user=0.00 sys=0.04, real=0.03 secs] 
Heap
 PSYoungGen      total 152128K, used 91179K [0xa8b60000, 0xb3600000, 0xb3600000)
  eden space 130432K, 68% used [0xa8b60000,0xae2bef00,0xb0ac0000)
  from space 21696K, 7% used [0xb0ac0000,0xb0c6c020,0xb1ff0000)
  to   space 21632K, 0% used [0xb20e0000,0xb20e0000,0xb3600000)
 ParOldGen       total 224896K, used 143663K [0x93600000, 0xa11a0000, 0xa8b60000)
  object space 224896K, 63% used [0x93600000,0x9c24bf48,0xa11a0000)
 PSPermGen       total 49664K, used 35256K [0x83600000, 0x86680000, 0x93600000)
  object space 49664K, 70% used [0x83600000,0x8586e000,0x86680000)
