2013-08-04T06:18:13.308+0100: 1.998: [GC [PSYoungGen: 32768K->5433K(38208K)] 32768K->6430K(125632K), 0.0800850 secs] [Times: user=0.00 sys=0.07, real=0.08 secs] 
2013-08-04T06:18:14.393+0100: 3.083: [GC [PSYoungGen: 38201K->5433K(70976K)] 39198K->8151K(158400K), 0.0360390 secs] [Times: user=0.04 sys=0.02, real=0.03 secs] 
2013-08-04T06:18:16.572+0100: 5.262: [GC [PSYoungGen: 70969K->5427K(70976K)] 73687K->15822K(158400K), 0.1001070 secs] [Times: user=0.04 sys=0.07, real=0.10 secs] 
2013-08-04T06:18:17.384+0100: 6.074: [GC [PSYoungGen: 70963K->5428K(136512K)] 81358K->18000K(223936K), 0.0840890 secs] [Times: user=0.07 sys=0.07, real=0.08 secs] 
2013-08-04T06:18:20.988+0100: 9.678: [GC [PSYoungGen: 119809K->5430K(136512K)] 132382K->35884K(223936K), 0.1761870 secs] [Times: user=0.06 sys=0.18, real=0.17 secs] 
2013-08-04T06:18:21.164+0100: 9.854: [Full GC (System) [PSYoungGen: 5430K->0K(136512K)] [ParOldGen: 30454K->30246K(87424K)] 35884K->30246K(223936K) [PSPermGen: 14652K->14639K(29440K)], 0.4164420 secs] [Times: user=0.24 sys=0.07, real=0.43 secs] 
2013-08-04T06:18:23.955+0100: 12.645: [GC [PSYoungGen: 131072K->5437K(121472K)] 161318K->40939K(208896K), 0.0520560 secs] [Times: user=0.02 sys=0.06, real=0.05 secs] 
2013-08-04T06:18:25.745+0100: 14.435: [GC [PSYoungGen: 121469K->13544K(136512K)] 156971K->49047K(223936K), 0.0480510 secs] [Times: user=0.03 sys=0.03, real=0.05 secs] 
2013-08-04T06:18:27.819+0100: 16.510: [GC [PSYoungGen: 129576K->20277K(145472K)] 165079K->59836K(232896K), 0.1641740 secs] [Times: user=0.08 sys=0.15, real=0.17 secs] 
2013-08-04T06:18:28.752+0100: 17.443: [GC [PSYoungGen: 145461K->24246K(149440K)] 185020K->63805K(236864K), 0.1521610 secs] [Times: user=0.07 sys=0.07, real=0.16 secs] 
2013-08-04T06:18:29.593+0100: 18.283: [GC [PSYoungGen: 149430K->20860K(142016K)] 188989K->70712K(229440K), 0.1721830 secs] [Times: user=0.07 sys=0.14, real=0.18 secs] 
2013-08-04T06:18:33.077+0100: 21.767: [GC [PSYoungGen: 137596K->19877K(136640K)] 187448K->82995K(224064K), 0.1081150 secs] [Times: user=0.05 sys=0.12, real=0.11 secs] 
2013-08-04T06:18:34.034+0100: 22.724: [GC [PSYoungGen: 136613K->1072K(143168K)] 199731K->83319K(230592K), 0.1201270 secs] [Times: user=0.04 sys=0.17, real=0.12 secs] 
2013-08-04T06:18:34.154+0100: 22.844: [Full GC [PSYoungGen: 1072K->0K(143168K)] [ParOldGen: 82246K->78430K(139456K)] 83319K->78430K(282624K) [PSPermGen: 23351K->23342K(39680K)], 0.4164420 secs] [Times: user=0.46 sys=0.15, real=0.42 secs] 
2013-08-04T06:18:35.816+0100: 24.506: [GC [PSYoungGen: 113792K->7668K(144256K)] 192222K->86099K(283712K), 0.0120130 secs] [Times: user=0.02 sys=0.00, real=0.01 secs] 
2013-08-04T06:18:36.709+0100: 25.399: [GC [PSYoungGen: 121460K->14487K(141184K)] 199891K->99799K(280640K), 0.0520550 secs] [Times: user=0.02 sys=0.02, real=0.05 secs] 
2013-08-04T06:18:38.323+0100: 27.013: [GC [PSYoungGen: 128791K->10370K(142976K)] 214103K->107807K(282432K), 0.0800850 secs] [Times: user=0.05 sys=0.09, real=0.08 secs] 
2013-08-04T06:18:41.033+0100: 29.724: [GC [PSYoungGen: 124674K->11661K(142784K)] 222111K->118520K(282240K), 0.0760800 secs] [Times: user=0.05 sys=0.10, real=0.08 secs] 
2013-08-04T06:18:43.824+0100: 32.515: [GC [PSYoungGen: 129997K->11978K(144832K)] 236856K->129603K(284288K), 0.0600640 secs] [Times: user=0.04 sys=0.06, real=0.06 secs] 
2013-08-04T06:22:14.672+0100: 243.366: [GC [PSYoungGen: 130314K->14020K(145664K)] 247939K->142843K(285120K), 0.0961020 secs] [Times: user=0.06 sys=0.07, real=0.15 secs] 
2013-08-04T06:22:14.820+0100: 243.510: [Full GC [PSYoungGen: 14020K->0K(145664K)] [ParOldGen: 128822K->131428K(205632K)] 142843K->131428K(351296K) [PSPermGen: 34756K->34684K(49664K)], 1.2052790 secs] [Times: user=0.69 sys=0.72, real=1.20 secs] 
2013-08-04T06:22:20.102+0100: 248.792: [GC [PSYoungGen: 122880K->12621K(147392K)] 254308K->144050K(353024K), 0.0600640 secs] [Times: user=0.02 sys=0.03, real=0.06 secs] 
2013-08-04T06:22:32.115+0100: 260.805: [GC [PSYoungGen: 135501K->4288K(150208K)] 266930K->145076K(355840K), 0.0520550 secs] [Times: user=0.04 sys=0.02, real=0.05 secs] 
2013-08-04T06:22:43.839+0100: 272.529: [GC [PSYoungGen: 131008K->4288K(150656K)] 271796K->146884K(356288K), 0.0720760 secs] [Times: user=0.06 sys=0.04, real=0.07 secs] 
2013-08-04T06:22:57.830+0100: 286.520: [GC [PSYoungGen: 131008K->4416K(150720K)] 273604K->147204K(356352K), 0.0240260 secs] [Times: user=0.03 sys=0.01, real=0.03 secs] 
2013-08-04T06:24:20.450+0100: 369.140: [GC [PSYoungGen: 131072K->960K(127680K)] 273860K->143748K(333312K), 0.0200210 secs] [Times: user=0.02 sys=0.01, real=0.02 secs] 
2013-08-04T06:24:21.607+0100: 370.297: [GC [PSYoungGen: 127616K->1136K(150400K)] 270404K->143925K(356032K), 0.0120130 secs] [Times: user=0.03 sys=0.00, real=0.01 secs] 
2013-08-04T06:24:22.432+0100: 371.122: [GC [PSYoungGen: 127216K->1232K(127360K)] 270005K->144020K(332992K), 0.0400430 secs] [Times: user=0.00 sys=0.02, real=0.04 secs] 
2013-08-04T06:24:22.816+0100: 371.506: [GC [PSYoungGen: 127312K->1184K(150592K)] 270100K->144092K(356224K), 0.0080090 secs] [Times: user=0.01 sys=0.01, real=0.01 secs] 
Heap
 PSYoungGen      total 150592K, used 115599K [0xa8ba0000, 0xb3640000, 0xb3640000)
  eden space 126528K, 90% used [0xa8ba0000,0xafb5bf18,0xb0730000)
  from space 24064K, 4% used [0xb1e40000,0xb1f68020,0xb35c0000)
  to   space 23616K, 0% used [0xb0730000,0xb0730000,0xb1e40000)
 ParOldGen       total 205632K, used 142908K [0x93640000, 0x9ff10000, 0xa8ba0000)
  object space 205632K, 69% used [0x93640000,0x9c1cf2f0,0x9ff10000)
 PSPermGen       total 49664K, used 35497K [0x83640000, 0x866c0000, 0x93640000)
  object space 49664K, 71% used [0x83640000,0x858ea518,0x866c0000)
