2013-08-05T14:23:48.002+0100: 6.439: [GC [PSYoungGen: 131072K->18080K(152896K)] 131072K->18148K(502464K), 0.2002120 secs] [Times: user=0.07 sys=0.19, real=0.20 secs] 
2013-08-05T14:23:50.520+0100: 8.958: [GC [PSYoungGen: 149152K->16235K(152896K)] 149220K->16307K(502464K), 0.1161230 secs] [Times: user=0.06 sys=0.11, real=0.12 secs] 
2013-08-05T14:23:52.190+0100: 10.627: [GC [PSYoungGen: 79376K->21809K(152896K)] 79448K->29718K(502464K), 0.1321410 secs] [Times: user=0.06 sys=0.12, real=0.13 secs] 
2013-08-05T14:23:52.322+0100: 10.759: [Full GC (System) [PSYoungGen: 21809K->0K(152896K)] [ParOldGen: 7908K->29479K(349568K)] 29718K->29479K(502464K) [PSPermGen: 14685K->14673K(29440K)], 0.2802970 secs] [Times: user=0.21 sys=0.26, real=0.28 secs] 
2013-08-05T14:23:54.933+0100: 13.370: [GC [PSYoungGen: 131072K->10695K(152896K)] 160551K->40174K(502464K), 0.0600630 secs] [Times: user=0.03 sys=0.03, real=0.06 secs] 
2013-08-05T14:23:57.236+0100: 15.673: [GC [PSYoungGen: 141767K->18912K(152896K)] 171246K->48391K(502464K), 0.0200210 secs] [Times: user=0.04 sys=0.01, real=0.12 secs] 
2013-08-05T14:23:59.478+0100: 17.915: [GC [PSYoungGen: 149984K->21812K(127808K)] 179463K->60452K(477376K), 0.1281360 secs] [Times: user=0.06 sys=0.14, real=0.13 secs] 
2013-08-05T14:24:00.083+0100: 18.520: [GC [PSYoungGen: 127796K->24533K(130560K)] 166436K->63173K(480128K), 0.0440470 secs] [Times: user=0.05 sys=0.01, real=0.05 secs] 
2013-08-05T14:24:00.911+0100: 19.349: [GC [PSYoungGen: 130517K->27965K(137600K)] 169157K->66605K(487168K), 0.0280300 secs] [Times: user=0.02 sys=0.02, real=0.03 secs] 
2013-08-05T14:24:03.582+0100: 22.019: [GC [PSYoungGen: 131133K->29641K(132864K)] 169773K->79974K(482432K), 0.1361440 secs] [Times: user=0.08 sys=0.14, real=0.14 secs] 
2013-08-05T14:24:04.535+0100: 22.972: [GC [PSYoungGen: 132809K->19498K(138240K)] 183142K->82367K(487808K), 0.0840890 secs] [Times: user=0.05 sys=0.12, real=0.09 secs] 
2013-08-05T14:24:05.480+0100: 23.917: [GC [PSYoungGen: 120362K->5081K(105984K)] 183231K->82751K(455552K), 0.1081150 secs] [Times: user=0.03 sys=0.15, real=0.10 secs] 
2013-08-05T14:24:06.846+0100: 25.283: [GC [PSYoungGen: 105945K->13596K(137152K)] 183615K->96123K(486720K), 0.0480510 secs] [Times: user=0.06 sys=0.03, real=0.05 secs] 
2013-08-05T14:24:08.636+0100: 27.085: [GC [PSYoungGen: 112668K->11226K(136640K)] 195195K->104952K(486208K), 0.2322460 secs] [Times: user=0.05 sys=0.19, real=0.23 secs] 
2013-08-05T14:24:10.337+0100: 28.775: [GC [PSYoungGen: 110298K->8501K(137408K)] 204024K->112233K(486976K), 0.0760810 secs] [Times: user=0.04 sys=0.10, real=0.07 secs] 
2013-08-05T14:24:12.528+0100: 30.965: [GC [PSYoungGen: 108597K->10325K(137408K)] 212329K->121753K(486976K), 0.0520550 secs] [Times: user=0.04 sys=0.05, real=0.05 secs] 
2013-08-05T14:24:14.994+0100: 33.431: [GC [PSYoungGen: 110421K->10431K(138752K)] 221849K->131275K(488320K), 0.0520550 secs] [Times: user=0.05 sys=0.04, real=0.05 secs] 
2013-08-05T14:27:47.952+0100: 246.390: [GC [PSYoungGen: 112447K->14062K(137984K)] 233291K->144625K(487552K), 0.0800850 secs] [Times: user=0.04 sys=0.05, real=0.08 secs] 
2013-08-05T14:27:51.056+0100: 249.493: [GC [PSYoungGen: 116078K->7534K(140544K)] 246641K->152017K(490112K), 0.0760800 secs] [Times: user=0.10 sys=0.03, real=0.07 secs] 
2013-08-05T14:28:02.456+0100: 260.893: [GC [PSYoungGen: 113646K->3520K(140288K)] 258129K->153704K(489856K), 0.0961020 secs] [Times: user=0.06 sys=0.04, real=0.10 secs] 
2013-08-05T14:28:16.767+0100: 275.204: [GC [PSYoungGen: 109632K->2856K(140416K)] 259816K->154388K(489984K), 0.0600640 secs] [Times: user=0.06 sys=0.02, real=0.06 secs] 
2013-08-05T14:28:42.679+0100: 301.116: [GC [PSYoungGen: 108968K->2960K(140416K)] 260500K->154556K(489984K), 0.1321400 secs] [Times: user=0.18 sys=0.03, real=0.13 secs] 
2013-08-05T14:29:13.904+0100: 332.341: [GC [PSYoungGen: 109072K->729K(141056K)] 260668K->152397K(490624K), 0.0160170 secs] [Times: user=0.02 sys=0.00, real=0.02 secs] 
2013-08-05T14:29:14.644+0100: 333.082: [GC [PSYoungGen: 107865K->352K(140800K)] 259533K->152654K(490368K), 0.0280290 secs] [Times: user=0.02 sys=0.01, real=0.03 secs] 
2013-08-05T14:29:15.277+0100: 333.718: [GC [PSYoungGen: 107488K->176K(142208K)] 259790K->152814K(491776K), 0.0160170 secs] [Times: user=0.03 sys=0.00, real=0.01 secs] 
2013-08-05T14:29:16.086+0100: 334.523: [GC [PSYoungGen: 109168K->128K(141504K)] 261806K->152930K(491072K), 0.0200220 secs] [Times: user=0.04 sys=0.01, real=0.02 secs] 
2013-08-05T14:29:16.799+0100: 335.236: [GC [PSYoungGen: 109120K->352K(144064K)] 261922K->153242K(493632K), 0.0080080 secs] [Times: user=0.01 sys=0.00, real=0.01 secs] 
Heap
 PSYoungGen      total 144064K, used 10124K [0xa8ba0000, 0xb3640000, 0xb3640000)
  eden space 112384K, 8% used [0xa8ba0000,0xa952b180,0xaf960000)
  from space 31680K, 1% used [0xb1750000,0xb17a8000,0xb3640000)
  to   space 30656K, 0% used [0xaf960000,0xaf960000,0xb1750000)
 ParOldGen       total 349568K, used 152890K [0x93640000, 0xa8ba0000, 0xa8ba0000)
  object space 349568K, 43% used [0x93640000,0x9cb8e950,0xa8ba0000)
 PSPermGen       total 35328K, used 35325K [0x83640000, 0x858c0000, 0x93640000)
  object space 35328K, 99% used [0x83640000,0x858bf6f8,0x858c0000)
