2013-08-03T14:48:08.071+0100: 1.654: [GC [PSYoungGen: 32768K->5435K(38208K)] 32768K->6417K(125632K), 0.0360380 secs] [Times: user=0.02 sys=0.02, real=0.04 secs] 
2013-08-03T14:48:08.796+0100: 2.379: [GC [PSYoungGen: 38203K->5433K(70976K)] 39185K->8133K(158400K), 0.0680720 secs] [Times: user=0.02 sys=0.04, real=0.07 secs] 
2013-08-03T14:48:10.854+0100: 4.437: [GC [PSYoungGen: 70969K->5436K(70976K)] 73669K->15448K(158400K), 0.0640680 secs] [Times: user=0.02 sys=0.07, real=0.06 secs] 
2013-08-03T14:48:11.470+0100: 5.053: [GC [PSYoungGen: 70972K->5426K(136512K)] 80984K->17478K(223936K), 0.0680720 secs] [Times: user=0.03 sys=0.05, real=0.07 secs] 
2013-08-03T14:48:14.634+0100: 8.217: [GC [PSYoungGen: 119909K->5435K(136512K)] 131962K->35428K(223936K), 0.2082210 secs] [Times: user=0.00 sys=0.27, real=0.21 secs] 
2013-08-03T14:48:14.846+0100: 8.429: [Full GC (System) [PSYoungGen: 5435K->0K(136512K)] [ParOldGen: 29993K->30245K(87424K)] 35428K->30245K(223936K) [PSPermGen: 14653K->14640K(29440K)], 0.3844080 secs] [Times: user=0.19 sys=0.06, real=0.39 secs] 
2013-08-03T14:48:16.936+0100: 10.519: [GC [PSYoungGen: 131072K->5431K(121728K)] 161317K->41201K(209152K), 0.1001060 secs] [Times: user=0.05 sys=0.05, real=0.10 secs] 
2013-08-03T14:48:19.050+0100: 12.633: [GC [PSYoungGen: 121719K->13814K(136512K)] 157489K->49585K(223936K), 0.0560600 secs] [Times: user=0.03 sys=0.02, real=0.06 secs] 
2013-08-03T14:48:20.784+0100: 14.367: [GC [PSYoungGen: 130102K->20218K(145280K)] 165873K->60289K(232704K), 0.2322470 secs] [Times: user=0.03 sys=0.25, real=0.23 secs] 
2013-08-03T14:48:21.938+0100: 15.520: [GC [PSYoungGen: 145274K->24174K(149248K)] 185345K->64244K(236672K), 0.1161240 secs] [Times: user=0.05 sys=0.08, real=0.11 secs] 
2013-08-03T14:48:22.911+0100: 16.494: [GC [PSYoungGen: 149230K->20696K(142336K)] 189300K->71213K(229760K), 0.1481570 secs] [Times: user=0.10 sys=0.04, real=0.15 secs] 
2013-08-03T14:48:25.637+0100: 19.220: [GC [PSYoungGen: 137560K->19963K(136832K)] 188077K->83418K(224256K), 0.0880940 secs] [Times: user=0.03 sys=0.09, real=0.09 secs] 
2013-08-03T14:48:26.494+0100: 20.077: [GC [PSYoungGen: 136827K->1080K(143168K)] 200282K->83716K(230592K), 0.1161230 secs] [Times: user=0.06 sys=0.10, real=0.12 secs] 
2013-08-03T14:48:26.611+0100: 20.193: [Full GC [PSYoungGen: 1080K->0K(143168K)] [ParOldGen: 82635K->78517K(142656K)] 83716K->78517K(285824K) [PSPermGen: 23352K->23344K(39680K)], 0.5966330 secs] [Times: user=0.41 sys=0.26, real=0.59 secs] 
2013-08-03T14:48:28.388+0100: 21.971: [GC [PSYoungGen: 113792K->8020K(144256K)] 192309K->86538K(286912K), 0.0520550 secs] [Times: user=0.02 sys=0.03, real=0.06 secs] 
2013-08-03T14:48:29.450+0100: 23.032: [GC [PSYoungGen: 121812K->14527K(141376K)] 200330K->100197K(284032K), 0.0600640 secs] [Times: user=0.04 sys=0.05, real=0.06 secs] 
2013-08-03T14:48:31.696+0100: 25.279: [GC [PSYoungGen: 128959K->10165K(143040K)] 214629K->107993K(285696K), 0.0961020 secs] [Times: user=0.05 sys=0.07, real=0.09 secs] 
2013-08-03T14:48:34.102+0100: 27.685: [GC [PSYoungGen: 124597K->11866K(142912K)] 222425K->118953K(285568K), 0.0961020 secs] [Times: user=0.05 sys=0.08, real=0.10 secs] 
2013-08-03T14:48:44.413+0100: 38.000: [GC [PSYoungGen: 130266K->11598K(144896K)] 237353K->129590K(287552K), 0.1001060 secs] [Times: user=0.07 sys=0.10, real=0.10 secs] 
2013-08-03T14:52:17.676+0100: 251.259: [GC [PSYoungGen: 129998K->9055K(146176K)] 247990K->127048K(288832K), 0.0280300 secs] [Times: user=0.04 sys=0.00, real=0.03 secs] 
2013-08-03T14:52:18.501+0100: 252.084: [GC [PSYoungGen: 131871K->6738K(147648K)] 249864K->124731K(290304K), 0.0520550 secs] [Times: user=0.02 sys=0.04, real=0.05 secs] 
2013-08-03T14:52:19.101+0100: 252.684: [GC [PSYoungGen: 129554K->6591K(148992K)] 247547K->124583K(291648K), 0.0280300 secs] [Times: user=0.03 sys=0.02, real=0.02 secs] 
2013-08-03T14:52:19.506+0100: 253.089: [GC [PSYoungGen: 131903K->6701K(149568K)] 249895K->124693K(292224K), 0.0280290 secs] [Times: user=0.03 sys=0.00, real=0.03 secs] 
Heap
 PSYoungGen      total 149568K, used 112635K [0xa8c30000, 0xb3680000, 0xb36d0000)
  eden space 125312K, 84% used [0xa8c30000,0xaf3a3888,0xb0690000)
  from space 24256K, 27% used [0xb0690000,0xb0d1b430,0xb1e40000)
  to   space 23808K, 0% used [0xb1f40000,0xb1f40000,0xb3680000)
 ParOldGen       total 142656K, used 117992K [0x936d0000, 0x9c220000, 0xa8c30000)
  object space 142656K, 82% used [0x936d0000,0x9aa0a148,0x9c220000)
 PSPermGen       total 39680K, used 34808K [0x836d0000, 0x85d90000, 0x936d0000)
  object space 39680K, 87% used [0x836d0000,0x858ce348,0x85d90000)
