2013-08-04T05:54:14.745+0100: 2.338: [GC [PSYoungGen: 32768K->5429K(38208K)] 32768K->6440K(125632K), 0.0360380 secs] [Times: user=0.01 sys=0.03, real=0.03 secs] 
2013-08-04T05:54:15.478+0100: 3.071: [GC [PSYoungGen: 38197K->5426K(70976K)] 39208K->8158K(158400K), 0.0440460 secs] [Times: user=0.00 sys=0.05, real=0.04 secs] 
2013-08-04T05:54:17.881+0100: 5.474: [GC [PSYoungGen: 70962K->5433K(70976K)] 73694K->15490K(158400K), 0.0640680 secs] [Times: user=0.01 sys=0.09, real=0.06 secs] 
2013-08-04T05:54:18.589+0100: 6.183: [GC [PSYoungGen: 70969K->5436K(136512K)] 81026K->17651K(223936K), 0.1321400 secs] [Times: user=0.02 sys=0.08, real=0.13 secs] 
2013-08-04T05:54:21.785+0100: 9.378: [GC [PSYoungGen: 121143K->5438K(136512K)] 133357K->35535K(223936K), 0.1882000 secs] [Times: user=0.04 sys=0.25, real=0.19 secs] 
2013-08-04T05:54:21.977+0100: 9.570: [Full GC (System) [PSYoungGen: 5438K->0K(136512K)] [ParOldGen: 30097K->30278K(87424K)] 35535K->30278K(223936K) [PSPermGen: 14688K->14675K(29440K)], 0.2883060 secs] [Times: user=0.25 sys=0.12, real=0.29 secs] 
2013-08-04T05:54:24.231+0100: 11.825: [GC [PSYoungGen: 131072K->5438K(121728K)] 161350K->41131K(209152K), 0.0480510 secs] [Times: user=0.01 sys=0.07, real=0.04 secs] 
2013-08-04T05:54:25.813+0100: 13.406: [GC [PSYoungGen: 121726K->13424K(136512K)] 157419K->49116K(223936K), 0.0320340 secs] [Times: user=0.03 sys=0.02, real=0.03 secs] 
2013-08-04T05:54:27.499+0100: 15.092: [GC [PSYoungGen: 129712K->20021K(145856K)] 165404K->59821K(233280K), 0.1241320 secs] [Times: user=0.06 sys=0.14, real=0.12 secs] 
2013-08-04T05:54:28.236+0100: 15.829: [GC [PSYoungGen: 145845K->23972K(149824K)] 185645K->63772K(237248K), 0.0961020 secs] [Times: user=0.07 sys=0.04, real=0.09 secs] 
2013-08-04T05:54:29.533+0100: 17.126: [GC [PSYoungGen: 149796K->21363K(141888K)] 189596K->70893K(229312K), 0.0961020 secs] [Times: user=0.08 sys=0.09, real=0.10 secs] 
2013-08-04T05:54:32.132+0100: 19.725: [GC [PSYoungGen: 138355K->19890K(136896K)] 187885K->82954K(224320K), 0.0880940 secs] [Times: user=0.08 sys=0.08, real=0.09 secs] 
2013-08-04T05:54:32.997+0100: 20.590: [GC [PSYoungGen: 136882K->1072K(143232K)] 199946K->83276K(230656K), 0.1441530 secs] [Times: user=0.00 sys=0.20, real=0.15 secs] 
2013-08-04T05:54:33.141+0100: 20.734: [Full GC [PSYoungGen: 1072K->0K(143232K)] [ParOldGen: 82203K->78354K(142400K)] 83276K->78354K(285632K) [PSPermGen: 23360K->23351K(39680K)], 0.5165490 secs] [Times: user=0.45 sys=0.30, real=0.51 secs] 
2013-08-04T05:54:34.931+0100: 22.524: [GC [PSYoungGen: 113920K->8214K(144320K)] 192274K->86568K(286720K), 0.0080090 secs] [Times: user=0.02 sys=0.00, real=0.01 secs] 
2013-08-04T05:54:35.599+0100: 23.193: [GC [PSYoungGen: 122134K->14471K(141312K)] 200488K->100146K(283712K), 0.0560590 secs] [Times: user=0.02 sys=0.06, real=0.06 secs] 
2013-08-04T05:54:37.269+0100: 24.862: [GC [PSYoungGen: 129031K->10221K(143040K)] 214706K->108024K(285440K), 0.1481570 secs] [Times: user=0.02 sys=0.08, real=0.15 secs] 
2013-08-04T05:54:39.976+0100: 27.569: [GC [PSYoungGen: 124781K->11762K(142976K)] 222584K->118875K(285376K), 0.1321400 secs] [Times: user=0.08 sys=0.12, real=0.14 secs] 
2013-08-04T05:54:50.519+0100: 38.112: [GC [PSYoungGen: 130418K->11494K(145024K)] 237531K->129433K(287424K), 0.0760810 secs] [Times: user=0.04 sys=0.08, real=0.07 secs] 
2013-08-04T05:58:20.290+0100: 247.883: [GC [PSYoungGen: 130150K->10153K(145792K)] 248089K->136212K(288192K), 0.1281360 secs] [Times: user=0.01 sys=0.10, real=0.13 secs] 
2013-08-04T05:58:20.418+0100: 248.011: [Full GC [PSYoungGen: 10153K->0K(145792K)] [ParOldGen: 126058K->124745K(203520K)] 136212K->124745K(349312K) [PSPermGen: 34863K->34787K(49664K)], 0.5005310 secs] [Times: user=0.53 sys=0.24, real=0.50 secs] 
2013-08-04T05:58:31.009+0100: 258.602: [GC [PSYoungGen: 123008K->11171K(147584K)] 247753K->135916K(351104K), 0.0720770 secs] [Times: user=0.05 sys=0.02, real=0.07 secs] 
2013-08-04T05:58:48.071+0100: 275.665: [GC [PSYoungGen: 134166K->4161K(149952K)] 258912K->137477K(353472K), 0.0840890 secs] [Times: user=0.09 sys=0.04, real=0.09 secs] 
2013-08-04T05:59:06.106+0100: 293.700: [GC [PSYoungGen: 130689K->4358K(150464K)] 264005K->137730K(353984K), 0.0280290 secs] [Times: user=0.03 sys=0.00, real=0.03 secs] 
2013-08-04T05:59:24.182+0100: 311.775: [GC [PSYoungGen: 130886K->4448K(150464K)] 264258K->137820K(353984K), 0.0360380 secs] [Times: user=0.02 sys=0.03, real=0.03 secs] 
2013-08-04T05:59:42.165+0100: 329.758: [GC [PSYoungGen: 131232K->4336K(150592K)] 264604K->137708K(354112K), 0.0240250 secs] [Times: user=0.04 sys=0.01, real=0.03 secs] 
2013-08-04T06:00:00.764+0100: 348.358: [GC [PSYoungGen: 131120K->4384K(150272K)] 264492K->137756K(353792K), 0.0200210 secs] [Times: user=0.03 sys=0.00, real=0.03 secs] 
2013-08-04T06:00:19.733+0100: 367.326: [GC [PSYoungGen: 131872K->4544K(150464K)] 265244K->137916K(353984K), 0.0520560 secs] [Times: user=0.01 sys=0.03, real=0.05 secs] 
2013-08-04T06:00:38.601+0100: 386.194: [GC [PSYoungGen: 132032K->4568K(150720K)] 265404K->137940K(354240K), 0.0280300 secs] [Times: user=0.04 sys=0.01, real=0.03 secs] 
2013-08-04T06:01:10.422+0100: 418.016: [GC [PSYoungGen: 133912K->4480K(151040K)] 267284K->137852K(354560K), 0.0360380 secs] [Times: user=0.05 sys=0.00, real=0.04 secs] 
2013-08-04T06:01:32.206+0100: 439.799: [GC [PSYoungGen: 133824K->1321K(152832K)] 267196K->134694K(356352K), 0.0480510 secs] [Times: user=0.03 sys=0.04, real=0.05 secs] 
2013-08-04T06:01:32.978+0100: 440.572: [GC [PSYoungGen: 133161K->1514K(152704K)] 266534K->134887K(356224K), 0.0120130 secs] [Times: user=0.02 sys=0.00, real=0.02 secs] 
2013-08-04T06:01:33.319+0100: 440.912: [GC [PSYoungGen: 133354K->1528K(153344K)] 266727K->134900K(356864K), 0.0080080 secs] [Times: user=0.01 sys=0.00, real=0.01 secs] 
2013-08-04T06:01:33.763+0100: 441.360: [GC [PSYoungGen: 134904K->1800K(153344K)] 268276K->135172K(356864K), 0.0320340 secs] [Times: user=0.02 sys=0.00, real=0.03 secs] 
Heap
 PSYoungGen      total 153344K, used 17143K [0xa8ba0000, 0xb3500000, 0xb3640000)
  eden space 133376K, 11% used [0xa8ba0000,0xa9a9bf40,0xb0de0000)
  from space 19968K, 9% used [0xb0de0000,0xb0fa2070,0xb2160000)
  to   space 19328K, 0% used [0xb2220000,0xb2220000,0xb3500000)
 ParOldGen       total 203520K, used 133372K [0x93640000, 0x9fd00000, 0xa8ba0000)
  object space 203520K, 65% used [0x93640000,0x9b87f2c8,0x9fd00000)
 PSPermGen       total 49664K, used 35245K [0x83640000, 0x866c0000, 0x93640000)
  object space 49664K, 70% used [0x83640000,0x858ab6a8,0x866c0000)
