2013-08-05T13:39:32.444+0100: 6.703: [GC [PSYoungGen: 131072K->18301K(152896K)] 131072K->18305K(502464K), 0.2282420 secs] [Times: user=0.09 sys=0.22, real=0.23 secs] 
2013-08-05T13:39:35.194+0100: 9.454: [GC [PSYoungGen: 149373K->16635K(152896K)] 149377K->16711K(502464K), 0.1721830 secs] [Times: user=0.04 sys=0.14, real=0.19 secs] 
2013-08-05T13:39:37.481+0100: 11.740: [GC [PSYoungGen: 75852K->21822K(152896K)] 75928K->29261K(502464K), 0.1081150 secs] [Times: user=0.04 sys=0.08, real=0.10 secs] 
2013-08-05T13:39:37.589+0100: 11.849: [Full GC (System) [PSYoungGen: 21822K->0K(152896K)] [ParOldGen: 7438K->29032K(349568K)] 29261K->29032K(502464K) [PSPermGen: 14653K->14640K(29440K)], 0.4765060 secs] [Times: user=0.22 sys=0.21, real=0.48 secs] 
2013-08-05T13:39:39.963+0100: 14.223: [GC [PSYoungGen: 131072K->10753K(152896K)] 160104K->39786K(502464K), 0.0520550 secs] [Times: user=0.04 sys=0.04, real=0.05 secs] 
2013-08-05T13:39:42.899+0100: 17.158: [GC [PSYoungGen: 141825K->18958K(152896K)] 170858K->47991K(502464K), 0.0240260 secs] [Times: user=0.03 sys=0.01, real=0.02 secs] 
2013-08-05T13:39:44.676+0100: 18.936: [GC [PSYoungGen: 150030K->21820K(129472K)] 179063K->58985K(479040K), 0.1721830 secs] [Times: user=0.07 sys=0.09, real=0.18 secs] 
2013-08-05T13:39:45.461+0100: 19.721: [GC [PSYoungGen: 129468K->24596K(132288K)] 166633K->61761K(481856K), 0.0200220 secs] [Times: user=0.02 sys=0.01, real=0.02 secs] 
2013-08-05T13:39:46.334+0100: 20.594: [GC [PSYoungGen: 132244K->28621K(137408K)] 169409K->65786K(486976K), 0.0200210 secs] [Times: user=0.03 sys=0.02, real=0.02 secs] 
2013-08-05T13:39:50.222+0100: 24.482: [GC [PSYoungGen: 132301K->30025K(133760K)] 169466K->78939K(483328K), 0.1041100 secs] [Times: user=0.05 sys=0.05, real=0.10 secs] 
2013-08-05T13:39:51.267+0100: 25.527: [GC [PSYoungGen: 133705K->19773K(138368K)] 182619K->80939K(487936K), 0.1601700 secs] [Times: user=0.03 sys=0.13, real=0.16 secs] 
2013-08-05T13:39:52.529+0100: 26.788: [GC [PSYoungGen: 120893K->5085K(106240K)] 182059K->81558K(455808K), 0.1841950 secs] [Times: user=0.04 sys=0.19, real=0.18 secs] 
2013-08-05T13:39:54.323+0100: 28.582: [GC [PSYoungGen: 106205K->14307K(137344K)] 182678K->95617K(486912K), 0.0760800 secs] [Times: user=0.05 sys=0.06, real=0.08 secs] 
2013-08-05T13:39:56.233+0100: 30.492: [GC [PSYoungGen: 113699K->10934K(136768K)] 195009K->103959K(486336K), 0.1041100 secs] [Times: user=0.05 sys=0.08, real=0.10 secs] 
2013-08-05T13:39:57.686+0100: 31.946: [GC [PSYoungGen: 110326K->8245K(137344K)] 203351K->111120K(486912K), 0.0760800 secs] [Times: user=0.05 sys=0.06, real=0.08 secs] 
2013-08-05T13:40:00.778+0100: 35.037: [GC [PSYoungGen: 108341K->10269K(137408K)] 211216K->120528K(486976K), 0.0600630 secs] [Times: user=0.05 sys=0.05, real=0.06 secs] 
2013-08-05T13:40:03.709+0100: 37.968: [GC [PSYoungGen: 110365K->10333K(138752K)] 220624K->129967K(488320K), 0.1601700 secs] [Times: user=0.02 sys=0.13, real=0.16 secs] 
2013-08-05T13:43:30.260+0100: 244.520: [GC [PSYoungGen: 112349K->14062K(137984K)] 231983K->143354K(487552K), 0.1281360 secs] [Times: user=0.10 sys=0.08, real=0.13 secs] 
2013-08-05T13:43:32.859+0100: 247.118: [GC [PSYoungGen: 116078K->13268K(141504K)] 245370K->156488K(491072K), 0.0880930 secs] [Times: user=0.08 sys=0.03, real=0.09 secs] 
2013-08-05T13:43:39.462+0100: 253.721: [GC [PSYoungGen: 120276K->3312K(140224K)] 263496K->156197K(489792K), 0.0880930 secs] [Times: user=0.07 sys=0.01, real=0.08 secs] 
2013-08-05T13:43:50.225+0100: 264.485: [GC [PSYoungGen: 110320K->3600K(140928K)] 263205K->158005K(490496K), 0.0720760 secs] [Times: user=0.08 sys=0.01, real=0.07 secs] 
2013-08-05T13:44:01.501+0100: 275.761: [GC [PSYoungGen: 110864K->3360K(140992K)] 265269K->157889K(490560K), 0.0200210 secs] [Times: user=0.02 sys=0.01, real=0.02 secs] 
2013-08-05T13:44:13.426+0100: 287.685: [GC [PSYoungGen: 110624K->3680K(141824K)] 265153K->158265K(491392K), 0.1201280 secs] [Times: user=0.10 sys=0.03, real=0.12 secs] 
2013-08-05T13:44:26.091+0100: 300.351: [GC [PSYoungGen: 112032K->3776K(141248K)] 266617K->158477K(490816K), 0.0480510 secs] [Times: user=0.08 sys=0.00, real=0.05 secs] 
2013-08-05T13:44:38.769+0100: 313.028: [GC [PSYoungGen: 112128K->3888K(143488K)] 266829K->158757K(493056K), 0.0520550 secs] [Times: user=0.05 sys=0.04, real=0.06 secs] 
2013-08-05T13:44:49.440+0100: 323.700: [GC [PSYoungGen: 115248K->3984K(142592K)] 270117K->158921K(492160K), 0.0600640 secs] [Times: user=0.03 sys=0.04, real=0.07 secs] 
2013-08-05T13:44:58.041+0100: 332.301: [GC [PSYoungGen: 115344K->4166K(145664K)] 270281K->159315K(495232K), 0.0360380 secs] [Times: user=0.05 sys=0.00, real=0.03 secs] 
2013-08-05T13:45:09.261+0100: 343.537: [GC [PSYoungGen: 119622K->4056K(144512K)] 274771K->159321K(494080K), 0.0800850 secs] [Times: user=0.03 sys=0.01, real=0.08 secs] 
2013-08-05T13:45:20.221+0100: 354.480: [GC [PSYoungGen: 119512K->4048K(147968K)] 274777K->159393K(497536K), 0.0600630 secs] [Times: user=0.05 sys=0.01, real=0.06 secs] 
2013-08-05T13:46:13.573+0100: 407.833: [GC [PSYoungGen: 124048K->3056K(146752K)] 279393K->158449K(496320K), 0.0280290 secs] [Times: user=0.04 sys=0.01, real=0.03 secs] 
2013-08-05T13:47:45.166+0100: 499.426: [GC [PSYoungGen: 123056K->664K(149568K)] 278449K->156229K(499136K), 0.0480510 secs] [Times: user=0.02 sys=0.05, real=0.05 secs] 
2013-08-05T13:47:46.127+0100: 500.387: [GC [PSYoungGen: 124440K->504K(148928K)] 280005K->156607K(498496K), 0.0240260 secs] [Times: user=0.04 sys=0.00, real=0.03 secs] 
2013-08-05T13:47:46.756+0100: 501.016: [GC [PSYoungGen: 124280K->272K(151104K)] 280383K->156810K(500672K), 0.0480510 secs] [Times: user=0.04 sys=0.02, real=0.05 secs] 
2013-08-05T13:47:47.205+0100: 501.464: [GC [PSYoungGen: 126928K->160K(150272K)] 283466K->156938K(499840K), 0.0080090 secs] [Times: user=0.01 sys=0.00, real=0.01 secs] 
Heap
 PSYoungGen      total 150272K, used 113442K [0xa8c00000, 0xb36a0000, 0xb36a0000)
  eden space 126656K, 89% used [0xa8c00000,0xafaa0ae0,0xb07b0000)
  from space 23616K, 0% used [0xb07b0000,0xb07d8000,0xb1ec0000)
  to   space 22784K, 0% used [0xb2060000,0xb2060000,0xb36a0000)
 ParOldGen       total 349568K, used 156778K [0x936a0000, 0xa8c00000, 0xa8c00000)
  object space 349568K, 44% used [0x936a0000,0x9cfba9d8,0xa8c00000)
 PSPermGen       total 35456K, used 35335K [0x836a0000, 0x85940000, 0x936a0000)
  object space 35456K, 99% used [0x836a0000,0x85921c98,0x85940000)
