2013-08-04T07:03:17.418+0100: 1.902: [GC [PSYoungGen: 32768K->5427K(38208K)] 32768K->6424K(125632K), 0.0440470 secs] [Times: user=0.02 sys=0.05, real=0.05 secs] 
2013-08-04T07:03:18.311+0100: 2.795: [GC [PSYoungGen: 38195K->5435K(70976K)] 39192K->8149K(158400K), 0.0800850 secs] [Times: user=0.03 sys=0.06, real=0.08 secs] 
2013-08-04T07:03:20.970+0100: 5.454: [GC [PSYoungGen: 70971K->5438K(70976K)] 73685K->15552K(158400K), 0.0800850 secs] [Times: user=0.02 sys=0.11, real=0.08 secs] 
2013-08-04T07:03:21.719+0100: 6.203: [GC [PSYoungGen: 70974K->5427K(136512K)] 81088K->17603K(223936K), 0.0600630 secs] [Times: user=0.04 sys=0.07, real=0.06 secs] 
2013-08-04T07:03:24.870+0100: 9.354: [GC [PSYoungGen: 121608K->5430K(136512K)] 133784K->35389K(223936K), 0.1681790 secs] [Times: user=0.07 sys=0.20, real=0.17 secs] 
2013-08-04T07:03:25.038+0100: 9.522: [Full GC (System) [PSYoungGen: 5430K->0K(136512K)] [ParOldGen: 29958K->30245K(87424K)] 35389K->30245K(223936K) [PSPermGen: 14652K->14640K(29440K)], 0.2042170 secs] [Times: user=0.21 sys=0.11, real=0.20 secs] 
2013-08-04T07:03:27.433+0100: 11.917: [GC [PSYoungGen: 131072K->5438K(121728K)] 161317K->41003K(209152K), 0.0440470 secs] [Times: user=0.04 sys=0.05, real=0.04 secs] 
2013-08-04T07:03:29.167+0100: 13.650: [GC [PSYoungGen: 121726K->13810K(136512K)] 157291K->49375K(223936K), 0.0160170 secs] [Times: user=0.03 sys=0.00, real=0.02 secs] 
2013-08-04T07:03:30.816+0100: 15.300: [GC [PSYoungGen: 130098K->20220K(144768K)] 165663K->60611K(232192K), 0.1281360 secs] [Times: user=0.07 sys=0.13, real=0.13 secs] 
2013-08-04T07:03:31.553+0100: 16.037: [GC [PSYoungGen: 144764K->23650K(148224K)] 185155K->64040K(235648K), 0.0480510 secs] [Times: user=0.05 sys=0.04, real=0.05 secs] 
2013-08-04T07:03:32.854+0100: 17.338: [GC [PSYoungGen: 148194K->20201K(143744K)] 188584K->70869K(231168K), 0.1481570 secs] [Times: user=0.06 sys=0.11, real=0.16 secs] 
2013-08-04T07:03:36.058+0100: 20.542: [GC [PSYoungGen: 137449K->19950K(137216K)] 188117K->83789K(224640K), 0.1401490 secs] [Times: user=0.09 sys=0.10, real=0.14 secs] 
2013-08-04T07:03:37.023+0100: 21.507: [GC [PSYoungGen: 137198K->1072K(143296K)] 201037K->84122K(230720K), 0.2322470 secs] [Times: user=0.10 sys=0.14, real=0.23 secs] 
2013-08-04T07:03:37.255+0100: 21.739: [Full GC [PSYoungGen: 1072K->0K(143296K)] [ParOldGen: 83049K->78706K(139712K)] 84122K->78706K(283008K) [PSPermGen: 23355K->23346K(39680K)], 0.4244500 secs] [Times: user=0.44 sys=0.14, real=0.43 secs] 
2013-08-04T07:03:39.454+0100: 23.937: [GC [PSYoungGen: 114048K->7894K(144384K)] 192754K->86600K(284096K), 0.0520550 secs] [Times: user=0.03 sys=0.02, real=0.05 secs] 
2013-08-04T07:03:40.523+0100: 25.007: [GC [PSYoungGen: 121942K->14706K(141632K)] 200648K->100461K(281344K), 0.0360380 secs] [Times: user=0.04 sys=0.03, real=0.04 secs] 
2013-08-04T07:03:42.104+0100: 26.588: [GC [PSYoungGen: 129394K->10330K(143232K)] 215149K->108467K(282944K), 0.0880940 secs] [Times: user=0.01 sys=0.08, real=0.09 secs] 
2013-08-04T07:03:44.335+0100: 28.819: [GC [PSYoungGen: 125018K->11730K(143040K)] 223155K->119286K(282752K), 0.0800850 secs] [Times: user=0.03 sys=0.11, real=0.08 secs] 
2013-08-04T07:04:04.160+0100: 48.644: [GC [PSYoungGen: 130258K->11450K(144960K)] 237814K->129826K(284672K), 0.0920980 secs] [Times: user=0.06 sys=0.07, real=0.09 secs] 
2013-08-04T07:07:18.999+0100: 243.486: [GC [PSYoungGen: 129978K->16979K(147904K)] 248354K->143439K(287616K), 0.0840890 secs] [Times: user=0.04 sys=0.06, real=0.08 secs] 
2013-08-04T07:07:19.087+0100: 243.571: [Full GC [PSYoungGen: 16979K->0K(147904K)] [ParOldGen: 126459K->131816K(206016K)] 143439K->131816K(353920K) [PSPermGen: 34758K->34686K(49664K)], 0.8569100 secs] [Times: user=0.50 sys=0.43, real=0.86 secs] 
2013-08-04T07:07:23.696+0100: 248.179: [GC [PSYoungGen: 122880K->8955K(148544K)] 254696K->140772K(354560K), 0.0680720 secs] [Times: user=0.04 sys=0.04, real=0.07 secs] 
2013-08-04T07:07:33.454+0100: 257.938: [GC [PSYoungGen: 131835K->3968K(148864K)] 263652K->143497K(354880K), 0.0600640 secs] [Times: user=0.05 sys=0.04, real=0.06 secs] 
2013-08-04T07:07:42.928+0100: 267.412: [GC [PSYoungGen: 127680K->4176K(149184K)] 267209K->143921K(355200K), 0.0600640 secs] [Times: user=0.02 sys=0.03, real=0.06 secs] 
2013-08-04T07:07:59.233+0100: 283.717: [GC [PSYoungGen: 127888K->3888K(148928K)] 267633K->144405K(354944K), 0.0400420 secs] [Times: user=0.03 sys=0.00, real=0.04 secs] 
2013-08-04T07:08:55.493+0100: 339.977: [GC [PSYoungGen: 127728K->921K(149120K)] 268245K->141439K(355136K), 0.0120130 secs] [Times: user=0.02 sys=0.00, real=0.01 secs] 
2013-08-04T07:08:55.969+0100: 340.453: [GC [PSYoungGen: 124761K->1169K(149312K)] 265279K->141687K(355328K), 0.0120130 secs] [Times: user=0.01 sys=0.01, real=0.01 secs] 
2013-08-04T07:08:56.290+0100: 340.774: [GC [PSYoungGen: 125201K->1280K(125376K)] 265719K->141797K(331392K), 0.0120130 secs] [Times: user=0.00 sys=0.01, real=0.01 secs] 
2013-08-04T07:08:56.646+0100: 341.134: [GC [PSYoungGen: 125312K->1297K(149504K)] 265829K->141918K(355520K), 0.0120120 secs] [Times: user=0.02 sys=0.01, real=0.01 secs] 
Heap
 PSYoungGen      total 149504K, used 91064K [0xa8ba0000, 0xb3640000, 0xb3640000)
  eden space 124672K, 72% used [0xa8ba0000,0xae349c58,0xb0560000)
  from space 24832K, 5% used [0xb1d20000,0xb1e64400,0xb3560000)
  to   space 24320K, 0% used [0xb0560000,0xb0560000,0xb1d20000)
 ParOldGen       total 206016K, used 140621K [0x93640000, 0x9ff70000, 0xa8ba0000)
  object space 206016K, 68% used [0x93640000,0x9bf936f0,0x9ff70000)
 PSPermGen       total 49664K, used 35582K [0x83640000, 0x866c0000, 0x93640000)
  object space 49664K, 71% used [0x83640000,0x858ff8e8,0x866c0000)
