2013-08-04T05:11:26.670+0100: 2.334: [GC [PSYoungGen: 32768K->5433K(38208K)] 32768K->6434K(125632K), 0.0600640 secs] [Times: user=0.03 sys=0.02, real=0.06 secs] 
2013-08-04T05:11:27.455+0100: 3.119: [GC [PSYoungGen: 38201K->5427K(70976K)] 39202K->8173K(158400K), 0.0360390 secs] [Times: user=0.03 sys=0.03, real=0.04 secs] 
2013-08-04T05:11:29.489+0100: 5.153: [GC [PSYoungGen: 70963K->5426K(70976K)] 73709K->15582K(158400K), 0.1121190 secs] [Times: user=0.01 sys=0.17, real=0.11 secs] 
2013-08-04T05:11:30.386+0100: 6.050: [GC [PSYoungGen: 70962K->5429K(136512K)] 81118K->17731K(223936K), 0.0720770 secs] [Times: user=0.01 sys=0.07, real=0.07 secs] 
2013-08-04T05:11:34.555+0100: 10.219: [GC [PSYoungGen: 119829K->5439K(136512K)] 132131K->35621K(223936K), 0.2322460 secs] [Times: user=0.10 sys=0.22, real=0.23 secs] 
2013-08-04T05:11:34.787+0100: 10.451: [Full GC (System) [PSYoungGen: 5439K->0K(136512K)] [ParOldGen: 30182K->30339K(87424K)] 35621K->30339K(223936K) [PSPermGen: 14687K->14675K(29440K)], 0.3563780 secs] [Times: user=0.33 sys=0.09, real=0.36 secs] 
2013-08-04T05:11:37.406+0100: 13.070: [GC [PSYoungGen: 131072K->5436K(121664K)] 161411K->41088K(209088K), 0.0840890 secs] [Times: user=0.00 sys=0.08, real=0.08 secs] 
2013-08-04T05:11:38.951+0100: 14.616: [GC [PSYoungGen: 121660K->13548K(136512K)] 157312K->49200K(223936K), 0.0520550 secs] [Times: user=0.02 sys=0.03, real=0.06 secs] 
2013-08-04T05:11:41.290+0100: 16.954: [GC [PSYoungGen: 129772K->20151K(145600K)] 165424K->59864K(233024K), 0.1761870 secs] [Times: user=0.02 sys=0.16, real=0.18 secs] 
2013-08-04T05:11:42.195+0100: 17.859: [GC [PSYoungGen: 145591K->24171K(149632K)] 185304K->63884K(237056K), 0.0880930 secs] [Times: user=0.04 sys=0.06, real=0.09 secs] 
2013-08-04T05:11:43.564+0100: 19.228: [GC [PSYoungGen: 149611K->20455K(142336K)] 189324K->70498K(229760K), 0.1281360 secs] [Times: user=0.06 sys=0.14, real=0.13 secs] 
2013-08-04T05:11:46.635+0100: 22.300: [GC [PSYoungGen: 137703K->19954K(137216K)] 187746K->83032K(224640K), 0.1401490 secs] [Times: user=0.08 sys=0.14, real=0.14 secs] 
2013-08-04T05:11:47.717+0100: 23.381: [GC [PSYoungGen: 137202K->1080K(143360K)] 200280K->83386K(230784K), 0.1241320 secs] [Times: user=0.03 sys=0.17, real=0.12 secs] 
2013-08-04T05:11:47.841+0100: 23.505: [Full GC [PSYoungGen: 1080K->0K(143360K)] [ParOldGen: 82305K->78398K(141312K)] 83386K->78398K(284672K) [PSPermGen: 23357K->23349K(39680K)], 0.4564850 secs] [Times: user=0.56 sys=0.18, real=0.46 secs] 
2013-08-04T05:11:49.843+0100: 25.511: [GC [PSYoungGen: 114176K->7976K(144448K)] 192574K->86375K(285760K), 0.0200220 secs] [Times: user=0.01 sys=0.01, real=0.02 secs] 
2013-08-04T05:11:50.700+0100: 26.364: [GC [PSYoungGen: 122152K->14563K(141504K)] 200551K->100048K(282816K), 0.0680720 secs] [Times: user=0.03 sys=0.03, real=0.07 secs] 
2013-08-04T05:11:52.157+0100: 27.822: [GC [PSYoungGen: 129315K->10198K(143232K)] 214800K->107881K(284544K), 0.1361440 secs] [Times: user=0.03 sys=0.10, real=0.13 secs] 
2013-08-04T05:11:54.448+0100: 30.112: [GC [PSYoungGen: 124950K->11768K(142976K)] 222633K->118729K(284288K), 0.0800850 secs] [Times: user=0.04 sys=0.11, real=0.08 secs] 
2013-08-04T05:12:05.648+0100: 41.312: [GC [PSYoungGen: 130424K->11673K(145024K)] 237385K->129500K(286336K), 0.1241320 secs] [Times: user=0.10 sys=0.09, real=0.13 secs] 
2013-08-04T05:15:27.758+0100: 243.422: [GC [PSYoungGen: 130329K->18254K(147904K)] 248156K->144345K(289216K), 0.0760810 secs] [Times: user=0.05 sys=0.05, real=0.08 secs] 
2013-08-04T05:15:27.834+0100: 243.498: [Full GC [PSYoungGen: 18254K->0K(147904K)] [ParOldGen: 126091K->132965K(208768K)] 144345K->132965K(356672K) [PSPermGen: 34753K->34681K(49664K)], 0.9610200 secs] [Times: user=0.70 sys=0.25, real=0.96 secs] 
2013-08-04T05:15:30.501+0100: 246.165: [GC [PSYoungGen: 122624K->7158K(148672K)] 255589K->140124K(357440K), 0.0520550 secs] [Times: user=0.03 sys=0.04, real=0.06 secs] 
2013-08-04T05:15:47.323+0100: 262.987: [GC [PSYoungGen: 129782K->4121K(148480K)] 262748K->141773K(357248K), 0.0720760 secs] [Times: user=0.03 sys=0.02, real=0.07 secs] 
2013-08-04T05:15:59.236+0100: 274.900: [GC [PSYoungGen: 126745K->4416K(148672K)] 264397K->144768K(357440K), 0.0640680 secs] [Times: user=0.03 sys=0.04, real=0.06 secs] 
2013-08-04T05:16:30.941+0100: 306.605: [GC [PSYoungGen: 127040K->3872K(148096K)] 267392K->144304K(356864K), 0.0280300 secs] [Times: user=0.04 sys=0.00, real=0.03 secs] 
2013-08-04T05:17:07.288+0100: 342.952: [GC [PSYoungGen: 126624K->848K(148416K)] 267056K->141281K(357184K), 0.0120120 secs] [Times: user=0.01 sys=0.00, real=0.02 secs] 
2013-08-04T05:17:08.037+0100: 343.701: [GC [PSYoungGen: 123600K->1456K(148672K)] 264033K->141889K(357440K), 0.0120130 secs] [Times: user=0.02 sys=0.01, real=0.01 secs] 
2013-08-04T05:17:08.317+0100: 343.981: [GC [PSYoungGen: 124720K->1208K(148800K)] 265153K->141640K(357568K), 0.0080080 secs] [Times: user=0.01 sys=0.00, real=0.01 secs] 
2013-08-04T05:17:08.649+0100: 344.313: [GC [PSYoungGen: 124472K->1304K(148288K)] 264904K->141736K(357056K), 0.0080090 secs] [Times: user=0.02 sys=0.01, real=0.01 secs] 
Heap
 PSYoungGen      total 148288K, used 71745K [0xa8ba0000, 0xb34c0000, 0xb3640000)
  eden space 124032K, 56% used [0xa8ba0000,0xad06a548,0xb04c0000)
  from space 24256K, 5% used [0xb1d10000,0xb1e56030,0xb34c0000)
  to   space 24576K, 0% used [0xb04c0000,0xb04c0000,0xb1cc0000)
 ParOldGen       total 208768K, used 140432K [0x93640000, 0xa0220000, 0xa8ba0000)
  object space 208768K, 67% used [0x93640000,0x9bf640a8,0xa0220000)
 PSPermGen       total 49664K, used 35344K [0x83640000, 0x866c0000, 0x93640000)
  object space 49664K, 71% used [0x83640000,0x858c42f0,0x866c0000)
