2013-08-05T13:48:51.028+0100: 6.375: [GC [PSYoungGen: 131072K->18263K(152896K)] 131072K->18267K(502464K), 0.1441530 secs] [Times: user=0.05 sys=0.14, real=0.15 secs] 
2013-08-05T13:48:53.575+0100: 8.921: [GC [PSYoungGen: 149335K->16751K(152896K)] 149339K->16755K(502464K), 0.3323530 secs] [Times: user=0.20 sys=0.31, real=0.33 secs] 
2013-08-05T13:48:56.342+0100: 11.688: [GC [PSYoungGen: 79080K->21821K(152896K)] 79084K->29629K(502464K), 0.1841950 secs] [Times: user=0.10 sys=0.08, real=0.18 secs] 
2013-08-05T13:48:56.526+0100: 11.873: [Full GC (System) [PSYoungGen: 21821K->0K(152896K)] [ParOldGen: 7807K->29402K(349568K)] 29629K->29402K(502464K) [PSPermGen: 14683K->14670K(29440K)], 0.3603830 secs] [Times: user=0.19 sys=0.22, real=0.36 secs] 
2013-08-05T13:48:58.404+0100: 13.751: [GC [PSYoungGen: 131072K->10767K(152896K)] 160474K->40169K(502464K), 0.0280290 secs] [Times: user=0.03 sys=0.01, real=0.03 secs] 
2013-08-05T13:49:00.206+0100: 15.553: [GC [PSYoungGen: 141839K->18830K(152896K)] 171241K->48232K(502464K), 0.0240260 secs] [Times: user=0.03 sys=0.01, real=0.02 secs] 
2013-08-05T13:49:02.921+0100: 18.267: [GC [PSYoungGen: 149902K->21812K(128960K)] 179304K->59709K(478528K), 0.1441530 secs] [Times: user=0.04 sys=0.12, real=0.15 secs] 
2013-08-05T13:49:04.022+0100: 19.369: [GC [PSYoungGen: 128948K->24480K(131648K)] 166845K->62378K(481216K), 0.0600640 secs] [Times: user=0.06 sys=0.03, real=0.06 secs] 
2013-08-05T13:49:05.243+0100: 20.590: [GC [PSYoungGen: 131616K->28844K(137216K)] 169514K->66741K(486784K), 0.0400420 secs] [Times: user=0.04 sys=0.02, real=0.04 secs] 
2013-08-05T13:49:09.236+0100: 24.582: [GC [PSYoungGen: 132140K->30030K(133376K)] 170037K->79609K(482944K), 0.1641740 secs] [Times: user=0.16 sys=0.11, real=0.16 secs] 
2013-08-05T13:49:10.541+0100: 25.887: [GC [PSYoungGen: 133326K->19790K(138176K)] 182905K->81652K(487744K), 0.1561660 secs] [Times: user=0.05 sys=0.10, real=0.16 secs] 
2013-08-05T13:49:11.418+0100: 26.764: [GC [PSYoungGen: 120526K->5017K(105792K)] 182388K->82113K(455360K), 0.1361450 secs] [Times: user=0.04 sys=0.14, real=0.14 secs] 
2013-08-05T13:49:12.755+0100: 28.102: [GC [PSYoungGen: 105753K->13894K(137088K)] 182849K->95771K(486656K), 0.0920970 secs] [Times: user=0.04 sys=0.04, real=0.09 secs] 
2013-08-05T13:49:14.401+0100: 29.748: [GC [PSYoungGen: 112838K->11059K(136576K)] 194715K->104409K(486144K), 0.1161240 secs] [Times: user=0.03 sys=0.11, real=0.12 secs] 
2013-08-05T13:49:16.203+0100: 31.549: [GC [PSYoungGen: 110003K->8456K(137280K)] 203353K->111732K(486848K), 0.1521610 secs] [Times: user=0.02 sys=0.16, real=0.15 secs] 
2013-08-05T13:49:18.846+0100: 34.192: [GC [PSYoungGen: 108296K->10181K(137280K)] 211572K->121069K(486848K), 0.1561660 secs] [Times: user=0.01 sys=0.09, real=0.16 secs] 
2013-08-05T13:49:21.685+0100: 37.031: [GC [PSYoungGen: 110021K->10426K(138560K)] 220909K->130643K(488128K), 0.2362510 secs] [Times: user=0.11 sys=0.15, real=0.23 secs] 
2013-08-05T13:52:47.844+0100: 243.190: [GC [PSYoungGen: 112058K->1330K(137792K)] 232275K->131317K(487360K), 0.1241320 secs] [Times: user=0.08 sys=0.02, real=0.12 secs] 
2013-08-05T13:52:51.504+0100: 246.854: [GC [PSYoungGen: 102962K->24653K(135232K)] 232949K->155902K(484800K), 0.0520550 secs] [Times: user=0.01 sys=0.05, real=0.05 secs] 
2013-08-05T13:52:55.636+0100: 250.982: [GC [PSYoungGen: 123085K->4408K(136576K)] 254334K->156802K(486144K), 0.1721830 secs] [Times: user=0.12 sys=0.06, real=0.18 secs] 
2013-08-05T13:53:06.271+0100: 261.618: [GC [PSYoungGen: 102840K->3720K(137152K)] 255234K->159990K(486720K), 0.0760810 secs] [Times: user=0.06 sys=0.04, real=0.07 secs] 
2013-08-05T13:53:15.705+0100: 271.052: [GC [PSYoungGen: 102920K->3488K(136768K)] 259190K->160158K(486336K), 0.0720760 secs] [Times: user=0.07 sys=0.04, real=0.08 secs] 
2013-08-05T13:53:25.892+0100: 281.238: [GC [PSYoungGen: 102688K->3296K(138560K)] 259358K->160402K(488128K), 0.0280300 secs] [Times: user=0.03 sys=0.02, real=0.03 secs] 
2013-08-05T13:54:29.676+0100: 345.022: [GC [PSYoungGen: 104928K->1129K(137792K)] 262034K->158343K(487360K), 0.0480510 secs] [Times: user=0.03 sys=0.02, real=0.05 secs] 
2013-08-05T13:54:30.625+0100: 345.971: [GC [PSYoungGen: 102761K->496K(139904K)] 259975K->158237K(489472K), 0.0160170 secs] [Times: user=0.02 sys=0.00, real=0.01 secs] 
2013-08-05T13:54:31.201+0100: 346.548: [GC [PSYoungGen: 104880K->288K(139200K)] 262621K->158439K(488768K), 0.0360390 secs] [Times: user=0.03 sys=0.00, real=0.04 secs] 
2013-08-05T13:54:31.566+0100: 346.912: [GC [PSYoungGen: 104672K->128K(141824K)] 262823K->158542K(491392K), 0.0160170 secs] [Times: user=0.02 sys=0.00, real=0.01 secs] 
2013-08-05T13:54:31.962+0100: 347.309: [GC [PSYoungGen: 108032K->176K(140800K)] 266446K->158686K(490368K), 0.0080080 secs] [Times: user=0.01 sys=0.00, real=0.01 secs] 
Heap
 PSYoungGen      total 140800K, used 81079K [0xa8ba0000, 0xb3640000, 0xb3640000)
  eden space 107904K, 74% used [0xa8ba0000,0xadaa1c28,0xaf500000)
  from space 32896K, 0% used [0xaf500000,0xaf52c000,0xb1520000)
  to   space 31680K, 0% used [0xb1750000,0xb1750000,0xb3640000)
 ParOldGen       total 349568K, used 158510K [0x93640000, 0xa8ba0000, 0xa8ba0000)
  object space 349568K, 45% used [0x93640000,0x9d10b858,0xa8ba0000)
 PSPermGen       total 35456K, used 35335K [0x83640000, 0x858e0000, 0x93640000)
  object space 35456K, 99% used [0x83640000,0x858c1f70,0x858e0000)
