2013-08-04T05:18:08.453+0100: 1.986: [GC [PSYoungGen: 32768K->5433K(38208K)] 32768K->6430K(125632K), 0.0400430 secs] [Times: user=0.01 sys=0.03, real=0.04 secs] 
2013-08-04T05:18:09.554+0100: 3.087: [GC [PSYoungGen: 38201K->5426K(70976K)] 39198K->8167K(158400K), 0.0640680 secs] [Times: user=0.00 sys=0.09, real=0.06 secs] 
2013-08-04T05:18:12.049+0100: 5.582: [GC [PSYoungGen: 70962K->5436K(70976K)] 73703K->15827K(158400K), 0.0760800 secs] [Times: user=0.04 sys=0.06, real=0.07 secs] 
2013-08-04T05:18:12.717+0100: 6.251: [GC [PSYoungGen: 70972K->5425K(136512K)] 81363K->17915K(223936K), 0.0520560 secs] [Times: user=0.03 sys=0.05, real=0.05 secs] 
2013-08-04T05:18:15.837+0100: 9.370: [GC [PSYoungGen: 119872K->5430K(136512K)] 132362K->35950K(223936K), 0.1361450 secs] [Times: user=0.05 sys=0.20, real=0.14 secs] 
2013-08-04T05:18:15.973+0100: 9.506: [Full GC (System) [PSYoungGen: 5430K->0K(136512K)] [ParOldGen: 30519K->30337K(87424K)] 35950K->30337K(223936K) [PSPermGen: 14686K->14673K(29440K)], 0.2082210 secs] [Times: user=0.17 sys=0.12, real=0.21 secs] 
2013-08-04T05:18:18.527+0100: 12.061: [GC [PSYoungGen: 131072K->5437K(121280K)] 161409K->40740K(208704K), 0.0560600 secs] [Times: user=0.03 sys=0.06, real=0.06 secs] 
2013-08-04T05:18:20.305+0100: 13.839: [GC [PSYoungGen: 121277K->13878K(136512K)] 156580K->49182K(223936K), 0.0280300 secs] [Times: user=0.02 sys=0.00, real=0.03 secs] 
2013-08-04T05:18:21.979+0100: 15.512: [GC [PSYoungGen: 129718K->20601K(144512K)] 165022K->60466K(231936K), 0.1361440 secs] [Times: user=0.07 sys=0.17, real=0.14 secs] 
2013-08-04T05:18:22.924+0100: 16.457: [GC [PSYoungGen: 144505K->24656K(148608K)] 184370K->64521K(236032K), 0.0920970 secs] [Times: user=0.10 sys=0.06, real=0.10 secs] 
2013-08-04T05:18:23.765+0100: 17.298: [GC [PSYoungGen: 148560K->19115K(142976K)] 188425K->69666K(230400K), 0.1041110 secs] [Times: user=0.06 sys=0.09, real=0.11 secs] 
2013-08-04T05:18:26.148+0100: 19.681: [GC [PSYoungGen: 135979K->19643K(136512K)] 186530K->83377K(223936K), 0.1401490 secs] [Times: user=0.11 sys=0.11, real=0.14 secs] 
2013-08-04T05:18:26.952+0100: 20.486: [GC [PSYoungGen: 136507K->1056K(143296K)] 200241K->83676K(230720K), 0.1601700 secs] [Times: user=0.09 sys=0.12, real=0.16 secs] 
2013-08-04T05:18:27.113+0100: 20.646: [Full GC [PSYoungGen: 1056K->0K(143296K)] [ParOldGen: 82619K->78419K(144576K)] 83676K->78419K(287872K) [PSPermGen: 23352K->23343K(39680K)], 0.8008500 secs] [Times: user=0.32 sys=0.62, real=0.80 secs] 
2013-08-04T05:18:29.039+0100: 22.572: [GC [PSYoungGen: 114048K->7365K(144384K)] 192467K->85785K(288960K), 0.0120130 secs] [Times: user=0.02 sys=0.00, real=0.01 secs] 
2013-08-04T05:18:29.623+0100: 23.157: [GC [PSYoungGen: 121413K->14651K(141504K)] 199833K->99668K(286080K), 0.0280300 secs] [Times: user=0.02 sys=0.03, real=0.02 secs] 
2013-08-04T05:18:30.973+0100: 24.506: [GC [PSYoungGen: 129147K->10402K(143168K)] 214164K->107614K(287744K), 0.1081150 secs] [Times: user=0.08 sys=0.09, real=0.11 secs] 
2013-08-04T05:18:33.023+0100: 26.556: [GC [PSYoungGen: 124898K->11708K(142912K)] 222110K->118420K(287488K), 0.0600640 secs] [Times: user=0.05 sys=0.07, real=0.07 secs] 
2013-08-04T05:18:35.822+0100: 29.355: [GC [PSYoungGen: 130044K->23055K(144832K)] 236756K->129767K(289408K), 0.0840890 secs] [Times: user=0.05 sys=0.04, real=0.08 secs] 
2013-08-04T05:22:09.785+0100: 243.318: [GC [PSYoungGen: 141391K->28856K(135488K)] 248103K->138781K(280064K), 0.1041110 secs] [Times: user=0.05 sys=0.08, real=0.10 secs] 
2013-08-04T05:22:11.531+0100: 245.064: [GC [PSYoungGen: 135480K->25177K(131840K)] 245405K->150495K(276416K), 0.1601700 secs] [Times: user=0.05 sys=0.14, real=0.16 secs] 
2013-08-04T05:22:11.691+0100: 245.228: [Full GC [PSYoungGen: 25177K->0K(131840K)] [ParOldGen: 125318K->136372K(221056K)] 150495K->136372K(352896K) [PSPermGen: 35038K->34808K(49664K)], 0.7247690 secs] [Times: user=0.69 sys=0.35, real=0.72 secs] 
2013-08-04T05:42:23.814+0100: 1457.347: [GC [PSYoungGen: 106624K->4688K(138752K)] 242996K->141061K(359808K), 0.0320180 secs] [Times: user=0.02 sys=0.02, real=0.04 secs] 
2013-08-04T05:42:31.331+0100: 1464.868: [GC [PSYoungGen: 107728K->5808K(108864K)] 244101K->142181K(329920K), 0.0440470 secs] [Times: user=0.04 sys=0.03, real=0.04 secs] 
2013-08-04T05:42:39.856+0100: 1473.389: [GC [PSYoungGen: 108848K->6216K(139392K)] 245221K->142589K(360448K), 0.0560600 secs] [Times: user=0.06 sys=0.02, real=0.06 secs] 
2013-08-04T05:42:47.824+0100: 1481.358: [GC [PSYoungGen: 110088K->6560K(110464K)] 246461K->142933K(331520K), 0.0720760 secs] [Times: user=0.07 sys=0.03, real=0.08 secs] 
2013-08-04T05:42:57.386+0100: 1490.920: [GC [PSYoungGen: 110432K->6352K(139200K)] 246805K->142725K(360256K), 0.0640680 secs] [Times: user=0.03 sys=0.01, real=0.06 secs] 
2013-08-04T05:43:04.954+0100: 1498.488: [GC [PSYoungGen: 111632K->6568K(138304K)] 248005K->142941K(359360K), 0.0320340 secs] [Times: user=0.03 sys=0.00, real=0.03 secs] 
2013-08-04T05:43:11.433+0100: 1504.967: [GC [PSYoungGen: 111848K->7126K(140480K)] 248221K->143499K(361536K), 0.0720760 secs] [Times: user=0.05 sys=0.00, real=0.07 secs] 
2013-08-04T05:43:18.745+0100: 1512.278: [GC [PSYoungGen: 116118K->6808K(139712K)] 252491K->143181K(360768K), 0.0560600 secs] [Times: user=0.05 sys=0.01, real=0.06 secs] 
2013-08-04T05:43:25.280+0100: 1518.813: [GC [PSYoungGen: 115800K->7168K(142720K)] 252173K->143541K(363776K), 0.0920980 secs] [Times: user=0.05 sys=0.05, real=0.09 secs] 
2013-08-04T05:43:32.520+0100: 1526.053: [GC [PSYoungGen: 120960K->7072K(142080K)] 257333K->143445K(363136K), 0.0320340 secs] [Times: user=0.03 sys=0.01, real=0.04 secs] 
2013-08-04T05:43:39.955+0100: 1533.489: [GC [PSYoungGen: 120864K->7388K(145152K)] 257237K->143761K(366208K), 0.0320340 secs] [Times: user=0.04 sys=0.02, real=0.04 secs] 
2013-08-04T05:43:47.936+0100: 1541.469: [GC [PSYoungGen: 126172K->7320K(144640K)] 262545K->143693K(365696K), 0.0320340 secs] [Times: user=0.04 sys=0.01, real=0.03 secs] 
2013-08-04T05:43:56.929+0100: 1550.463: [GC [PSYoungGen: 126104K->7296K(147776K)] 262477K->143668K(368832K), 0.0320340 secs] [Times: user=0.04 sys=0.02, real=0.03 secs] 
2013-08-04T05:44:43.615+0100: 1597.148: [GC [PSYoungGen: 130880K->5496K(147200K)] 267252K->141869K(368256K), 0.0480510 secs] [Times: user=0.05 sys=0.03, real=0.05 secs] 
2013-08-04T05:46:10.195+0100: 1683.728: [GC [PSYoungGen: 129080K->3025K(148608K)] 265453K->139398K(369664K), 0.0320340 secs] [Times: user=0.04 sys=0.03, real=0.03 secs] 
2013-08-04T05:46:11.308+0100: 1684.841: [GC [PSYoungGen: 129745K->1561K(149184K)] 266118K->139875K(370240K), 0.0160170 secs] [Times: user=0.03 sys=0.00, real=0.02 secs] 
2013-08-04T05:46:11.845+0100: 1685.378: [GC [PSYoungGen: 128281K->1688K(151168K)] 266595K->140053K(372224K), 0.0160170 secs] [Times: user=0.01 sys=0.01, real=0.02 secs] 
2013-08-04T05:46:12.161+0100: 1685.694: [GC [PSYoungGen: 131672K->1721K(151808K)] 270037K->140106K(372864K), 0.0120130 secs] [Times: user=0.02 sys=0.01, real=0.01 secs] 
Heap
 PSYoungGen      total 151808K, used 127265K [0xa8b40000, 0xb3560000, 0xb35e0000)
  eden space 129984K, 96% used [0xa8b40000,0xb05da370,0xb0a30000)
  from space 21824K, 7% used [0xb0a30000,0xb0bde438,0xb1f80000)
  to   space 21248K, 0% used [0xb20a0000,0xb20a0000,0xb3560000)
 ParOldGen       total 221056K, used 138385K [0x935e0000, 0xa0dc0000, 0xa8b40000)
  object space 221056K, 62% used [0x935e0000,0x9bd04600,0xa0dc0000)
 PSPermGen       total 49664K, used 35295K [0x835e0000, 0x86660000, 0x935e0000)
  object space 49664K, 71% used [0x835e0000,0x85857d68,0x86660000)
