2013-08-04T07:09:56.518+0100: 1.702: [GC [PSYoungGen: 32768K->5427K(38208K)] 32768K->6442K(125632K), 0.0760810 secs] [Times: user=0.03 sys=0.05, real=0.08 secs] 
2013-08-04T07:09:57.811+0100: 2.995: [GC [PSYoungGen: 38195K->5427K(70976K)] 39210K->8184K(158400K), 0.0400430 secs] [Times: user=0.02 sys=0.04, real=0.04 secs] 
2013-08-04T07:10:00.001+0100: 5.186: [GC [PSYoungGen: 70963K->5431K(70976K)] 73720K->15707K(158400K), 0.0600640 secs] [Times: user=0.04 sys=0.07, real=0.06 secs] 
2013-08-04T07:10:00.846+0100: 6.030: [GC [PSYoungGen: 70967K->5425K(136512K)] 81243K->17851K(223936K), 0.1121190 secs] [Times: user=0.05 sys=0.07, real=0.11 secs] 
2013-08-04T07:10:04.883+0100: 10.067: [GC [PSYoungGen: 121567K->5427K(136512K)] 133992K->35727K(223936K), 0.1962080 secs] [Times: user=0.07 sys=0.23, real=0.20 secs] 
2013-08-04T07:10:05.079+0100: 10.263: [Full GC (System) [PSYoungGen: 5427K->0K(136512K)] [ParOldGen: 30299K->30241K(87424K)] 35727K->30241K(223936K) [PSPermGen: 14653K->14641K(29440K)], 0.4164420 secs] [Times: user=0.25 sys=0.12, real=0.42 secs] 
2013-08-04T07:10:07.742+0100: 12.926: [GC [PSYoungGen: 131072K->5435K(121536K)] 161313K->40770K(208960K), 0.0800850 secs] [Times: user=0.03 sys=0.07, real=0.08 secs] 
2013-08-04T07:10:09.692+0100: 14.876: [GC [PSYoungGen: 121531K->13747K(136512K)] 156866K->49082K(223936K), 0.0120130 secs] [Times: user=0.03 sys=0.00, real=0.01 secs] 
2013-08-04T07:10:11.373+0100: 16.558: [GC [PSYoungGen: 129843K->20343K(144768K)] 165178K->60302K(232192K), 0.2402550 secs] [Times: user=0.04 sys=0.17, real=0.24 secs] 
2013-08-04T07:10:12.278+0100: 17.463: [GC [PSYoungGen: 144759K->23735K(148160K)] 184718K->63694K(235584K), 0.0720770 secs] [Times: user=0.07 sys=0.06, real=0.07 secs] 
2013-08-04T07:10:13.171+0100: 18.355: [GC [PSYoungGen: 148151K->19846K(143808K)] 188110K->70183K(231232K), 0.1761870 secs] [Times: user=0.08 sys=0.11, real=0.18 secs] 
2013-08-04T07:10:16.219+0100: 21.403: [GC [PSYoungGen: 137094K->19987K(137280K)] 187431K->83156K(224704K), 0.1561660 secs] [Times: user=0.05 sys=0.15, real=0.15 secs] 
2013-08-04T07:10:17.176+0100: 22.360: [GC [PSYoungGen: 137235K->1072K(143360K)] 200404K->83468K(230784K), 0.2883060 secs] [Times: user=0.05 sys=0.15, real=0.29 secs] 
2013-08-04T07:10:17.464+0100: 22.648: [Full GC [PSYoungGen: 1072K->0K(143360K)] [ParOldGen: 82395K->78662K(141440K)] 83468K->78662K(284800K) [PSPermGen: 23362K->23353K(39680K)], 0.7327780 secs] [Times: user=0.54 sys=0.14, real=0.73 secs] 
2013-08-04T07:10:19.426+0100: 24.610: [GC [PSYoungGen: 114176K->7881K(144448K)] 192838K->86544K(285888K), 0.0360380 secs] [Times: user=0.03 sys=0.04, real=0.04 secs] 
2013-08-04T07:10:20.083+0100: 25.267: [GC [PSYoungGen: 122057K->14564K(141504K)] 200720K->100242K(282944K), 0.0400420 secs] [Times: user=0.03 sys=0.04, real=0.04 secs] 
2013-08-04T07:10:21.340+0100: 26.524: [GC [PSYoungGen: 129316K->10268K(143232K)] 214994K->108171K(284672K), 0.0840890 secs] [Times: user=0.04 sys=0.09, real=0.09 secs] 
2013-08-04T07:10:23.382+0100: 28.566: [GC [PSYoungGen: 125020K->11964K(142848K)] 222923K->119227K(284288K), 0.1361440 secs] [Times: user=0.06 sys=0.11, real=0.14 secs] 
2013-08-04T07:10:40.777+0100: 45.961: [GC [PSYoungGen: 130620K->11490K(144960K)] 237883K->129821K(286400K), 0.1761870 secs] [Times: user=0.12 sys=0.15, real=0.17 secs] 
2013-08-04T07:13:58.394+0100: 243.579: [GC [PSYoungGen: 130146K->18098K(148032K)] 248477K->144536K(289472K), 0.0760800 secs] [Times: user=0.07 sys=0.06, real=0.08 secs] 
2013-08-04T07:13:58.471+0100: 243.655: [Full GC [PSYoungGen: 18098K->0K(148032K)] [ParOldGen: 126438K->132656K(210432K)] 144536K->132656K(358464K) [PSPermGen: 34836K->34734K(49664K)], 0.6526930 secs] [Times: user=0.57 sys=0.31, real=0.65 secs] 
2013-08-04T07:14:02.046+0100: 247.230: [GC [PSYoungGen: 122752K->11493K(134272K)] 255408K->144150K(344704K), 0.0440460 secs] [Times: user=0.03 sys=0.02, real=0.04 secs] 
2013-08-04T07:14:13.847+0100: 259.035: [GC [PSYoungGen: 134245K->4352K(148096K)] 266902K->146841K(358528K), 0.0560590 secs] [Times: user=0.07 sys=0.03, real=0.06 secs] 
2013-08-04T07:14:27.321+0100: 272.505: [GC [PSYoungGen: 127424K->4368K(148480K)] 269913K->147765K(358912K), 0.0880930 secs] [Times: user=0.05 sys=0.05, real=0.09 secs] 
2013-08-04T07:14:37.268+0100: 282.452: [GC [PSYoungGen: 127440K->4896K(148800K)] 270837K->148293K(359232K), 0.0240250 secs] [Times: user=0.03 sys=0.01, real=0.03 secs] 
2013-08-04T07:14:47.651+0100: 292.839: [GC [PSYoungGen: 128800K->5504K(149056K)] 272197K->148901K(359488K), 0.0760810 secs] [Times: user=0.06 sys=0.03, real=0.08 secs] 
2013-08-04T07:14:57.793+0100: 302.978: [GC [PSYoungGen: 129408K->5632K(148672K)] 272805K->149029K(359104K), 0.0640680 secs] [Times: user=0.04 sys=0.05, real=0.06 secs] 
2013-08-04T07:15:08.225+0100: 313.409: [GC [PSYoungGen: 130560K->5728K(148992K)] 273957K->149125K(359424K), 0.0640680 secs] [Times: user=0.04 sys=0.03, real=0.06 secs] 
2013-08-04T07:15:18.355+0100: 323.539: [GC [PSYoungGen: 130656K->6064K(149376K)] 274053K->149461K(359808K), 0.0440470 secs] [Times: user=0.01 sys=0.04, real=0.04 secs] 
2013-08-04T07:15:28.094+0100: 333.278: [GC [PSYoungGen: 133360K->5864K(149824K)] 276757K->149261K(360256K), 0.0320340 secs] [Times: user=0.04 sys=0.01, real=0.03 secs] 
2013-08-04T07:15:38.753+0100: 343.937: [GC [PSYoungGen: 133160K->6352K(150720K)] 276557K->149749K(361152K), 0.0320340 secs] [Times: user=0.04 sys=0.00, real=0.03 secs] 
2013-08-04T07:16:45.744+0100: 410.928: [GC [PSYoungGen: 136766K->4343K(151296K)] 280164K->147740K(361728K), 0.0240250 secs] [Times: user=0.03 sys=0.01, real=0.03 secs] 
2013-08-04T07:17:17.406+0100: 442.590: [GC [PSYoungGen: 134775K->1248K(153664K)] 278172K->144645K(364096K), 0.0240250 secs] [Times: user=0.03 sys=0.02, real=0.03 secs] 
2013-08-04T07:17:18.114+0100: 443.299: [GC [PSYoungGen: 134752K->1464K(153792K)] 278149K->144862K(364224K), 0.0280300 secs] [Times: user=0.02 sys=0.01, real=0.03 secs] 
2013-08-04T07:17:18.675+0100: 443.859: [GC [PSYoungGen: 134968K->1512K(153792K)] 278366K->144910K(364224K), 0.0080080 secs] [Times: user=0.02 sys=0.01, real=0.01 secs] 
2013-08-04T07:17:19.188+0100: 444.372: [GC [PSYoungGen: 135912K->1672K(154048K)] 279310K->145070K(364480K), 0.0160170 secs] [Times: user=0.02 sys=0.00, real=0.02 secs] 
Heap
 PSYoungGen      total 154048K, used 27435K [0xa8ba0000, 0xb3560000, 0xb3640000)
  eden space 134400K, 19% used [0xa8ba0000,0xaa4c8848,0xb0ee0000)
  from space 19648K, 8% used [0xb0ee0000,0xb10823d0,0xb2210000)
  to   space 19072K, 0% used [0xb22c0000,0xb22c0000,0xb3560000)
 ParOldGen       total 210432K, used 143397K [0x93640000, 0xa03c0000, 0xa8ba0000)
  object space 210432K, 68% used [0x93640000,0x9c249668,0xa03c0000)
 PSPermGen       total 49664K, used 35258K [0x83640000, 0x866c0000, 0x93640000)
  object space 49664K, 70% used [0x83640000,0x858ae868,0x866c0000)
