2013-08-04T04:40:38.469+0100: 2.074: [GC [PSYoungGen: 32768K->5427K(38208K)] 32768K->6424K(125632K), 0.0520560 secs] [Times: user=0.02 sys=0.04, real=0.05 secs] 
2013-08-04T04:40:39.634+0100: 3.239: [GC [PSYoungGen: 38195K->5433K(70976K)] 39192K->8150K(158400K), 0.0400430 secs] [Times: user=0.04 sys=0.03, real=0.04 secs] 
2013-08-04T04:40:42.064+0100: 5.670: [GC [PSYoungGen: 70969K->5435K(70976K)] 73686K->15442K(158400K), 0.0920980 secs] [Times: user=0.02 sys=0.12, real=0.09 secs] 
2013-08-04T04:40:42.981+0100: 6.587: [GC [PSYoungGen: 70971K->5426K(136512K)] 80978K->17619K(223936K), 0.1681790 secs] [Times: user=0.03 sys=0.10, real=0.17 secs] 
2013-08-04T04:40:46.349+0100: 9.955: [GC [PSYoungGen: 121569K->5436K(136512K)] 133761K->35401K(223936K), 0.2362510 secs] [Times: user=0.04 sys=0.14, real=0.24 secs] 
2013-08-04T04:40:46.585+0100: 10.191: [Full GC (System) [PSYoungGen: 5436K->0K(136512K)] [ParOldGen: 29964K->30239K(87424K)] 35401K->30239K(223936K) [PSPermGen: 14651K->14638K(29440K)], 0.2843020 secs] [Times: user=0.25 sys=0.15, real=0.28 secs] 
2013-08-04T04:40:48.547+0100: 12.153: [GC [PSYoungGen: 131072K->5430K(121856K)] 161311K->41112K(209280K), 0.0680720 secs] [Times: user=0.06 sys=0.06, real=0.07 secs] 
2013-08-04T04:40:50.565+0100: 14.171: [GC [PSYoungGen: 121846K->13490K(136512K)] 157528K->49172K(223936K), 0.0200210 secs] [Times: user=0.02 sys=0.02, real=0.02 secs] 
2013-08-04T04:40:52.744+0100: 16.349: [GC [PSYoungGen: 129906K->19958K(145664K)] 165588K->60011K(233088K), 0.2482630 secs] [Times: user=0.09 sys=0.20, real=0.25 secs] 
2013-08-04T04:40:53.989+0100: 17.595: [GC [PSYoungGen: 145654K->23915K(149632K)] 185707K->63968K(237056K), 0.0560600 secs] [Times: user=0.03 sys=0.06, real=0.05 secs] 
2013-08-04T04:40:55.066+0100: 18.672: [GC [PSYoungGen: 149611K->21086K(142208K)] 189664K->71198K(229632K), 0.1241310 secs] [Times: user=0.06 sys=0.10, real=0.13 secs] 
2013-08-04T04:40:57.469+0100: 21.074: [GC [PSYoungGen: 138206K->19797K(136960K)] 188318K->83034K(224384K), 0.1241310 secs] [Times: user=0.08 sys=0.14, real=0.13 secs] 
2013-08-04T04:40:58.502+0100: 22.107: [GC [PSYoungGen: 136917K->1080K(143360K)] 200154K->83334K(230784K), 0.1041110 secs] [Times: user=0.04 sys=0.14, real=0.11 secs] 
2013-08-04T04:40:58.606+0100: 22.212: [Full GC [PSYoungGen: 1080K->0K(143360K)] [ParOldGen: 82254K->78471K(141120K)] 83334K->78471K(284480K) [PSPermGen: 23351K->23343K(39680K)], 0.4004250 secs] [Times: user=0.42 sys=0.12, real=0.40 secs] 
2013-08-04T04:41:00.316+0100: 23.921: [GC [PSYoungGen: 114176K->8518K(144448K)] 192647K->86990K(285568K), 0.0200220 secs] [Times: user=0.02 sys=0.01, real=0.02 secs] 
2013-08-04T04:41:00.961+0100: 24.570: [GC [PSYoungGen: 122694K->14404K(141632K)] 201166K->100428K(282752K), 0.1121190 secs] [Times: user=0.01 sys=0.06, real=0.12 secs] 
2013-08-04T04:41:02.274+0100: 25.879: [GC [PSYoungGen: 129284K->10110K(143232K)] 215308K->108268K(284352K), 0.0560590 secs] [Times: user=0.03 sys=0.06, real=0.06 secs] 
2013-08-04T04:41:04.468+0100: 28.074: [GC [PSYoungGen: 124990K->11972K(143232K)] 223148K->119340K(284352K), 0.0880930 secs] [Times: user=0.00 sys=0.12, real=0.09 secs] 
2013-08-04T04:41:37.996+0100: 61.605: [GC [PSYoungGen: 130884K->11245K(145152K)] 238252K->129585K(286272K), 0.1481570 secs] [Times: user=0.01 sys=0.12, real=0.15 secs] 
2013-08-04T04:44:40.121+0100: 243.727: [GC [PSYoungGen: 130157K->14777K(146368K)] 248497K->141101K(287488K), 0.0600630 secs] [Times: user=0.04 sys=0.06, real=0.06 secs] 
2013-08-04T04:44:40.181+0100: 243.787: [Full GC [PSYoungGen: 14777K->0K(146368K)] [ParOldGen: 126324K->129668K(205056K)] 141101K->129668K(351424K) [PSPermGen: 34893K->34762K(49664K)], 0.9530120 secs] [Times: user=0.56 sys=0.35, real=0.95 secs] 
2013-08-04T04:44:44.009+0100: 247.615: [GC [PSYoungGen: 123200K->13982K(147904K)] 252868K->143650K(352960K), 0.0320340 secs] [Times: user=0.03 sys=0.02, real=0.03 secs] 
2013-08-04T04:44:57.540+0100: 261.145: [GC [PSYoungGen: 137182K->4688K(150016K)] 266850K->146564K(355072K), 0.1641740 secs] [Times: user=0.11 sys=0.10, real=0.17 secs] 
2013-08-04T04:45:05.993+0100: 269.602: [GC [PSYoungGen: 130832K->6144K(150400K)] 272708K->149656K(355456K), 0.1041110 secs] [Times: user=0.13 sys=0.04, real=0.10 secs] 
2013-08-04T04:45:16.207+0100: 279.813: [GC [PSYoungGen: 132288K->4720K(150208K)] 275800K->149376K(355264K), 0.0720760 secs] [Times: user=0.04 sys=0.04, real=0.07 secs] 
2013-08-04T04:45:50.328+0100: 313.933: [GC [PSYoungGen: 131056K->1040K(127424K)] 275712K->145909K(332480K), 0.0160170 secs] [Times: user=0.03 sys=0.00, real=0.02 secs] 
2013-08-04T04:45:50.920+0100: 314.526: [GC [PSYoungGen: 127376K->1080K(150016K)] 272245K->145949K(355072K), 0.0400420 secs] [Times: user=0.02 sys=0.03, real=0.04 secs] 
2013-08-04T04:45:51.465+0100: 315.070: [GC [PSYoungGen: 126648K->176K(150144K)] 271517K->146037K(355200K), 0.0200210 secs] [Times: user=0.02 sys=0.02, real=0.02 secs] 
2013-08-04T04:45:51.825+0100: 315.431: [GC [PSYoungGen: 125744K->224K(149568K)] 271605K->146233K(354624K), 0.0040050 secs] [Times: user=0.01 sys=0.01, real=0.01 secs] 
Heap
 PSYoungGen      total 149568K, used 63695K [0xa8ba0000, 0xb35b0000, 0xb3640000)
  eden space 125632K, 50% used [0xa8ba0000,0xac99bfe0,0xb0650000)
  from space 23936K, 0% used [0xb1e50000,0xb1e88000,0xb35b0000)
  to   space 24256K, 0% used [0xb0650000,0xb0650000,0xb1e00000)
 ParOldGen       total 205056K, used 146009K [0x93640000, 0x9fe80000, 0xa8ba0000)
  object space 205056K, 71% used [0x93640000,0x9c4d6608,0x9fe80000)
 PSPermGen       total 49664K, used 35260K [0x83640000, 0x866c0000, 0x93640000)
  object space 49664K, 70% used [0x83640000,0x858af038,0x866c0000)
