2013-08-04T02:12:39.384+0100: 2.342: [GC [PSYoungGen: 32768K->5427K(38208K)] 32768K->6438K(125632K), 0.0360380 secs] [Times: user=0.04 sys=0.02, real=0.04 secs] 
2013-08-04T02:12:40.681+0100: 3.640: [GC [PSYoungGen: 38195K->5427K(70976K)] 39206K->8181K(158400K), 0.0440460 secs] [Times: user=0.03 sys=0.04, real=0.05 secs] 
2013-08-04T02:12:43.104+0100: 6.062: [GC [PSYoungGen: 70963K->5435K(70976K)] 73717K->15837K(158400K), 0.1281360 secs] [Times: user=0.03 sys=0.10, real=0.13 secs] 
2013-08-04T02:12:43.853+0100: 6.811: [GC [PSYoungGen: 70971K->5426K(136512K)] 81373K->17489K(223936K), 0.0840890 secs] [Times: user=0.04 sys=0.09, real=0.08 secs] 
2013-08-04T02:12:47.236+0100: 10.195: [GC [PSYoungGen: 120325K->5438K(136512K)] 132388K->35467K(223936K), 0.1401490 secs] [Times: user=0.03 sys=0.20, real=0.14 secs] 
2013-08-04T02:12:47.376+0100: 10.335: [Full GC (System) [PSYoungGen: 5438K->0K(136512K)] [ParOldGen: 30029K->30327K(87424K)] 35467K->30327K(223936K) [PSPermGen: 14681K->14669K(29440K)], 0.2963140 secs] [Times: user=0.29 sys=0.04, real=0.30 secs] 
2013-08-04T02:12:49.759+0100: 12.717: [GC [PSYoungGen: 131072K->5426K(121344K)] 161399K->41242K(208768K), 0.0480510 secs] [Times: user=0.00 sys=0.07, real=0.05 secs] 
2013-08-04T02:12:52.001+0100: 14.960: [GC [PSYoungGen: 121330K->13427K(136512K)] 157146K->49242K(223936K), 0.0200220 secs] [Times: user=0.02 sys=0.00, real=0.02 secs] 
2013-08-04T02:12:54.304+0100: 17.262: [GC [PSYoungGen: 129331K->20337K(145536K)] 165146K->60001K(232960K), 0.1441530 secs] [Times: user=0.08 sys=0.15, real=0.14 secs] 
2013-08-04T02:12:55.633+0100: 18.592: [GC [PSYoungGen: 145521K->24264K(149504K)] 185185K->63928K(236928K), 0.1321400 secs] [Times: user=0.09 sys=0.08, real=0.13 secs] 
2013-08-04T02:12:56.594+0100: 19.553: [GC [PSYoungGen: 149448K->21028K(141696K)] 189112K->70899K(229120K), 0.2402550 secs] [Times: user=0.05 sys=0.11, real=0.24 secs] 
2013-08-04T02:12:59.445+0100: 22.404: [GC [PSYoungGen: 137508K->19927K(136448K)] 187379K->83111K(223872K), 0.1801910 secs] [Times: user=0.07 sys=0.10, real=0.18 secs] 
2013-08-04T02:13:00.526+0100: 23.485: [GC [PSYoungGen: 136407K->1072K(143040K)] 199591K->83431K(230464K), 0.1001060 secs] [Times: user=0.05 sys=0.14, real=0.10 secs] 
2013-08-04T02:13:00.631+0100: 23.589: [Full GC [PSYoungGen: 1072K->0K(143040K)] [ParOldGen: 82359K->78330K(139584K)] 83431K->78330K(282624K) [PSPermGen: 23350K->23341K(39680K)], 0.4124380 secs] [Times: user=0.47 sys=0.15, real=0.41 secs] 
2013-08-04T02:13:02.160+0100: 25.119: [GC [PSYoungGen: 113536K->7718K(144128K)] 191866K->86048K(283712K), 0.0160170 secs] [Times: user=0.02 sys=0.00, real=0.01 secs] 
2013-08-04T02:13:02.781+0100: 25.739: [GC [PSYoungGen: 121254K->14439K(141056K)] 199584K->99682K(280640K), 0.0360390 secs] [Times: user=0.01 sys=0.02, real=0.03 secs] 
2013-08-04T02:13:04.635+0100: 27.593: [GC [PSYoungGen: 128551K->10315K(142848K)] 213794K->107653K(282432K), 0.0760810 secs] [Times: user=0.03 sys=0.07, real=0.08 secs] 
2013-08-04T02:13:06.933+0100: 29.892: [GC [PSYoungGen: 124427K->11830K(142720K)] 221765K->118573K(282304K), 0.0640680 secs] [Times: user=0.04 sys=0.09, real=0.06 secs] 
2013-08-04T02:13:13.724+0100: 36.683: [GC [PSYoungGen: 130038K->11892K(144768K)] 236781K->129504K(284352K), 0.0640680 secs] [Times: user=0.04 sys=0.07, real=0.07 secs] 
2013-08-04T02:16:44.120+0100: 247.078: [GC [PSYoungGen: 130100K->9624K(145856K)] 247712K->136824K(285440K), 0.0560600 secs] [Times: user=0.06 sys=0.03, real=0.05 secs] 
2013-08-04T02:16:44.176+0100: 247.134: [Full GC [PSYoungGen: 9624K->0K(145856K)] [ParOldGen: 127199K->125528K(199424K)] 136824K->125528K(345280K) [PSPermGen: 34857K->34781K(49664K)], 0.5205520 secs] [Times: user=0.59 sys=0.21, real=0.52 secs] 
2013-08-04T02:16:55.604+0100: 258.562: [GC [PSYoungGen: 122752K->11029K(147456K)] 248280K->136557K(346880K), 0.0400430 secs] [Times: user=0.08 sys=0.00, real=0.04 secs] 
2013-08-04T02:17:10.788+0100: 273.747: [GC [PSYoungGen: 133781K->3376K(150016K)] 259309K->137583K(349440K), 0.0640680 secs] [Times: user=0.07 sys=0.04, real=0.06 secs] 
2013-08-04T02:17:28.779+0100: 291.738: [GC [PSYoungGen: 129584K->3504K(150400K)] 263791K->137767K(349824K), 0.0360380 secs] [Times: user=0.04 sys=0.01, real=0.04 secs] 
2013-08-04T02:17:46.926+0100: 309.885: [GC [PSYoungGen: 129712K->3728K(150272K)] 263975K->137991K(349696K), 0.0280290 secs] [Times: user=0.04 sys=0.00, real=0.03 secs] 
2013-08-04T02:18:05.590+0100: 328.549: [GC [PSYoungGen: 129936K->3792K(150336K)] 264199K->138055K(349760K), 0.0680720 secs] [Times: user=0.04 sys=0.00, real=0.06 secs] 
2013-08-04T02:18:24.182+0100: 347.140: [GC [PSYoungGen: 130000K->3920K(149824K)] 264263K->138183K(349248K), 0.0640680 secs] [Times: user=0.03 sys=0.01, real=0.06 secs] 
2013-08-04T02:18:43.134+0100: 366.093: [GC [PSYoungGen: 130704K->3960K(150080K)] 264967K->138223K(349504K), 0.0280300 secs] [Times: user=0.04 sys=0.00, real=0.03 secs] 
2013-08-04T02:19:01.233+0100: 384.192: [GC [PSYoungGen: 130744K->4112K(150336K)] 265007K->138375K(349760K), 0.0320340 secs] [Times: user=0.03 sys=0.02, real=0.03 secs] 
2013-08-04T02:19:48.852+0100: 431.810: [GC [PSYoungGen: 132816K->2489K(150720K)] 267079K->136753K(350144K), 0.0280300 secs] [Times: user=0.02 sys=0.00, real=0.03 secs] 
2013-08-04T02:19:49.629+0100: 432.587: [GC [PSYoungGen: 131193K->1353K(152064K)] 265457K->135617K(351488K), 0.0120130 secs] [Times: user=0.01 sys=0.00, real=0.01 secs] 
2013-08-04T02:19:50.317+0100: 433.276: [GC [PSYoungGen: 132553K->1456K(152320K)] 266817K->135719K(351744K), 0.0080090 secs] [Times: user=0.02 sys=0.00, real=0.01 secs] 
2013-08-04T02:19:50.902+0100: 433.860: [GC [PSYoungGen: 132656K->1592K(152576K)] 266919K->135855K(352000K), 0.0240250 secs] [Times: user=0.03 sys=0.00, real=0.03 secs] 
Heap
 PSYoungGen      total 152576K, used 91621K [0xa8ba0000, 0xb3480000, 0xb3640000)
  eden space 132992K, 67% used [0xa8ba0000,0xae38b6e8,0xb0d80000)
  from space 19584K, 8% used [0xb2160000,0xb22ee050,0xb3480000)
  to   space 19968K, 0% used [0xb0d80000,0xb0d80000,0xb2100000)
 ParOldGen       total 199424K, used 134263K [0x93640000, 0x9f900000, 0xa8ba0000)
  object space 199424K, 67% used [0x93640000,0x9b95de68,0x9f900000)
 PSPermGen       total 49664K, used 35256K [0x83640000, 0x866c0000, 0x93640000)
  object space 49664K, 70% used [0x83640000,0x858ae308,0x866c0000)
